t,d01_err,d02_err,d12_err,o_error,o_error_deg
0.00,0.7000,0.8000,1.0000,0.0000,56.31
0.02,0.7000,0.8000,1.0000,0.0000,56.31
0.04,0.7000,0.8000,1.0000,0.0000,56.31
0.06,0.7000,0.8000,1.0000,0.0000,56.31
0.08,0.7000,0.8000,1.0000,0.0000,56.31
0.10,0.7000,0.8000,1.0000,0.0000,56.31
0.12,0.7000,0.8000,1.0000,0.0000,56.31
0.14,0.7000,0.8000,1.0000,0.0000,56.31
0.16,0.7000,0.8000,1.0000,0.0000,56.31
0.18,0.7000,0.8000,1.0000,0.0000,56.31
0.20,0.8265,0.8000,0.5265,1.5265,24.70
0.22,1.0004,0.7809,0.7117,1.7004,28.23
0.24,1.0004,0.7809,0.7117,1.7004,28.23
0.26,1.0004,0.7809,0.7117,1.7004,28.23
0.28,1.0004,0.7809,0.7117,1.7004,28.23
0.30,1.0004,0.7809,0.7117,1.7004,28.23
0.32,1.0004,0.7809,0.7117,1.7004,28.23
0.34,1.0004,0.7809,0.7117,1.7004,28.23
0.36,1.0004,0.7809,0.7117,1.7004,28.23
0.38,1.0004,0.7809,0.7117,1.7004,28.23
0.40,1.0004,0.7809,0.7117,1.7004,28.23
0.42,1.0004,0.7809,0.7117,1.7004,28.23
0.44,1.0004,0.7809,0.7117,1.7004,28.23
0.46,1.0004,0.7809,0.7117,1.7004,28.23
0.48,1.0004,0.7809,0.7117,1.7004,28.23
0.50,1.0004,0.7809,0.7117,1.7004,28.23
0.52,1.0004,0.7809,0.7117,1.7004,28.23
0.54,1.0004,0.7809,0.7117,1.7004,28.23
0.56,1.0004,0.7809,0.7117,1.7004,28.23
0.58,1.0004,0.7809,0.7117,1.7004,28.23
0.60,1.0004,0.7809,0.7117,1.7004,28.23
0.62,1.0004,0.7809,0.7117,1.7004,28.23
0.64,1.0004,0.7809,0.7117,1.7004,28.23
0.66,1.0004,0.7809,0.7117,1.7004,28.23
0.68,1.0004,0.7809,0.7117,1.7004,28.23
0.70,1.0004,0.7809,0.7117,1.7004,28.23
0.72,1.0004,0.7809,0.7117,1.7004,28.23
0.74,1.0004,0.7809,0.7117,1.7004,28.23
0.76,1.0004,0.7809,0.7117,1.7004,28.23
0.78,1.0004,0.7809,0.7117,1.7004,28.23
0.80,1.0004,0.7809,0.7117,1.7004,28.23
0.82,1.0004,0.7809,0.7117,1.7004,28.23
0.84,1.0004,0.7809,0.7117,1.7004,28.23
0.86,1.0004,0.7809,0.7117,1.7004,28.23
0.88,1.0004,0.7809,0.7117,1.7004,28.23
0.90,1.0004,0.7809,0.7117,1.7004,28.23
0.92,1.0004,0.7809,0.7117,1.7004,28.23
0.94,1.0004,0.7809,0.7117,1.7004,28.23
0.96,1.0004,0.7809,0.7117,1.7004,28.23
0.98,1.0004,0.7809,0.7117,1.7004,28.23
1.00,1.0004,0.7809,0.7117,1.7004,28.23
1.02,1.0004,0.7809,0.7117,1.7004,28.23
1.04,1.0004,0.7809,0.7117,1.7004,28.23
1.06,1.0004,0.7809,0.7117,1.7004,28.23
1.08,1.0004,0.7809,0.7117,1.7004,28.23
1.10,1.0004,0.7809,0.7117,1.7004,28.23
1.12,1.0004,0.7809,0.7117,1.7004,28.23
1.14,1.0004,0.7809,0.7117,1.7004,28.23
1.16,1.0004,0.7809,0.7117,1.7004,28.23
1.18,1.0004,0.7809,0.7117,1.7004,28.23
1.20,1.0004,0.7809,0.7117,1.7004,28.23
1.22,1.0004,0.7809,0.7117,1.7004,28.23
1.24,1.0004,0.7809,0.7117,1.7004,28.23
1.26,1.0004,0.7809,0.7117,1.7004,28.23
1.28,1.0004,0.7809,0.7117,1.7004,28.23
1.30,1.0004,0.7809,0.7117,1.7004,28.23
1.32,1.0004,0.7809,0.7117,1.7004,28.23
1.34,1.0004,0.7809,0.7117,1.7004,28.23
1.36,1.0004,0.7809,0.7117,1.7004,28.23
1.38,1.0004,0.7809,0.7117,1.7004,28.23
1.40,1.0004,0.7809,0.7117,1.7004,28.23
1.42,1.0004,0.7809,0.7117,1.7004,28.23
1.44,1.0004,0.7809,0.7117,1.7004,28.23
1.46,1.0004,0.7809,0.7117,1.7004,28.23
1.48,1.0004,0.7809,0.7117,1.7004,28.23
1.50,1.0004,0.7809,0.7117,1.7004,28.23
1.52,1.0004,0.7809,0.7117,1.7004,28.23
1.54,1.0004,0.7809,0.7117,1.7004,28.23
1.56,1.0004,0.7809,0.7117,1.7004,28.23
1.58,1.0004,0.7809,0.7117,1.7004,28.23
1.60,1.0004,0.7809,0.7117,1.7004,28.23
1.62,1.0004,0.7809,0.7117,1.7004,28.23
1.64,1.0004,0.7809,0.7117,1.7004,28.23
1.66,1.0004,0.7809,0.7117,1.7004,28.23
1.68,1.0004,0.7809,0.7117,1.7004,28.23
1.70,1.0004,0.7809,0.7117,1.7004,28.23
1.72,1.0004,0.7809,0.7117,1.7004,28.23
1.74,1.0004,0.7809,0.7117,1.7004,28.23
1.76,1.0004,0.7809,0.7117,1.7004,28.23
1.78,1.0004,0.7809,0.7117,1.7004,28.23
1.80,1.0004,0.7809,0.7117,1.7004,28.23
1.82,1.0004,0.7809,0.7117,1.7004,28.23
1.84,1.0004,0.7809,0.7117,1.7004,28.23
1.86,1.0004,0.7809,0.7117,1.7004,28.23
1.88,1.0004,0.7809,0.7117,1.7004,28.23
1.90,1.0004,0.7809,0.7117,1.7004,28.23
1.92,1.0004,0.7809,0.7117,1.7004,28.23
1.94,1.0004,0.7809,0.7117,1.7004,28.23
1.96,1.0004,0.7809,0.7117,1.7004,28.23
1.98,1.0004,0.7809,0.7117,1.7004,28.23
2.00,1.0004,0.7809,0.7117,1.7004,28.23
2.02,1.0004,0.7809,0.7117,1.7004,28.23
2.04,1.0004,0.7809,0.7117,1.7004,28.23
2.06,1.0004,0.7809,0.7117,1.7004,28.23
2.08,1.0004,0.7809,0.7117,1.7004,28.23
2.10,1.0004,0.7809,0.7117,1.7004,28.23
2.12,1.0004,0.7809,0.7117,1.7004,28.23
2.14,1.0004,0.7809,0.7117,1.7004,28.23
2.16,1.0004,0.7809,0.7117,1.7004,28.23
2.18,1.0004,0.7809,0.7117,1.7004,28.23
2.20,1.0004,0.7809,0.7117,1.7004,28.23
2.22,1.0004,0.7809,0.7117,1.7004,28.23
2.24,1.0004,0.7809,0.7117,1.7004,28.23
2.26,1.0004,0.7809,0.7117,1.7004,28.23
2.28,1.0004,0.7809,0.7117,1.7004,28.23
2.30,1.0004,0.7809,0.7117,1.7004,28.23
2.32,1.0004,0.7809,0.7117,1.7004,28.23
2.34,1.0004,0.7809,0.7117,1.7004,28.23
2.36,1.0004,0.7809,0.7117,1.7004,28.23
2.38,1.0004,0.7809,0.7117,1.7004,28.23
2.40,1.0004,0.7809,0.7117,1.7004,28.23
2.42,1.0004,0.7809,0.7117,1.7004,28.23
2.44,1.0004,0.7809,0.7117,1.7004,28.23
2.46,1.0004,0.7809,0.7117,1.7004,28.23
2.48,1.0004,0.7809,0.7117,1.7004,28.23
2.50,1.0004,0.7809,0.7117,1.7004,28.23
2.52,1.0004,0.7809,0.7117,1.7004,28.23
2.54,1.0004,0.7809,0.7117,1.7004,28.23
2.56,1.0004,0.7809,0.7117,1.7004,28.23
2.58,1.0004,0.7809,0.7117,1.7004,28.23
2.60,1.0004,0.7809,0.7117,1.7004,28.23
2.62,1.0004,0.7809,0.7117,1.7004,28.23
2.64,1.0004,0.7809,0.7117,1.7004,28.23
2.66,1.0004,0.7809,0.7117,1.7004,28.23
2.68,1.0004,0.7809,0.7117,1.7004,28.23
2.70,1.0004,0.7809,0.7117,1.7004,28.23
2.72,1.0004,0.7809,0.7117,1.7004,28.23
2.74,1.0004,0.7809,0.7117,1.7004,28.23
2.76,1.0004,0.7809,0.7117,1.7004,28.23
2.78,1.0004,0.7809,0.7117,1.7004,28.23
2.80,1.0004,0.7809,0.7117,1.7004,28.23
2.82,1.0004,0.7809,0.7117,1.7004,28.23
2.84,1.0004,0.7809,0.7117,1.7004,28.23
2.86,1.0004,0.7809,0.7117,1.7004,28.23
2.88,1.0004,0.7809,0.7117,1.7004,28.23
2.90,1.0004,0.7809,0.7117,1.7004,28.23
2.92,1.0004,0.7809,0.7117,1.7004,28.23
2.94,1.0004,0.7809,0.7117,1.7004,28.23
2.96,1.0004,0.7809,0.7117,1.7004,28.23
2.98,1.0004,0.7809,0.7117,1.7004,28.23
3.00,1.0004,0.7809,0.7117,1.7004,28.23
3.02,1.0004,0.7809,0.7117,1.7004,28.23
3.04,1.0004,0.7809,0.7117,1.7004,28.23
3.06,1.0004,0.7809,0.7117,1.7004,28.23
3.08,1.0004,0.7809,0.7117,1.7004,28.23
3.10,1.0004,0.7809,0.7117,1.7004,28.23
3.12,1.0004,0.7809,0.7117,1.7004,28.23
3.14,1.0004,0.7809,0.7117,1.7004,28.23
3.16,1.0004,0.7809,0.7117,1.7004,28.23
3.18,1.0004,0.7809,0.7117,1.7004,28.23
3.20,1.0004,0.7809,0.7117,1.7004,28.23
3.22,1.0004,0.7809,0.7117,1.7004,28.23
3.24,1.0004,0.7809,0.7117,1.7004,28.23
3.26,1.0004,0.7809,0.7117,1.7004,28.23
3.28,1.0004,0.7809,0.7117,1.7004,28.23
3.30,1.0004,0.7809,0.7117,1.7004,28.23
3.32,1.0004,0.7809,0.7117,1.7004,28.23
3.34,1.0004,0.7809,0.7117,1.7004,28.23
3.36,1.0004,0.7809,0.7117,1.7004,28.23
3.38,1.0004,0.7809,0.7117,1.7004,28.23
3.40,1.0004,0.7809,0.7117,1.7004,28.23
3.42,1.0004,0.7809,0.7117,1.7004,28.23
3.44,1.0004,0.7809,0.7117,1.7004,28.23
3.46,1.0004,0.7809,0.7117,1.7004,28.23
3.48,1.0004,0.7809,0.7117,1.7004,28.23
3.50,1.0004,0.7809,0.7117,1.7004,28.23
3.52,1.0004,0.7809,0.7117,1.7004,28.23
3.54,1.0004,0.7809,0.7117,1.7004,28.23
3.56,1.0004,0.7809,0.7117,1.7004,28.23
3.58,1.0004,0.7809,0.7117,1.7004,28.23
3.60,1.0004,0.7809,0.7117,1.7004,28.23
3.62,1.0004,0.7809,0.7117,1.7004,28.23
3.64,1.0004,0.7809,0.7117,1.7004,28.23
3.66,1.0004,0.7809,0.7117,1.7004,28.23
3.68,1.0004,0.7809,0.7117,1.7004,28.23
3.70,1.0004,0.7809,0.7117,1.7004,28.23
3.72,1.0004,0.7809,0.7117,1.7004,28.23
3.74,1.0004,0.7809,0.7117,1.7004,28.23
3.76,1.0004,0.7809,0.7117,1.7004,28.23
3.78,1.0004,0.7809,0.7117,1.7004,28.23
3.80,1.0004,0.7809,0.7117,1.7004,28.23
3.82,1.0004,0.7809,0.7117,1.7004,28.23
3.84,1.0004,0.7809,0.7117,1.7004,28.23
3.86,1.0004,0.7809,0.7117,1.7004,28.23
3.88,1.0004,0.7809,0.7117,1.7004,28.23
3.90,1.0004,0.7809,0.7117,1.7004,28.23
3.92,1.0004,0.7809,0.7117,1.7004,28.23
3.94,1.0004,0.7809,0.7117,1.7004,28.23
3.96,1.0004,0.7809,0.7117,1.7004,28.23
3.98,1.0004,0.7809,0.7117,1.7004,28.23
4.00,1.0004,0.7809,0.7117,1.7004,28.23
4.02,1.0004,0.7809,0.7117,1.7004,28.23
4.04,1.0004,0.7809,0.7117,1.7004,28.23
4.06,1.0004,0.7809,0.7117,1.7004,28.23
4.08,1.0004,0.7809,0.7117,1.7004,28.23
4.10,1.0004,0.7809,0.7117,1.7004,28.23
4.12,1.0004,0.7809,0.7117,1.7004,28.23
4.14,1.0004,0.7809,0.7117,1.7004,28.23
4.16,1.0004,0.7809,0.7117,1.7004,28.23
4.18,1.0004,0.7809,0.7117,1.7004,28.23
4.20,1.0004,0.7809,0.7117,1.7004,28.23
4.22,1.0004,0.7809,0.7117,1.7004,28.23
4.24,1.0004,0.7809,0.7117,1.7004,28.23
4.26,1.0004,0.7809,0.7117,1.7004,28.23
4.28,1.0004,0.7809,0.7117,1.7004,28.23
4.30,1.0004,0.7809,0.7117,1.7004,28.23
4.32,1.0004,0.7809,0.7117,1.7004,28.23
4.34,1.0004,0.7809,0.7117,1.7004,28.23
4.36,1.0004,0.7809,0.7117,1.7004,28.23
4.38,1.0004,0.7809,0.7117,1.7004,28.23
4.40,1.0004,0.7809,0.7117,1.7004,28.23
4.42,1.0004,0.7809,0.7117,1.7004,28.23
4.44,1.0004,0.7809,0.7117,1.7004,28.23
4.46,1.0004,0.7809,0.7117,1.7004,28.23
4.48,1.0004,0.7809,0.7117,1.7004,28.23
4.50,1.0004,0.7809,0.7117,1.7004,28.23
4.52,1.0004,0.7809,0.7117,1.7004,28.23
4.54,1.0004,0.7809,0.7117,1.7004,28.23
4.56,1.0004,0.7809,0.7117,1.7004,28.23
4.58,1.0004,0.7809,0.7117,1.7004,28.23
4.60,1.0004,0.7809,0.7117,1.7004,28.23
4.62,1.0004,0.7809,0.7117,1.7004,28.23
4.64,1.0004,0.7809,0.7117,1.7004,28.23
4.66,1.0004,0.7809,0.7117,1.7004,28.23
4.68,1.0004,0.7809,0.7117,1.7004,28.23
4.70,1.0004,0.7809,0.7117,1.7004,28.23
4.72,1.0004,0.7809,0.7117,1.7004,28.23
4.74,1.0004,0.7809,0.7117,1.7004,28.23
4.76,1.0004,0.7809,0.7117,1.7004,28.23
4.78,1.0004,0.7809,0.7117,1.7004,28.23
4.80,1.0004,0.7809,0.7117,1.7004,28.23
4.82,1.0004,0.7809,0.7117,1.7004,28.23
4.84,1.0004,0.7809,0.7117,1.7004,28.23
4.86,1.0004,0.7809,0.7117,1.7004,28.23
4.88,1.0004,0.7809,0.7117,1.7004,28.23
4.90,1.0004,0.7809,0.7117,1.7004,28.23
4.92,1.0004,0.7809,0.7117,1.7004,28.23
4.94,1.0004,0.7809,0.7117,1.7004,28.23
4.96,1.0004,0.7809,0.7117,1.7004,28.23
4.98,1.0004,0.7809,0.7117,1.7004,28.23
5.00,1.0004,0.7809,0.7117,1.7004,28.23
5.02,1.0004,0.7809,0.7117,1.7004,28.23
5.04,1.0004,0.7809,0.7117,1.7004,28.23
5.06,1.0004,0.7809,0.7117,1.7004,28.23
5.08,1.0004,0.7809,0.7117,1.7004,28.23
5.10,1.0004,0.7809,0.7117,1.7004,28.23
5.12,1.0004,0.7809,0.7117,1.7004,28.23
5.14,1.0004,0.7809,0.7117,1.7004,28.23
5.16,1.0004,0.7809,0.7117,1.7004,28.23
5.18,1.0004,0.7809,0.7117,1.7004,28.23
5.20,1.0004,0.7809,0.7117,1.7004,28.23
5.22,1.0004,0.7809,0.7117,1.7004,28.23
5.24,1.0004,0.7809,0.7117,1.7004,28.23
5.26,1.0004,0.7809,0.7117,1.7004,28.23
5.28,1.0004,0.7809,0.7117,1.7004,28.23
5.30,1.0004,0.7809,0.7117,1.7004,28.23
5.32,1.0004,0.7809,0.7117,1.7004,28.23
5.34,1.0004,0.7809,0.7117,1.7004,28.23
5.36,1.0004,0.7809,0.7117,1.7004,28.23
5.38,1.0004,0.7809,0.7117,1.7004,28.23
5.40,1.0004,0.7809,0.7117,1.7004,28.23
5.42,1.0004,0.7809,0.7117,1.7004,28.23
5.44,1.0004,0.7809,0.7117,1.7004,28.23
5.46,1.0004,0.7809,0.7117,1.7004,28.23
5.48,1.0004,0.7809,0.7117,1.7004,28.23
5.50,1.0004,0.7809,0.7117,1.7004,28.23
5.52,1.0004,0.7809,0.7117,1.7004,28.23
5.54,1.0004,0.7809,0.7117,1.7004,28.23
5.56,1.0004,0.7809,0.7117,1.7004,28.23
5.58,1.0004,0.7809,0.7117,1.7004,28.23
5.60,1.0004,0.7809,0.7117,1.7004,28.23
5.62,1.0004,0.7809,0.7117,1.7004,28.23
5.64,1.0004,0.7809,0.7117,1.7004,28.23
5.66,1.0004,0.7809,0.7117,1.7004,28.23
5.68,1.0004,0.7809,0.7117,1.7004,28.23
5.70,1.0004,0.7809,0.7117,1.7004,28.23
5.72,1.0004,0.7809,0.7117,1.7004,28.23
5.74,1.0004,0.7809,0.7117,1.7004,28.23
5.76,1.0004,0.7809,0.7117,1.7004,28.23
5.78,1.0004,0.7809,0.7117,1.7004,28.23
5.80,1.0004,0.7809,0.7117,1.7004,28.23
5.82,1.0004,0.7809,0.7117,1.7004,28.23
5.84,1.0004,0.7809,0.7117,1.7004,28.23
5.86,1.0004,0.7809,0.7117,1.7004,28.23
5.88,1.0004,0.7809,0.7117,1.7004,28.23
5.90,1.0004,0.7809,0.7117,1.7004,28.23
5.92,1.0004,0.7809,0.7117,1.7004,28.23
5.94,1.0004,0.7809,0.7117,1.7004,28.23
5.96,1.0004,0.7809,0.7117,1.7004,28.23
5.98,1.0004,0.7809,0.7117,1.7004,28.23
6.00,1.0004,0.7809,0.7117,1.7004,28.23
6.02,1.0004,0.7809,0.7117,1.7004,28.23
6.04,1.0004,0.7809,0.7117,1.7004,28.23
6.06,1.0004,0.7809,0.7117,1.7004,28.23
6.08,1.0004,0.7809,0.7117,1.7004,28.23
6.10,1.0004,0.7809,0.7117,1.7004,28.23
6.12,1.0004,0.7809,0.7117,1.7004,28.23
6.14,1.0004,0.7809,0.7117,1.7004,28.23
6.16,1.0004,0.7809,0.7117,1.7004,28.23
6.18,1.0004,0.7809,0.7117,1.7004,28.23
6.20,1.0004,0.7809,0.7117,1.7004,28.23
6.22,1.0004,0.7809,0.7117,1.7004,28.23
6.24,1.0004,0.7809,0.7117,1.7004,28.23
6.26,1.0004,0.7809,0.7117,1.7004,28.23
6.28,1.0004,0.7809,0.7117,1.7004,28.23
6.30,1.0004,0.7809,0.7117,1.7004,28.23
6.32,1.0004,0.7809,0.7117,1.7004,28.23
6.34,1.0004,0.7809,0.7117,1.7004,28.23
6.36,1.0004,0.7809,0.7117,1.7004,28.23
6.38,1.0004,0.7809,0.7117,1.7004,28.23
6.40,1.0004,0.7809,0.7117,1.7004,28.23
6.42,1.0004,0.7809,0.7117,1.7004,28.23
6.44,1.0004,0.7809,0.7117,1.7004,28.23
6.46,1.0004,0.7809,0.7117,1.7004,28.23
6.48,1.0004,0.7809,0.7117,1.7004,28.23
6.50,1.0004,0.7809,0.7117,1.7004,28.23
6.52,1.0004,0.7809,0.7117,1.7004,28.23
6.54,1.0004,0.7809,0.7117,1.7004,28.23
6.56,1.0004,0.7809,0.7117,1.7004,28.23
6.58,1.0004,0.7809,0.7117,1.7004,28.23
6.60,1.0004,0.7809,0.7117,1.7004,28.23
6.62,1.0004,0.7809,0.7117,1.7004,28.23
6.64,1.0004,0.7809,0.7117,1.7004,28.23
6.66,1.0004,0.7809,0.7117,1.7004,28.23
6.68,1.0004,0.7809,0.7117,1.7004,28.23
6.70,1.0004,0.7809,0.7117,1.7004,28.23
6.72,1.0004,0.7809,0.7117,1.7004,28.23
6.74,1.0004,0.7809,0.7117,1.7004,28.23
6.76,1.0004,0.7809,0.7117,1.7004,28.23
6.78,1.0004,0.7809,0.7117,1.7004,28.23
6.80,1.0004,0.7809,0.7117,1.7004,28.23
6.82,1.0004,0.7809,0.7117,1.7004,28.23
6.84,1.0004,0.7809,0.7117,1.7004,28.23
6.86,1.0004,0.7809,0.7117,1.7004,28.23
6.88,1.0004,0.7809,0.7117,1.7004,28.23
6.90,1.0004,0.7809,0.7117,1.7004,28.23
6.92,1.0004,0.7809,0.7117,1.7004,28.23
6.94,1.0004,0.7809,0.7117,1.7004,28.23
6.96,1.0004,0.7809,0.7117,1.7004,28.23
6.98,1.0004,0.7809,0.7117,1.7004,28.23
7.00,1.0004,0.7809,0.7117,1.7004,28.23
7.02,1.0004,0.7809,0.7117,1.7004,28.23
7.04,1.0004,0.7809,0.7117,1.7004,28.23
7.06,1.0004,0.7809,0.7117,1.7004,28.23
7.08,1.0004,0.7809,0.7117,1.7004,28.23
7.10,1.0004,0.7809,0.7117,1.7004,28.23
7.12,1.0004,0.7809,0.7117,1.7004,28.23
7.14,1.0004,0.7809,0.7117,1.7004,28.23
7.16,1.0004,0.7809,0.7117,1.7004,28.23
7.18,1.0004,0.7809,0.7117,1.7004,28.23
7.20,1.0004,0.7809,0.7117,1.7004,28.23
7.22,1.0004,0.7809,0.7117,1.7004,28.23
7.24,1.0004,0.7809,0.7117,1.7004,28.23
7.26,1.0004,0.7809,0.7117,1.7004,28.23
7.28,1.0004,0.7809,0.7117,1.7004,28.23
7.30,1.0004,0.7809,0.7117,1.7004,28.23
7.32,1.0004,0.7809,0.7117,1.7004,28.23
7.34,1.0004,0.7809,0.7117,1.7004,28.23
7.36,1.0004,0.7809,0.7117,1.7004,28.23
7.38,1.0004,0.7809,0.7117,1.7004,28.23
7.40,1.0004,0.7809,0.7117,1.7004,28.23
7.42,1.0004,0.7809,0.7117,1.7004,28.23
7.44,1.0004,0.7809,0.7117,1.7004,28.23
7.46,1.0004,0.7809,0.7117,1.7004,28.23
7.48,1.0004,0.7809,0.7117,1.7004,28.23
7.50,1.0004,0.7809,0.7117,1.7004,28.23
7.52,1.0004,0.7809,0.7117,1.7004,28.23
7.54,1.0004,0.7809,0.7117,1.7004,28.23
7.56,1.0004,0.7809,0.7117,1.7004,28.23
7.58,1.0004,0.7809,0.7117,1.7004,28.23
7.60,1.0004,0.7809,0.7117,1.7004,28.23
7.62,1.0004,0.7809,0.7117,1.7004,28.23
7.64,1.0004,0.7809,0.7117,1.7004,28.23
7.66,1.0004,0.7809,0.7117,1.7004,28.23
7.68,1.0004,0.7809,0.7117,1.7004,28.23
7.70,1.0004,0.7809,0.7117,1.7004,28.23
7.72,1.0004,0.7809,0.7117,1.7004,28.23
7.74,1.0004,0.7809,0.7117,1.7004,28.23
7.76,1.0004,0.7809,0.7117,1.7004,28.23
7.78,1.0004,0.7809,0.7117,1.7004,28.23
7.80,1.0004,0.7809,0.7117,1.7004,28.23
7.82,1.0004,0.7809,0.7117,1.7004,28.23
7.84,1.0004,0.7809,0.7117,1.7004,28.23
7.86,1.0004,0.7809,0.7117,1.7004,28.23
7.88,1.0004,0.7809,0.7117,1.7004,28.23
7.90,1.0004,0.7809,0.7117,1.7004,28.23
7.92,1.0004,0.7809,0.7117,1.7004,28.23
7.94,1.0004,0.7809,0.7117,1.7004,28.23
7.96,1.0004,0.7809,0.7117,1.7004,28.23
7.98,1.0004,0.7809,0.7117,1.7004,28.23
8.00,1.0004,0.7809,0.7117,1.7004,28.23
8.02,1.0004,0.7809,0.7117,1.1318,28.08
8.04,1.0004,0.7809,0.7117,1.1318,28.08
8.06,1.0004,0.7809,0.7117,1.1318,28.08
8.08,1.0004,0.7809,0.7117,1.1318,28.08
8.10,1.0004,0.7809,0.7117,1.1318,28.08
8.12,1.0004,0.7809,0.7117,1.1318,28.08
8.14,1.0004,0.7809,0.7117,1.1318,28.08
8.16,1.0004,0.7804,0.7118,1.1318,28.08
8.18,1.0006,0.7806,0.7118,1.1320,28.08
8.20,1.0004,0.7806,0.7117,1.1318,28.08
8.22,1.0008,0.7792,0.7117,1.1322,28.07
8.24,1.0002,0.7792,0.7115,1.1316,28.08
8.26,1.0002,0.7758,0.7115,1.1316,28.08
8.28,1.0015,0.7766,0.7115,1.1328,28.07
8.30,0.9994,0.7766,0.7109,1.1311,28.10
8.32,1.0010,0.7724,0.7099,1.1324,28.08
8.34,0.9974,0.7724,0.7084,1.1292,28.11
8.36,0.9974,0.7647,0.7066,1.1292,28.11
8.38,0.9997,0.7666,0.7066,1.1311,28.07
8.40,0.9944,0.7666,0.7047,1.1264,28.12
8.42,0.9972,0.7592,0.7022,1.1287,28.08
8.44,0.9895,0.7592,0.6993,1.1219,28.14
8.46,0.9895,0.7471,0.6959,1.1219,28.14
8.48,0.9929,0.7504,0.6959,1.1245,28.07
8.50,0.9829,0.7504,0.6917,1.1156,28.14
8.52,0.9870,0.7403,0.6872,1.1188,28.06
8.54,0.9749,0.7403,0.6820,1.1080,28.14
8.56,0.9749,0.7246,0.6767,1.1080,28.14
8.58,0.9795,0.7290,0.6767,1.1115,28.05
8.60,0.9657,0.7290,0.6707,1.0991,28.13
8.62,0.9709,0.7169,0.6642,1.1031,28.02
8.64,0.9554,0.7169,0.6568,1.0890,28.10
8.66,0.9554,0.6982,0.6493,1.0890,28.10
8.68,0.9611,0.7040,0.6493,1.0934,27.98
8.70,0.9440,0.7040,0.6411,1.0777,28.05
8.72,0.9502,0.6901,0.6324,1.0826,27.93
8.74,0.9320,0.6901,0.6235,1.0660,28.01
8.76,0.9320,0.6691,0.6138,1.0660,28.01
8.78,0.9389,0.6754,0.6138,1.0714,27.88
8.80,0.9194,0.6754,0.6036,1.0533,27.93
8.82,0.9264,0.6605,0.5924,1.0587,27.79
8.84,0.9060,0.6605,0.5808,1.0394,27.80
8.86,0.9060,0.6380,0.5684,1.0394,27.80
8.88,0.9136,0.6451,0.5684,1.0454,27.66
8.90,0.8922,0.6451,0.5557,1.0250,27.65
8.92,0.9002,0.6300,0.5422,1.0312,27.50
8.94,0.8780,0.6300,0.5289,1.0100,27.48
8.96,0.8780,0.6065,0.5140,1.0100,27.48
8.98,0.8861,0.6144,0.5140,1.0163,27.31
9.00,0.8634,0.6144,0.4995,0.9942,27.26
9.02,0.8715,0.5989,0.4835,1.0005,27.10
9.04,0.8483,0.5989,0.4678,0.9776,26.99
9.06,0.8483,0.5753,0.4503,0.9776,26.99
9.08,0.8567,0.5833,0.4503,0.9842,26.83
9.10,0.8333,0.5833,0.4339,0.9609,26.70
9.12,0.8419,0.5685,0.4155,0.9675,26.53
9.14,0.8182,0.5685,0.3983,0.9437,26.37
9.16,0.8182,0.5454,0.3787,0.9437,26.37
9.18,0.8270,0.5541,0.3787,0.9505,26.19
9.20,0.8033,0.5541,0.3608,0.9263,25.98
9.22,0.8121,0.5404,0.3400,0.9331,25.81
9.24,0.7881,0.5404,0.3213,0.9084,25.57
9.26,0.7881,0.5183,0.2995,0.9084,25.57
9.28,0.7970,0.5270,0.2995,0.9153,25.40
9.30,0.7731,0.5270,0.2801,0.8902,25.11
9.32,0.7821,0.5153,0.2575,0.8972,24.93
9.34,0.7583,0.5153,0.2376,0.8720,24.61
9.36,0.7583,0.4957,0.2144,0.8720,24.61
9.38,0.7673,0.5049,0.2144,0.8790,24.42
9.40,0.7436,0.5049,0.1948,0.8539,24.10
9.42,0.7526,0.4956,0.1708,0.8609,23.93
9.44,0.7289,0.4956,0.1538,0.8368,23.71
9.46,0.7289,0.4785,0.1297,0.8368,23.71
9.48,0.7381,0.4878,0.1297,0.8441,23.54
9.50,0.7140,0.4878,0.1142,0.8201,23.40
9.52,0.7232,0.4815,0.0890,0.8273,23.22
9.54,0.6988,0.4815,0.0771,0.8044,23.24
9.56,0.6988,0.4663,0.0518,0.8044,23.24
9.58,0.7081,0.4757,0.0518,0.8118,23.07
9.60,0.6835,0.4757,0.0427,0.7898,23.20
9.62,0.6928,0.4692,0.0185,0.7971,23.03
9.64,0.6686,0.4692,0.0122,0.7765,23.28
9.66,0.6686,0.4529,0.0114,0.7765,23.28
9.68,0.6778,0.4622,0.0114,0.7837,23.11
9.70,0.6538,0.4622,0.0157,0.7641,23.44
9.72,0.6627,0.4531,0.0377,0.7708,23.26
9.74,0.6390,0.4531,0.0409,0.7519,23.62
9.76,0.6390,0.4334,0.0616,0.7519,23.62
9.78,0.6480,0.4428,0.0616,0.7587,23.44
9.80,0.6242,0.4428,0.0646,0.7399,23.81
9.82,0.6331,0.4300,0.0834,0.7465,23.63
9.84,0.6092,0.4300,0.0878,0.7271,23.93
9.86,0.6092,0.4077,0.1060,0.7271,23.93
9.88,0.6181,0.4172,0.1060,0.7337,23.75
9.90,0.5936,0.4172,0.1125,0.7130,23.95
9.92,0.6025,0.4037,0.1304,0.7195,23.78
9.94,0.5777,0.4037,0.1396,0.6975,23.85
9.96,0.5777,0.3807,0.1568,0.6975,23.85
9.98,0.5867,0.3903,0.1568,0.7040,23.66
10.00,0.5616,0.3903,0.1685,0.6806,23.61
10.02,0.5708,0.3766,0.1851,0.6893,23.64
10.04,0.5453,0.3766,0.2003,0.6661,23.64
10.06,0.5453,0.3531,0.2162,0.6682,23.87
10.08,0.5546,0.3628,0.2162,0.6771,23.92
10.10,0.5292,0.3628,0.2324,0.6535,23.86
10.12,0.5382,0.3484,0.2478,0.6620,23.90
10.14,0.5131,0.3484,0.2651,0.6382,23.76
10.16,0.5131,0.3243,0.2796,0.6403,23.99
10.18,0.5222,0.3338,0.2796,0.6489,24.04
10.20,0.4972,0.3338,0.2970,0.6251,23.88
10.22,0.5064,0.3189,0.3106,0.6338,23.94
10.24,0.4819,0.3189,0.3279,0.6103,23.76
10.26,0.4819,0.2943,0.3410,0.6125,23.99
10.28,0.4911,0.3040,0.3410,0.6212,24.04
10.30,0.4667,0.3040,0.3569,0.5985,23.93
10.32,0.4760,0.2895,0.3682,0.6071,23.97
10.34,0.4509,0.2895,0.3823,0.5850,23.96
10.36,0.4509,0.2648,0.3930,0.5872,24.18
10.38,0.4601,0.2746,0.3930,0.5955,24.22
10.40,0.4354,0.2746,0.4047,0.5750,24.32
10.42,0.4444,0.2596,0.4147,0.5830,24.34
10.44,0.4189,0.2596,0.4243,0.5632,24.57
10.46,0.4189,0.2346,0.4337,0.5655,24.79
10.48,0.4283,0.2445,0.4337,0.5740,24.83
10.50,0.4032,0.2445,0.4411,0.5560,25.16
10.52,0.4124,0.2295,0.4501,0.5638,25.16
10.54,0.3872,0.2295,0.4568,0.5464,25.53
10.56,0.3872,0.2045,0.4653,0.5487,25.75
10.58,0.3965,0.2147,0.4653,0.5563,25.74
10.60,0.3713,0.2147,0.4712,0.5399,26.16
10.62,0.3805,0.1995,0.4784,0.5472,26.14
10.64,0.3555,0.1995,0.4853,0.5306,26.49
10.66,0.3555,0.1742,0.4910,0.5329,26.70
10.68,0.3644,0.1842,0.4910,0.5397,26.66
10.70,0.3394,0.1842,0.4986,0.5229,26.97
10.72,0.3482,0.1686,0.5033,0.5295,26.93
10.74,0.3230,0.1686,0.5123,0.5121,27.16
10.76,0.3230,0.1439,0.5154,0.5144,27.37
10.78,0.3319,0.1540,0.5154,0.5208,27.32
10.80,0.3071,0.1540,0.5252,0.5034,27.48
10.82,0.3160,0.1399,0.5264,0.5094,27.41
10.84,0.2908,0.1399,0.5377,0.4910,27.48
10.86,0.2908,0.1160,0.5369,0.4933,27.69
10.88,0.2997,0.1261,0.5369,0.4992,27.61
10.90,0.2742,0.1261,0.5488,0.4806,27.65
10.92,0.2830,0.1134,0.5476,0.4862,27.57
10.94,0.2577,0.1134,0.5604,0.4671,27.53
10.96,0.2577,0.0915,0.5571,0.4694,27.72
10.98,0.2663,0.1014,0.5571,0.4745,27.62
11.00,0.2413,0.1014,0.5698,0.4558,27.56
11.02,0.2502,0.0909,0.5659,0.4610,27.47
11.04,0.2256,0.0909,0.5786,0.4426,27.37
11.06,0.2256,0.0717,0.5741,0.4449,27.56
11.08,0.2344,0.0817,0.5741,0.4498,27.46
11.10,0.2100,0.0817,0.5870,0.4314,27.31
11.12,0.2187,0.0736,0.5816,0.4359,27.19
11.14,0.1939,0.0736,0.5943,0.4176,27.04
11.16,0.1939,0.0570,0.5895,0.4198,27.22
11.18,0.2026,0.0669,0.5895,0.4241,27.11
11.20,0.1783,0.0669,0.6017,0.4064,26.93
11.22,0.1869,0.0616,0.5955,0.4103,26.81
11.24,0.1622,0.0616,0.6077,0.3924,26.59
11.26,0.1622,0.0474,0.6022,0.3945,26.77
11.28,0.1712,0.0576,0.6022,0.3982,26.62
11.30,0.1467,0.0576,0.6134,0.3812,26.42
11.32,0.1554,0.0545,0.6081,0.3845,26.27
11.34,0.1310,0.0545,0.6188,0.3677,26.04
11.36,0.1310,0.0427,0.6139,0.3698,26.21
11.38,0.1398,0.0527,0.6139,0.3728,26.05
11.40,0.1155,0.0527,0.6236,0.3568,25.82
11.42,0.1244,0.0520,0.6191,0.3594,25.64
11.44,0.1009,0.0520,0.6278,0.3443,25.40
11.46,0.1009,0.0419,0.6235,0.3462,25.56
11.48,0.1099,0.0521,0.6235,0.3486,25.38
11.50,0.0865,0.0521,0.6318,0.3336,25.08
11.52,0.0957,0.0532,0.6276,0.3355,24.88
11.54,0.0726,0.0532,0.6351,0.3211,24.56
11.56,0.0726,0.0446,0.6315,0.3230,24.71
11.58,0.0820,0.0550,0.6315,0.3248,24.53
11.60,0.0593,0.0550,0.6381,0.3110,24.17
11.62,0.0686,0.0575,0.6345,0.3124,23.98
11.64,0.0463,0.0575,0.6401,0.2993,23.61
11.66,0.0463,0.0502,0.6366,0.3011,23.75
11.68,0.0556,0.0606,0.6366,0.3019,23.54
11.70,0.0339,0.0606,0.6413,0.2896,23.15
11.72,0.0432,0.0641,0.6383,0.2901,22.94
11.74,0.0221,0.0641,0.6419,0.2787,22.53
11.76,0.0221,0.0577,0.6391,0.2803,22.67
11.78,0.0315,0.0680,0.6391,0.2805,22.46
11.80,0.0112,0.0680,0.6425,0.2693,21.98
11.82,0.0206,0.0727,0.6397,0.2690,21.77
11.84,0.0012,0.0727,0.6423,0.2586,21.27
11.86,0.0012,0.0673,0.6400,0.2601,21.40
11.88,0.0106,0.0777,0.6400,0.2594,21.18
11.90,0.0077,0.0777,0.6423,0.2495,20.64
11.92,0.0018,0.0831,0.6400,0.2485,20.42
11.94,0.0157,0.0831,0.6418,0.2391,19.85
11.96,0.0157,0.0784,0.6399,0.2405,19.97
11.98,0.0061,0.0889,0.6399,0.2391,19.75
12.00,0.0230,0.0889,0.6414,0.2299,19.13
12.02,0.0134,0.0946,0.6395,0.2283,18.93
12.04,0.0295,0.0946,0.6407,0.2196,18.28
12.06,0.0295,0.0904,0.6389,0.2209,18.38
12.08,0.0198,0.1008,0.6389,0.2188,18.17
12.10,0.0349,0.1008,0.6390,0.2114,17.57
12.12,0.0252,0.1070,0.6374,0.2092,17.38
12.14,0.0395,0.1070,0.6375,0.2019,16.74
12.16,0.0395,0.1032,0.6359,0.2030,16.84
12.18,0.0298,0.1133,0.6359,0.2007,16.66
12.20,0.0436,0.1133,0.6353,0.1942,16.05
12.22,0.0338,0.1200,0.6335,0.1915,15.86
12.24,0.0468,0.1200,0.6323,0.1860,15.30
12.26,0.0468,0.1167,0.6306,0.1870,15.38
12.28,0.0372,0.1267,0.6306,0.1840,15.20
12.30,0.0496,0.1267,0.6289,0.1792,14.66
12.32,0.0399,0.1334,0.6276,0.1760,14.49
12.34,0.0518,0.1334,0.6250,0.1725,14.03
12.36,0.0518,0.1304,0.6233,0.1733,14.11
12.38,0.0420,0.1406,0.6233,0.1701,13.95
12.40,0.0536,0.1406,0.6201,0.1674,13.54
12.42,0.0434,0.1485,0.6180,0.1637,13.37
12.44,0.0548,0.1485,0.6141,0.1620,13.03
12.46,0.0548,0.1456,0.6125,0.1628,13.10
12.48,0.0445,0.1563,0.6125,0.1587,12.91
12.50,0.0554,0.1563,0.6080,0.1579,12.64
12.52,0.0452,0.1641,0.6061,0.1538,12.47
12.54,0.0557,0.1641,0.6012,0.1539,12.26
12.56,0.0557,0.1615,0.5992,0.1545,12.32
12.58,0.0454,0.1721,0.5992,0.1502,12.14
12.60,0.0555,0.1721,0.5943,0.1504,11.94
12.62,0.0455,0.1799,0.5921,0.1461,11.77
12.64,0.0555,0.1799,0.5868,0.1468,11.61
12.66,0.0555,0.1776,0.5841,0.1473,11.66
12.68,0.0451,0.1883,0.5841,0.1429,11.49
12.70,0.0549,0.1883,0.5785,0.1442,11.39
12.72,0.0444,0.1971,0.5754,0.1396,11.22
12.74,0.0538,0.1971,0.5698,0.1411,11.13
12.76,0.0538,0.1953,0.5663,0.1416,11.17
12.78,0.0432,0.2060,0.5663,0.1372,11.02
12.80,0.0528,0.2060,0.5604,0.1390,10.97
12.82,0.0424,0.2147,0.5566,0.1346,10.81
12.84,0.0516,0.2147,0.5507,0.1367,10.78
12.86,0.0516,0.2132,0.5462,0.1370,10.81
12.88,0.0411,0.2238,0.5462,0.1325,10.65
12.90,0.0504,0.2238,0.5401,0.1348,10.64
12.92,0.0398,0.2327,0.5357,0.1302,10.46
12.94,0.0487,0.2327,0.5298,0.1323,10.46
12.96,0.0487,0.2295,0.5265,0.1326,10.48
12.98,0.0384,0.2401,0.5265,0.1278,10.28
13.00,0.0470,0.2401,0.5208,0.1300,10.28
13.02,0.0367,0.2464,0.5180,0.1253,10.09
13.04,0.0453,0.2464,0.5121,0.1276,10.11
13.06,0.0453,0.2404,0.5110,0.1277,10.12
13.08,0.0349,0.2509,0.5110,0.1233,9.95
13.10,0.0437,0.2509,0.5052,0.1255,9.96
13.12,0.0333,0.2539,0.5050,0.1212,9.78
13.14,0.0422,0.2539,0.4989,0.1237,9.83
13.16,0.0422,0.2446,0.5005,0.1236,9.83
13.18,0.0319,0.2549,0.5005,0.1194,9.65
13.20,0.0406,0.2549,0.4947,0.1217,9.68
13.22,0.0303,0.2544,0.4973,0.1174,9.50
13.24,0.0391,0.2544,0.4915,0.1196,9.53
13.26,0.0391,0.2424,0.4947,0.1195,9.52
13.28,0.0290,0.2525,0.4947,0.1153,9.34
13.30,0.0378,0.2525,0.4889,0.1175,9.37
13.32,0.0273,0.2499,0.4928,0.1133,9.19
13.34,0.0363,0.2499,0.4868,0.1159,9.26
13.36,0.0363,0.2356,0.4918,0.1157,9.24
13.38,0.0260,0.2458,0.4918,0.1115,9.06
13.40,0.0350,0.2458,0.4859,0.1140,9.12
13.42,0.0245,0.2408,0.4913,0.1098,8.93
13.44,0.0335,0.2408,0.4853,0.1125,9.02
13.46,0.0335,0.2245,0.4912,0.1122,8.99
13.48,0.0230,0.2349,0.4912,0.1079,8.79
13.50,0.0318,0.2349,0.4856,0.1103,8.86
13.52,0.0213,0.2284,0.4913,0.1062,8.66
13.54,0.0304,0.2284,0.4861,0.1081,8.69
13.56,0.0304,0.2118,0.4911,0.1076,8.65
13.58,0.0198,0.2221,0.4911,0.1036,8.45
13.60,0.0287,0.2221,0.4861,0.1054,8.49
13.62,0.0179,0.2163,0.4896,0.1014,8.28
13.64,0.0271,0.2163,0.4844,0.1034,8.34
13.66,0.0271,0.2017,0.4853,0.1029,8.29
13.68,0.0163,0.2120,0.4853,0.0990,8.09
13.70,0.0254,0.2120,0.4802,0.1010,8.15
13.72,0.0145,0.2090,0.4789,0.0973,7.96
13.74,0.0238,0.2090,0.4738,0.0994,8.04
13.76,0.0238,0.1978,0.4691,0.0987,7.98
13.78,0.0130,0.2079,0.4691,0.0953,7.81
13.80,0.0224,0.2079,0.4641,0.0973,7.89
13.82,0.0116,0.2084,0.4574,0.0938,7.69
13.84,0.0210,0.2084,0.4525,0.0958,7.77
13.86,0.0210,0.2005,0.4434,0.0950,7.70
13.88,0.0101,0.2107,0.4434,0.0913,7.49
13.90,0.0194,0.2107,0.4386,0.0934,7.59
13.92,0.0086,0.2143,0.4279,0.0899,7.37
13.94,0.0183,0.2143,0.4231,0.0918,7.47
13.96,0.0183,0.2088,0.4114,0.0909,7.39
13.98,0.0076,0.2186,0.4114,0.0874,7.17
14.00,0.0171,0.2186,0.4067,0.0893,7.27
14.02,0.0064,0.2237,0.3940,0.0858,7.04
14.04,0.0162,0.2237,0.3894,0.0877,7.14
14.06,0.0162,0.2185,0.3772,0.0866,7.05
14.08,0.0055,0.2280,0.3772,0.0832,6.83
14.10,0.0153,0.2280,0.3724,0.0854,6.95
14.12,0.0047,0.2318,0.3606,0.0822,6.74
14.14,0.0145,0.2318,0.3560,0.0843,6.87
14.16,0.0145,0.2242,0.3460,0.0831,6.77
14.18,0.0040,0.2334,0.3460,0.0798,6.55
14.20,0.0140,0.2334,0.3412,0.0822,6.70
14.22,0.0038,0.2329,0.3331,0.0788,6.47
14.24,0.0137,0.2329,0.3284,0.0814,6.63
14.26,0.0137,0.2208,0.3228,0.0801,6.53
14.28,0.0033,0.2297,0.3228,0.0767,6.29
14.30,0.0132,0.2297,0.3181,0.0794,6.47
14.32,0.0029,0.2241,0.3146,0.0761,6.24
14.34,0.0131,0.2241,0.3100,0.0787,6.42
14.36,0.0131,0.2083,0.3079,0.0773,6.30
14.38,0.0027,0.2168,0.3079,0.0740,6.07
14.40,0.0127,0.2168,0.3031,0.0771,6.29
14.42,0.0023,0.2085,0.3021,0.0736,6.03
14.44,0.0124,0.2085,0.2976,0.0766,6.24
14.46,0.0124,0.1908,0.2973,0.0751,6.12
14.48,0.0021,0.1991,0.2973,0.0717,5.88
14.50,0.0121,0.1991,0.2930,0.0747,6.09
14.52,0.0017,0.1889,0.2933,0.0713,5.85
14.54,0.0117,0.1889,0.2895,0.0740,6.03
14.56,0.0117,0.1712,0.2888,0.0724,5.90
14.58,0.0010,0.1795,0.2888,0.0689,5.64
14.60,0.0114,0.1795,0.2853,0.0714,5.82
14.62,0.0008,0.1710,0.2834,0.0680,5.57
14.64,0.0113,0.1710,0.2803,0.0703,5.73
14.66,0.0113,0.1572,0.2751,0.0686,5.59
14.68,0.0005,0.1651,0.2751,0.0653,5.35
14.70,0.0109,0.1651,0.2717,0.0681,5.55
14.72,0.0002,0.1608,0.2642,0.0648,5.31
14.74,0.0106,0.1608,0.2612,0.0674,5.49
14.76,0.0106,0.1521,0.2500,0.0656,5.34
14.78,0.0002,0.1598,0.2500,0.0622,5.09
14.80,0.0103,0.1598,0.2468,0.0651,5.30
14.82,0.0004,0.1612,0.2332,0.0617,5.05
14.84,0.0101,0.1612,0.2303,0.0644,5.25
14.86,0.0101,0.1576,0.2143,0.0625,5.08
14.88,0.0005,0.1649,0.2143,0.0589,4.82
14.90,0.0098,0.1649,0.2117,0.0615,5.01
14.92,0.0008,0.1701,0.1945,0.0579,4.74
14.94,0.0096,0.1701,0.1921,0.0605,4.92
14.96,0.0096,0.1691,0.1744,0.0585,4.75
14.98,0.0009,0.1760,0.1744,0.0548,4.48
15.00,0.0096,0.1760,0.1718,0.0578,4.70
15.02,0.0009,0.1813,0.1547,0.0540,4.42
15.04,0.0097,0.1813,0.1528,0.0565,4.59
15.06,0.0097,0.1782,0.1378,0.0544,4.41
15.08,0.0006,0.1843,0.1378,0.0507,4.15
15.10,0.0099,0.1843,0.1359,0.0533,4.32
15.12,0.0005,0.1855,0.1228,0.0495,4.05
15.14,0.0101,0.1855,0.1208,0.0525,4.25
15.16,0.0101,0.1777,0.1103,0.0503,4.06
15.18,0.0000,0.1834,0.1103,0.0463,3.79
15.20,0.0109,0.1834,0.1085,0.0495,3.99
15.22,0.0008,0.1789,0.1006,0.0454,3.71
15.24,0.0115,0.1789,0.0989,0.0489,3.92
15.26,0.0115,0.1665,0.0934,0.0466,3.73
15.28,0.0014,0.1718,0.0934,0.0422,3.46
15.30,0.0122,0.1718,0.0917,0.0462,3.68
15.32,0.0021,0.1623,0.0886,0.0417,3.41
15.34,0.0131,0.1623,0.0873,0.0456,3.61
15.36,0.0131,0.1459,0.0866,0.0434,3.42
15.38,0.0029,0.1509,0.0866,0.0385,3.15
15.40,0.0139,0.1509,0.0858,0.0426,3.33
15.42,0.0039,0.1376,0.0880,0.0375,3.06
15.44,0.0153,0.1376,0.0878,0.0417,3.21
15.46,0.0153,0.1193,0.0911,0.0395,3.01
15.48,0.0053,0.1238,0.0911,0.0338,2.75
15.50,0.0169,0.1238,0.0912,0.0388,2.90
15.52,0.0068,0.1100,0.0958,0.0326,2.62
15.54,0.0186,0.1100,0.0966,0.0378,2.73
15.56,0.0186,0.0913,0.1022,0.0356,2.52
15.58,0.0086,0.0958,0.1022,0.0286,2.25
15.60,0.0206,0.0958,0.1035,0.0349,2.33
15.62,0.0106,0.0816,0.1096,0.0271,2.06
15.64,0.0227,0.0816,0.1115,0.0341,2.11
15.66,0.0227,0.0631,0.1182,0.0322,1.90
15.68,0.0126,0.0671,0.1182,0.0236,1.65
15.70,0.0251,0.0671,0.1209,0.0320,1.65
15.72,0.0149,0.0538,0.1266,0.0226,1.40
15.74,0.0274,0.0538,0.1298,0.0319,1.37
15.76,0.0274,0.0374,0.1349,0.0307,1.15
15.78,0.0172,0.0414,0.1349,0.0203,0.90
15.80,0.0299,0.0414,0.1388,0.0314,0.82
15.82,0.0196,0.0301,0.1428,0.0208,0.58
15.84,0.0321,0.0301,0.1472,0.0326,0.46
15.86,0.0321,0.0160,0.1503,0.0323,0.24
15.88,0.0218,0.0201,0.1503,0.0218,0.02
15.90,0.0343,0.0201,0.1557,0.0344,0.23
15.92,0.0240,0.0119,0.1569,0.0247,0.49
15.94,0.0365,0.0119,0.1626,0.0376,0.74
15.96,0.0365,0.0012,0.1622,0.0383,0.96
15.98,0.0262,0.0052,0.1622,0.0299,1.21
16.00,0.0386,0.0052,0.1686,0.0426,1.52
16.02,0.0283,0.0006,0.1658,0.0353,1.75
16.04,0.0403,0.0006,0.1716,0.0469,2.03
16.06,0.0403,0.0062,0.1677,0.0483,2.25
16.08,0.0299,0.0024,0.1677,0.0422,2.49
16.10,0.0416,0.0024,0.1736,0.0530,2.78
16.12,0.0314,0.0035,0.1675,0.0477,3.00
16.14,0.0426,0.0035,0.1729,0.0575,3.27
16.16,0.0426,0.0069,0.1663,0.0594,3.50
16.18,0.0325,0.0035,0.1663,0.0549,3.70
16.20,0.0430,0.0035,0.1712,0.0636,3.95
16.22,0.0333,0.0035,0.1655,0.0596,4.15
16.24,0.0432,0.0035,0.1700,0.0674,4.37
16.26,0.0432,0.0060,0.1645,0.0695,4.60
16.28,0.0334,0.0031,0.1645,0.0661,4.78
16.30,0.0426,0.0031,0.1674,0.0720,4.90
16.32,0.0328,0.0022,0.1621,0.0689,5.08
16.34,0.0415,0.0022,0.1650,0.0743,5.20
16.36,0.0415,0.0035,0.1596,0.0766,5.43
16.38,0.0319,0.0007,0.1596,0.0742,5.61
16.40,0.0398,0.0007,0.1611,0.0778,5.64
16.42,0.0301,0.0006,0.1563,0.0757,5.81
16.44,0.0376,0.0006,0.1571,0.0783,5.78
16.46,0.0376,0.0009,0.1527,0.0807,6.01
16.48,0.0279,0.0018,0.1527,0.0791,6.18
16.50,0.0347,0.0018,0.1524,0.0803,6.08
16.52,0.0251,0.0033,0.1478,0.0791,6.25
16.54,0.0310,0.0033,0.1468,0.0793,6.11
16.56,0.0310,0.0022,0.1423,0.0818,6.34
16.58,0.0211,0.0049,0.1423,0.0810,6.50
16.60,0.0264,0.0049,0.1408,0.0805,6.35
16.62,0.0169,0.0062,0.1366,0.0803,6.51
16.64,0.0220,0.0062,0.1348,0.0792,6.33
16.66,0.0220,0.0055,0.1302,0.0818,6.55
16.68,0.0123,0.0078,0.1302,0.0820,6.70
16.70,0.0169,0.0078,0.1281,0.0803,6.51
16.72,0.0070,0.0092,0.1239,0.0812,6.66
16.74,0.0114,0.0092,0.1215,0.0790,6.46
16.76,0.0114,0.0083,0.1171,0.0817,6.68
16.78,0.0014,0.0105,0.1171,0.0831,6.81
16.80,0.0057,0.0105,0.1146,0.0804,6.60
16.82,0.0044,0.0119,0.1101,0.0826,6.74
16.84,0.0002,0.0119,0.1072,0.0792,6.49
16.86,0.0002,0.0110,0.1027,0.0819,6.71
16.88,0.0104,0.0129,0.1027,0.0846,6.82
16.90,0.0061,0.0129,0.0997,0.0807,6.56
16.92,0.0164,0.0142,0.0950,0.0842,6.68
16.94,0.0117,0.0142,0.0924,0.0800,6.43
16.96,0.0117,0.0133,0.0876,0.0826,6.64
16.98,0.0220,0.0155,0.0876,0.0869,6.78
17.00,0.0169,0.0155,0.0850,0.0820,6.49
17.02,0.0272,0.0167,0.0800,0.0866,6.61
17.04,0.0214,0.0167,0.0778,0.0813,6.33
17.06,0.0214,0.0162,0.0727,0.0838,6.53
17.08,0.0317,0.0183,0.0727,0.0891,6.67
17.10,0.0247,0.0183,0.0716,0.0836,6.43
17.12,0.0348,0.0196,0.0665,0.0890,6.55
17.14,0.0269,0.0196,0.0661,0.0832,6.33
17.16,0.0269,0.0194,0.0607,0.0856,6.53
17.18,0.0370,0.0212,0.0607,0.0912,6.65
17.20,0.0279,0.0212,0.0614,0.0851,6.46
17.22,0.0381,0.0227,0.0562,0.0909,6.58
17.24,0.0278,0.0227,0.0582,0.0850,6.45
17.26,0.0278,0.0227,0.0528,0.0873,6.65
17.28,0.0377,0.0246,0.0528,0.0931,6.79
17.30,0.0265,0.0246,0.0556,0.0872,6.68
17.32,0.0363,0.0265,0.0500,0.0927,6.81
17.34,0.0246,0.0265,0.0532,0.0870,6.72
17.36,0.0246,0.0267,0.0477,0.0893,6.91
17.38,0.0345,0.0285,0.0477,0.0945,7.04
17.40,0.0223,0.0285,0.0511,0.0888,6.93
17.42,0.0321,0.0301,0.0457,0.0935,7.04
17.44,0.0195,0.0301,0.0494,0.0880,6.93
17.46,0.0195,0.0303,0.0442,0.0902,7.12
17.48,0.0293,0.0319,0.0442,0.0947,7.23
17.50,0.0165,0.0319,0.0483,0.0898,7.15
17.52,0.0262,0.0338,0.0429,0.0940,7.26
17.54,0.0129,0.0338,0.0473,0.0893,7.17
17.56,0.0129,0.0341,0.0419,0.0914,7.35
17.58,0.0226,0.0356,0.0419,0.0951,7.45
17.60,0.0090,0.0356,0.0465,0.0910,7.37
17.62,0.0184,0.0375,0.0410,0.0941,7.46
17.64,0.0049,0.0375,0.0453,0.0902,7.35
17.66,0.0049,0.0381,0.0398,0.0923,7.52
17.68,0.0143,0.0393,0.0398,0.0949,7.61
17.70,0.0011,0.0393,0.0432,0.0908,7.43
17.72,0.0105,0.0411,0.0381,0.0931,7.52
17.74,0.0026,0.0411,0.0413,0.0893,7.32
17.76,0.0026,0.0417,0.0363,0.0912,7.48
17.78,0.0069,0.0429,0.0363,0.0929,7.55
17.80,0.0058,0.0429,0.0388,0.0890,7.31
17.82,0.0040,0.0445,0.0342,0.0905,7.39
17.84,0.0085,0.0445,0.0363,0.0867,7.11
17.86,0.0085,0.0447,0.0319,0.0886,7.26
17.88,0.0016,0.0458,0.0319,0.0894,7.32
17.90,0.0108,0.0458,0.0338,0.0857,7.02
17.92,0.0006,0.0465,0.0299,0.0862,7.06
17.94,0.0126,0.0465,0.0316,0.0827,6.76
17.96,0.0126,0.0460,0.0281,0.0844,6.90
17.98,0.0023,0.0469,0.0281,0.0846,6.93
18.00,0.0140,0.0469,0.0295,0.0812,6.62
18.02,0.0035,0.0463,0.0271,0.0812,6.66
18.04,0.0149,0.0463,0.0281,0.0777,6.31
18.06,0.0149,0.0442,0.0263,0.0793,6.45
18.08,0.0046,0.0452,0.0263,0.0790,6.48
18.10,0.0157,0.0452,0.0273,0.0756,6.13
18.12,0.0053,0.0438,0.0259,0.0753,6.18
18.14,0.0162,0.0438,0.0269,0.0723,5.83
18.16,0.0162,0.0406,0.0262,0.0737,5.96
18.18,0.0058,0.0415,0.0262,0.0729,5.98
18.20,0.0166,0.0415,0.0274,0.0702,5.65
18.22,0.0064,0.0393,0.0269,0.0693,5.68
18.24,0.0169,0.0393,0.0284,0.0671,5.38
18.26,0.0169,0.0360,0.0283,0.0684,5.50
18.28,0.0064,0.0371,0.0283,0.0674,5.52
18.30,0.0168,0.0371,0.0302,0.0658,5.27
18.32,0.0065,0.0351,0.0299,0.0646,5.29
18.34,0.0168,0.0351,0.0321,0.0634,5.07
18.36,0.0168,0.0320,0.0320,0.0646,5.17
18.38,0.0064,0.0330,0.0320,0.0634,5.19
18.40,0.0166,0.0330,0.0343,0.0622,4.97
18.42,0.0062,0.0315,0.0336,0.0611,5.00
18.44,0.0164,0.0315,0.0362,0.0604,4.82
18.46,0.0164,0.0294,0.0349,0.0615,4.91
18.48,0.0062,0.0305,0.0349,0.0602,4.92
18.50,0.0162,0.0305,0.0375,0.0595,4.74
18.52,0.0058,0.0298,0.0358,0.0580,4.74
18.54,0.0157,0.0298,0.0386,0.0575,4.58
18.56,0.0157,0.0284,0.0364,0.0585,4.66
18.58,0.0054,0.0294,0.0364,0.0568,4.65
18.60,0.0153,0.0294,0.0394,0.0565,4.51
18.62,0.0050,0.0298,0.0361,0.0549,4.49
18.64,0.0145,0.0298,0.0389,0.0544,4.34
18.66,0.0145,0.0296,0.0351,0.0553,4.41
18.68,0.0043,0.0306,0.0351,0.0537,4.40
18.70,0.0138,0.0306,0.0382,0.0536,4.28
18.72,0.0035,0.0315,0.0343,0.0521,4.27
18.74,0.0129,0.0315,0.0376,0.0520,4.16
18.76,0.0129,0.0313,0.0339,0.0527,4.23
18.78,0.0026,0.0324,0.0339,0.0513,4.21
18.80,0.0120,0.0324,0.0372,0.0509,4.09
18.82,0.0014,0.0335,0.0336,0.0496,4.07
18.84,0.0107,0.0335,0.0369,0.0492,3.97
18.86,0.0107,0.0336,0.0330,0.0499,4.02
18.88,0.0002,0.0348,0.0330,0.0488,4.00
18.90,0.0098,0.0348,0.0368,0.0485,3.91
18.92,0.0008,0.0359,0.0328,0.0471,3.85
18.94,0.0087,0.0359,0.0365,0.0466,3.78
18.96,0.0087,0.0360,0.0328,0.0472,3.82
18.98,0.0021,0.0373,0.0328,0.0464,3.79
19.00,0.0075,0.0373,0.0366,0.0456,3.71
19.02,0.0031,0.0385,0.0330,0.0450,3.67
19.04,0.0063,0.0385,0.0366,0.0438,3.56
19.06,0.0063,0.0385,0.0329,0.0443,3.60
19.08,0.0045,0.0400,0.0329,0.0439,3.56
19.10,0.0051,0.0400,0.0369,0.0427,3.49
19.12,0.0058,0.0412,0.0335,0.0425,3.44
19.14,0.0038,0.0412,0.0374,0.0410,3.35
19.16,0.0038,0.0407,0.0343,0.0413,3.38
19.18,0.0071,0.0425,0.0343,0.0417,3.35
19.20,0.0025,0.0425,0.0381,0.0397,3.25
19.22,0.0083,0.0437,0.0352,0.0404,3.22
19.24,0.0012,0.0437,0.0393,0.0384,3.14
19.26,0.0012,0.0428,0.0367,0.0386,3.16
19.28,0.0096,0.0448,0.0367,0.0396,3.13
19.30,0.0001,0.0448,0.0409,0.0374,3.06
19.32,0.0108,0.0457,0.0381,0.0385,3.00
19.34,0.0013,0.0457,0.0423,0.0361,2.95
19.36,0.0013,0.0446,0.0398,0.0362,2.96
19.38,0.0120,0.0466,0.0398,0.0378,2.91
19.40,0.0023,0.0466,0.0443,0.0351,2.86
19.42,0.0129,0.0476,0.0418,0.0370,2.81
19.44,0.0031,0.0476,0.0464,0.0340,2.76
19.46,0.0031,0.0464,0.0440,0.0340,2.76
19.48,0.0138,0.0484,0.0440,0.0360,2.70
19.50,0.0039,0.0484,0.0489,0.0330,2.68
19.52,0.0145,0.0493,0.0463,0.0354,2.62
19.54,0.0045,0.0493,0.0513,0.0321,2.60
19.56,0.0045,0.0481,0.0488,0.0320,2.58
19.58,0.0151,0.0504,0.0488,0.0347,2.53
19.60,0.0050,0.0504,0.0538,0.0311,2.51
19.62,0.0155,0.0516,0.0509,0.0339,2.44
19.64,0.0054,0.0516,0.0563,0.0304,2.44
19.66,0.0054,0.0507,0.0529,0.0302,2.42
19.68,0.0157,0.0530,0.0529,0.0331,2.35
19.70,0.0053,0.0530,0.0583,0.0292,2.35
19.72,0.0157,0.0545,0.0550,0.0323,2.28
19.74,0.0052,0.0545,0.0608,0.0287,2.30
19.76,0.0052,0.0535,0.0573,0.0283,2.27
19.78,0.0155,0.0559,0.0573,0.0312,2.19
19.80,0.0050,0.0559,0.0630,0.0275,2.20
19.82,0.0155,0.0584,0.0630,0.0304,2.12
19.84,0.0048,0.0575,0.0652,0.0268,2.15
19.86,0.0048,0.0569,0.0612,0.0263,2.11
19.88,0.0154,0.0592,0.0612,0.0291,2.00
19.90,0.0048,0.0592,0.0669,0.0251,2.01
19.92,0.0154,0.0606,0.0632,0.0281,1.91
19.94,0.0048,0.0606,0.0692,0.0243,1.95
19.96,0.0048,0.0596,0.0651,0.0237,1.90
19.98,0.0155,0.0621,0.0651,0.0269,1.78
20.00,0.0049,0.0621,0.0712,0.0228,1.81
20.02,0.0156,0.0640,0.0666,0.0262,1.70
20.04,0.0051,0.0640,0.0727,0.0220,1.75
20.06,0.0051,0.0630,0.0682,0.0213,1.69
20.08,0.0158,0.0658,0.0682,0.0251,1.58
20.10,0.0052,0.0658,0.0747,0.0209,1.65
20.12,0.0161,0.0685,0.0695,0.0251,1.56
20.14,0.0056,0.0685,0.0758,0.0206,1.61
20.16,0.0056,0.0680,0.0704,0.0197,1.54
20.18,0.0164,0.0711,0.0704,0.0242,1.43
20.20,0.0060,0.0711,0.0771,0.0197,1.53
20.22,0.0169,0.0737,0.0716,0.0245,1.44
20.24,0.0066,0.0737,0.0782,0.0199,1.53
20.26,0.0066,0.0730,0.0726,0.0190,1.45
20.28,0.0174,0.0761,0.0726,0.0239,1.33
20.30,0.0072,0.0761,0.0791,0.0188,1.42
20.32,0.0180,0.0785,0.0737,0.0242,1.30
20.34,0.0079,0.0785,0.0801,0.0188,1.39
20.36,0.0079,0.0771,0.0748,0.0178,1.30
20.38,0.0187,0.0804,0.0748,0.0237,1.17
20.40,0.0087,0.0804,0.0812,0.0177,1.26
20.42,0.0193,0.0825,0.0757,0.0239,1.13
20.44,0.0096,0.0825,0.0818,0.0176,1.20
20.46,0.0096,0.0807,0.0765,0.0166,1.10
20.48,0.0202,0.0840,0.0765,0.0234,0.96
20.50,0.0103,0.0840,0.0827,0.0163,1.03
20.52,0.0209,0.0856,0.0774,0.0237,0.90
20.54,0.0114,0.0856,0.0834,0.0165,0.97
20.56,0.0114,0.0834,0.0783,0.0156,0.86
20.58,0.0221,0.0870,0.0783,0.0239,0.73
20.60,0.0125,0.0870,0.0844,0.0158,0.78
20.62,0.0231,0.0880,0.0797,0.0245,0.65
20.64,0.0135,0.0880,0.0858,0.0161,0.71
20.66,0.0135,0.0853,0.0810,0.0153,0.59
20.68,0.0240,0.0890,0.0810,0.0247,0.46
20.70,0.0144,0.0890,0.0868,0.0156,0.49
20.72,0.0248,0.0899,0.0819,0.0252,0.35
20.74,0.0151,0.0899,0.0873,0.0157,0.34
20.76,0.0151,0.0868,0.0825,0.0154,0.21
20.78,0.0254,0.0905,0.0825,0.0255,0.08
20.80,0.0157,0.0905,0.0875,0.0157,0.02
20.82,0.0260,0.0913,0.0824,0.0261,0.12
20.84,0.0161,0.0913,0.0874,0.0163,0.19
20.86,0.0161,0.0882,0.0821,0.0166,0.33
20.88,0.0263,0.0918,0.0821,0.0270,0.47
20.90,0.0162,0.0918,0.0869,0.0177,0.58
20.92,0.0267,0.0921,0.0816,0.0282,0.73
20.94,0.0166,0.0921,0.0859,0.0198,0.88
20.96,0.0166,0.0887,0.0806,0.0208,1.02
20.98,0.0270,0.0925,0.0806,0.0307,1.17
21.00,0.0166,0.0925,0.0851,0.0232,1.31
21.02,0.0272,0.0929,0.0797,0.0327,1.46
21.04,0.0170,0.0929,0.0842,0.0261,1.60
21.06,0.0170,0.0888,0.0794,0.0276,1.76
21.08,0.0275,0.0929,0.0794,0.0361,1.88
21.10,0.0168,0.0929,0.0842,0.0300,2.01
21.12,0.0274,0.0930,0.0794,0.0383,2.15
21.14,0.0165,0.0930,0.0844,0.0327,2.28
21.16,0.0165,0.0887,0.0795,0.0344,2.44
21.18,0.0271,0.0931,0.0795,0.0419,2.56
21.20,0.0163,0.0931,0.0850,0.0365,2.64
21.22,0.0268,0.0927,0.0803,0.0437,2.77
21.24,0.0158,0.0927,0.0860,0.0386,2.85
21.26,0.0158,0.0881,0.0812,0.0405,3.02
21.28,0.0262,0.0923,0.0812,0.0472,3.15
21.30,0.0150,0.0923,0.0874,0.0423,3.21
21.32,0.0254,0.0919,0.0827,0.0486,3.33
21.34,0.0138,0.0919,0.0895,0.0435,3.34
21.36,0.0138,0.0870,0.0847,0.0456,3.52
21.38,0.0243,0.0915,0.0847,0.0514,3.65
21.40,0.0126,0.0915,0.0917,0.0467,3.65
21.42,0.0230,0.0909,0.0871,0.0523,3.79
21.44,0.0113,0.0909,0.0944,0.0477,3.76
21.46,0.0113,0.0861,0.0895,0.0499,3.95
21.48,0.0216,0.0905,0.0895,0.0551,4.09
21.50,0.0099,0.0905,0.0972,0.0505,4.03
21.52,0.0202,0.0904,0.0923,0.0553,4.15
21.54,0.0084,0.0904,0.1005,0.0504,4.05
21.56,0.0084,0.0864,0.0950,0.0528,4.24
21.58,0.0186,0.0910,0.0950,0.0571,4.37
21.60,0.0067,0.0910,0.1038,0.0521,4.21
21.62,0.0167,0.0917,0.0979,0.0563,4.35
21.64,0.0047,0.0917,0.1073,0.0510,4.15
21.66,0.0047,0.0884,0.1010,0.0535,4.35
21.68,0.0146,0.0930,0.1010,0.0572,4.48
21.70,0.0027,0.0930,0.1107,0.0520,4.25
21.72,0.0126,0.0945,0.1038,0.0555,4.39
21.74,0.0007,0.0945,0.1139,0.0503,4.11
21.76,0.0007,0.0918,0.1068,0.0528,4.32
21.78,0.0108,0.0966,0.1068,0.0559,4.46
21.80,0.0011,0.0966,0.1174,0.0505,4.14
21.82,0.0090,0.0990,0.1098,0.0535,4.29
21.84,0.0027,0.0990,0.1208,0.0479,3.92
21.86,0.0027,0.0967,0.1130,0.0505,4.13
21.88,0.0072,0.1015,0.1130,0.0530,4.28
21.90,0.0041,0.1015,0.1239,0.0476,3.90
21.92,0.0058,0.1040,0.1162,0.0500,4.05
21.94,0.0051,0.1040,0.1274,0.0444,3.62
21.96,0.0051,0.1017,0.1194,0.0470,3.84
21.98,0.0047,0.1066,0.1194,0.0491,3.99
22.00,0.0055,0.1066,0.1307,0.0434,3.54
22.02,0.0046,0.1097,0.1222,0.0455,3.69
22.04,0.0055,0.1097,0.1336,0.0395,3.22
22.06,0.0055,0.1080,0.1250,0.0422,3.44
22.08,0.0046,0.1130,0.1250,0.0443,3.59
22.10,0.0051,0.1130,0.1365,0.0380,3.09
22.12,0.0050,0.1165,0.1275,0.0401,3.24
22.14,0.0043,0.1165,0.1388,0.0338,2.75
22.16,0.0043,0.1146,0.1299,0.0365,2.98
22.18,0.0057,0.1197,0.1299,0.0389,3.14
22.20,0.0031,0.1197,0.1411,0.0323,2.63
22.22,0.0070,0.1227,0.1324,0.0350,2.79
22.24,0.0015,0.1227,0.1434,0.0281,2.30
22.26,0.0015,0.1200,0.1346,0.0309,2.53
22.28,0.0088,0.1254,0.1346,0.0342,2.69
22.30,0.0005,0.1254,0.1454,0.0271,2.22
22.32,0.0107,0.1277,0.1369,0.0314,2.40
22.34,0.0023,0.1277,0.1474,0.0240,1.95
22.36,0.0023,0.1239,0.1393,0.0267,2.18
22.38,0.0127,0.1295,0.1393,0.0316,2.35
22.40,0.0046,0.1295,0.1493,0.0241,1.93
22.42,0.0149,0.1307,0.1414,0.0300,2.11
22.44,0.0068,0.1307,0.1514,0.0219,1.70
22.46,0.0068,0.1261,0.1435,0.0246,1.92
22.48,0.0171,0.1316,0.1435,0.0310,2.10
22.50,0.0083,0.1316,0.1533,0.0227,1.72
22.52,0.0185,0.1320,0.1457,0.0300,1.91
22.54,0.0092,0.1320,0.1548,0.0217,1.60
22.56,0.0092,0.1266,0.1471,0.0243,1.83
22.58,0.0194,0.1321,0.1471,0.0316,2.01
22.60,0.0090,0.1321,0.1553,0.0241,1.82
22.62,0.0191,0.1318,0.1477,0.0313,2.00
22.64,0.0080,0.1318,0.1554,0.0243,1.86
22.66,0.0080,0.1258,0.1479,0.0269,2.09
22.68,0.0181,0.1312,0.1479,0.0334,2.27
22.70,0.0060,0.1312,0.1546,0.0281,2.24
22.72,0.0161,0.1304,0.1472,0.0339,2.42
22.74,0.0033,0.1304,0.1529,0.0306,2.49
22.76,0.0033,0.1241,0.1453,0.0334,2.71
22.78,0.0136,0.1296,0.1453,0.0381,2.89
22.80,0.0006,0.1296,0.1506,0.0366,3.00
22.82,0.0108,0.1287,0.1430,0.0405,3.17
22.84,0.0022,0.1287,0.1487,0.0396,3.24
22.86,0.0022,0.1226,0.1407,0.0424,3.47
22.88,0.0080,0.1281,0.1407,0.0454,3.64
22.90,0.0047,0.1281,0.1471,0.0446,3.64
22.92,0.0052,0.1271,0.1391,0.0469,3.80
22.94,0.0075,0.1271,0.1461,0.0463,3.76
22.96,0.0075,0.1215,0.1374,0.0489,3.98
22.98,0.0023,0.1268,0.1374,0.0506,4.13
23.00,0.0095,0.1268,0.1460,0.0486,3.93
23.02,0.0003,0.1260,0.1374,0.0500,4.09
23.04,0.0107,0.1260,0.1466,0.0473,3.81
23.06,0.0107,0.1203,0.1377,0.0500,4.03
23.08,0.0010,0.1255,0.1377,0.0511,4.18
23.10,0.0110,0.1255,0.1484,0.0466,3.74
23.12,0.0012,0.1254,0.1394,0.0473,3.88
23.14,0.0104,0.1254,0.1502,0.0426,3.40
23.16,0.0104,0.1195,0.1414,0.0451,3.62
23.18,0.0007,0.1245,0.1414,0.0463,3.79
23.20,0.0096,0.1245,0.1521,0.0412,3.31
23.22,0.0002,0.1241,0.1432,0.0423,3.46
23.24,0.0085,0.1241,0.1541,0.0369,2.95
23.26,0.0085,0.1187,0.1449,0.0394,3.17
23.28,0.0015,0.1241,0.1449,0.0406,3.32
23.30,0.0068,0.1241,0.1552,0.0354,2.86
23.32,0.0034,0.1243,0.1458,0.0370,3.01
23.34,0.0046,0.1243,0.1559,0.0314,2.55
23.36,0.0046,0.1192,0.1464,0.0339,2.76
23.38,0.0057,0.1246,0.1464,0.0363,2.92
23.40,0.0024,0.1246,0.1560,0.0308,2.52
23.42,0.0078,0.1252,0.1460,0.0339,2.69
23.44,0.0003,0.1252,0.1554,0.0281,2.30
23.46,0.0003,0.1209,0.1451,0.0305,2.50
23.48,0.0101,0.1265,0.1451,0.0340,2.64
23.50,0.0021,0.1265,0.1543,0.0277,2.26
23.52,0.0124,0.1279,0.1439,0.0319,2.39
23.54,0.0046,0.1279,0.1527,0.0254,2.04
23.56,0.0046,0.1239,0.1420,0.0278,2.24
23.58,0.0147,0.1292,0.1420,0.0328,2.38
23.60,0.0063,0.1292,0.1506,0.0261,2.06
23.62,0.0162,0.1305,0.1397,0.0319,2.23
23.64,0.0076,0.1305,0.1479,0.0251,1.95
23.66,0.0076,0.1261,0.1376,0.0273,2.13
23.68,0.0175,0.1315,0.1376,0.0330,2.26
23.70,0.0080,0.1315,0.1455,0.0262,2.03
23.72,0.0181,0.1320,0.1357,0.0322,2.15
23.74,0.0081,0.1320,0.1430,0.0256,1.98
23.76,0.0081,0.1263,0.1339,0.0277,2.16
23.78,0.0184,0.1317,0.1339,0.0337,2.29
23.80,0.0076,0.1317,0.1404,0.0281,2.20
23.82,0.0178,0.1308,0.1315,0.0337,2.32
23.84,0.0065,0.1308,0.1373,0.0290,2.31
23.86,0.0065,0.1233,0.1300,0.0311,2.48
23.88,0.0167,0.1288,0.1300,0.0360,2.58
23.90,0.0050,0.1288,0.1350,0.0328,2.64
23.92,0.0152,0.1262,0.1282,0.0370,2.73
23.94,0.0033,0.1262,0.1330,0.0346,2.81
23.96,0.0033,0.1175,0.1268,0.0366,2.98
23.98,0.0135,0.1230,0.1268,0.0401,3.06
24.00,0.0013,0.1230,0.1320,0.0382,3.12
24.02,0.0114,0.1198,0.1260,0.0408,3.18
24.04,0.0010,0.1198,0.1316,0.0393,3.22
24.06,0.0010,0.1111,0.1256,0.0412,3.38
24.08,0.0090,0.1165,0.1256,0.0432,3.44
24.10,0.0031,0.1165,0.1318,0.0416,3.41
24.12,0.0069,0.1136,0.1254,0.0431,3.46
24.14,0.0049,0.1136,0.1325,0.0410,3.35
24.16,0.0049,0.1059,0.1256,0.0428,3.49
24.18,0.0050,0.1112,0.1256,0.0438,3.55
24.20,0.0064,0.1112,0.1337,0.0410,3.33
24.22,0.0038,0.1097,0.1262,0.0415,3.37
24.24,0.0072,0.1097,0.1347,0.0384,3.10
24.26,0.0072,0.1040,0.1261,0.0401,3.24
24.28,0.0030,0.1094,0.1261,0.0404,3.29
24.30,0.0076,0.1094,0.1348,0.0371,2.99
24.32,0.0027,0.1102,0.1254,0.0373,3.04
24.34,0.0080,0.1102,0.1344,0.0338,2.70
24.36,0.0080,0.1069,0.1238,0.0353,2.83
24.38,0.0023,0.1122,0.1238,0.0354,2.88
24.40,0.0083,0.1122,0.1325,0.0323,2.57
24.42,0.0021,0.1147,0.1218,0.0321,2.62
24.44,0.0087,0.1147,0.1301,0.0296,2.33
24.46,0.0087,0.1124,0.1190,0.0310,2.45
24.48,0.0018,0.1176,0.1190,0.0306,2.50
24.50,0.0088,0.1176,0.1265,0.0290,2.27
24.52,0.0015,0.1206,0.1156,0.0284,2.32
24.54,0.0089,0.1206,0.1228,0.0271,2.11
24.56,0.0089,0.1176,0.1127,0.0284,2.22
24.58,0.0014,0.1227,0.1127,0.0278,2.27
24.60,0.0089,0.1227,0.1192,0.0272,2.12
24.62,0.0015,0.1240,0.1097,0.0266,2.17
24.64,0.0087,0.1240,0.1159,0.0263,2.04
24.66,0.0087,0.1190,0.1077,0.0275,2.15
24.68,0.0017,0.1239,0.1077,0.0270,2.20
24.70,0.0085,0.1239,0.1135,0.0269,2.10
24.72,0.0019,0.1224,0.1068,0.0264,2.15
24.74,0.0081,0.1224,0.1120,0.0267,2.10
24.76,0.0081,0.1144,0.1070,0.0278,2.19
24.78,0.0024,0.1193,0.1070,0.0274,2.23
24.80,0.0075,0.1193,0.1118,0.0278,2.20
24.82,0.0030,0.1154,0.1078,0.0273,2.22
24.84,0.0068,0.1154,0.1126,0.0274,2.18
24.86,0.0068,0.1056,0.1095,0.0284,2.27
24.88,0.0035,0.1105,0.1095,0.0282,2.28
24.90,0.0061,0.1105,0.1142,0.0281,2.25
24.92,0.0043,0.1054,0.1114,0.0280,2.26
24.94,0.0052,0.1054,0.1160,0.0277,2.24
24.96,0.0052,0.0958,0.1128,0.0286,2.31
24.98,0.0052,0.1009,0.1128,0.0288,2.31
25.00,0.0045,0.1009,0.1176,0.0280,2.27
25.02,0.0058,0.0968,0.1138,0.0284,2.26
25.04,0.0035,0.0968,0.1185,0.0274,2.23
25.06,0.0035,0.0891,0.1134,0.0282,2.29
25.08,0.0068,0.0940,0.1134,0.0289,2.29
25.10,0.0026,0.0940,0.1182,0.0275,2.25
25.12,0.0074,0.0930,0.1116,0.0284,2.23
25.14,0.0020,0.0930,0.1163,0.0267,2.18
25.16,0.0020,0.0896,0.1073,0.0274,2.24
25.18,0.0085,0.0941,0.1073,0.0290,2.25
25.20,0.0007,0.0941,0.1120,0.0269,2.20
25.22,0.0096,0.0958,0.1026,0.0278,2.12
25.24,0.0002,0.0958,0.1075,0.0246,2.02
25.26,0.0002,0.0946,0.0964,0.0246,2.02
25.28,0.0108,0.0992,0.0964,0.0265,1.97
25.30,0.0012,0.0992,0.1009,0.0233,1.90
25.32,0.0115,0.1032,0.0895,0.0255,1.85
25.34,0.0018,0.1032,0.0941,0.0219,1.78
25.36,0.0018,0.1020,0.0834,0.0219,1.78
25.38,0.0118,0.1062,0.0834,0.0245,1.74
25.40,0.0026,0.1062,0.0875,0.0210,1.70
25.42,0.0121,0.1085,0.0772,0.0240,1.68
25.44,0.0034,0.1085,0.0819,0.0196,1.58
25.46,0.0034,0.1053,0.0734,0.0196,1.58
25.48,0.0120,0.1085,0.0734,0.0228,1.57
25.50,0.0042,0.1085,0.0788,0.0174,1.38
25.52,0.0120,0.1070,0.0714,0.0210,1.39
25.54,0.0055,0.1070,0.0769,0.0150,1.14
25.56,0.0055,0.1009,0.0714,0.0150,1.14
25.58,0.0125,0.1032,0.0714,0.0189,1.15
25.60,0.0072,0.1032,0.0772,0.0125,0.83
25.62,0.0137,0.1055,0.0772,0.0172,0.84
25.64,0.0091,0.0975,0.0789,0.0113,0.54
25.66,0.0091,0.0887,0.0764,0.0113,0.54
25.68,0.0147,0.0904,0.0764,0.0163,0.56
25.70,0.0111,0.0904,0.0814,0.0115,0.25
25.72,0.0158,0.0819,0.0800,0.0162,0.29
25.74,0.0127,0.0819,0.0840,0.0127,0.05
25.76,0.0127,0.0717,0.0835,0.0127,0.05
25.78,0.0167,0.0728,0.0835,0.0167,0.07
25.80,0.0137,0.0728,0.0871,0.0138,0.13
25.82,0.0173,0.0638,0.0865,0.0173,0.12
25.84,0.0146,0.0638,0.0895,0.0149,0.27
25.86,0.0146,0.0540,0.0887,0.0149,0.27
25.88,0.0172,0.0548,0.0887,0.0175,0.26
25.90,0.0146,0.0548,0.0910,0.0153,0.36
25.92,0.0168,0.0467,0.0891,0.0173,0.34
25.94,0.0149,0.0467,0.0909,0.0158,0.41
25.96,0.0149,0.0387,0.0888,0.0158,0.41
25.98,0.0167,0.0392,0.0888,0.0175,0.41
26.00,0.0146,0.0392,0.0898,0.0154,0.41
26.02,0.0162,0.0330,0.0864,0.0170,0.41
26.04,0.0142,0.0330,0.0874,0.0151,0.40
26.06,0.0142,0.0275,0.0827,0.0151,0.40
26.08,0.0155,0.0280,0.0827,0.0163,0.41
26.10,0.0137,0.0280,0.0832,0.0144,0.37
26.12,0.0148,0.0247,0.0768,0.0155,0.37
26.14,0.0129,0.0247,0.0777,0.0136,0.36
26.16,0.0129,0.0227,0.0700,0.0136,0.36
26.18,0.0136,0.0227,0.0700,0.0143,0.34
26.20,0.0122,0.0227,0.0701,0.0126,0.28
26.22,0.0127,0.0236,0.0603,0.0131,0.29
26.24,0.0118,0.0236,0.0605,0.0123,0.27
26.26,0.0118,0.0254,0.0501,0.0123,0.27
26.28,0.0125,0.0258,0.0501,0.0130,0.29
26.30,0.0117,0.0258,0.0504,0.0122,0.28
26.32,0.0117,0.0280,0.0399,0.0122,0.28
26.34,0.0111,0.0280,0.0399,0.0115,0.25
26.36,0.0111,0.0304,0.0297,0.0115,0.25
26.38,0.0111,0.0304,0.0297,0.0115,0.25
26.40,0.0108,0.0304,0.0300,0.0113,0.26
26.42,0.0108,0.0333,0.0200,0.0113,0.26
26.44,0.0100,0.0333,0.0204,0.0104,0.25
26.46,0.0100,0.0365,0.0107,0.0104,0.25
26.48,0.0100,0.0365,0.0107,0.0104,0.25
26.50,0.0092,0.0365,0.0108,0.0096,0.22
26.52,0.0092,0.0396,0.0016,0.0096,0.22
26.54,0.0088,0.0396,0.0017,0.0092,0.21
26.56,0.0088,0.0421,0.0063,0.0092,0.21
26.58,0.0088,0.0421,0.0063,0.0092,0.21
26.60,0.0087,0.0421,0.0063,0.0091,0.21
26.62,0.0087,0.0425,0.0124,0.0091,0.21
26.64,0.0086,0.0425,0.0123,0.0090,0.20
26.66,0.0086,0.0423,0.0172,0.0090,0.20
26.68,0.0086,0.0423,0.0172,0.0090,0.20
26.70,0.0082,0.0423,0.0169,0.0086,0.21
26.72,0.0082,0.0413,0.0206,0.0086,0.21
26.74,0.0077,0.0413,0.0205,0.0080,0.20
26.76,0.0077,0.0408,0.0239,0.0080,0.20
26.78,0.0077,0.0408,0.0239,0.0080,0.20
26.80,0.0071,0.0408,0.0238,0.0074,0.17
26.82,0.0071,0.0417,0.0275,0.0074,0.17
26.84,0.0068,0.0417,0.0275,0.0071,0.16
26.86,0.0068,0.0426,0.0307,0.0071,0.16
26.88,0.0068,0.0426,0.0307,0.0071,0.16
26.90,0.0068,0.0426,0.0307,0.0071,0.16
26.92,0.0068,0.0436,0.0333,0.0071,0.16
26.94,0.0068,0.0436,0.0333,0.0071,0.16
26.96,0.0068,0.0446,0.0353,0.0071,0.16
26.98,0.0068,0.0446,0.0353,0.0071,0.16
27.00,0.0068,0.0446,0.0353,0.0071,0.16
27.02,0.0068,0.0453,0.0366,0.0071,0.16
27.04,0.0068,0.0453,0.0366,0.0071,0.16
27.06,0.0068,0.0453,0.0369,0.0071,0.16
27.08,0.0068,0.0453,0.0369,0.0071,0.16
27.10,0.0068,0.0453,0.0369,0.0071,0.16
27.12,0.0068,0.0453,0.0369,0.0071,0.16
27.14,0.0068,0.0453,0.0369,0.0071,0.16
27.16,0.0068,0.0453,0.0369,0.0071,0.16
27.18,0.0068,0.0453,0.0369,0.0071,0.16
27.20,0.0068,0.0453,0.0369,0.0071,0.16
27.22,0.0068,0.0453,0.0369,0.0071,0.16
27.24,0.0068,0.0453,0.0369,0.0071,0.16
27.26,0.0068,0.0453,0.0369,0.0071,0.16
27.28,0.0068,0.0453,0.0369,0.0071,0.16
27.30,0.0068,0.0453,0.0369,0.0071,0.16
27.32,0.0068,0.0453,0.0369,0.0071,0.16
27.34,0.0068,0.0453,0.0369,0.0071,0.16
27.36,0.0068,0.0452,0.0368,0.0071,0.16
27.38,0.0068,0.0452,0.0368,0.0071,0.16
27.40,0.0068,0.0452,0.0368,0.0071,0.16
27.42,0.0068,0.0452,0.0367,0.0071,0.16
27.44,0.0068,0.0452,0.0367,0.0071,0.16
27.46,0.0068,0.0451,0.0366,0.0071,0.16
27.48,0.0068,0.0451,0.0366,0.0071,0.16
27.50,0.0068,0.0451,0.0366,0.0071,0.16
27.52,0.0068,0.0449,0.0360,0.0071,0.16
27.54,0.0068,0.0449,0.0360,0.0071,0.16
27.56,0.0068,0.0442,0.0350,0.0071,0.16
27.58,0.0068,0.0442,0.0350,0.0071,0.16
27.60,0.0068,0.0442,0.0350,0.0071,0.16
27.62,0.0068,0.0440,0.0336,0.0071,0.16
27.64,0.0068,0.0440,0.0336,0.0071,0.16
27.66,0.0068,0.0430,0.0311,0.0071,0.16
27.68,0.0068,0.0430,0.0311,0.0071,0.16
27.70,0.0068,0.0430,0.0311,0.0071,0.16
27.72,0.0068,0.0418,0.0282,0.0071,0.16
27.74,0.0068,0.0418,0.0282,0.0071,0.16
27.76,0.0068,0.0407,0.0251,0.0071,0.16
27.78,0.0068,0.0407,0.0251,0.0071,0.16
27.80,0.0068,0.0407,0.0251,0.0071,0.16
27.82,0.0068,0.0392,0.0214,0.0071,0.16
27.84,0.0068,0.0392,0.0214,0.0071,0.16
27.86,0.0068,0.0377,0.0178,0.0071,0.16
27.88,0.0068,0.0377,0.0178,0.0071,0.16
27.90,0.0068,0.0377,0.0178,0.0071,0.16
27.92,0.0068,0.0361,0.0142,0.0071,0.16
27.94,0.0068,0.0361,0.0142,0.0071,0.16
27.96,0.0068,0.0348,0.0105,0.0071,0.16
27.98,0.0068,0.0348,0.0105,0.0071,0.16
28.00,0.0068,0.0348,0.0105,0.0071,0.16
28.02,0.0068,0.0336,0.0070,0.0071,0.16
28.04,0.0068,0.0336,0.0070,0.0071,0.16
28.06,0.0068,0.0323,0.0032,0.0071,0.16
28.08,0.0068,0.0323,0.0032,0.0071,0.16
28.10,0.0068,0.0323,0.0032,0.0071,0.16
28.12,0.0068,0.0311,0.0004,0.0071,0.16
28.14,0.0068,0.0311,0.0004,0.0071,0.16
28.16,0.0068,0.0299,0.0038,0.0071,0.16
28.18,0.0068,0.0299,0.0038,0.0071,0.16
28.20,0.0068,0.0299,0.0038,0.0071,0.16
28.22,0.0068,0.0288,0.0070,0.0071,0.16
28.24,0.0068,0.0288,0.0070,0.0071,0.16
28.26,0.0068,0.0279,0.0100,0.0071,0.16
28.28,0.0068,0.0279,0.0100,0.0071,0.16
28.30,0.0068,0.0279,0.0100,0.0071,0.16
28.32,0.0068,0.0271,0.0127,0.0071,0.16
28.34,0.0068,0.0271,0.0127,0.0071,0.16
28.36,0.0068,0.0271,0.0145,0.0071,0.16
28.38,0.0068,0.0271,0.0145,0.0071,0.16
28.40,0.0068,0.0271,0.0145,0.0071,0.16
28.42,0.0068,0.0274,0.0158,0.0071,0.16
28.44,0.0068,0.0274,0.0158,0.0071,0.16
28.46,0.0068,0.0277,0.0167,0.0071,0.16
28.48,0.0068,0.0277,0.0167,0.0071,0.16
28.50,0.0068,0.0277,0.0167,0.0071,0.16
28.52,0.0068,0.0279,0.0175,0.0071,0.16
28.54,0.0068,0.0279,0.0175,0.0071,0.16
28.56,0.0068,0.0280,0.0178,0.0071,0.16
28.58,0.0068,0.0280,0.0178,0.0071,0.16
28.60,0.0068,0.0280,0.0178,0.0071,0.16
28.62,0.0068,0.0282,0.0176,0.0071,0.16
28.64,0.0068,0.0282,0.0176,0.0071,0.16
28.66,0.0068,0.0282,0.0176,0.0071,0.16
28.68,0.0068,0.0282,0.0176,0.0071,0.16
28.70,0.0068,0.0282,0.0176,0.0071,0.16
28.72,0.0068,0.0282,0.0176,0.0071,0.16
28.74,0.0068,0.0282,0.0176,0.0071,0.16
28.76,0.0068,0.0282,0.0175,0.0071,0.16
28.78,0.0068,0.0282,0.0175,0.0071,0.16
28.80,0.0068,0.0282,0.0175,0.0071,0.16
28.82,0.0068,0.0282,0.0175,0.0071,0.16
28.84,0.0068,0.0282,0.0175,0.0071,0.16
28.86,0.0068,0.0282,0.0176,0.0071,0.16
28.88,0.0068,0.0282,0.0176,0.0071,0.16
28.90,0.0068,0.0282,0.0176,0.0071,0.16
28.92,0.0068,0.0282,0.0176,0.0071,0.16
28.94,0.0068,0.0282,0.0176,0.0071,0.16
28.96,0.0068,0.0282,0.0176,0.0071,0.16
28.98,0.0068,0.0282,0.0176,0.0071,0.16
29.00,0.0068,0.0282,0.0176,0.0071,0.16
29.02,0.0068,0.0281,0.0176,0.0071,0.16
29.04,0.0068,0.0281,0.0176,0.0071,0.16
29.06,0.0068,0.0281,0.0176,0.0071,0.16
29.08,0.0068,0.0281,0.0176,0.0071,0.16
29.10,0.0068,0.0281,0.0176,0.0071,0.16
29.12,0.0068,0.0281,0.0176,0.0071,0.16
29.14,0.0068,0.0281,0.0176,0.0071,0.16
29.16,0.0068,0.0281,0.0176,0.0071,0.16
29.18,0.0068,0.0281,0.0176,0.0071,0.16
29.20,0.0068,0.0281,0.0176,0.0071,0.16
29.22,0.0068,0.0280,0.0176,0.0071,0.16
29.24,0.0068,0.0280,0.0176,0.0071,0.16
29.26,0.0068,0.0280,0.0176,0.0071,0.16
29.28,0.0068,0.0280,0.0176,0.0071,0.16
29.30,0.0068,0.0280,0.0176,0.0071,0.16
29.32,0.0068,0.0280,0.0176,0.0071,0.16
29.34,0.0068,0.0280,0.0176,0.0071,0.16
29.36,0.0068,0.0279,0.0176,0.0071,0.16
29.38,0.0068,0.0279,0.0176,0.0071,0.16
29.40,0.0068,0.0279,0.0176,0.0071,0.16
29.42,0.0068,0.0279,0.0177,0.0071,0.16
29.44,0.0068,0.0279,0.0177,0.0071,0.16
29.46,0.0068,0.0279,0.0177,0.0071,0.16
29.48,0.0068,0.0279,0.0177,0.0071,0.16
29.50,0.0068,0.0279,0.0177,0.0071,0.16
29.52,0.0068,0.0278,0.0177,0.0071,0.16
29.54,0.0068,0.0278,0.0177,0.0071,0.16
29.56,0.0068,0.0275,0.0175,0.0071,0.16
29.58,0.0068,0.0275,0.0175,0.0071,0.16
29.60,0.0068,0.0275,0.0175,0.0071,0.16
29.62,0.0068,0.0271,0.0174,0.0071,0.16
29.64,0.0068,0.0271,0.0174,0.0071,0.16
29.66,0.0068,0.0263,0.0173,0.0071,0.16
29.68,0.0068,0.0263,0.0173,0.0071,0.16
29.70,0.0068,0.0263,0.0173,0.0071,0.16
29.72,0.0068,0.0255,0.0171,0.0071,0.16
29.74,0.0068,0.0255,0.0171,0.0071,0.16
29.76,0.0068,0.0242,0.0172,0.0071,0.16
29.78,0.0068,0.0242,0.0172,0.0071,0.16
29.80,0.0068,0.0242,0.0172,0.0071,0.16
29.82,0.0068,0.0229,0.0169,0.0071,0.16
29.84,0.0068,0.0229,0.0169,0.0071,0.16
29.86,0.0068,0.0216,0.0164,0.0071,0.16
29.88,0.0068,0.0216,0.0164,0.0071,0.16
29.90,0.0068,0.0216,0.0164,0.0071,0.16
29.92,0.0068,0.0201,0.0160,0.0071,0.16
29.94,0.0068,0.0201,0.0160,0.0071,0.16
29.96,0.0068,0.0188,0.0155,0.0071,0.16
29.98,0.0068,0.0188,0.0155,0.0071,0.16
30.00,0.0068,0.0188,0.0155,0.0071,0.16
30.02,0.0068,0.0179,0.0144,0.0071,0.16
30.04,0.0068,0.0179,0.0144,0.0071,0.16
30.06,0.0068,0.0169,0.0133,0.0071,0.16
30.08,0.0068,0.0169,0.0133,0.0071,0.16
30.10,0.0068,0.0169,0.0133,0.0071,0.16
30.12,0.0068,0.0163,0.0120,0.0071,0.16
30.14,0.0068,0.0163,0.0120,0.0071,0.16
30.16,0.0068,0.0155,0.0108,0.0071,0.16
30.18,0.0068,0.0155,0.0108,0.0071,0.16
30.20,0.0068,0.0155,0.0108,0.0071,0.16
30.22,0.0068,0.0149,0.0094,0.0071,0.16
30.24,0.0068,0.0149,0.0094,0.0071,0.16
30.26,0.0068,0.0143,0.0081,0.0071,0.16
30.28,0.0068,0.0143,0.0081,0.0071,0.16
30.30,0.0068,0.0143,0.0081,0.0071,0.16
30.32,0.0068,0.0137,0.0070,0.0071,0.16
30.34,0.0068,0.0137,0.0070,0.0071,0.16
30.36,0.0068,0.0126,0.0061,0.0071,0.16
30.38,0.0068,0.0126,0.0061,0.0071,0.16
30.40,0.0068,0.0126,0.0061,0.0070,0.16
30.42,0.0068,0.0114,0.0054,0.0070,0.16
30.44,0.0060,0.0114,0.0060,0.0064,0.17
30.46,0.0060,0.0101,0.0054,0.0064,0.17
30.48,0.0060,0.0101,0.0054,0.0064,0.17
30.50,0.0044,0.0101,0.0061,0.0047,0.14
30.52,0.0044,0.0087,0.0057,0.0047,0.14
30.54,0.0027,0.0087,0.0065,0.0031,0.11
30.56,0.0027,0.0072,0.0062,0.0031,0.11
30.58,0.0027,0.0072,0.0062,0.0031,0.11
30.60,0.0011,0.0072,0.0067,0.0013,0.05
30.62,0.0011,0.0056,0.0067,0.0013,0.05
30.64,0.0007,0.0056,0.0072,0.0007,0.01
30.66,0.0007,0.0041,0.0074,0.0007,0.01
30.68,0.0007,0.0041,0.0074,0.0007,0.01
30.70,0.0027,0.0041,0.0079,0.0029,0.07
30.72,0.0027,0.0031,0.0079,0.0029,0.07
30.74,0.0048,0.0031,0.0087,0.0050,0.12
30.76,0.0048,0.0018,0.0088,0.0050,0.12
30.78,0.0048,0.0018,0.0088,0.0050,0.12
30.80,0.0071,0.0018,0.0095,0.0074,0.19
30.82,0.0071,0.0006,0.0094,0.0074,0.19
30.84,0.0093,0.0006,0.0102,0.0097,0.24
30.86,0.0093,0.0001,0.0096,0.0097,0.24
30.88,0.0093,0.0001,0.0096,0.0097,0.24
30.90,0.0112,0.0001,0.0103,0.0117,0.28
30.92,0.0112,0.0008,0.0098,0.0117,0.28
30.94,0.0130,0.0008,0.0105,0.0136,0.33
30.96,0.0130,0.0015,0.0100,0.0136,0.33
30.98,0.0130,0.0015,0.0100,0.0136,0.33
31.00,0.0145,0.0015,0.0103,0.0152,0.39
31.02,0.0145,0.0021,0.0096,0.0152,0.39
31.04,0.0152,0.0021,0.0096,0.0161,0.44
31.06,0.0152,0.0024,0.0088,0.0161,0.44
31.08,0.0152,0.0024,0.0088,0.0161,0.44
31.10,0.0158,0.0024,0.0090,0.0167,0.45
31.12,0.0158,0.0024,0.0079,0.0167,0.45
31.14,0.0159,0.0024,0.0079,0.0168,0.45
31.16,0.0159,0.0019,0.0065,0.0168,0.45
31.18,0.0159,0.0019,0.0065,0.0168,0.45
31.20,0.0159,0.0019,0.0065,0.0168,0.45
31.22,0.0159,0.0015,0.0050,0.0168,0.45
31.24,0.0159,0.0015,0.0050,0.0168,0.45
31.26,0.0159,0.0011,0.0038,0.0168,0.45
31.28,0.0159,0.0011,0.0038,0.0168,0.45
31.30,0.0159,0.0011,0.0038,0.0168,0.45
31.32,0.0159,0.0008,0.0030,0.0168,0.45
31.34,0.0159,0.0008,0.0030,0.0168,0.45
31.36,0.0159,0.0006,0.0027,0.0168,0.45
31.38,0.0159,0.0006,0.0027,0.0168,0.45
31.40,0.0159,0.0006,0.0027,0.0168,0.45
31.42,0.0159,0.0004,0.0024,0.0168,0.45
31.44,0.0159,0.0004,0.0024,0.0168,0.45
31.46,0.0159,0.0007,0.0025,0.0168,0.45
31.48,0.0159,0.0007,0.0025,0.0168,0.45
31.50,0.0159,0.0007,0.0025,0.0168,0.45
31.52,0.0159,0.0007,0.0025,0.0168,0.45
31.54,0.0159,0.0007,0.0025,0.0168,0.45
31.56,0.0159,0.0007,0.0025,0.0168,0.45
31.58,0.0159,0.0007,0.0025,0.0168,0.45
31.60,0.0159,0.0007,0.0025,0.0168,0.45
31.62,0.0159,0.0007,0.0025,0.0168,0.45
31.64,0.0159,0.0007,0.0025,0.0168,0.45
31.66,0.0159,0.0007,0.0025,0.0168,0.45
31.68,0.0159,0.0007,0.0025,0.0168,0.45
31.70,0.0159,0.0007,0.0025,0.0168,0.45
31.72,0.0159,0.0007,0.0025,0.0168,0.45
31.74,0.0159,0.0007,0.0025,0.0168,0.45
31.76,0.0159,0.0007,0.0025,0.0168,0.45
31.78,0.0159,0.0007,0.0025,0.0168,0.45
31.80,0.0159,0.0007,0.0025,0.0168,0.45
31.82,0.0159,0.0007,0.0025,0.0168,0.45
31.84,0.0159,0.0007,0.0025,0.0168,0.45
31.86,0.0159,0.0007,0.0025,0.0168,0.45
31.88,0.0159,0.0007,0.0025,0.0168,0.45
31.90,0.0159,0.0007,0.0025,0.0168,0.45
31.92,0.0159,0.0007,0.0025,0.0168,0.45
31.94,0.0159,0.0007,0.0025,0.0168,0.45
31.96,0.0159,0.0007,0.0025,0.0168,0.45
31.98,0.0159,0.0007,0.0025,0.0168,0.45
32.00,0.0159,0.0007,0.0025,0.0168,0.45
32.02,0.0159,0.0007,0.0025,0.0168,0.45
32.04,0.0159,0.0007,0.0025,0.0168,0.45
32.06,0.0159,0.0007,0.0025,0.0168,0.45
32.08,0.0159,0.0007,0.0025,0.0168,0.45
32.10,0.0159,0.0007,0.0025,0.0168,0.45
32.12,0.0159,0.0007,0.0025,0.0168,0.45
32.14,0.0159,0.0007,0.0025,0.0168,0.45
32.16,0.0159,0.0007,0.0025,0.0168,0.45
32.18,0.0159,0.0007,0.0025,0.0168,0.45
32.20,0.0159,0.0007,0.0025,0.0168,0.45
32.22,0.0159,0.0007,0.0025,0.0168,0.45
32.24,0.0159,0.0007,0.0025,0.0168,0.45
32.26,0.0159,0.0007,0.0025,0.0168,0.45
32.28,0.0159,0.0007,0.0025,0.0168,0.45
32.30,0.0159,0.0007,0.0025,0.0168,0.45
32.32,0.0159,0.0007,0.0025,0.0168,0.45
32.34,0.0159,0.0007,0.0026,0.0168,0.45
32.36,0.0159,0.0007,0.0026,0.0168,0.45
32.38,0.0159,0.0007,0.0026,0.0168,0.45
32.40,0.0159,0.0007,0.0026,0.0168,0.45
32.42,0.0159,0.0007,0.0026,0.0168,0.45
32.44,0.0159,0.0007,0.0026,0.0168,0.45
32.46,0.0159,0.0007,0.0026,0.0168,0.45
32.48,0.0159,0.0007,0.0026,0.0168,0.45
32.50,0.0159,0.0007,0.0026,0.0168,0.45
32.52,0.0159,0.0007,0.0026,0.0168,0.45
32.54,0.0159,0.0007,0.0026,0.0168,0.45
32.56,0.0159,0.0007,0.0026,0.0168,0.45
32.58,0.0159,0.0007,0.0026,0.0168,0.45
32.60,0.0159,0.0007,0.0026,0.0168,0.45
32.62,0.0159,0.0007,0.0026,0.0168,0.45
32.64,0.0159,0.0007,0.0026,0.0168,0.45
32.66,0.0159,0.0007,0.0026,0.0168,0.45
32.68,0.0159,0.0007,0.0026,0.0168,0.45
32.70,0.0159,0.0007,0.0026,0.0168,0.45
32.72,0.0159,0.0007,0.0026,0.0168,0.45
32.74,0.0159,0.0007,0.0026,0.0168,0.45
32.76,0.0159,0.0007,0.0026,0.0168,0.45
32.78,0.0159,0.0007,0.0026,0.0168,0.45
32.80,0.0159,0.0007,0.0026,0.0168,0.45
32.82,0.0159,0.0007,0.0026,0.0168,0.45
32.84,0.0159,0.0007,0.0026,0.0168,0.45
32.86,0.0159,0.0007,0.0026,0.0168,0.45
32.88,0.0159,0.0007,0.0026,0.0168,0.45
32.90,0.0158,0.0007,0.0026,0.0168,0.45
32.92,0.0158,0.0007,0.0026,0.0168,0.45
32.94,0.0158,0.0007,0.0026,0.0168,0.45
32.96,0.0158,0.0007,0.0026,0.0168,0.45
32.98,0.0158,0.0007,0.0026,0.0168,0.45
33.00,0.0158,0.0007,0.0026,0.0168,0.45
33.02,0.0158,0.0007,0.0026,0.0168,0.45
33.04,0.0158,0.0007,0.0026,0.0168,0.45
33.06,0.0158,0.0007,0.0026,0.0168,0.45
33.08,0.0158,0.0007,0.0026,0.0168,0.45
33.10,0.0158,0.0007,0.0026,0.0168,0.45
33.12,0.0158,0.0007,0.0025,0.0168,0.45
33.14,0.0158,0.0007,0.0025,0.0168,0.45
33.16,0.0158,0.0006,0.0023,0.0168,0.45
33.18,0.0158,0.0006,0.0023,0.0168,0.45
33.20,0.0158,0.0006,0.0023,0.0168,0.45
33.22,0.0158,0.0007,0.0018,0.0168,0.45
33.24,0.0158,0.0007,0.0018,0.0168,0.45
33.26,0.0158,0.0004,0.0011,0.0168,0.45
33.28,0.0158,0.0004,0.0011,0.0168,0.45
33.30,0.0158,0.0004,0.0011,0.0168,0.45
33.32,0.0158,0.0007,0.0009,0.0168,0.45
33.34,0.0158,0.0007,0.0009,0.0168,0.45
33.36,0.0158,0.0004,0.0001,0.0168,0.45
33.38,0.0158,0.0004,0.0001,0.0168,0.45
33.40,0.0158,0.0004,0.0001,0.0168,0.45
33.42,0.0158,0.0005,0.0005,0.0168,0.45
33.44,0.0158,0.0005,0.0005,0.0168,0.45
33.46,0.0158,0.0001,0.0014,0.0168,0.45
33.48,0.0158,0.0001,0.0014,0.0168,0.45
33.50,0.0158,0.0001,0.0014,0.0168,0.45
33.52,0.0158,0.0008,0.0024,0.0168,0.45
33.54,0.0158,0.0008,0.0024,0.0168,0.45
33.56,0.0158,0.0011,0.0030,0.0168,0.45
33.58,0.0158,0.0011,0.0030,0.0168,0.45
33.60,0.0158,0.0011,0.0030,0.0168,0.45
33.62,0.0158,0.0011,0.0030,0.0168,0.45
33.64,0.0158,0.0011,0.0030,0.0168,0.45
33.66,0.0158,0.0011,0.0030,0.0168,0.45
33.68,0.0158,0.0011,0.0030,0.0168,0.45
33.70,0.0158,0.0011,0.0030,0.0168,0.45
33.72,0.0158,0.0011,0.0030,0.0168,0.45
33.74,0.0158,0.0011,0.0030,0.0168,0.45
33.76,0.0158,0.0011,0.0030,0.0168,0.45
33.78,0.0158,0.0011,0.0030,0.0168,0.45
33.80,0.0158,0.0011,0.0030,0.0168,0.45
33.82,0.0158,0.0011,0.0030,0.0168,0.45
33.84,0.0158,0.0011,0.0030,0.0168,0.45
33.86,0.0158,0.0011,0.0030,0.0168,0.45
33.88,0.0158,0.0011,0.0030,0.0168,0.45
33.90,0.0158,0.0011,0.0030,0.0168,0.45
33.92,0.0158,0.0011,0.0030,0.0168,0.45
33.94,0.0158,0.0011,0.0030,0.0168,0.45
33.96,0.0158,0.0011,0.0030,0.0168,0.45
33.98,0.0158,0.0011,0.0030,0.0168,0.45
34.00,0.0158,0.0011,0.0030,0.0167,0.45
34.02,0.0158,0.0011,0.0030,0.0167,0.45
34.04,0.0158,0.0011,0.0030,0.0167,0.45
34.06,0.0158,0.0011,0.0030,0.0167,0.45
34.08,0.0158,0.0011,0.0030,0.0167,0.45
34.10,0.0158,0.0011,0.0030,0.0167,0.45
34.12,0.0158,0.0011,0.0030,0.0167,0.45
34.14,0.0158,0.0011,0.0030,0.0167,0.45
34.16,0.0158,0.0011,0.0030,0.0167,0.45
34.18,0.0158,0.0011,0.0030,0.0167,0.45
34.20,0.0158,0.0011,0.0030,0.0167,0.45
34.22,0.0158,0.0011,0.0030,0.0167,0.45
34.24,0.0158,0.0011,0.0030,0.0167,0.45
34.26,0.0158,0.0011,0.0030,0.0167,0.45
34.28,0.0158,0.0011,0.0030,0.0167,0.45
34.30,0.0158,0.0011,0.0030,0.0167,0.45
34.32,0.0158,0.0011,0.0030,0.0167,0.45
34.34,0.0158,0.0011,0.0030,0.0167,0.45
34.36,0.0158,0.0011,0.0030,0.0167,0.45
34.38,0.0158,0.0011,0.0030,0.0167,0.45
34.40,0.0158,0.0011,0.0030,0.0167,0.45
34.42,0.0158,0.0011,0.0030,0.0167,0.45
34.44,0.0158,0.0011,0.0030,0.0167,0.45
34.46,0.0158,0.0011,0.0030,0.0167,0.45
34.48,0.0158,0.0011,0.0030,0.0167,0.45
34.50,0.0158,0.0011,0.0030,0.0167,0.45
34.52,0.0158,0.0011,0.0030,0.0167,0.45
34.54,0.0158,0.0011,0.0030,0.0167,0.45
34.56,0.0158,0.0011,0.0030,0.0167,0.45
34.58,0.0158,0.0011,0.0030,0.0167,0.45
34.60,0.0158,0.0011,0.0030,0.0167,0.45
34.62,0.0158,0.0011,0.0030,0.0167,0.45
34.64,0.0158,0.0011,0.0030,0.0167,0.45
34.66,0.0158,0.0011,0.0030,0.0167,0.45
34.68,0.0158,0.0011,0.0030,0.0167,0.45
34.70,0.0158,0.0011,0.0030,0.0167,0.45
34.72,0.0158,0.0011,0.0030,0.0167,0.45
34.74,0.0158,0.0011,0.0030,0.0167,0.45
34.76,0.0158,0.0011,0.0030,0.0167,0.45
34.78,0.0158,0.0011,0.0030,0.0167,0.45
34.80,0.0158,0.0011,0.0030,0.0167,0.45
34.82,0.0158,0.0011,0.0030,0.0167,0.45
34.84,0.0158,0.0011,0.0030,0.0167,0.45
34.86,0.0158,0.0011,0.0030,0.0167,0.45
34.88,0.0158,0.0011,0.0030,0.0167,0.45
34.90,0.0158,0.0011,0.0030,0.0167,0.45
34.92,0.0158,0.0011,0.0030,0.0167,0.45
34.94,0.0158,0.0011,0.0030,0.0167,0.45
34.96,0.0158,0.0011,0.0030,0.0167,0.45
34.98,0.0158,0.0011,0.0030,0.0167,0.45
35.00,0.0158,0.0011,0.0030,0.0167,0.45
35.02,0.0158,0.0011,0.0030,0.0167,0.45
35.04,0.0158,0.0011,0.0030,0.0167,0.45
35.06,0.0158,0.0011,0.0030,0.0167,0.45
35.08,0.0158,0.0011,0.0030,0.0167,0.45
35.10,0.0158,0.0011,0.0030,0.0167,0.45
35.12,0.0158,0.0011,0.0030,0.0167,0.45
35.14,0.0158,0.0011,0.0030,0.0167,0.45
35.16,0.0158,0.0011,0.0030,0.0167,0.45
35.18,0.0158,0.0011,0.0030,0.0167,0.45
35.20,0.0158,0.0011,0.0030,0.0167,0.45
35.22,0.0158,0.0011,0.0030,0.0167,0.45
35.24,0.0158,0.0011,0.0030,0.0167,0.45
35.26,0.0158,0.0011,0.0030,0.0167,0.45
35.28,0.0158,0.0011,0.0030,0.0167,0.45
35.30,0.0158,0.0011,0.0030,0.0167,0.45
35.32,0.0158,0.0011,0.0030,0.0167,0.45
35.34,0.0158,0.0011,0.0030,0.0167,0.44
35.36,0.0158,0.0011,0.0030,0.0167,0.44
35.38,0.0158,0.0011,0.0030,0.0167,0.44
35.40,0.0158,0.0011,0.0030,0.0167,0.44
35.42,0.0158,0.0011,0.0030,0.0167,0.44
35.44,0.0158,0.0011,0.0030,0.0167,0.44
35.46,0.0158,0.0011,0.0030,0.0167,0.44
35.48,0.0158,0.0011,0.0030,0.0167,0.44
35.50,0.0158,0.0011,0.0030,0.0167,0.44
35.52,0.0158,0.0011,0.0030,0.0167,0.44
35.54,0.0158,0.0011,0.0030,0.0167,0.44
35.56,0.0158,0.0011,0.0030,0.0167,0.44
35.58,0.0158,0.0011,0.0030,0.0167,0.44
35.60,0.0158,0.0011,0.0030,0.0167,0.44
35.62,0.0158,0.0011,0.0030,0.0167,0.44
35.64,0.0158,0.0011,0.0030,0.0167,0.44
35.66,0.0158,0.0011,0.0030,0.0167,0.44
35.68,0.0158,0.0011,0.0030,0.0167,0.44
35.70,0.0158,0.0011,0.0030,0.0167,0.44
35.72,0.0158,0.0011,0.0030,0.0167,0.44
35.74,0.0158,0.0011,0.0030,0.0167,0.44
35.76,0.0158,0.0011,0.0029,0.0167,0.44
35.78,0.0158,0.0011,0.0029,0.0167,0.44
35.80,0.0155,0.0011,0.0031,0.0163,0.43
35.82,0.0155,0.0011,0.0031,0.0163,0.43
35.84,0.0148,0.0011,0.0031,0.0155,0.39
35.86,0.0148,0.0011,0.0031,0.0155,0.39
35.88,0.0148,0.0011,0.0031,0.0155,0.39
35.90,0.0138,0.0011,0.0035,0.0146,0.38
35.92,0.0138,0.0011,0.0035,0.0146,0.38
35.94,0.0129,0.0011,0.0040,0.0137,0.37
35.96,0.0129,0.0011,0.0040,0.0137,0.37
35.98,0.0129,0.0011,0.0040,0.0137,0.37
36.00,0.0118,0.0011,0.0045,0.0125,0.35
36.02,0.0118,0.0011,0.0045,0.0125,0.35
36.04,0.0110,0.0011,0.0051,0.0119,0.37
36.06,0.0110,0.0011,0.0051,0.0119,0.37
36.08,0.0110,0.0011,0.0051,0.0119,0.37
36.10,0.0100,0.0011,0.0056,0.0109,0.35
36.12,0.0100,0.0011,0.0056,0.0109,0.35
36.14,0.0095,0.0011,0.0058,0.0104,0.34
36.16,0.0095,0.0011,0.0058,0.0104,0.34
36.18,0.0095,0.0011,0.0058,0.0104,0.34
36.20,0.0091,0.0011,0.0055,0.0098,0.28
36.22,0.0091,0.0011,0.0055,0.0098,0.28
36.24,0.0083,0.0011,0.0061,0.0090,0.29
36.26,0.0083,0.0011,0.0061,0.0090,0.29
36.28,0.0083,0.0011,0.0061,0.0090,0.29
36.30,0.0075,0.0011,0.0063,0.0081,0.26
36.32,0.0075,0.0011,0.0063,0.0081,0.26
36.34,0.0067,0.0011,0.0065,0.0073,0.23
36.36,0.0067,0.0011,0.0065,0.0073,0.23
36.38,0.0067,0.0011,0.0065,0.0073,0.23
36.40,0.0061,0.0011,0.0067,0.0067,0.22
36.42,0.0061,0.0011,0.0067,0.0067,0.22
36.44,0.0059,0.0011,0.0067,0.0064,0.20
36.46,0.0059,0.0011,0.0067,0.0064,0.20
36.48,0.0059,0.0011,0.0067,0.0064,0.20
36.50,0.0056,0.0011,0.0067,0.0061,0.19
36.52,0.0056,0.0011,0.0067,0.0061,0.19
36.54,0.0055,0.0011,0.0065,0.0058,0.16
36.56,0.0055,0.0011,0.0065,0.0058,0.16
36.58,0.0055,0.0011,0.0065,0.0058,0.16
36.60,0.0055,0.0011,0.0065,0.0058,0.16
36.62,0.0055,0.0011,0.0065,0.0058,0.16
36.64,0.0055,0.0011,0.0065,0.0058,0.16
36.66,0.0055,0.0011,0.0065,0.0058,0.16
36.68,0.0055,0.0011,0.0065,0.0058,0.16
36.70,0.0055,0.0011,0.0065,0.0058,0.16
36.72,0.0055,0.0011,0.0065,0.0058,0.16
36.74,0.0055,0.0011,0.0065,0.0058,0.16
36.76,0.0055,0.0011,0.0065,0.0058,0.16
36.78,0.0055,0.0011,0.0065,0.0058,0.16
36.80,0.0055,0.0011,0.0065,0.0058,0.16
36.82,0.0055,0.0011,0.0065,0.0058,0.16
36.84,0.0055,0.0011,0.0065,0.0058,0.16
36.86,0.0055,0.0011,0.0065,0.0058,0.16
36.88,0.0055,0.0011,0.0065,0.0058,0.16
36.90,0.0055,0.0011,0.0065,0.0058,0.16
36.92,0.0055,0.0011,0.0065,0.0058,0.16
36.94,0.0055,0.0011,0.0065,0.0058,0.16
36.96,0.0055,0.0011,0.0065,0.0058,0.16
36.98,0.0055,0.0011,0.0065,0.0058,0.16
37.00,0.0055,0.0011,0.0065,0.0058,0.16
37.02,0.0055,0.0011,0.0065,0.0058,0.16
37.04,0.0055,0.0011,0.0065,0.0058,0.16
37.06,0.0055,0.0011,0.0065,0.0058,0.16
37.08,0.0055,0.0011,0.0065,0.0058,0.16
37.10,0.0055,0.0011,0.0065,0.0058,0.16
37.12,0.0055,0.0011,0.0065,0.0058,0.16
37.14,0.0055,0.0011,0.0065,0.0058,0.16
37.16,0.0055,0.0011,0.0065,0.0058,0.16
37.18,0.0055,0.0011,0.0065,0.0058,0.16
37.20,0.0055,0.0011,0.0065,0.0058,0.16
37.22,0.0055,0.0011,0.0065,0.0058,0.16
37.24,0.0055,0.0011,0.0065,0.0058,0.16
37.26,0.0055,0.0011,0.0065,0.0058,0.16
37.28,0.0055,0.0011,0.0065,0.0058,0.16
37.30,0.0055,0.0011,0.0065,0.0058,0.16
37.32,0.0055,0.0011,0.0065,0.0058,0.16
37.34,0.0055,0.0011,0.0065,0.0058,0.16
37.36,0.0055,0.0010,0.0065,0.0058,0.16
37.38,0.0055,0.0010,0.0065,0.0058,0.16
37.40,0.0055,0.0010,0.0065,0.0058,0.16
37.42,0.0055,0.0010,0.0065,0.0058,0.16
37.44,0.0055,0.0010,0.0065,0.0058,0.16
37.46,0.0055,0.0010,0.0065,0.0058,0.16
37.48,0.0055,0.0010,0.0065,0.0058,0.16
37.50,0.0055,0.0010,0.0065,0.0058,0.16
37.52,0.0055,0.0010,0.0064,0.0058,0.16
37.54,0.0055,0.0010,0.0064,0.0058,0.16
37.56,0.0055,0.0010,0.0064,0.0058,0.16
37.58,0.0055,0.0010,0.0064,0.0058,0.16
37.60,0.0055,0.0010,0.0064,0.0058,0.16
37.62,0.0055,0.0010,0.0064,0.0058,0.16
37.64,0.0055,0.0010,0.0064,0.0058,0.16
37.66,0.0055,0.0010,0.0064,0.0058,0.16
37.68,0.0055,0.0010,0.0064,0.0058,0.16
37.70,0.0055,0.0010,0.0064,0.0058,0.16
37.72,0.0055,0.0010,0.0064,0.0058,0.16
37.74,0.0055,0.0010,0.0064,0.0058,0.16
37.76,0.0055,0.0010,0.0064,0.0058,0.16
37.78,0.0055,0.0010,0.0064,0.0058,0.16
37.80,0.0055,0.0010,0.0064,0.0058,0.16
37.82,0.0055,0.0010,0.0064,0.0058,0.16
37.84,0.0055,0.0010,0.0064,0.0058,0.16
37.86,0.0055,0.0010,0.0064,0.0058,0.16
37.88,0.0055,0.0010,0.0064,0.0058,0.16
37.90,0.0055,0.0010,0.0064,0.0058,0.16
37.92,0.0055,0.0010,0.0064,0.0058,0.16
37.94,0.0055,0.0010,0.0064,0.0058,0.16
37.96,0.0055,0.0010,0.0064,0.0058,0.16
37.98,0.0055,0.0010,0.0064,0.0058,0.16
38.00,0.0055,0.0010,0.0064,0.0058,0.16
38.02,0.0055,0.0010,0.0064,0.0058,0.16
38.04,0.0055,0.0010,0.0064,0.0058,0.16
38.06,0.0055,0.0010,0.0064,0.0058,0.16
38.08,0.0055,0.0010,0.0064,0.0058,0.16
38.10,0.0055,0.0010,0.0064,0.0058,0.16
38.12,0.0055,0.0010,0.0064,0.0058,0.16
38.14,0.0055,0.0010,0.0064,0.0058,0.16
38.16,0.0055,0.0010,0.0064,0.0058,0.16
38.18,0.0055,0.0010,0.0064,0.0058,0.16
38.20,0.0055,0.0010,0.0064,0.0058,0.16
38.22,0.0055,0.0010,0.0064,0.0058,0.16
38.24,0.0055,0.0010,0.0064,0.0058,0.16
38.26,0.0055,0.0010,0.0064,0.0058,0.16
38.28,0.0055,0.0010,0.0064,0.0058,0.16
38.30,0.0055,0.0010,0.0064,0.0058,0.16
38.32,0.0055,0.0010,0.0064,0.0058,0.16
38.34,0.0055,0.0010,0.0064,0.0058,0.16
38.36,0.0055,0.0010,0.0064,0.0058,0.16
38.38,0.0055,0.0010,0.0064,0.0058,0.16
38.40,0.0055,0.0010,0.0064,0.0058,0.16
38.42,0.0055,0.0010,0.0064,0.0058,0.16
38.44,0.0055,0.0010,0.0064,0.0058,0.16
38.46,0.0055,0.0010,0.0064,0.0058,0.16
38.48,0.0055,0.0010,0.0064,0.0058,0.16
38.50,0.0055,0.0010,0.0064,0.0058,0.16
38.52,0.0055,0.0010,0.0064,0.0058,0.16
38.54,0.0055,0.0010,0.0064,0.0058,0.16
38.56,0.0055,0.0010,0.0064,0.0058,0.16
38.58,0.0055,0.0010,0.0064,0.0058,0.16
38.60,0.0055,0.0010,0.0064,0.0058,0.16
38.62,0.0055,0.0010,0.0064,0.0058,0.16
38.64,0.0055,0.0010,0.0064,0.0058,0.16
38.66,0.0055,0.0010,0.0064,0.0058,0.16
38.68,0.0055,0.0010,0.0064,0.0058,0.16
38.70,0.0055,0.0010,0.0064,0.0058,0.16
38.72,0.0055,0.0010,0.0064,0.0058,0.16
38.74,0.0055,0.0010,0.0064,0.0058,0.16
38.76,0.0055,0.0010,0.0064,0.0058,0.16
38.78,0.0055,0.0010,0.0064,0.0058,0.16
38.80,0.0055,0.0010,0.0064,0.0058,0.16
38.82,0.0055,0.0010,0.0064,0.0058,0.16
38.84,0.0055,0.0010,0.0064,0.0058,0.16
38.86,0.0055,0.0009,0.0064,0.0058,0.16
38.88,0.0055,0.0009,0.0064,0.0058,0.16
38.90,0.0055,0.0009,0.0064,0.0058,0.16
38.92,0.0055,0.0009,0.0064,0.0058,0.16
38.94,0.0055,0.0009,0.0064,0.0058,0.16
38.96,0.0055,0.0009,0.0064,0.0058,0.16
38.98,0.0055,0.0009,0.0064,0.0058,0.16
39.00,0.0055,0.0009,0.0064,0.0058,0.16
39.02,0.0055,0.0009,0.0062,0.0058,0.16
39.04,0.0055,0.0009,0.0062,0.0058,0.16
39.06,0.0055,0.0006,0.0056,0.0058,0.16
39.08,0.0055,0.0006,0.0056,0.0058,0.16
39.10,0.0055,0.0006,0.0056,0.0058,0.16
39.12,0.0055,0.0002,0.0049,0.0058,0.16
39.14,0.0055,0.0002,0.0049,0.0058,0.16
39.16,0.0055,0.0004,0.0046,0.0058,0.16
39.18,0.0055,0.0004,0.0046,0.0058,0.16
39.20,0.0055,0.0004,0.0046,0.0058,0.16
39.22,0.0055,0.0003,0.0040,0.0058,0.16
39.24,0.0055,0.0003,0.0040,0.0058,0.16
39.26,0.0055,0.0001,0.0033,0.0058,0.16
39.28,0.0055,0.0001,0.0033,0.0058,0.16
39.30,0.0055,0.0001,0.0033,0.0058,0.16
39.32,0.0055,0.0005,0.0029,0.0058,0.16
39.34,0.0055,0.0005,0.0029,0.0058,0.16
39.36,0.0055,0.0005,0.0028,0.0058,0.16
39.38,0.0055,0.0005,0.0028,0.0058,0.16
39.40,0.0055,0.0005,0.0028,0.0058,0.16
39.42,0.0055,0.0005,0.0028,0.0058,0.16
39.44,0.0055,0.0005,0.0028,0.0058,0.16
39.46,0.0055,0.0005,0.0028,0.0058,0.16
39.48,0.0055,0.0005,0.0028,0.0058,0.16
39.50,0.0055,0.0005,0.0028,0.0058,0.16
39.52,0.0055,0.0005,0.0028,0.0058,0.16
39.54,0.0055,0.0005,0.0028,0.0058,0.16
39.56,0.0055,0.0005,0.0028,0.0058,0.16
39.58,0.0055,0.0005,0.0028,0.0058,0.16
39.60,0.0055,0.0005,0.0028,0.0058,0.16
39.62,0.0055,0.0005,0.0028,0.0058,0.16
39.64,0.0055,0.0005,0.0028,0.0058,0.16
39.66,0.0055,0.0005,0.0028,0.0058,0.16
39.68,0.0055,0.0005,0.0028,0.0058,0.16
39.70,0.0055,0.0005,0.0028,0.0058,0.16
39.72,0.0055,0.0005,0.0028,0.0058,0.16
39.74,0.0055,0.0005,0.0028,0.0058,0.16
39.76,0.0055,0.0005,0.0028,0.0058,0.16
39.78,0.0055,0.0005,0.0028,0.0058,0.16
39.80,0.0055,0.0005,0.0028,0.0058,0.16
39.82,0.0055,0.0005,0.0028,0.0058,0.16
39.84,0.0055,0.0005,0.0028,0.0058,0.16
39.86,0.0055,0.0005,0.0028,0.0058,0.16
39.88,0.0055,0.0005,0.0028,0.0058,0.16
39.90,0.0055,0.0005,0.0028,0.0058,0.16
39.92,0.0055,0.0005,0.0028,0.0058,0.16
39.94,0.0055,0.0005,0.0028,0.0058,0.16
39.96,0.0055,0.0005,0.0028,0.0058,0.16
39.98,0.0055,0.0005,0.0028,0.0058,0.16
40.00,0.0055,0.0005,0.0028,0.0058,0.16
40.02,0.0055,0.0005,0.0028,0.0058,0.16
