t,d01_err,d02_err,d12_err,o_error,o_error_deg
0.00,0.7000,0.7000,0.7000,0.0000,56.31
0.02,0.7000,0.7000,0.7000,0.0000,56.31
0.04,0.7000,0.7000,0.7000,0.0000,56.31
0.06,0.7000,0.7000,0.7000,0.0000,56.31
0.08,0.7000,0.7000,0.7000,0.0000,56.31
0.10,0.7000,0.7000,0.7000,0.0000,56.31
0.12,0.7000,0.7000,0.7000,0.0000,56.31
0.14,0.7000,0.7000,0.7000,0.0000,56.31
0.16,0.7000,0.7000,0.7000,0.0000,56.31
0.18,0.7000,0.7000,0.7000,0.0000,56.31
0.20,0.7000,0.7000,0.7000,0.0000,56.31
0.22,0.7000,0.7000,0.7000,0.0000,56.31
0.24,0.4999,0.7143,0.5807,0.2001,56.30
0.26,0.4181,0.7143,0.8001,1.1181,29.75
0.28,0.4181,0.7143,0.8001,1.1181,29.75
0.30,0.4181,0.7143,0.8001,1.1181,29.75
0.32,0.4181,0.7143,0.8001,1.1181,29.75
0.34,0.4181,0.7143,0.8001,1.1181,29.75
0.36,0.4181,0.7143,0.8001,1.1181,29.75
0.38,0.4181,0.7143,0.8001,1.1181,29.75
0.40,0.4181,0.7143,0.8001,1.1181,29.75
0.42,0.4181,0.7143,0.8001,1.1181,29.75
0.44,0.4181,0.7143,0.8001,1.1181,29.75
0.46,0.4181,0.7143,0.8001,1.1181,29.75
0.48,0.4181,0.7143,0.8001,1.1181,29.75
0.50,0.4181,0.7143,0.8001,1.1181,29.75
0.52,0.4181,0.7143,0.8001,1.1181,29.75
0.54,0.4181,0.7143,0.8001,1.1181,29.75
0.56,0.4181,0.7143,0.8001,1.1181,29.75
0.58,0.4181,0.7143,0.8001,1.1181,29.75
0.60,0.4181,0.7143,0.8001,1.1181,29.75
0.62,0.4181,0.7143,0.8001,1.1181,29.75
0.64,0.4181,0.7143,0.8001,1.1181,29.75
0.66,0.4181,0.7143,0.8001,1.1181,29.75
0.68,0.4181,0.7143,0.8001,1.1181,29.75
0.70,0.4181,0.7143,0.8001,1.1181,29.75
0.72,0.4181,0.7143,0.8001,1.1181,29.75
0.74,0.4181,0.7143,0.8001,1.1181,29.75
0.76,0.4181,0.7143,0.8001,1.1181,29.75
0.78,0.4181,0.7143,0.8001,1.1181,29.75
0.80,0.4181,0.7143,0.8001,1.1181,29.75
0.82,0.4181,0.7143,0.8001,1.1181,29.75
0.84,0.4181,0.7143,0.8001,1.1181,29.75
0.86,0.4181,0.7143,0.8001,1.1181,29.75
0.88,0.4181,0.7143,0.8001,1.1181,29.75
0.90,0.4181,0.7143,0.8001,1.1181,29.75
0.92,0.4181,0.7143,0.8001,1.1181,29.75
0.94,0.4181,0.7143,0.8001,1.1181,29.75
0.96,0.4181,0.7143,0.8001,1.1181,29.75
0.98,0.4181,0.7143,0.8001,1.1181,29.75
1.00,0.4181,0.7143,0.8001,1.1181,29.75
1.02,0.4181,0.7143,0.8001,1.1181,29.75
1.04,0.4181,0.7143,0.8001,1.1181,29.75
1.06,0.4181,0.7143,0.8001,1.1181,29.75
1.08,0.4181,0.7143,0.8001,1.1181,29.75
1.10,0.4181,0.7143,0.8001,1.1181,29.75
1.12,0.4181,0.7143,0.8001,1.1181,29.75
1.14,0.4181,0.7143,0.8001,1.1181,29.75
1.16,0.4181,0.7143,0.8001,1.1181,29.75
1.18,0.4181,0.7143,0.8001,1.1181,29.75
1.20,0.4181,0.7143,0.8001,1.1181,29.75
1.22,0.4181,0.7143,0.8001,1.1181,29.75
1.24,0.4181,0.7143,0.8001,1.1181,29.75
1.26,0.4181,0.7143,0.8001,1.1181,29.75
1.28,0.4181,0.7143,0.8001,1.1181,29.75
1.30,0.4181,0.7143,0.8001,1.1181,29.75
1.32,0.4181,0.7143,0.8001,1.1181,29.75
1.34,0.4181,0.7143,0.8001,1.1181,29.75
1.36,0.4181,0.7143,0.8001,1.1181,29.75
1.38,0.4181,0.7143,0.8001,1.1181,29.75
1.40,0.4181,0.7143,0.8001,1.1181,29.75
1.42,0.4181,0.7143,0.8001,1.1181,29.75
1.44,0.4181,0.7143,0.8001,1.1181,29.75
1.46,0.4181,0.7143,0.8001,1.1181,29.75
1.48,0.4181,0.7143,0.8001,1.1181,29.75
1.50,0.4181,0.7143,0.8001,1.1181,29.75
1.52,0.4181,0.7143,0.8001,1.1181,29.75
1.54,0.4181,0.7143,0.8001,1.1181,29.75
1.56,0.4181,0.7143,0.8001,1.1181,29.75
1.58,0.4181,0.7143,0.8001,1.1181,29.75
1.60,0.4181,0.7143,0.8001,1.1181,29.75
1.62,0.4181,0.7143,0.8001,1.1181,29.75
1.64,0.4181,0.7143,0.8001,1.1181,29.75
1.66,0.4181,0.7143,0.8001,1.1181,29.75
1.68,0.4181,0.7143,0.8001,1.1181,29.75
1.70,0.4181,0.7143,0.8001,1.1181,29.75
1.72,0.4181,0.7143,0.8001,1.1181,29.75
1.74,0.4181,0.7143,0.8001,1.1181,29.75
1.76,0.4181,0.7143,0.8001,1.1181,29.75
1.78,0.4181,0.7143,0.8001,1.1181,29.75
1.80,0.4181,0.7143,0.8001,1.1181,29.75
1.82,0.4181,0.7143,0.8001,1.1181,29.75
1.84,0.4181,0.7143,0.8001,1.1181,29.75
1.86,0.4181,0.7143,0.8001,1.1181,29.75
1.88,0.4181,0.7143,0.8001,1.1181,29.75
1.90,0.4181,0.7143,0.8001,1.1181,29.75
1.92,0.4181,0.7143,0.8001,1.1181,29.75
1.94,0.4181,0.7143,0.8001,1.1181,29.75
1.96,0.4181,0.7143,0.8001,1.1181,29.75
1.98,0.4181,0.7143,0.8001,1.1181,29.75
2.00,0.4181,0.7143,0.8001,1.1181,29.75
2.02,0.4181,0.7143,0.8001,1.1181,29.75
2.04,0.4181,0.7143,0.8001,1.1181,29.75
2.06,0.4181,0.7143,0.8001,1.1181,29.75
2.08,0.4181,0.7143,0.8001,1.1181,29.75
2.10,0.4181,0.7143,0.8001,1.1181,29.75
2.12,0.4181,0.7143,0.8001,1.1181,29.75
2.14,0.4181,0.7143,0.8001,1.1181,29.75
2.16,0.4181,0.7143,0.8001,1.1181,29.75
2.18,0.4181,0.7143,0.8001,1.1181,29.75
2.20,0.4181,0.7143,0.8001,1.1181,29.75
2.22,0.4181,0.7143,0.8001,1.1181,29.75
2.24,0.4181,0.7143,0.8001,1.1181,29.75
2.26,0.4181,0.7143,0.8001,1.1181,29.75
2.28,0.4181,0.7143,0.8001,1.1181,29.75
2.30,0.4181,0.7143,0.8001,1.1181,29.75
2.32,0.4181,0.7143,0.8001,1.1181,29.75
2.34,0.4181,0.7143,0.8001,1.1181,29.75
2.36,0.4181,0.7143,0.8001,1.1181,29.75
2.38,0.4181,0.7143,0.8001,1.1181,29.75
2.40,0.4181,0.7143,0.8001,1.1181,29.75
2.42,0.4181,0.7143,0.8001,1.1181,29.75
2.44,0.4181,0.7143,0.8001,1.1181,29.75
2.46,0.4181,0.7143,0.8001,1.1181,29.75
2.48,0.4181,0.7143,0.8001,1.1181,29.75
2.50,0.4181,0.7143,0.8001,1.1181,29.75
2.52,0.4181,0.7143,0.8001,1.1181,29.75
2.54,0.4181,0.7143,0.8001,1.1181,29.75
2.56,0.4181,0.7143,0.8001,1.1181,29.75
2.58,0.4181,0.7143,0.8001,1.1181,29.75
2.60,0.4181,0.7143,0.8001,1.1181,29.75
2.62,0.4181,0.7143,0.8001,1.1181,29.75
2.64,0.4181,0.7143,0.8001,1.1181,29.75
2.66,0.4181,0.7143,0.8001,1.1181,29.75
2.68,0.4181,0.7143,0.8001,1.1181,29.75
2.70,0.4181,0.7143,0.8001,1.1181,29.75
2.72,0.4181,0.7143,0.8001,1.1181,29.75
2.74,0.4181,0.7143,0.8001,1.1181,29.75
2.76,0.4181,0.7143,0.8001,1.1181,29.75
2.78,0.4181,0.7143,0.8001,1.1181,29.75
2.80,0.4181,0.7143,0.8001,1.1181,29.75
2.82,0.4181,0.7143,0.8001,1.1181,29.75
2.84,0.4181,0.7143,0.8001,1.1181,29.75
2.86,0.4181,0.7143,0.8001,1.1181,29.75
2.88,0.4181,0.7143,0.8001,1.1181,29.75
2.90,0.4181,0.7143,0.8001,1.1181,29.75
2.92,0.4181,0.7143,0.8001,1.1181,29.75
2.94,0.4181,0.7143,0.8001,1.1181,29.75
2.96,0.4181,0.7143,0.8001,1.1181,29.75
2.98,0.4181,0.7143,0.8001,1.1181,29.75
3.00,0.4181,0.7143,0.8001,1.1181,29.75
3.02,0.4181,0.7143,0.8001,1.1181,29.75
3.04,0.4181,0.7143,0.8001,1.1181,29.75
3.06,0.4181,0.7143,0.8001,1.1181,29.75
3.08,0.4181,0.7143,0.8001,1.1181,29.75
3.10,0.4181,0.7143,0.8001,1.1181,29.75
3.12,0.4181,0.7143,0.8001,1.1181,29.75
3.14,0.4181,0.7143,0.8001,1.1181,29.75
3.16,0.4181,0.7143,0.8001,1.1181,29.75
3.18,0.4181,0.7143,0.8001,1.1181,29.75
3.20,0.4181,0.7143,0.8001,1.1181,29.75
3.22,0.4181,0.7143,0.8001,1.1181,29.75
3.24,0.4181,0.7143,0.8001,1.1181,29.75
3.26,0.4181,0.7143,0.8001,1.1181,29.75
3.28,0.4181,0.7143,0.8001,1.1181,29.75
3.30,0.4181,0.7143,0.8001,1.1181,29.75
3.32,0.4181,0.7143,0.8001,1.1181,29.75
3.34,0.4181,0.7143,0.8001,1.1181,29.75
3.36,0.4181,0.7143,0.8001,1.1181,29.75
3.38,0.4181,0.7143,0.8001,1.1181,29.75
3.40,0.4181,0.7143,0.8001,1.1181,29.75
3.42,0.4181,0.7143,0.8001,1.1181,29.75
3.44,0.4181,0.7143,0.8001,1.1181,29.75
3.46,0.4181,0.7143,0.8001,1.1181,29.75
3.48,0.4181,0.7143,0.8001,1.1181,29.75
3.50,0.4181,0.7143,0.8001,1.1181,29.75
3.52,0.4181,0.7143,0.8001,1.1181,29.75
3.54,0.4181,0.7143,0.8001,1.1181,29.75
3.56,0.4181,0.7143,0.8001,1.1181,29.75
3.58,0.4181,0.7143,0.8001,1.1181,29.75
3.60,0.4181,0.7143,0.8001,1.1181,29.75
3.62,0.4181,0.7143,0.8001,1.1181,29.75
3.64,0.4181,0.7143,0.8001,1.1181,29.75
3.66,0.4181,0.7143,0.8001,1.1181,29.75
3.68,0.4181,0.7143,0.8001,1.1181,29.75
3.70,0.4181,0.7143,0.8001,1.1181,29.75
3.72,0.4181,0.7143,0.8001,1.1181,29.75
3.74,0.4181,0.7143,0.8001,1.1181,29.75
3.76,0.4181,0.7143,0.8001,1.1181,29.75
3.78,0.4181,0.7143,0.8001,1.1181,29.75
3.80,0.4181,0.7143,0.8001,1.1181,29.75
3.82,0.4181,0.7143,0.8001,1.1181,29.75
3.84,0.4181,0.7143,0.8001,1.1181,29.75
3.86,0.4181,0.7143,0.8001,1.1181,29.75
3.88,0.4181,0.7143,0.8001,1.1181,29.75
3.90,0.4181,0.7143,0.8001,1.1181,29.75
3.92,0.4181,0.7143,0.8001,1.1181,29.75
3.94,0.4181,0.7143,0.8001,1.1181,29.75
3.96,0.4181,0.7143,0.8001,1.1181,29.75
3.98,0.4181,0.7143,0.8001,1.1181,29.75
4.00,0.4181,0.7143,0.8001,1.1181,29.75
4.02,0.4181,0.7143,0.8001,1.1181,29.75
4.04,0.4181,0.7143,0.8001,1.1181,29.75
4.06,0.4181,0.7143,0.8001,1.1181,29.75
4.08,0.4181,0.7143,0.8001,1.1181,29.75
4.10,0.4181,0.7143,0.8001,1.1181,29.75
4.12,0.4181,0.7143,0.8001,1.1181,29.75
4.14,0.4181,0.7143,0.8001,1.1181,29.75
4.16,0.4181,0.7143,0.8001,1.1181,29.75
4.18,0.4181,0.7143,0.8001,1.1181,29.75
4.20,0.4181,0.7143,0.8001,1.1181,29.75
4.22,0.4181,0.7143,0.8001,1.1181,29.75
4.24,0.4181,0.7143,0.8001,1.1181,29.75
4.26,0.4181,0.7143,0.8001,1.1181,29.75
4.28,0.4181,0.7143,0.8001,1.1181,29.75
4.30,0.4181,0.7143,0.8001,1.1181,29.75
4.32,0.4181,0.7143,0.8001,1.1181,29.75
4.34,0.4181,0.7143,0.8001,1.1181,29.75
4.36,0.4181,0.7143,0.8001,1.1181,29.75
4.38,0.4181,0.7143,0.8001,1.1181,29.75
4.40,0.4181,0.7143,0.8001,1.1181,29.75
4.42,0.4181,0.7143,0.8001,1.1181,29.75
4.44,0.4181,0.7143,0.8001,1.1181,29.75
4.46,0.4181,0.7143,0.8001,1.1181,29.75
4.48,0.4181,0.7143,0.8001,1.1181,29.75
4.50,0.4181,0.7143,0.8001,1.1181,29.75
4.52,0.4181,0.7143,0.8001,1.1181,29.75
4.54,0.4181,0.7143,0.8001,1.1181,29.75
4.56,0.4181,0.7143,0.8001,1.1181,29.75
4.58,0.4181,0.7143,0.8001,1.1181,29.75
4.60,0.4181,0.7143,0.8001,1.1181,29.75
4.62,0.4181,0.7143,0.8001,1.1181,29.75
4.64,0.4181,0.7143,0.8001,1.1181,29.75
4.66,0.4181,0.7143,0.8001,1.1181,29.75
4.68,0.4181,0.7143,0.8001,1.1181,29.75
4.70,0.4181,0.7143,0.8001,1.1181,29.75
4.72,0.4181,0.7143,0.8001,1.1181,29.75
4.74,0.4181,0.7143,0.8001,1.1181,29.75
4.76,0.4181,0.7143,0.8001,1.1181,29.75
4.78,0.4181,0.7143,0.8001,1.1181,29.75
4.80,0.4181,0.7143,0.8001,1.1181,29.75
4.82,0.4181,0.7143,0.8001,1.1181,29.75
4.84,0.4181,0.7143,0.8001,1.1181,29.75
4.86,0.4181,0.7143,0.8001,1.1181,29.75
4.88,0.4181,0.7143,0.8001,1.1181,29.75
4.90,0.4181,0.7143,0.8001,1.1181,29.75
4.92,0.4181,0.7143,0.8001,1.1181,29.75
4.94,0.4181,0.7143,0.8001,1.1181,29.75
4.96,0.4181,0.7143,0.8001,1.1181,29.75
4.98,0.4181,0.7143,0.8001,1.1181,29.75
5.00,0.4181,0.7143,0.8001,1.1181,29.75
5.02,0.4181,0.7143,0.8001,0.5831,26.56
5.04,0.4181,0.7143,0.8001,0.5831,26.56
5.06,0.4181,0.7143,0.8001,0.5831,26.56
5.08,0.4181,0.7143,0.8001,0.5831,26.56
5.10,0.4181,0.7143,0.8001,0.5831,26.56
5.12,0.4181,0.7143,0.8001,0.5831,26.56
5.14,0.4180,0.7143,0.8001,0.5831,26.56
5.16,0.4175,0.7143,0.8001,0.5827,26.57
5.18,0.4152,0.7141,0.7995,0.5810,26.59
5.20,0.4152,0.7141,0.7995,0.5810,26.59
5.22,0.4152,0.7141,0.7995,0.5810,26.59
5.24,0.4152,0.7137,0.7996,0.5810,26.59
5.26,0.4118,0.7138,0.7991,0.5788,26.65
5.28,0.4064,0.7115,0.7967,0.5748,26.71
5.30,0.4064,0.7115,0.7967,0.5748,26.71
5.32,0.4064,0.7115,0.7967,0.5748,26.71
5.34,0.4066,0.7084,0.7959,0.5750,26.70
5.36,0.4003,0.7092,0.7943,0.5704,26.77
5.38,0.3909,0.7042,0.7906,0.5638,26.88
5.40,0.3909,0.7042,0.7906,0.5638,26.88
5.42,0.3909,0.7042,0.7906,0.5638,26.88
5.44,0.3925,0.6983,0.7882,0.5646,26.84
5.46,0.3835,0.7004,0.7855,0.5578,26.89
5.48,0.3835,0.6913,0.7822,0.5578,26.89
5.50,0.3706,0.6913,0.7789,0.5487,27.04
5.52,0.3706,0.6913,0.7789,0.5487,27.04
5.54,0.3741,0.6827,0.7749,0.5507,26.95
5.56,0.3637,0.6859,0.7709,0.5427,27.00
5.58,0.3637,0.6730,0.7658,0.5427,27.00
5.60,0.3475,0.6730,0.7614,0.5315,27.16
5.62,0.3475,0.6730,0.7614,0.5315,27.16
5.64,0.3524,0.6628,0.7556,0.5338,27.02
5.66,0.3402,0.6669,0.7505,0.5243,27.04
5.68,0.3402,0.6512,0.7437,0.5243,27.04
5.70,0.3217,0.6512,0.7381,0.5115,27.19
5.72,0.3217,0.6512,0.7381,0.5115,27.19
5.74,0.3275,0.6387,0.7302,0.5142,27.02
5.76,0.3145,0.6438,0.7237,0.5033,26.97
5.78,0.3145,0.6254,0.7148,0.5033,26.97
5.80,0.2940,0.6254,0.7075,0.4888,27.07
5.82,0.2940,0.6254,0.7075,0.4888,27.07
5.84,0.3009,0.6113,0.6976,0.4917,26.86
5.86,0.2870,0.6169,0.6896,0.4797,26.74
5.88,0.2649,0.5964,0.6697,0.4637,26.78
5.90,0.2649,0.5964,0.6697,0.4637,26.78
5.92,0.2649,0.5964,0.6697,0.4637,26.78
5.94,0.2725,0.5809,0.6577,0.4668,26.55
5.96,0.2580,0.5873,0.6480,0.4533,26.31
5.98,0.2350,0.5653,0.6250,0.4362,26.26
6.00,0.2350,0.5653,0.6250,0.4362,26.26
6.02,0.2350,0.5653,0.6250,0.4362,26.26
6.04,0.2431,0.5489,0.6112,0.4392,26.01
6.06,0.2282,0.5552,0.6000,0.4247,25.67
6.08,0.2282,0.5316,0.5851,0.4247,25.67
6.10,0.2046,0.5316,0.5735,0.4069,25.54
6.12,0.2046,0.5316,0.5735,0.4069,25.54
6.14,0.2130,0.5141,0.5578,0.4097,25.29
6.16,0.1980,0.5208,0.5456,0.3945,24.86
6.18,0.1740,0.4963,0.5160,0.3760,24.60
6.20,0.1740,0.4963,0.5160,0.3760,24.60
6.22,0.1740,0.4963,0.5160,0.3760,24.60
6.24,0.1832,0.4782,0.4982,0.3789,24.35
6.26,0.1684,0.4852,0.4849,0.3628,23.78
6.28,0.1684,0.4599,0.4663,0.3628,23.78
6.30,0.1445,0.4599,0.4527,0.3441,23.44
6.32,0.1445,0.4599,0.4527,0.3441,23.44
6.34,0.1536,0.4413,0.4332,0.3465,23.18
6.36,0.1392,0.4485,0.4198,0.3305,22.55
6.38,0.1159,0.4231,0.3870,0.3134,22.22
6.40,0.1159,0.4231,0.3870,0.3134,22.22
6.42,0.1159,0.4231,0.3870,0.3134,22.22
6.44,0.1253,0.4053,0.3662,0.3152,21.94
6.46,0.1118,0.4128,0.3544,0.3007,21.34
6.48,0.0892,0.3876,0.3218,0.2858,21.05
6.50,0.0892,0.3876,0.3218,0.2858,21.05
6.52,0.0892,0.3876,0.3218,0.2858,21.05
6.54,0.0988,0.3703,0.2996,0.2873,20.78
6.56,0.0864,0.3780,0.2896,0.2749,20.26
6.58,0.0646,0.3534,0.2573,0.2624,20.02
6.60,0.0646,0.3534,0.2573,0.2624,20.02
6.62,0.0646,0.3534,0.2573,0.2624,20.02
6.64,0.0743,0.3369,0.2335,0.2633,19.75
6.66,0.0628,0.3448,0.2250,0.2524,19.26
6.68,0.0421,0.3207,0.1934,0.2428,19.10
6.70,0.0421,0.3207,0.1934,0.2428,19.10
6.72,0.0421,0.3207,0.1934,0.2428,19.10
6.74,0.0516,0.3054,0.1687,0.2430,18.84
6.76,0.0412,0.3131,0.1621,0.2343,18.43
6.78,0.0223,0.2904,0.1314,0.2268,18.27
6.80,0.0223,0.2904,0.1314,0.2268,18.27
6.82,0.0223,0.2904,0.1314,0.2268,18.27
6.84,0.0317,0.2761,0.1064,0.2265,18.03
6.86,0.0226,0.2842,0.1013,0.2193,17.64
6.88,0.0049,0.2619,0.0728,0.2138,17.50
6.90,0.0049,0.2619,0.0728,0.2138,17.50
6.92,0.0049,0.2619,0.0728,0.2138,17.50
6.94,0.0145,0.2474,0.0496,0.2126,17.25
6.96,0.0069,0.2558,0.0457,0.2068,16.89
6.98,0.0093,0.2320,0.0203,0.2031,16.78
7.00,0.0093,0.2320,0.0203,0.2031,16.78
7.02,0.0093,0.2320,0.0203,0.2050,16.93
7.04,0.0001,0.2160,0.0009,0.2052,16.86
7.06,0.0057,0.2243,0.0043,0.2025,16.69
7.08,0.0205,0.1994,0.0278,0.2021,16.76
7.10,0.0205,0.1994,0.0278,0.2041,16.93
7.12,0.0205,0.1994,0.0278,0.2061,17.10
7.14,0.0110,0.1829,0.0479,0.2061,17.04
7.16,0.0156,0.1916,0.0510,0.2035,16.86
7.18,0.0290,0.1668,0.0752,0.2018,16.75
7.20,0.0290,0.1668,0.0752,0.2038,16.92
7.22,0.0290,0.1668,0.0752,0.2058,17.09
7.24,0.0195,0.1502,0.0938,0.2053,17.03
7.26,0.0224,0.1591,0.1003,0.1994,16.54
7.28,0.0337,0.1343,0.1263,0.1946,16.13
7.30,0.0337,0.1343,0.1263,0.1965,16.30
7.32,0.0337,0.1343,0.1263,0.1985,16.47
7.34,0.0242,0.1180,0.1436,0.1980,16.43
7.36,0.0255,0.1270,0.1520,0.1900,15.75
7.38,0.0354,0.1020,0.1774,0.1845,15.25
7.40,0.0354,0.1020,0.1774,0.1864,15.42
7.42,0.0354,0.1020,0.1774,0.1884,15.59
7.44,0.0258,0.0866,0.1922,0.1875,15.53
7.46,0.0253,0.0958,0.2014,0.1787,14.79
7.48,0.0253,0.0713,0.2140,0.1807,14.96
7.50,0.0342,0.0713,0.2231,0.1750,14.44
7.52,0.0342,0.0713,0.2231,0.1769,14.61
7.54,0.0242,0.0571,0.2324,0.1760,14.56
7.56,0.0228,0.0664,0.2415,0.1676,13.85
7.58,0.0313,0.0440,0.2573,0.1622,13.36
7.60,0.0313,0.0440,0.2573,0.1641,13.52
7.62,0.0313,0.0440,0.2573,0.1660,13.69
7.64,0.0215,0.0329,0.2618,0.1651,13.64
7.66,0.0197,0.0424,0.2706,0.1571,12.97
7.68,0.0277,0.0243,0.2844,0.1520,12.50
7.70,0.0277,0.0243,0.2844,0.1538,12.66
7.72,0.0277,0.0243,0.2844,0.1557,12.82
7.74,0.0180,0.0172,0.2900,0.1550,12.79
7.76,0.0163,0.0265,0.2982,0.1477,12.18
7.78,0.0242,0.0122,0.3126,0.1433,11.78
7.80,0.0242,0.0122,0.3126,0.1451,11.94
7.82,0.0242,0.0122,0.3126,0.1469,12.10
7.84,0.0146,0.0090,0.3181,0.1463,12.06
7.86,0.0129,0.0183,0.3259,0.1395,11.50
7.88,0.0205,0.0076,0.3380,0.1354,11.13
7.90,0.0205,0.0076,0.3380,0.1372,11.29
7.92,0.0205,0.0076,0.3380,0.1390,11.44
7.94,0.0109,0.0079,0.3417,0.1385,11.41
7.96,0.0087,0.0175,0.3489,0.1324,10.90
7.98,0.0162,0.0096,0.3593,0.1285,10.57
8.00,0.0162,0.0096,0.3593,0.1303,10.72
8.02,0.0162,0.0096,0.3593,0.1320,10.87
8.04,0.0068,0.0123,0.3620,0.1317,10.84
8.06,0.0048,0.0218,0.3687,0.1262,10.37
8.08,0.0127,0.0162,0.3773,0.1227,10.09
8.10,0.0127,0.0162,0.3773,0.1244,10.24
8.12,0.0127,0.0162,0.3773,0.1261,10.38
8.14,0.0030,0.0257,0.3773,0.1262,10.36
8.16,0.0014,0.0307,0.3852,0.1209,9.92
8.18,0.0098,0.0269,0.3923,0.1176,9.68
8.20,0.0098,0.0269,0.3923,0.1193,9.81
8.22,0.0098,0.0269,0.3923,0.1210,9.95
8.24,0.0000,0.0335,0.3938,0.1205,9.88
8.26,0.0010,0.0432,0.3990,0.1159,9.49
8.28,0.0076,0.0408,0.4049,0.1128,9.27
8.30,0.0076,0.0408,0.4049,0.1144,9.40
8.32,0.0076,0.0408,0.4049,0.1160,9.54
8.34,0.0023,0.0483,0.4059,0.1167,9.55
8.36,0.0035,0.0581,0.4102,0.1123,9.18
8.38,0.0056,0.0565,0.4151,0.1093,8.98
8.40,0.0056,0.0565,0.4151,0.1109,9.11
8.42,0.0056,0.0565,0.4151,0.1124,9.24
8.44,0.0043,0.0648,0.4159,0.1127,9.20
8.46,0.0050,0.0749,0.4191,0.1086,8.85
8.48,0.0044,0.0734,0.4225,0.1058,8.69
8.50,0.0044,0.0734,0.4225,0.1073,8.81
8.52,0.0044,0.0734,0.4225,0.1087,8.93
8.54,0.0056,0.0828,0.4230,0.1092,8.90
8.56,0.0062,0.0931,0.4251,0.1057,8.60
8.58,0.0036,0.0923,0.4269,0.1029,8.45
8.60,0.0036,0.0923,0.4269,0.1043,8.56
8.62,0.0036,0.0923,0.4269,0.1057,8.68
8.64,0.0066,0.1023,0.4270,0.1061,8.63
8.66,0.0064,0.1125,0.4278,0.1025,8.34
8.68,0.0038,0.1114,0.4286,0.1001,8.21
8.70,0.0038,0.1114,0.4286,0.1014,8.32
8.72,0.0038,0.1114,0.4286,0.1027,8.43
8.74,0.0064,0.1205,0.4292,0.1031,8.40
8.76,0.0058,0.1304,0.4289,0.0997,8.12
8.78,0.0049,0.1283,0.4291,0.0974,8.00
8.80,0.0049,0.1283,0.4291,0.0986,8.10
8.82,0.0049,0.1283,0.4291,0.0999,8.20
8.84,0.0048,0.1353,0.4302,0.0999,8.15
8.86,0.0037,0.1450,0.4286,0.0968,7.90
8.88,0.0067,0.1410,0.4290,0.0946,7.77
8.90,0.0067,0.1410,0.4290,0.0958,7.87
8.92,0.0067,0.1410,0.4290,0.0969,7.96
8.94,0.0033,0.1459,0.4315,0.0969,7.92
8.96,0.0028,0.1559,0.4293,0.0940,7.68
8.98,0.0078,0.1496,0.4301,0.0921,7.56
9.00,0.0078,0.1496,0.4301,0.0932,7.65
9.02,0.0078,0.1496,0.4301,0.0942,7.74
9.04,0.0021,0.1518,0.4345,0.0940,7.69
9.06,0.0012,0.1617,0.4316,0.0911,7.45
9.08,0.0096,0.1525,0.4342,0.0893,7.32
9.10,0.0096,0.1525,0.4342,0.0903,7.41
9.12,0.0096,0.1525,0.4342,0.0913,7.48
9.14,0.0002,0.1518,0.4404,0.0907,7.43
9.16,0.0006,0.1619,0.4371,0.0878,7.20
9.18,0.0113,0.1499,0.4411,0.0865,7.08
9.20,0.0113,0.1499,0.4411,0.0874,7.15
9.22,0.0113,0.1499,0.4411,0.0882,7.23
9.24,0.0012,0.1468,0.4488,0.0875,7.17
9.26,0.0014,0.1571,0.4458,0.0843,6.91
9.28,0.0117,0.1427,0.4508,0.0832,6.81
9.30,0.0117,0.1427,0.4508,0.0840,6.87
9.32,0.0117,0.1427,0.4508,0.0848,6.94
9.34,0.0017,0.1374,0.4592,0.0840,6.88
9.36,0.0021,0.1475,0.4558,0.0813,6.67
9.38,0.0124,0.1311,0.4613,0.0803,6.55
9.40,0.0124,0.1311,0.4613,0.0810,6.61
9.42,0.0124,0.1311,0.4613,0.0817,6.67
9.44,0.0024,0.1241,0.4696,0.0805,6.61
9.46,0.0024,0.1344,0.4665,0.0780,6.39
9.48,0.0126,0.1167,0.4715,0.0773,6.30
9.50,0.0126,0.1167,0.4715,0.0779,6.35
9.52,0.0126,0.1167,0.4715,0.0785,6.40
9.54,0.0023,0.1089,0.4787,0.0770,6.32
9.56,0.0024,0.1193,0.4759,0.0745,6.11
9.58,0.0127,0.1007,0.4796,0.0743,6.05
9.60,0.0127,0.1007,0.4796,0.0748,6.09
9.62,0.0127,0.1007,0.4796,0.0753,6.13
9.64,0.0021,0.0928,0.4844,0.0739,6.06
9.66,0.0027,0.1031,0.4818,0.0718,5.89
9.68,0.0132,0.0848,0.4828,0.0719,5.84
9.70,0.0132,0.0848,0.4828,0.0723,5.88
9.72,0.0132,0.0848,0.4828,0.0727,5.91
9.74,0.0027,0.0773,0.4840,0.0712,5.84
9.76,0.0028,0.0876,0.4823,0.0693,5.68
9.78,0.0028,0.0708,0.4817,0.0697,5.71
9.80,0.0131,0.0708,0.4802,0.0698,5.67
9.82,0.0131,0.0708,0.4802,0.0702,5.70
9.84,0.0029,0.0649,0.4779,0.0683,5.60
9.86,0.0032,0.0750,0.4763,0.0668,5.48
9.88,0.0032,0.0603,0.4722,0.0671,5.50
9.90,0.0136,0.0603,0.4709,0.0678,5.49
9.92,0.0136,0.0603,0.4709,0.0680,5.51
9.94,0.0034,0.0704,0.4709,0.0661,5.42
9.96,0.0037,0.0668,0.4638,0.0649,5.32
9.98,0.0037,0.0543,0.4570,0.0651,5.34
10.00,0.0141,0.0543,0.4560,0.0661,5.35
10.02,0.0141,0.0543,0.4560,0.0663,5.36
10.04,0.0040,0.0529,0.4485,0.0641,5.26
10.06,0.0045,0.0628,0.4477,0.0629,5.15
10.08,0.0148,0.0523,0.4387,0.0643,5.18
10.10,0.0148,0.0523,0.4387,0.0643,5.18
10.12,0.0148,0.0523,0.4387,0.0644,5.18
10.14,0.0047,0.0528,0.4301,0.0620,5.08
10.16,0.0046,0.0627,0.4292,0.0612,5.01
10.18,0.0149,0.0540,0.4198,0.0628,5.05
10.20,0.0149,0.0540,0.4198,0.0628,5.05
10.22,0.0149,0.0540,0.4198,0.0627,5.04
10.24,0.0047,0.0561,0.4107,0.0601,4.92
10.26,0.0048,0.0661,0.4097,0.0594,4.86
10.28,0.0148,0.0589,0.3996,0.0613,4.92
10.30,0.0148,0.0589,0.3996,0.0611,4.91
10.32,0.0148,0.0589,0.3996,0.0610,4.90
10.34,0.0046,0.0619,0.3905,0.0583,4.78
10.36,0.0043,0.0718,0.3895,0.0575,4.71
10.38,0.0142,0.0654,0.3790,0.0593,4.77
10.40,0.0142,0.0654,0.3790,0.0591,4.75
10.42,0.0142,0.0654,0.3790,0.0589,4.72
10.44,0.0039,0.0689,0.3698,0.0563,4.61
10.46,0.0036,0.0787,0.3687,0.0557,4.56
10.48,0.0136,0.0727,0.3577,0.0577,4.63
10.50,0.0136,0.0727,0.3577,0.0573,4.61
10.52,0.0136,0.0727,0.3577,0.0570,4.58
10.54,0.0031,0.0767,0.3477,0.0544,4.46
10.56,0.0029,0.0865,0.3466,0.0538,4.41
10.58,0.0130,0.0807,0.3353,0.0557,4.47
10.60,0.0130,0.0807,0.3353,0.0553,4.44
10.62,0.0130,0.0807,0.3353,0.0548,4.40
10.64,0.0025,0.0850,0.3244,0.0523,4.28
10.66,0.0018,0.0948,0.3232,0.0521,4.27
10.68,0.0118,0.0896,0.3103,0.0539,4.34
10.70,0.0118,0.0896,0.3103,0.0534,4.30
10.72,0.0118,0.0896,0.3103,0.0529,4.26
10.74,0.0012,0.0946,0.2980,0.0502,4.11
10.76,0.0004,0.1043,0.2969,0.0500,4.10
10.78,0.0105,0.0996,0.2829,0.0516,4.17
10.80,0.0105,0.0996,0.2829,0.0510,4.12
10.82,0.0105,0.0996,0.2829,0.0504,4.06
10.84,0.0002,0.1049,0.2693,0.0482,3.94
10.86,0.0009,0.1143,0.2681,0.0483,3.95
10.88,0.0092,0.1102,0.2530,0.0498,4.03
10.90,0.0092,0.1102,0.2530,0.0491,3.97
10.92,0.0092,0.1102,0.2530,0.0484,3.91
10.94,0.0013,0.1139,0.2398,0.0463,3.78
10.96,0.0017,0.1232,0.2385,0.0464,3.79
10.98,0.0086,0.1173,0.2238,0.0481,3.90
11.00,0.0086,0.1173,0.2238,0.0473,3.83
11.02,0.0086,0.1173,0.2238,0.0465,3.76
11.04,0.0018,0.1186,0.2117,0.0443,3.61
11.06,0.0018,0.1274,0.2103,0.0448,3.66
11.08,0.0083,0.1178,0.1980,0.0466,3.77
11.10,0.0083,0.1178,0.1980,0.0457,3.70
11.12,0.0083,0.1178,0.1980,0.0448,3.62
11.14,0.0018,0.1145,0.1886,0.0424,3.46
11.16,0.0017,0.1230,0.1872,0.0431,3.52
11.18,0.0084,0.1101,0.1772,0.0451,3.65
11.20,0.0084,0.1101,0.1772,0.0442,3.57
11.22,0.0084,0.1101,0.1772,0.0432,3.49
11.24,0.0016,0.1045,0.1685,0.0408,3.33
11.26,0.0014,0.1126,0.1674,0.0417,3.40
11.28,0.0088,0.0982,0.1587,0.0436,3.52
11.30,0.0088,0.0982,0.1587,0.0426,3.43
11.32,0.0088,0.0982,0.1587,0.0415,3.34
11.34,0.0008,0.0909,0.1507,0.0390,3.19
11.36,0.0004,0.0988,0.1499,0.0399,3.27
11.38,0.0098,0.0833,0.1423,0.0422,3.38
11.40,0.0098,0.0833,0.1423,0.0411,3.29
11.42,0.0098,0.0833,0.1423,0.0399,3.19
11.44,0.0003,0.0753,0.1348,0.0371,3.03
11.46,0.0000,0.0831,0.1344,0.0381,3.12
11.48,0.0103,0.0675,0.1268,0.0407,3.25
11.50,0.0103,0.0675,0.1268,0.0395,3.15
11.52,0.0103,0.0675,0.1268,0.0383,3.04
11.54,0.0001,0.0607,0.1177,0.0351,2.87
11.56,0.0001,0.0683,0.1177,0.0363,2.97
11.58,0.0103,0.0556,0.1075,0.0390,3.10
11.60,0.0103,0.0556,0.1075,0.0377,2.99
11.62,0.0103,0.0556,0.1075,0.0364,2.88
11.64,0.0001,0.0527,0.0945,0.0331,2.71
11.66,0.0003,0.0600,0.0947,0.0345,2.83
11.68,0.0096,0.0518,0.0814,0.0369,2.94
11.70,0.0096,0.0518,0.0814,0.0356,2.82
11.72,0.0096,0.0518,0.0814,0.0342,2.71
11.74,0.0007,0.0526,0.0663,0.0309,2.53
11.76,0.0012,0.0597,0.0670,0.0319,2.61
11.78,0.0089,0.0544,0.0529,0.0340,2.70
11.80,0.0089,0.0544,0.0529,0.0326,2.58
11.82,0.0089,0.0544,0.0529,0.0312,2.46
11.84,0.0014,0.0563,0.0383,0.0281,2.29
11.86,0.0015,0.0628,0.0392,0.0294,2.40
11.88,0.0090,0.0578,0.0274,0.0314,2.48
11.90,0.0090,0.0578,0.0274,0.0299,2.35
11.92,0.0090,0.0578,0.0274,0.0284,2.22
11.94,0.0017,0.0574,0.0164,0.0252,2.05
11.96,0.0017,0.0637,0.0175,0.0265,2.16
11.98,0.0089,0.0550,0.0107,0.0289,2.27
12.00,0.0089,0.0550,0.0107,0.0274,2.13
12.02,0.0089,0.0550,0.0107,0.0258,2.00
12.04,0.0016,0.0514,0.0042,0.0224,1.83
12.06,0.0016,0.0574,0.0054,0.0239,1.95
12.08,0.0090,0.0469,0.0024,0.0269,2.09
12.10,0.0090,0.0469,0.0024,0.0253,1.95
12.12,0.0090,0.0469,0.0024,0.0237,1.81
12.14,0.0014,0.0416,0.0003,0.0198,1.62
12.16,0.0017,0.0477,0.0006,0.0217,1.77
12.18,0.0086,0.0363,0.0010,0.0246,1.90
12.20,0.0086,0.0363,0.0010,0.0230,1.76
12.22,0.0086,0.0363,0.0010,0.0214,1.61
12.24,0.0017,0.0422,0.0010,0.0175,1.42
12.26,0.0015,0.0371,0.0016,0.0195,1.59
12.28,0.0089,0.0269,0.0041,0.0226,1.71
12.30,0.0089,0.0269,0.0041,0.0210,1.56
12.32,0.0089,0.0269,0.0041,0.0193,1.41
12.34,0.0010,0.0324,0.0041,0.0150,1.23
12.36,0.0009,0.0286,0.0056,0.0169,1.38
12.38,0.0009,0.0199,0.0065,0.0150,1.23
12.40,0.0095,0.0199,0.0083,0.0190,1.36
12.42,0.0095,0.0199,0.0083,0.0174,1.21
12.44,0.0005,0.0253,0.0083,0.0126,1.03
12.46,0.0005,0.0229,0.0102,0.0148,1.21
12.48,0.0097,0.0155,0.0129,0.0192,1.36
12.50,0.0097,0.0155,0.0129,0.0176,1.21
12.52,0.0097,0.0155,0.0129,0.0160,1.05
12.54,0.0005,0.0146,0.0141,0.0105,0.86
12.56,0.0009,0.0205,0.0149,0.0124,1.01
12.58,0.0090,0.0140,0.0180,0.0164,1.13
12.60,0.0090,0.0140,0.0180,0.0148,0.97
12.62,0.0090,0.0140,0.0180,0.0133,0.81
12.64,0.0013,0.0142,0.0191,0.0078,0.62
12.66,0.0017,0.0202,0.0199,0.0096,0.77
12.68,0.0084,0.0148,0.0222,0.0138,0.90
12.70,0.0084,0.0148,0.0222,0.0123,0.74
12.72,0.0084,0.0148,0.0222,0.0110,0.58
12.74,0.0019,0.0153,0.0234,0.0050,0.38
12.76,0.0021,0.0211,0.0241,0.0070,0.55
12.78,0.0081,0.0161,0.0262,0.0117,0.69
12.80,0.0081,0.0161,0.0262,0.0103,0.53
12.82,0.0081,0.0161,0.0262,0.0092,0.36
12.84,0.0022,0.0177,0.0265,0.0031,0.18
12.86,0.0023,0.0233,0.0270,0.0050,0.36
12.88,0.0080,0.0198,0.0282,0.0100,0.49
12.90,0.0080,0.0198,0.0282,0.0089,0.33
12.92,0.0080,0.0198,0.0282,0.0082,0.16
12.94,0.0021,0.0219,0.0279,0.0022,0.03
12.96,0.0022,0.0277,0.0291,0.0025,0.10
12.98,0.0084,0.0244,0.0306,0.0086,0.14
13.00,0.0084,0.0244,0.0306,0.0084,0.03
13.02,0.0084,0.0244,0.0306,0.0088,0.20
13.04,0.0016,0.0273,0.0290,0.0050,0.38
13.06,0.0012,0.0330,0.0312,0.0045,0.35
13.08,0.0094,0.0301,0.0332,0.0108,0.43
13.10,0.0094,0.0301,0.0332,0.0119,0.60
13.12,0.0094,0.0301,0.0332,0.0133,0.77
13.14,0.0006,0.0336,0.0308,0.0117,0.95
13.16,0.0002,0.0393,0.0349,0.0133,1.09
13.18,0.0103,0.0370,0.0365,0.0183,1.24
13.20,0.0103,0.0370,0.0365,0.0200,1.42
13.22,0.0103,0.0370,0.0365,0.0218,1.59
13.24,0.0000,0.0404,0.0335,0.0215,1.76
13.26,0.0007,0.0459,0.0374,0.0230,1.88
13.28,0.0112,0.0431,0.0385,0.0269,2.02
13.30,0.0112,0.0431,0.0385,0.0288,2.19
13.32,0.0112,0.0431,0.0385,0.0308,2.36
13.34,0.0014,0.0454,0.0364,0.0309,2.53
13.36,0.0019,0.0509,0.0392,0.0315,2.58
13.38,0.0116,0.0475,0.0392,0.0335,2.59
13.40,0.0116,0.0475,0.0392,0.0354,2.76
13.42,0.0116,0.0475,0.0392,0.0374,2.94
13.44,0.0020,0.0491,0.0376,0.0378,3.09
13.46,0.0015,0.0545,0.0384,0.0366,3.00
13.48,0.0103,0.0503,0.0372,0.0362,2.86
13.50,0.0103,0.0503,0.0372,0.0382,3.03
13.52,0.0103,0.0503,0.0372,0.0402,3.20
13.54,0.0005,0.0515,0.0355,0.0409,3.35
13.56,0.0011,0.0571,0.0349,0.0386,3.15
13.58,0.0070,0.0526,0.0324,0.0367,2.96
13.60,0.0070,0.0526,0.0324,0.0387,3.13
13.62,0.0070,0.0526,0.0324,0.0407,3.30
13.64,0.0030,0.0527,0.0317,0.0422,3.44
13.66,0.0052,0.0583,0.0305,0.0395,3.19
13.68,0.0027,0.0524,0.0289,0.0362,2.96
13.70,0.0027,0.0524,0.0289,0.0382,3.13
13.72,0.0027,0.0524,0.0289,0.0402,3.29
13.74,0.0073,0.0521,0.0285,0.0429,3.44
13.76,0.0095,0.0574,0.0270,0.0399,3.15
13.78,0.0014,0.0510,0.0258,0.0356,2.91
13.80,0.0014,0.0510,0.0258,0.0376,3.08
13.82,0.0014,0.0510,0.0258,0.0397,3.24
13.84,0.0113,0.0495,0.0265,0.0430,3.37
13.86,0.0130,0.0550,0.0257,0.0406,3.12
13.88,0.0044,0.0476,0.0258,0.0357,2.89
13.90,0.0044,0.0476,0.0258,0.0377,3.05
13.92,0.0044,0.0476,0.0258,0.0396,3.22
13.94,0.0143,0.0455,0.0270,0.0437,3.34
13.96,0.0154,0.0510,0.0268,0.0414,3.11
13.98,0.0061,0.0430,0.0282,0.0362,2.91
14.00,0.0061,0.0430,0.0282,0.0382,3.07
14.02,0.0061,0.0430,0.0282,0.0401,3.23
14.04,0.0164,0.0404,0.0296,0.0445,3.35
14.06,0.0163,0.0458,0.0306,0.0424,3.17
14.08,0.0163,0.0376,0.0319,0.0442,3.32
14.10,0.0060,0.0376,0.0330,0.0395,3.18
14.12,0.0060,0.0376,0.0330,0.0413,3.33
14.14,0.0161,0.0352,0.0335,0.0455,3.45
14.16,0.0154,0.0406,0.0353,0.0435,3.30
14.18,0.0154,0.0327,0.0355,0.0453,3.45
14.20,0.0044,0.0327,0.0375,0.0414,3.36
14.22,0.0044,0.0327,0.0375,0.0433,3.51
14.24,0.0145,0.0307,0.0369,0.0470,3.62
14.26,0.0129,0.0362,0.0397,0.0455,3.54
14.28,0.0129,0.0295,0.0378,0.0473,3.69
14.30,0.0013,0.0295,0.0405,0.0443,3.62
14.32,0.0013,0.0295,0.0405,0.0461,3.77
14.34,0.0111,0.0285,0.0377,0.0490,3.87
14.36,0.0089,0.0337,0.0408,0.0473,3.78
14.38,0.0029,0.0280,0.0395,0.0451,3.69
14.40,0.0029,0.0280,0.0395,0.0468,3.83
14.42,0.0029,0.0280,0.0395,0.0485,3.97
14.44,0.0069,0.0283,0.0354,0.0505,4.07
14.46,0.0044,0.0333,0.0380,0.0485,3.94
14.48,0.0072,0.0289,0.0356,0.0467,3.80
14.50,0.0072,0.0289,0.0356,0.0484,3.94
14.52,0.0072,0.0289,0.0356,0.0500,4.07
14.54,0.0025,0.0296,0.0315,0.0510,4.16
14.56,0.0005,0.0346,0.0337,0.0487,3.98
14.58,0.0105,0.0299,0.0311,0.0472,3.80
14.60,0.0105,0.0299,0.0311,0.0488,3.93
14.62,0.0105,0.0299,0.0311,0.0504,4.06
14.64,0.0005,0.0312,0.0268,0.0506,4.15
14.66,0.0018,0.0361,0.0282,0.0477,3.90
14.68,0.0128,0.0325,0.0248,0.0461,3.66
14.70,0.0128,0.0325,0.0248,0.0476,3.79
14.72,0.0128,0.0325,0.0248,0.0491,3.91
14.74,0.0030,0.0339,0.0212,0.0488,4.00
14.76,0.0038,0.0389,0.0222,0.0455,3.72
14.78,0.0038,0.0350,0.0188,0.0470,3.84
14.80,0.0146,0.0350,0.0197,0.0462,3.63
14.82,0.0146,0.0350,0.0197,0.0476,3.75
14.84,0.0046,0.0357,0.0174,0.0466,3.81
14.86,0.0052,0.0407,0.0182,0.0433,3.53
14.88,0.0158,0.0360,0.0177,0.0431,3.32
14.90,0.0158,0.0360,0.0177,0.0444,3.43
14.92,0.0158,0.0360,0.0177,0.0457,3.55
14.94,0.0056,0.0362,0.0168,0.0441,3.60
14.96,0.0056,0.0414,0.0177,0.0410,3.34
14.98,0.0159,0.0359,0.0193,0.0414,3.17
15.00,0.0159,0.0359,0.0193,0.0426,3.27
15.02,0.0159,0.0359,0.0193,0.0438,3.38
15.04,0.0056,0.0353,0.0205,0.0421,3.43
15.06,0.0053,0.0403,0.0216,0.0391,3.18
15.08,0.0152,0.0346,0.0242,0.0397,3.04
15.10,0.0152,0.0346,0.0242,0.0409,3.14
15.12,0.0152,0.0346,0.0242,0.0420,3.24
15.14,0.0049,0.0339,0.0257,0.0402,3.28
15.16,0.0043,0.0392,0.0274,0.0380,3.10
15.18,0.0143,0.0334,0.0310,0.0394,3.03
15.20,0.0143,0.0334,0.0310,0.0404,3.13
15.22,0.0143,0.0334,0.0310,0.0415,3.22
15.24,0.0041,0.0330,0.0318,0.0398,3.25
15.26,0.0037,0.0382,0.0339,0.0382,3.12
15.28,0.0135,0.0333,0.0359,0.0393,3.05
15.30,0.0135,0.0333,0.0359,0.0403,3.14
15.32,0.0135,0.0333,0.0359,0.0412,3.22
15.34,0.0033,0.0336,0.0352,0.0396,3.24
15.36,0.0029,0.0388,0.0372,0.0377,3.09
15.38,0.0123,0.0341,0.0378,0.0382,2.99
15.40,0.0123,0.0341,0.0378,0.0391,3.07
15.42,0.0123,0.0341,0.0378,0.0400,3.15
15.44,0.0022,0.0351,0.0360,0.0389,3.19
15.46,0.0015,0.0403,0.0378,0.0371,3.04
15.48,0.0107,0.0360,0.0378,0.0376,2.97
15.50,0.0107,0.0360,0.0378,0.0384,3.05
15.52,0.0107,0.0360,0.0378,0.0393,3.12
15.54,0.0007,0.0373,0.0353,0.0385,3.15
15.56,0.0002,0.0428,0.0375,0.0372,3.05
15.58,0.0088,0.0387,0.0370,0.0374,2.99
15.60,0.0088,0.0387,0.0370,0.0381,3.06
15.62,0.0088,0.0387,0.0370,0.0389,3.12
15.64,0.0011,0.0396,0.0343,0.0382,3.13
15.66,0.0021,0.0448,0.0368,0.0370,3.02
15.68,0.0072,0.0406,0.0362,0.0367,2.96
15.70,0.0072,0.0406,0.0362,0.0374,3.02
15.72,0.0072,0.0406,0.0362,0.0381,3.08
15.74,0.0028,0.0416,0.0334,0.0378,3.08
15.76,0.0036,0.0469,0.0360,0.0366,2.98
15.78,0.0058,0.0424,0.0360,0.0359,2.91
15.80,0.0058,0.0424,0.0360,0.0365,2.96
15.82,0.0058,0.0424,0.0360,0.0371,3.01
15.84,0.0043,0.0431,0.0338,0.0369,2.99
15.86,0.0047,0.0483,0.0364,0.0353,2.86
15.88,0.0048,0.0436,0.0369,0.0344,2.80
15.90,0.0048,0.0436,0.0369,0.0349,2.84
15.92,0.0048,0.0436,0.0369,0.0354,2.88
15.94,0.0053,0.0440,0.0353,0.0356,2.87
15.96,0.0058,0.0496,0.0382,0.0345,2.77
15.98,0.0040,0.0446,0.0392,0.0333,2.71
16.00,0.0040,0.0446,0.0392,0.0337,2.75
16.02,0.0040,0.0446,0.0392,0.0341,2.78
16.04,0.0064,0.0448,0.0374,0.0344,2.76
16.06,0.0069,0.0505,0.0404,0.0333,2.65
16.08,0.0030,0.0450,0.0422,0.0322,2.63
16.10,0.0030,0.0450,0.0422,0.0325,2.65
16.12,0.0030,0.0450,0.0422,0.0328,2.68
16.14,0.0075,0.0452,0.0406,0.0334,2.65
16.16,0.0081,0.0508,0.0438,0.0322,2.53
16.18,0.0019,0.0452,0.0455,0.0306,2.50
16.20,0.0019,0.0452,0.0455,0.0308,2.52
16.22,0.0019,0.0452,0.0455,0.0310,2.54
16.24,0.0086,0.0454,0.0438,0.0320,2.51
16.26,0.0088,0.0510,0.0474,0.0311,2.43
16.28,0.0015,0.0454,0.0488,0.0295,2.41
16.30,0.0015,0.0454,0.0488,0.0296,2.42
16.32,0.0015,0.0454,0.0488,0.0297,2.43
16.34,0.0087,0.0453,0.0466,0.0305,2.38
16.36,0.0086,0.0510,0.0504,0.0296,2.30
16.38,0.0015,0.0456,0.0516,0.0281,2.30
16.40,0.0015,0.0456,0.0516,0.0281,2.30
16.42,0.0015,0.0456,0.0516,0.0281,2.30
16.44,0.0089,0.0461,0.0484,0.0293,2.27
16.46,0.0085,0.0519,0.0525,0.0285,2.21
16.48,0.0021,0.0464,0.0534,0.0273,2.23
16.50,0.0021,0.0464,0.0534,0.0272,2.22
16.52,0.0021,0.0464,0.0534,0.0271,2.22
16.54,0.0081,0.0465,0.0502,0.0278,2.17
16.56,0.0079,0.0525,0.0544,0.0275,2.15
16.58,0.0025,0.0472,0.0553,0.0264,2.15
16.60,0.0025,0.0472,0.0553,0.0262,2.14
16.62,0.0025,0.0472,0.0553,0.0260,2.13
16.64,0.0078,0.0531,0.0553,0.0267,2.08
16.66,0.0073,0.0538,0.0561,0.0264,2.07
16.68,0.0030,0.0485,0.0570,0.0257,2.09
16.70,0.0030,0.0485,0.0570,0.0255,2.07
16.72,0.0030,0.0485,0.0570,0.0252,2.05
16.74,0.0070,0.0490,0.0531,0.0253,1.98
16.76,0.0066,0.0547,0.0579,0.0250,1.97
16.78,0.0038,0.0497,0.0588,0.0247,2.01
16.80,0.0038,0.0497,0.0588,0.0244,1.98
16.82,0.0038,0.0497,0.0588,0.0240,1.95
16.84,0.0063,0.0503,0.0548,0.0241,1.89
16.86,0.0060,0.0564,0.0597,0.0243,1.92
16.88,0.0044,0.0511,0.0606,0.0245,1.98
16.90,0.0044,0.0511,0.0606,0.0240,1.94
16.92,0.0044,0.0511,0.0606,0.0236,1.90
16.94,0.0057,0.0516,0.0565,0.0232,1.84
16.96,0.0056,0.0577,0.0615,0.0235,1.86
16.98,0.0048,0.0524,0.0624,0.0239,1.93
17.00,0.0048,0.0524,0.0624,0.0234,1.88
17.02,0.0048,0.0524,0.0624,0.0229,1.84
17.04,0.0056,0.0533,0.0581,0.0224,1.77
17.06,0.0054,0.0594,0.0634,0.0228,1.81
17.08,0.0049,0.0541,0.0647,0.0238,1.91
17.10,0.0049,0.0541,0.0647,0.0232,1.86
17.12,0.0049,0.0541,0.0647,0.0226,1.81
17.14,0.0055,0.0547,0.0600,0.0218,1.72
17.16,0.0057,0.0611,0.0656,0.0227,1.79
17.18,0.0045,0.0556,0.0665,0.0233,1.88
17.20,0.0045,0.0556,0.0665,0.0226,1.82
17.22,0.0045,0.0556,0.0665,0.0219,1.76
17.24,0.0059,0.0561,0.0620,0.0212,1.66
17.26,0.0060,0.0624,0.0672,0.0216,1.69
17.28,0.0043,0.0565,0.0681,0.0220,1.78
17.30,0.0043,0.0565,0.0681,0.0213,1.71
17.32,0.0043,0.0565,0.0681,0.0204,1.64
17.34,0.0061,0.0566,0.0635,0.0198,1.53
17.36,0.0062,0.0630,0.0692,0.0206,1.60
17.38,0.0040,0.0570,0.0704,0.0214,1.72
17.40,0.0040,0.0570,0.0704,0.0205,1.65
17.42,0.0040,0.0570,0.0704,0.0196,1.57
17.44,0.0067,0.0574,0.0657,0.0193,1.48
17.46,0.0071,0.0636,0.0714,0.0203,1.55
17.48,0.0031,0.0576,0.0724,0.0206,1.67
17.50,0.0031,0.0576,0.0724,0.0196,1.59
17.52,0.0031,0.0576,0.0724,0.0186,1.50
17.54,0.0074,0.0575,0.0677,0.0187,1.39
17.56,0.0077,0.0640,0.0735,0.0199,1.49
17.58,0.0026,0.0579,0.0737,0.0195,1.58
17.60,0.0026,0.0579,0.0737,0.0184,1.49
17.62,0.0026,0.0579,0.0737,0.0173,1.40
17.64,0.0078,0.0579,0.0684,0.0176,1.28
17.66,0.0080,0.0643,0.0741,0.0184,1.35
17.68,0.0023,0.0580,0.0740,0.0172,1.40
17.70,0.0023,0.0580,0.0740,0.0160,1.30
17.72,0.0023,0.0580,0.0740,0.0148,1.20
17.74,0.0080,0.0579,0.0689,0.0155,1.08
17.76,0.0081,0.0643,0.0741,0.0159,1.12
17.78,0.0020,0.0576,0.0746,0.0149,1.21
17.80,0.0020,0.0576,0.0746,0.0137,1.11
17.82,0.0020,0.0576,0.0746,0.0124,1.00
17.84,0.0080,0.0575,0.0691,0.0135,0.89
17.86,0.0077,0.0639,0.0747,0.0142,0.97
17.88,0.0023,0.0576,0.0748,0.0131,1.06
17.90,0.0023,0.0576,0.0748,0.0118,0.95
17.92,0.0023,0.0576,0.0748,0.0104,0.84
17.94,0.0077,0.0577,0.0690,0.0116,0.71
17.96,0.0077,0.0641,0.0746,0.0121,0.76
17.98,0.0024,0.0577,0.0747,0.0107,0.85
18.00,0.0024,0.0577,0.0747,0.0093,0.74
18.02,0.0024,0.0577,0.0747,0.0079,0.62
18.04,0.0078,0.0580,0.0687,0.0099,0.51
18.06,0.0079,0.0642,0.0741,0.0102,0.52
18.08,0.0022,0.0579,0.0739,0.0074,0.58
18.10,0.0022,0.0579,0.0739,0.0060,0.46
18.12,0.0022,0.0579,0.0739,0.0046,0.33
18.14,0.0082,0.0579,0.0679,0.0085,0.20
18.16,0.0081,0.0643,0.0731,0.0084,0.19
18.18,0.0021,0.0580,0.0724,0.0035,0.23
18.20,0.0021,0.0580,0.0724,0.0024,0.10
18.22,0.0021,0.0580,0.0724,0.0021,0.02
18.24,0.0082,0.0579,0.0667,0.0084,0.15
18.26,0.0083,0.0645,0.0716,0.0086,0.18
18.28,0.0021,0.0579,0.0704,0.0035,0.23
18.30,0.0021,0.0579,0.0704,0.0049,0.36
18.32,0.0021,0.0579,0.0704,0.0064,0.50
18.34,0.0081,0.0573,0.0646,0.0112,0.64
18.36,0.0079,0.0639,0.0687,0.0120,0.73
18.38,0.0079,0.0568,0.0633,0.0133,0.87
18.40,0.0023,0.0568,0.0670,0.0125,1.00
18.42,0.0023,0.0568,0.0670,0.0142,1.14
18.44,0.0081,0.0566,0.0614,0.0174,1.25
18.46,0.0082,0.0634,0.0652,0.0185,1.35
18.48,0.0082,0.0564,0.0598,0.0201,1.50
18.50,0.0020,0.0564,0.0642,0.0194,1.58
18.52,0.0020,0.0564,0.0642,0.0211,1.72
18.54,0.0084,0.0630,0.0642,0.0243,1.85
18.56,0.0086,0.0621,0.0639,0.0251,1.92
18.58,0.0013,0.0546,0.0642,0.0236,1.93
18.60,0.0013,0.0546,0.0642,0.0254,2.08
18.62,0.0013,0.0546,0.0642,0.0272,2.23
18.64,0.0092,0.0540,0.0595,0.0301,2.33
18.66,0.0094,0.0609,0.0648,0.0300,2.32
18.68,0.0007,0.0533,0.0664,0.0277,2.26
18.70,0.0007,0.0533,0.0664,0.0295,2.42
18.72,0.0007,0.0533,0.0664,0.0314,2.57
18.74,0.0098,0.0524,0.0624,0.0345,2.69
18.76,0.0102,0.0593,0.0686,0.0333,2.58
18.78,0.0102,0.0593,0.0686,0.0352,2.74
18.80,0.0102,0.0593,0.0686,0.0370,2.89
18.82,0.0102,0.0593,0.0686,0.0389,3.05
18.84,0.0104,0.0515,0.0665,0.0366,2.85
18.86,0.0104,0.0585,0.0737,0.0342,2.65
18.88,0.0005,0.0516,0.0764,0.0298,2.43
18.90,0.0005,0.0516,0.0764,0.0317,2.59
18.92,0.0005,0.0516,0.0764,0.0337,2.76
18.94,0.0104,0.0514,0.0709,0.0369,2.87
18.96,0.0100,0.0583,0.0789,0.0340,2.64
18.98,0.0007,0.0516,0.0810,0.0304,2.49
19.00,0.0007,0.0516,0.0810,0.0324,2.65
19.02,0.0007,0.0516,0.0810,0.0344,2.82
19.04,0.0095,0.0523,0.0750,0.0373,2.93
19.06,0.0088,0.0594,0.0822,0.0350,2.76
19.08,0.0020,0.0537,0.0837,0.0311,2.54
19.10,0.0020,0.0537,0.0837,0.0331,2.71
19.12,0.0020,0.0537,0.0837,0.0351,2.88
19.14,0.0082,0.0555,0.0767,0.0376,2.99
19.16,0.0072,0.0623,0.0847,0.0345,2.75
19.18,0.0034,0.0574,0.0856,0.0307,2.50
19.20,0.0034,0.0574,0.0856,0.0327,2.67
19.22,0.0034,0.0574,0.0856,0.0347,2.84
19.24,0.0063,0.0590,0.0780,0.0370,2.97
19.26,0.0055,0.0659,0.0861,0.0335,2.69
19.28,0.0049,0.0609,0.0872,0.0298,2.42
19.30,0.0049,0.0609,0.0872,0.0319,2.59
19.32,0.0049,0.0609,0.0872,0.0339,2.76
19.34,0.0049,0.0627,0.0799,0.0356,2.88
19.36,0.0041,0.0695,0.0884,0.0319,2.59
19.38,0.0062,0.0644,0.0900,0.0283,2.27
19.40,0.0062,0.0644,0.0900,0.0303,2.44
19.42,0.0062,0.0644,0.0900,0.0323,2.61
19.44,0.0036,0.0654,0.0833,0.0337,2.73
19.46,0.0035,0.0726,0.0918,0.0295,2.39
19.48,0.0066,0.0666,0.0941,0.0261,2.08
19.50,0.0066,0.0666,0.0941,0.0282,2.25
19.52,0.0066,0.0666,0.0941,0.0302,2.42
19.54,0.0033,0.0671,0.0880,0.0314,2.55
19.56,0.0034,0.0744,0.0966,0.0272,2.20
19.58,0.0067,0.0674,0.0996,0.0240,1.89
19.60,0.0067,0.0674,0.0996,0.0260,2.06
19.62,0.0067,0.0674,0.0996,0.0280,2.24
19.64,0.0035,0.0673,0.0941,0.0290,2.35
19.66,0.0038,0.0745,0.1024,0.0252,2.04
19.68,0.0059,0.0673,0.1047,0.0221,1.76
19.70,0.0059,0.0673,0.1047,0.0242,1.93
19.72,0.0059,0.0673,0.1047,0.0262,2.10
19.74,0.0044,0.0674,0.0984,0.0275,2.22
19.76,0.0045,0.0746,0.1064,0.0239,1.92
19.78,0.0052,0.0675,0.1079,0.0205,1.63
19.80,0.0052,0.0675,0.1079,0.0225,1.80
19.82,0.0052,0.0675,0.1079,0.0246,1.97
19.84,0.0048,0.0675,0.1011,0.0262,2.10
19.86,0.0049,0.0748,0.1091,0.0225,1.79
19.88,0.0047,0.0678,0.1098,0.0191,1.52
19.90,0.0047,0.0678,0.1098,0.0211,1.69
19.92,0.0047,0.0678,0.1098,0.0231,1.86
19.94,0.0053,0.0683,0.1020,0.0247,1.97
19.96,0.0053,0.0756,0.1098,0.0213,1.68
19.98,0.0046,0.0690,0.1094,0.0181,1.44
20.00,0.0046,0.0690,0.1094,0.0201,1.61
20.02,0.0046,0.0690,0.1094,0.0221,1.77
20.04,0.0054,0.0696,0.1008,0.0238,1.89
20.06,0.0052,0.0769,0.1081,0.0208,1.64
20.08,0.0044,0.0703,0.1070,0.0178,1.42
20.10,0.0044,0.0703,0.1070,0.0198,1.58
20.12,0.0044,0.0703,0.1070,0.0217,1.75
20.14,0.0055,0.0704,0.0987,0.0235,1.87
20.16,0.0055,0.0774,0.1060,0.0208,1.63
20.18,0.0041,0.0704,0.1050,0.0177,1.41
20.20,0.0041,0.0704,0.1050,0.0196,1.57
20.22,0.0041,0.0704,0.1050,0.0215,1.74
20.24,0.0057,0.0699,0.0970,0.0234,1.85
20.26,0.0054,0.0768,0.1041,0.0207,1.63
20.28,0.0043,0.0691,0.1037,0.0177,1.41
20.30,0.0043,0.0691,0.1037,0.0196,1.57
20.32,0.0043,0.0691,0.1037,0.0215,1.73
20.34,0.0054,0.0681,0.0960,0.0231,1.83
20.36,0.0053,0.0752,0.1029,0.0204,1.61
20.38,0.0042,0.0672,0.1023,0.0177,1.41
20.40,0.0042,0.0672,0.1023,0.0195,1.57
20.42,0.0042,0.0672,0.1023,0.0214,1.72
20.44,0.0055,0.0659,0.0949,0.0230,1.82
20.46,0.0049,0.0728,0.1018,0.0203,1.61
20.48,0.0052,0.0646,0.1010,0.0184,1.45
20.50,0.0052,0.0646,0.1010,0.0202,1.60
20.52,0.0052,0.0646,0.1010,0.0220,1.75
20.54,0.0048,0.0641,0.0930,0.0232,1.85
20.56,0.0047,0.0715,0.0995,0.0209,1.66
20.58,0.0054,0.0635,0.0983,0.0191,1.51
20.60,0.0054,0.0635,0.0983,0.0209,1.66
20.62,0.0054,0.0635,0.0983,0.0226,1.80
20.64,0.0047,0.0629,0.0902,0.0237,1.89
20.66,0.0047,0.0701,0.0964,0.0217,1.73
20.68,0.0053,0.0625,0.0946,0.0200,1.58
20.70,0.0053,0.0625,0.0946,0.0217,1.73
20.72,0.0053,0.0625,0.0946,0.0233,1.87
20.74,0.0048,0.0623,0.0862,0.0244,1.95
20.76,0.0048,0.0696,0.0925,0.0220,1.75
20.78,0.0053,0.0622,0.0907,0.0203,1.61
20.80,0.0053,0.0622,0.0907,0.0219,1.75
20.82,0.0053,0.0622,0.0907,0.0235,1.88
20.84,0.0047,0.0694,0.0907,0.0244,1.95
20.86,0.0043,0.0689,0.0886,0.0226,1.81
20.88,0.0060,0.0616,0.0868,0.0213,1.68
20.90,0.0060,0.0616,0.0868,0.0229,1.81
20.92,0.0060,0.0616,0.0868,0.0244,1.94
20.94,0.0040,0.0686,0.0868,0.0251,2.02
20.96,0.0035,0.0682,0.0850,0.0231,1.86
20.98,0.0067,0.0607,0.0834,0.0224,1.75
21.00,0.0067,0.0607,0.0834,0.0238,1.88
21.02,0.0067,0.0607,0.0834,0.0253,2.00
21.04,0.0035,0.0602,0.0761,0.0255,2.06
21.06,0.0030,0.0672,0.0821,0.0235,1.91
21.08,0.0072,0.0595,0.0811,0.0230,1.80
21.10,0.0072,0.0595,0.0811,0.0244,1.92
21.12,0.0072,0.0595,0.0811,0.0258,2.04
21.14,0.0027,0.0581,0.0747,0.0258,2.09
21.16,0.0021,0.0653,0.0809,0.0232,1.89
21.18,0.0079,0.0572,0.0804,0.0229,1.77
21.20,0.0079,0.0572,0.0804,0.0242,1.88
21.22,0.0079,0.0572,0.0804,0.0255,1.99
21.24,0.0019,0.0555,0.0741,0.0252,2.05
21.26,0.0015,0.0623,0.0801,0.0229,1.87
21.28,0.0088,0.0543,0.0796,0.0231,1.76
21.30,0.0088,0.0543,0.0796,0.0243,1.87
21.32,0.0088,0.0543,0.0796,0.0255,1.97
21.34,0.0006,0.0531,0.0731,0.0245,2.01
21.36,0.0001,0.0596,0.0791,0.0224,1.84
21.38,0.0105,0.0522,0.0778,0.0239,1.77
21.40,0.0105,0.0522,0.0778,0.0250,1.87
21.42,0.0105,0.0522,0.0778,0.0260,1.97
21.44,0.0010,0.0514,0.0710,0.0243,1.99
21.46,0.0016,0.0582,0.0769,0.0221,1.81
21.48,0.0119,0.0512,0.0750,0.0247,1.78
21.50,0.0119,0.0512,0.0750,0.0256,1.87
21.52,0.0119,0.0512,0.0750,0.0266,1.97
21.54,0.0025,0.0511,0.0679,0.0245,2.00
21.56,0.0028,0.0577,0.0733,0.0228,1.85
21.58,0.0129,0.0519,0.0705,0.0257,1.84
21.60,0.0129,0.0519,0.0705,0.0266,1.93
21.62,0.0129,0.0519,0.0705,0.0275,2.01
21.64,0.0030,0.0528,0.0632,0.0248,2.02
21.66,0.0030,0.0596,0.0683,0.0234,1.90
21.68,0.0132,0.0539,0.0657,0.0264,1.89
21.70,0.0132,0.0539,0.0657,0.0273,1.97
21.72,0.0132,0.0539,0.0657,0.0281,2.05
21.74,0.0030,0.0550,0.0586,0.0252,2.06
21.76,0.0026,0.0620,0.0634,0.0240,1.96
21.78,0.0126,0.0563,0.0609,0.0269,1.96
21.80,0.0126,0.0563,0.0609,0.0277,2.04
21.82,0.0126,0.0563,0.0609,0.0284,2.10
21.84,0.0022,0.0567,0.0556,0.0256,2.09
21.86,0.0017,0.0638,0.0601,0.0246,2.01
21.88,0.0115,0.0567,0.0592,0.0271,2.02
21.90,0.0115,0.0567,0.0592,0.0278,2.09
21.92,0.0115,0.0567,0.0592,0.0285,2.15
21.94,0.0008,0.0557,0.0553,0.0264,2.16
21.96,0.0001,0.0626,0.0597,0.0256,2.10
21.98,0.0097,0.0542,0.0606,0.0274,2.12
22.00,0.0097,0.0542,0.0606,0.0281,2.17
22.02,0.0097,0.0542,0.0606,0.0287,2.23
22.04,0.0011,0.0521,0.0582,0.0274,2.24
22.06,0.0023,0.0593,0.0627,0.0262,2.14
22.08,0.0072,0.0502,0.0643,0.0271,2.15
22.10,0.0072,0.0502,0.0643,0.0277,2.20
22.12,0.0072,0.0502,0.0643,0.0282,2.25
22.14,0.0035,0.0482,0.0618,0.0278,2.25
22.16,0.0044,0.0551,0.0661,0.0271,2.18
22.18,0.0051,0.0464,0.0680,0.0266,2.15
22.20,0.0051,0.0464,0.0680,0.0271,2.19
22.22,0.0051,0.0464,0.0680,0.0276,2.23
22.24,0.0050,0.0531,0.0680,0.0277,2.23
22.26,0.0058,0.0520,0.0688,0.0270,2.15
22.28,0.0038,0.0447,0.0688,0.0263,2.13
22.30,0.0038,0.0447,0.0688,0.0267,2.17
22.32,0.0038,0.0447,0.0688,0.0270,2.20
22.34,0.0065,0.0452,0.0637,0.0275,2.18
22.36,0.0068,0.0518,0.0680,0.0269,2.12
22.38,0.0030,0.0461,0.0666,0.0256,2.08
22.40,0.0030,0.0461,0.0666,0.0259,2.11
22.42,0.0030,0.0461,0.0666,0.0262,2.13
22.44,0.0072,0.0469,0.0605,0.0270,2.12
22.46,0.0075,0.0536,0.0647,0.0264,2.06
22.48,0.0025,0.0486,0.0624,0.0250,2.04
22.50,0.0025,0.0486,0.0624,0.0252,2.05
22.52,0.0025,0.0486,0.0624,0.0254,2.07
22.54,0.0078,0.0505,0.0557,0.0264,2.05
22.56,0.0078,0.0571,0.0599,0.0260,2.02
22.58,0.0078,0.0525,0.0533,0.0261,2.03
22.60,0.0022,0.0525,0.0572,0.0248,2.02
22.62,0.0022,0.0525,0.0572,0.0249,2.03
22.64,0.0083,0.0544,0.0511,0.0260,2.00
22.66,0.0088,0.0613,0.0551,0.0256,1.95
22.68,0.0088,0.0563,0.0491,0.0256,1.96
22.70,0.0015,0.0563,0.0527,0.0242,1.98
22.72,0.0015,0.0563,0.0527,0.0242,1.98
22.74,0.0092,0.0570,0.0480,0.0257,1.95
22.76,0.0095,0.0638,0.0516,0.0257,1.94
22.78,0.0095,0.0570,0.0478,0.0257,1.94
22.80,0.0010,0.0570,0.0514,0.0240,1.96
22.82,0.0010,0.0570,0.0514,0.0239,1.96
22.84,0.0098,0.0566,0.0484,0.0254,1.91
22.86,0.0099,0.0635,0.0520,0.0255,1.91
22.88,0.0008,0.0554,0.0530,0.0239,1.96
22.90,0.0008,0.0554,0.0530,0.0238,1.94
22.92,0.0008,0.0554,0.0530,0.0236,1.93
22.94,0.0100,0.0536,0.0515,0.0254,1.89
22.96,0.0103,0.0605,0.0545,0.0259,1.93
22.98,0.0004,0.0518,0.0564,0.0243,1.99
23.00,0.0004,0.0518,0.0564,0.0241,1.97
23.02,0.0004,0.0518,0.0564,0.0238,1.95
23.04,0.0101,0.0499,0.0550,0.0253,1.89
23.06,0.0102,0.0568,0.0583,0.0253,1.88
23.08,0.0002,0.0481,0.0602,0.0236,1.93
23.10,0.0002,0.0481,0.0602,0.0233,1.90
23.12,0.0002,0.0481,0.0602,0.0229,1.87
23.14,0.0101,0.0467,0.0578,0.0244,1.80
23.16,0.0101,0.0536,0.0610,0.0242,1.79
23.18,0.0004,0.0458,0.0610,0.0226,1.85
23.20,0.0004,0.0458,0.0610,0.0222,1.82
23.22,0.0004,0.0458,0.0610,0.0217,1.78
23.24,0.0100,0.0456,0.0571,0.0229,1.67
23.26,0.0099,0.0525,0.0601,0.0228,1.67
23.28,0.0005,0.0462,0.0583,0.0212,1.74
23.30,0.0005,0.0462,0.0583,0.0207,1.69
23.32,0.0005,0.0462,0.0583,0.0201,1.64
23.34,0.0097,0.0470,0.0530,0.0215,1.56
23.36,0.0098,0.0536,0.0558,0.0217,1.58
23.38,0.0004,0.0480,0.0527,0.0203,1.66
23.40,0.0004,0.0480,0.0527,0.0196,1.61
23.42,0.0004,0.0480,0.0527,0.0190,1.55
23.44,0.0096,0.0492,0.0471,0.0202,1.45
23.46,0.0098,0.0559,0.0499,0.0201,1.42
23.48,0.0004,0.0505,0.0470,0.0182,1.49
23.50,0.0004,0.0505,0.0470,0.0174,1.43
23.52,0.0004,0.0505,0.0470,0.0167,1.36
23.54,0.0097,0.0512,0.0422,0.0183,1.26
23.56,0.0097,0.0576,0.0449,0.0184,1.27
23.58,0.0004,0.0516,0.0427,0.0167,1.37
23.60,0.0004,0.0516,0.0427,0.0158,1.30
23.62,0.0004,0.0516,0.0427,0.0150,1.23
23.64,0.0097,0.0510,0.0396,0.0169,1.12
23.66,0.0099,0.0574,0.0422,0.0172,1.14
23.68,0.0004,0.0501,0.0418,0.0151,1.24
23.70,0.0004,0.0501,0.0418,0.0142,1.16
23.72,0.0004,0.0501,0.0418,0.0132,1.08
23.74,0.0098,0.0486,0.0403,0.0153,0.96
23.76,0.0101,0.0553,0.0428,0.0156,0.97
23.78,0.0001,0.0470,0.0435,0.0133,1.09
23.80,0.0001,0.0470,0.0435,0.0123,1.00
23.82,0.0001,0.0470,0.0435,0.0112,0.92
23.84,0.0104,0.0450,0.0427,0.0144,0.81
23.86,0.0112,0.0515,0.0449,0.0154,0.86
23.88,0.0015,0.0430,0.0458,0.0121,0.98
23.90,0.0015,0.0430,0.0458,0.0110,0.89
23.92,0.0015,0.0430,0.0458,0.0099,0.80
23.94,0.0121,0.0414,0.0447,0.0147,0.68
23.96,0.0127,0.0480,0.0469,0.0155,0.73
23.98,0.0026,0.0401,0.0472,0.0104,0.82
24.00,0.0026,0.0401,0.0472,0.0092,0.72
24.02,0.0026,0.0401,0.0472,0.0081,0.63
24.04,0.0131,0.0395,0.0448,0.0145,0.49
24.06,0.0137,0.0459,0.0472,0.0151,0.52
24.08,0.0037,0.0391,0.0461,0.0083,0.61
24.10,0.0037,0.0391,0.0461,0.0072,0.50
24.12,0.0037,0.0391,0.0461,0.0061,0.40
24.14,0.0141,0.0394,0.0423,0.0144,0.26
24.16,0.0145,0.0459,0.0447,0.0149,0.26
24.18,0.0046,0.0403,0.0430,0.0058,0.29
24.20,0.0046,0.0403,0.0430,0.0051,0.18
24.22,0.0046,0.0403,0.0430,0.0046,0.07
24.24,0.0149,0.0411,0.0385,0.0149,0.07
24.26,0.0152,0.0474,0.0416,0.0153,0.11
24.28,0.0051,0.0421,0.0408,0.0056,0.17
24.30,0.0051,0.0421,0.0408,0.0062,0.29
24.32,0.0051,0.0421,0.0408,0.0072,0.41
24.34,0.0151,0.0426,0.0368,0.0166,0.54
24.36,0.0153,0.0487,0.0408,0.0173,0.66
24.38,0.0052,0.0431,0.0410,0.0109,0.79
24.40,0.0052,0.0431,0.0410,0.0123,0.91
24.42,0.0052,0.0431,0.0410,0.0137,1.03
24.44,0.0151,0.0427,0.0377,0.0208,1.15
24.46,0.0149,0.0486,0.0421,0.0219,1.30
24.48,0.0047,0.0427,0.0439,0.0188,1.48
24.50,0.0047,0.0427,0.0439,0.0203,1.61
24.52,0.0047,0.0427,0.0439,0.0219,1.74
24.54,0.0147,0.0425,0.0413,0.0273,1.86
24.56,0.0141,0.0483,0.0461,0.0286,2.02
24.58,0.0037,0.0419,0.0477,0.0265,2.14
24.60,0.0037,0.0419,0.0477,0.0281,2.27
24.62,0.0037,0.0419,0.0477,0.0298,2.41
24.64,0.0139,0.0416,0.0454,0.0341,2.53
24.66,0.0132,0.0473,0.0493,0.0348,2.61
24.68,0.0023,0.0415,0.0500,0.0326,2.65
24.70,0.0023,0.0415,0.0500,0.0343,2.79
24.72,0.0023,0.0415,0.0500,0.0360,2.93
24.74,0.0125,0.0419,0.0468,0.0397,3.06
24.76,0.0119,0.0480,0.0501,0.0381,2.94
