t,d01_err,d02_err,d12_err,o_error,o_error_deg
0.00,0.7000,0.7000,0.7000,0.0000,56.31
0.02,0.7000,0.7000,0.7000,0.0000,56.31
0.04,0.7000,0.7000,0.7000,0.0000,56.31
0.06,0.7000,0.7000,0.7000,0.0000,56.31
0.08,0.7000,0.7000,0.7000,0.0000,56.31
0.10,0.7000,0.7000,0.7000,0.0000,56.31
0.12,0.7000,0.7000,0.7000,0.0000,56.31
0.14,0.7000,0.7000,0.7000,0.0000,56.31
0.16,0.7000,0.7000,0.7000,0.0000,56.31
0.18,0.7000,0.7000,0.7000,0.0000,56.31
0.20,0.5000,0.5000,0.7000,0.2000,56.30
0.22,0.4180,0.5000,0.2434,1.1180,29.75
0.24,0.4180,0.5000,0.2434,1.1180,29.75
0.26,0.4180,0.7143,0.8000,1.1180,29.75
0.28,0.4180,0.7143,0.8000,1.1180,29.75
0.30,0.4180,0.7143,0.8000,1.1180,29.75
0.32,0.4180,0.7143,0.8000,1.1180,29.75
0.34,0.4180,0.7143,0.8000,1.1180,29.75
0.36,0.4180,0.7143,0.8000,1.1180,29.75
0.38,0.4180,0.7143,0.8000,1.1180,29.75
0.40,0.4180,0.7143,0.8000,1.1180,29.75
0.42,0.4180,0.7143,0.8000,1.1180,29.75
0.44,0.4180,0.7143,0.8000,1.1180,29.75
0.46,0.4180,0.7143,0.8000,1.1180,29.75
0.48,0.4180,0.7143,0.8000,1.1180,29.75
0.50,0.4180,0.7143,0.8000,1.1180,29.75
0.52,0.4180,0.7143,0.8000,1.1180,29.75
0.54,0.4180,0.7143,0.8000,1.1180,29.75
0.56,0.4180,0.7143,0.8000,1.1180,29.75
0.58,0.4180,0.7143,0.8000,1.1180,29.75
0.60,0.4180,0.7143,0.8000,1.1180,29.75
0.62,0.4180,0.7143,0.8000,1.1180,29.75
0.64,0.4180,0.7143,0.8000,1.1180,29.75
0.66,0.4180,0.7143,0.8000,1.1180,29.75
0.68,0.4180,0.7143,0.8000,1.1180,29.75
0.70,0.4180,0.7143,0.8000,1.1180,29.75
0.72,0.4180,0.7143,0.8000,1.1180,29.75
0.74,0.4180,0.7143,0.8000,1.1180,29.75
0.76,0.4180,0.7143,0.8000,1.1180,29.75
0.78,0.4180,0.7143,0.8000,1.1180,29.75
0.80,0.4180,0.7143,0.8000,1.1180,29.75
0.82,0.4180,0.7143,0.8000,1.1180,29.75
0.84,0.4180,0.7143,0.8000,1.1180,29.75
0.86,0.4180,0.7143,0.8000,1.1180,29.75
0.88,0.4180,0.7143,0.8000,1.1180,29.75
0.90,0.4180,0.7143,0.8000,1.1180,29.75
0.92,0.4180,0.7143,0.8000,1.1180,29.75
0.94,0.4180,0.7143,0.8000,1.1180,29.75
0.96,0.4180,0.7143,0.8000,1.1180,29.75
0.98,0.4180,0.7143,0.8000,1.1180,29.75
1.00,0.4180,0.7143,0.8000,1.1180,29.75
1.02,0.4180,0.7143,0.8000,1.1180,29.75
1.04,0.4180,0.7143,0.8000,1.1180,29.75
1.06,0.4180,0.7143,0.8000,1.1180,29.75
1.08,0.4180,0.7143,0.8000,1.1180,29.75
1.10,0.4180,0.7143,0.8000,1.1180,29.75
1.12,0.4180,0.7143,0.8000,1.1180,29.75
1.14,0.4180,0.7143,0.8000,1.1180,29.75
1.16,0.4180,0.7143,0.8000,1.1180,29.75
1.18,0.4180,0.7143,0.8000,1.1180,29.75
1.20,0.4180,0.7143,0.8000,1.1180,29.75
1.22,0.4180,0.7143,0.8000,1.1180,29.75
1.24,0.4180,0.7143,0.8000,1.1180,29.75
1.26,0.4180,0.7143,0.8000,1.1180,29.75
1.28,0.4180,0.7143,0.8000,1.1180,29.75
1.30,0.4180,0.7143,0.8000,1.1180,29.75
1.32,0.4180,0.7143,0.8000,1.1180,29.75
1.34,0.4180,0.7143,0.8000,1.1180,29.75
1.36,0.4180,0.7143,0.8000,1.1180,29.75
1.38,0.4180,0.7143,0.8000,1.1180,29.75
1.40,0.4180,0.7143,0.8000,1.1180,29.75
1.42,0.4180,0.7143,0.8000,1.1180,29.75
1.44,0.4180,0.7143,0.8000,1.1180,29.75
1.46,0.4180,0.7143,0.8000,1.1180,29.75
1.48,0.4180,0.7143,0.8000,1.1180,29.75
1.50,0.4180,0.7143,0.8000,1.1180,29.75
1.52,0.4180,0.7143,0.8000,1.1180,29.75
1.54,0.4180,0.7143,0.8000,1.1180,29.75
1.56,0.4180,0.7143,0.8000,1.1180,29.75
1.58,0.4180,0.7143,0.8000,1.1180,29.75
1.60,0.4180,0.7143,0.8000,1.1180,29.75
1.62,0.4180,0.7143,0.8000,1.1180,29.75
1.64,0.4180,0.7143,0.8000,1.1180,29.75
1.66,0.4180,0.7143,0.8000,1.1180,29.75
1.68,0.4180,0.7143,0.8000,1.1180,29.75
1.70,0.4180,0.7143,0.8000,1.1180,29.75
1.72,0.4180,0.7143,0.8000,1.1180,29.75
1.74,0.4180,0.7143,0.8000,1.1180,29.75
1.76,0.4180,0.7143,0.8000,1.1180,29.75
1.78,0.4180,0.7143,0.8000,1.1180,29.75
1.80,0.4180,0.7143,0.8000,1.1180,29.75
1.82,0.4180,0.7143,0.8000,1.1180,29.75
1.84,0.4180,0.7143,0.8000,1.1180,29.75
1.86,0.4180,0.7143,0.8000,1.1180,29.75
1.88,0.4180,0.7143,0.8000,1.1180,29.75
1.90,0.4180,0.7143,0.8000,1.1180,29.75
1.92,0.4180,0.7143,0.8000,1.1180,29.75
1.94,0.4180,0.7143,0.8000,1.1180,29.75
1.96,0.4180,0.7143,0.8000,1.1180,29.75
1.98,0.4180,0.7143,0.8000,1.1180,29.75
2.00,0.4180,0.7143,0.8000,1.1180,29.75
2.02,0.4180,0.7143,0.8000,1.1180,29.75
2.04,0.4180,0.7143,0.8000,1.1180,29.75
2.06,0.4180,0.7143,0.8000,1.1180,29.75
2.08,0.4180,0.7143,0.8000,1.1180,29.75
2.10,0.4180,0.7143,0.8000,1.1180,29.75
2.12,0.4180,0.7143,0.8000,1.1180,29.75
2.14,0.4180,0.7143,0.8000,1.1180,29.75
2.16,0.4180,0.7143,0.8000,1.1180,29.75
2.18,0.4180,0.7143,0.8000,1.1180,29.75
2.20,0.4180,0.7143,0.8000,1.1180,29.75
2.22,0.4180,0.7143,0.8000,1.1180,29.75
2.24,0.4180,0.7143,0.8000,1.1180,29.75
2.26,0.4180,0.7143,0.8000,1.1180,29.75
2.28,0.4180,0.7143,0.8000,1.1180,29.75
2.30,0.4180,0.7143,0.8000,1.1180,29.75
2.32,0.4180,0.7143,0.8000,1.1180,29.75
2.34,0.4180,0.7143,0.8000,1.1180,29.75
2.36,0.4180,0.7143,0.8000,1.1180,29.75
2.38,0.4180,0.7143,0.8000,1.1180,29.75
2.40,0.4180,0.7143,0.8000,1.1180,29.75
2.42,0.4180,0.7143,0.8000,1.1180,29.75
2.44,0.4180,0.7143,0.8000,1.1180,29.75
2.46,0.4180,0.7143,0.8000,1.1180,29.75
2.48,0.4180,0.7143,0.8000,1.1180,29.75
2.50,0.4180,0.7143,0.8000,1.1180,29.75
2.52,0.4180,0.7143,0.8000,1.1180,29.75
2.54,0.4180,0.7143,0.8000,1.1180,29.75
2.56,0.4180,0.7143,0.8000,1.1180,29.75
2.58,0.4180,0.7143,0.8000,1.1180,29.75
2.60,0.4180,0.7143,0.8000,1.1180,29.75
2.62,0.4180,0.7143,0.8000,1.1180,29.75
2.64,0.4180,0.7143,0.8000,1.1180,29.75
2.66,0.4180,0.7143,0.8000,1.1180,29.75
2.68,0.4180,0.7143,0.8000,1.1180,29.75
2.70,0.4180,0.7143,0.8000,1.1180,29.75
2.72,0.4180,0.7143,0.8000,1.1180,29.75
2.74,0.4180,0.7143,0.8000,1.1180,29.75
2.76,0.4180,0.7143,0.8000,1.1180,29.75
2.78,0.4180,0.7143,0.8000,1.1180,29.75
2.80,0.4180,0.7143,0.8000,1.1180,29.75
2.82,0.4180,0.7143,0.8000,1.1180,29.75
2.84,0.4180,0.7143,0.8000,1.1180,29.75
2.86,0.4180,0.7143,0.8000,1.1180,29.75
2.88,0.4180,0.7143,0.8000,1.1180,29.75
2.90,0.4180,0.7143,0.8000,1.1180,29.75
2.92,0.4180,0.7143,0.8000,1.1180,29.75
2.94,0.4180,0.7143,0.8000,1.1180,29.75
2.96,0.4180,0.7143,0.8000,1.1180,29.75
2.98,0.4180,0.7143,0.8000,1.1180,29.75
3.00,0.4180,0.7143,0.8000,1.1180,29.75
3.02,0.4180,0.7143,0.8000,1.1180,29.75
3.04,0.4180,0.7143,0.8000,1.1180,29.75
3.06,0.4180,0.7143,0.8000,1.1180,29.75
3.08,0.4180,0.7143,0.8000,1.1180,29.75
3.10,0.4180,0.7143,0.8000,1.1180,29.75
3.12,0.4180,0.7143,0.8000,1.1180,29.75
3.14,0.4180,0.7143,0.8000,1.1180,29.75
3.16,0.4180,0.7143,0.8000,1.1180,29.75
3.18,0.4180,0.7143,0.8000,1.1180,29.75
3.20,0.4180,0.7143,0.8000,1.1180,29.75
3.22,0.4180,0.7143,0.8000,1.1180,29.75
3.24,0.4180,0.7143,0.8000,1.1180,29.75
3.26,0.4180,0.7143,0.8000,1.1180,29.75
3.28,0.4180,0.7143,0.8000,1.1180,29.75
3.30,0.4180,0.7143,0.8000,1.1180,29.75
3.32,0.4180,0.7143,0.8000,1.1180,29.75
3.34,0.4180,0.7143,0.8000,1.1180,29.75
3.36,0.4180,0.7143,0.8000,1.1180,29.75
3.38,0.4180,0.7143,0.8000,1.1180,29.75
3.40,0.4180,0.7143,0.8000,1.1180,29.75
3.42,0.4180,0.7143,0.8000,1.1180,29.75
3.44,0.4180,0.7143,0.8000,1.1180,29.75
3.46,0.4180,0.7143,0.8000,1.1180,29.75
3.48,0.4180,0.7143,0.8000,1.1180,29.75
3.50,0.4180,0.7143,0.8000,1.1180,29.75
3.52,0.4180,0.7143,0.8000,1.1180,29.75
3.54,0.4180,0.7143,0.8000,1.1180,29.75
3.56,0.4180,0.7143,0.8000,1.1180,29.75
3.58,0.4180,0.7143,0.8000,1.1180,29.75
3.60,0.4180,0.7143,0.8000,1.1180,29.75
3.62,0.4180,0.7143,0.8000,1.1180,29.75
3.64,0.4180,0.7143,0.8000,1.1180,29.75
3.66,0.4180,0.7143,0.8000,1.1180,29.75
3.68,0.4180,0.7143,0.8000,1.1180,29.75
3.70,0.4180,0.7143,0.8000,1.1180,29.75
3.72,0.4180,0.7143,0.8000,1.1180,29.75
3.74,0.4180,0.7143,0.8000,1.1180,29.75
3.76,0.4180,0.7143,0.8000,1.1180,29.75
3.78,0.4180,0.7143,0.8000,1.1180,29.75
3.80,0.4180,0.7143,0.8000,1.1180,29.75
3.82,0.4180,0.7143,0.8000,1.1180,29.75
3.84,0.4180,0.7143,0.8000,1.1180,29.75
3.86,0.4180,0.7143,0.8000,1.1180,29.75
3.88,0.4180,0.7143,0.8000,1.1180,29.75
3.90,0.4180,0.7143,0.8000,1.1180,29.75
3.92,0.4180,0.7143,0.8000,1.1180,29.75
3.94,0.4180,0.7143,0.8000,1.1180,29.75
3.96,0.4180,0.7143,0.8000,1.1180,29.75
3.98,0.4180,0.7143,0.8000,1.1180,29.75
4.00,0.4180,0.7143,0.8000,1.1180,29.75
4.02,0.4180,0.7143,0.8000,1.1180,29.75
4.04,0.4180,0.7143,0.8000,1.1180,29.75
4.06,0.4180,0.7143,0.8000,1.1180,29.75
4.08,0.4180,0.7143,0.8000,1.1180,29.75
4.10,0.4180,0.7143,0.8000,1.1180,29.75
4.12,0.4180,0.7143,0.8000,1.1180,29.75
4.14,0.4180,0.7143,0.8000,1.1180,29.75
4.16,0.4180,0.7143,0.8000,1.1180,29.75
4.18,0.4180,0.7143,0.8000,1.1180,29.75
4.20,0.4180,0.7143,0.8000,1.1180,29.75
4.22,0.4180,0.7143,0.8000,1.1180,29.75
4.24,0.4180,0.7143,0.8000,1.1180,29.75
4.26,0.4180,0.7143,0.8000,1.1180,29.75
4.28,0.4180,0.7143,0.8000,1.1180,29.75
4.30,0.4180,0.7143,0.8000,1.1180,29.75
4.32,0.4180,0.7143,0.8000,1.1180,29.75
4.34,0.4180,0.7143,0.8000,1.1180,29.75
4.36,0.4180,0.7143,0.8000,1.1180,29.75
4.38,0.4180,0.7143,0.8000,1.1180,29.75
4.40,0.4180,0.7143,0.8000,1.1180,29.75
4.42,0.4180,0.7143,0.8000,1.1180,29.75
4.44,0.4180,0.7143,0.8000,1.1180,29.75
4.46,0.4180,0.7143,0.8000,1.1180,29.75
4.48,0.4180,0.7143,0.8000,1.1180,29.75
4.50,0.4180,0.7143,0.8000,1.1180,29.75
4.52,0.4180,0.7143,0.8000,1.1180,29.75
4.54,0.4180,0.7143,0.8000,1.1180,29.75
4.56,0.4180,0.7143,0.8000,1.1180,29.75
4.58,0.4180,0.7143,0.8000,1.1180,29.75
4.60,0.4180,0.7143,0.8000,1.1180,29.75
4.62,0.4180,0.7143,0.8000,1.1180,29.75
4.64,0.4180,0.7143,0.8000,1.1180,29.75
4.66,0.4180,0.7143,0.8000,1.1180,29.75
4.68,0.4180,0.7143,0.8000,1.1180,29.75
4.70,0.4180,0.7143,0.8000,1.1180,29.75
4.72,0.4180,0.7143,0.8000,1.1180,29.75
4.74,0.4180,0.7143,0.8000,1.1180,29.75
4.76,0.4180,0.7143,0.8000,1.1180,29.75
4.78,0.4180,0.7143,0.8000,1.1180,29.75
4.80,0.4180,0.7143,0.8000,1.1180,29.75
4.82,0.4180,0.7143,0.8000,1.1180,29.75
4.84,0.4180,0.7143,0.8000,1.1180,29.75
4.86,0.4180,0.7143,0.8000,1.1180,29.75
4.88,0.4180,0.7143,0.8000,1.1180,29.75
4.90,0.4180,0.7143,0.8000,1.1180,29.75
4.92,0.4180,0.7143,0.8000,1.1180,29.75
4.94,0.4180,0.7143,0.8000,1.1180,29.75
4.96,0.4180,0.7143,0.8000,1.1180,29.75
4.98,0.4180,0.7143,0.8000,1.1180,29.75
5.00,0.4180,0.7143,0.8000,1.1180,29.75
5.02,0.4180,0.7143,0.8000,0.5831,26.56
5.04,0.4180,0.7143,0.8000,0.5831,26.56
5.06,0.4180,0.7143,0.8000,0.5831,26.56
5.08,0.4180,0.7143,0.8000,0.5831,26.56
5.10,0.4180,0.7142,0.8001,0.5831,26.56
5.12,0.4180,0.7142,0.8001,0.5831,26.56
5.14,0.4180,0.7142,0.8001,0.5831,26.56
5.16,0.4180,0.7136,0.8000,0.5831,26.56
5.18,0.4174,0.7136,0.8001,0.5828,26.59
5.20,0.4174,0.7118,0.7994,0.5828,26.58
5.22,0.4162,0.7118,0.8002,0.5825,26.66
5.24,0.4166,0.7122,0.8002,0.5828,26.65
5.26,0.4166,0.7093,0.7996,0.5828,26.65
5.28,0.4136,0.7093,0.7989,0.5806,26.69
5.30,0.4142,0.7045,0.7972,0.5812,26.69
5.32,0.4091,0.7045,0.7957,0.5774,26.73
5.34,0.4100,0.7045,0.7957,0.5782,26.75
5.36,0.4100,0.6980,0.7939,0.5782,26.75
5.38,0.4030,0.6980,0.7923,0.5733,26.83
5.40,0.4039,0.6909,0.7893,0.5734,26.77
5.42,0.3952,0.6909,0.7874,0.5674,26.89
5.44,0.3972,0.6925,0.7874,0.5685,26.83
5.46,0.3972,0.6821,0.7839,0.5685,26.83
5.48,0.3866,0.6821,0.7814,0.5611,26.97
5.50,0.3895,0.6722,0.7770,0.5627,26.89
5.52,0.3769,0.6722,0.7738,0.5540,27.05
5.54,0.3811,0.6750,0.7738,0.5566,26.96
5.56,0.3811,0.6613,0.7686,0.5566,26.96
5.58,0.3668,0.6613,0.7648,0.5467,27.13
5.60,0.3718,0.6500,0.7587,0.5492,26.98
5.62,0.3560,0.6500,0.7538,0.5380,27.13
5.64,0.3619,0.6540,0.7538,0.5413,27.00
5.66,0.3619,0.6373,0.7467,0.5413,27.00
5.68,0.3447,0.6373,0.7408,0.5288,27.12
5.70,0.3509,0.6237,0.7327,0.5321,26.97
5.72,0.3326,0.6237,0.7264,0.5190,27.10
5.74,0.3391,0.6291,0.7264,0.5218,26.89
5.76,0.3391,0.6099,0.7173,0.5218,26.89
5.78,0.3196,0.6099,0.7106,0.5080,27.03
5.80,0.3266,0.5950,0.7004,0.5113,26.83
5.82,0.3064,0.5950,0.6929,0.4968,26.94
5.84,0.3139,0.6007,0.6929,0.5002,26.73
5.86,0.3139,0.5792,0.6816,0.5002,26.73
5.88,0.2929,0.5792,0.6732,0.4849,26.81
5.90,0.3006,0.5627,0.6612,0.4885,26.60
5.92,0.2787,0.5627,0.6514,0.4721,26.61
5.94,0.2870,0.5683,0.6514,0.4761,26.42
5.96,0.2870,0.5453,0.6383,0.4761,26.42
5.98,0.2646,0.5453,0.6284,0.4596,26.44
6.00,0.2728,0.5284,0.6147,0.4630,26.20
6.02,0.2499,0.5284,0.6042,0.4460,26.19
6.04,0.2583,0.5349,0.6042,0.4494,25.94
6.06,0.2583,0.5108,0.5895,0.4494,25.94
6.08,0.2347,0.5108,0.5784,0.4318,25.90
6.10,0.2432,0.4927,0.5627,0.4352,25.66
6.12,0.2196,0.4927,0.5505,0.4171,25.54
6.14,0.2283,0.4993,0.5505,0.4203,25.29
6.16,0.2283,0.4746,0.5339,0.4203,25.29
6.18,0.2045,0.4746,0.5209,0.4018,25.10
6.20,0.2132,0.4564,0.5036,0.4047,24.84
6.22,0.1896,0.4564,0.4897,0.3856,24.57
6.24,0.1983,0.4632,0.4897,0.3884,24.32
6.26,0.1983,0.4379,0.4713,0.3884,24.32
6.28,0.1742,0.4379,0.4564,0.3685,23.95
6.30,0.1828,0.4192,0.4371,0.3709,23.69
6.32,0.1588,0.4192,0.4230,0.3518,23.36
6.34,0.1675,0.4261,0.4230,0.3542,23.10
6.36,0.1675,0.4005,0.4028,0.3542,23.10
6.38,0.1437,0.4005,0.3891,0.3358,22.78
6.40,0.1528,0.3826,0.3686,0.3380,22.50
6.42,0.1291,0.3826,0.3555,0.3203,22.18
6.44,0.1382,0.3900,0.3555,0.3224,21.92
6.46,0.1382,0.3649,0.3342,0.3224,21.92
6.48,0.1146,0.3649,0.3218,0.3056,21.62
6.50,0.1238,0.3475,0.2999,0.3075,21.36
6.52,0.1006,0.3475,0.2881,0.2917,21.07
6.54,0.1099,0.3551,0.2881,0.2932,20.80
6.56,0.1099,0.3306,0.2652,0.2932,20.80
6.58,0.0873,0.3306,0.2545,0.2788,20.55
6.60,0.0966,0.3139,0.2309,0.2802,20.29
6.62,0.0744,0.3139,0.2207,0.2666,20.03
6.64,0.0838,0.3218,0.2207,0.2676,19.76
6.66,0.0838,0.2978,0.1966,0.2676,19.76
6.68,0.0621,0.2978,0.1872,0.2552,19.51
6.70,0.0716,0.2826,0.1626,0.2560,19.25
6.72,0.0504,0.2826,0.1542,0.2449,19.04
6.74,0.0599,0.2907,0.1542,0.2455,18.78
6.76,0.0599,0.2907,0.1542,0.2455,18.78
6.78,0.0395,0.2685,0.1219,0.2356,18.58
6.80,0.0490,0.2545,0.0967,0.2359,18.34
6.82,0.0297,0.2545,0.0905,0.2279,18.19
6.84,0.0393,0.2629,0.0905,0.2276,17.93
6.86,0.0393,0.2415,0.0658,0.2276,17.93
6.88,0.0203,0.2415,0.0601,0.2204,17.78
6.90,0.0299,0.2282,0.0363,0.2198,17.52
6.92,0.0299,0.2282,0.0363,0.2198,17.52
6.94,0.0213,0.2367,0.0315,0.2132,17.17
6.96,0.0213,0.2150,0.0090,0.2132,17.17
6.98,0.0036,0.2150,0.0046,0.2081,17.05
7.00,0.0133,0.2007,0.0170,0.2071,16.81
7.02,0.0037,0.2007,0.0208,0.2049,16.88
7.04,0.0059,0.2094,0.0208,0.2055,16.80
7.06,0.0059,0.1862,0.0406,0.2076,16.98
7.08,0.0103,0.1862,0.0441,0.2063,17.05
7.10,0.0006,0.1715,0.0621,0.2066,16.98
7.12,0.0160,0.1715,0.0653,0.2060,17.07
7.14,0.0063,0.1803,0.0653,0.2061,17.00
7.16,0.0063,0.1571,0.0819,0.2081,17.17
7.18,0.0209,0.1571,0.0856,0.2072,17.20
7.20,0.0113,0.1431,0.1022,0.2072,17.13
7.22,0.0255,0.1431,0.1077,0.2047,17.00
7.24,0.0159,0.1520,0.1077,0.2044,16.93
7.26,0.0159,0.1293,0.1243,0.2064,17.10
7.28,0.0289,0.1293,0.1316,0.2022,16.79
7.30,0.0196,0.1157,0.1474,0.2018,16.74
7.32,0.0318,0.1157,0.1561,0.1964,16.29
7.34,0.0224,0.1245,0.1561,0.1957,16.23
7.36,0.0224,0.1023,0.1706,0.1977,16.40
7.38,0.0336,0.1023,0.1800,0.1916,15.87
7.40,0.0244,0.0891,0.1928,0.1907,15.81
7.42,0.0352,0.0891,0.2023,0.1846,15.27
7.44,0.0259,0.0979,0.2023,0.1837,15.22
7.46,0.0259,0.0765,0.2131,0.1857,15.38
7.48,0.0360,0.0765,0.2220,0.1802,14.88
7.50,0.0268,0.0650,0.2305,0.1792,14.83
7.52,0.0360,0.0650,0.2399,0.1733,14.29
7.54,0.0269,0.0736,0.2399,0.1724,14.25
7.56,0.0269,0.0548,0.2463,0.1744,14.42
7.58,0.0358,0.0548,0.2555,0.1687,13.88
7.60,0.0266,0.0466,0.2609,0.1677,13.85
7.62,0.0353,0.0466,0.2696,0.1626,13.36
7.64,0.0259,0.0556,0.2696,0.1615,13.33
7.66,0.0259,0.0404,0.2748,0.1634,13.49
7.68,0.0340,0.0404,0.2835,0.1582,12.99
7.70,0.0245,0.0359,0.2901,0.1572,12.97
7.72,0.0324,0.0359,0.2982,0.1525,12.52
7.74,0.0227,0.0454,0.2982,0.1514,12.48
7.76,0.0227,0.0336,0.3047,0.1532,12.64
7.78,0.0303,0.0336,0.3130,0.1483,12.17
7.80,0.0206,0.0328,0.3187,0.1470,12.12
7.82,0.0283,0.0328,0.3261,0.1428,11.72
7.84,0.0184,0.0425,0.3261,0.1418,11.68
7.86,0.0184,0.0338,0.3309,0.1436,11.83
7.88,0.0260,0.0338,0.3379,0.1396,11.46
7.90,0.0161,0.0360,0.3421,0.1387,11.43
7.92,0.0236,0.0360,0.3488,0.1349,11.08
7.94,0.0137,0.0457,0.3488,0.1343,11.06
7.96,0.0137,0.0393,0.3525,0.1361,11.21
7.98,0.0212,0.0393,0.3588,0.1324,10.88
8.00,0.0112,0.0440,0.3616,0.1318,10.85
8.02,0.0187,0.0440,0.3676,0.1282,10.54
8.04,0.0087,0.0538,0.3676,0.1279,10.52
8.06,0.0087,0.0496,0.3697,0.1296,10.67
8.08,0.0087,0.0496,0.3697,0.1314,10.81
8.10,0.0013,0.0595,0.3697,0.1318,10.80
8.12,0.0135,0.0559,0.3825,0.1225,10.07
8.14,0.0033,0.0660,0.3825,0.1224,10.05
8.16,0.0033,0.0632,0.3842,0.1241,10.19
8.18,0.0109,0.0632,0.3891,0.1206,9.92
8.20,0.0008,0.0708,0.3905,0.1209,9.92
8.22,0.0088,0.0708,0.3948,0.1176,9.67
8.24,0.0012,0.0806,0.3948,0.1180,9.66
8.26,0.0012,0.0785,0.3960,0.1196,9.79
8.28,0.0069,0.0785,0.3997,0.1165,9.58
8.30,0.0030,0.0870,0.4005,0.1168,9.55
8.32,0.0053,0.0870,0.4037,0.1138,9.35
8.34,0.0045,0.0968,0.4037,0.1143,9.33
8.36,0.0045,0.0957,0.4043,0.1159,9.46
8.38,0.0042,0.0957,0.4071,0.1128,9.26
8.40,0.0055,0.1045,0.4080,0.1132,9.22
8.42,0.0035,0.1045,0.4102,0.1101,9.04
8.44,0.0062,0.1143,0.4102,0.1107,9.02
8.46,0.0062,0.1131,0.4106,0.1122,9.14
8.48,0.0030,0.1131,0.4121,0.1094,8.98
8.50,0.0065,0.1210,0.4128,0.1099,8.95
8.52,0.0031,0.1210,0.4135,0.1073,8.81
8.54,0.0064,0.1306,0.4135,0.1078,8.78
8.56,0.0064,0.1288,0.4145,0.1093,8.90
8.58,0.0033,0.1288,0.4146,0.1068,8.77
8.60,0.0062,0.1365,0.4155,0.1074,8.74
8.62,0.0037,0.1365,0.4151,0.1050,8.62
8.64,0.0060,0.1463,0.4151,0.1054,8.58
8.66,0.0060,0.1437,0.4163,0.1068,8.70
8.68,0.0042,0.1437,0.4155,0.1043,8.56
8.70,0.0055,0.1534,0.4155,0.1047,8.53
8.72,0.0048,0.1498,0.4162,0.1022,8.39
8.74,0.0051,0.1598,0.4162,0.1024,8.35
8.76,0.0051,0.1552,0.4188,0.1037,8.45
8.78,0.0052,0.1552,0.4169,0.1016,8.35
8.80,0.0047,0.1595,0.4200,0.1018,8.30
8.82,0.0059,0.1595,0.4176,0.0998,8.20
8.84,0.0042,0.1698,0.4176,0.0997,8.14
8.86,0.0042,0.1626,0.4218,0.1009,8.24
8.88,0.0063,0.1626,0.4197,0.0986,8.09
8.90,0.0038,0.1644,0.4250,0.0982,8.02
8.92,0.0070,0.1644,0.4221,0.0961,7.89
8.94,0.0034,0.1750,0.4221,0.0960,7.84
8.96,0.0034,0.1658,0.4279,0.0971,7.93
8.98,0.0073,0.1658,0.4248,0.0953,7.82
9.00,0.0033,0.1653,0.4316,0.0952,7.77
9.02,0.0072,0.1653,0.4286,0.0931,7.65
9.04,0.0033,0.1758,0.4286,0.0931,7.61
9.06,0.0033,0.1634,0.4366,0.0942,7.69
9.08,0.0033,0.1634,0.4366,0.0952,7.77
9.10,0.0031,0.1602,0.4416,0.0921,7.52
9.12,0.0074,0.1602,0.4385,0.0901,7.39
9.14,0.0029,0.1705,0.4385,0.0899,7.35
9.16,0.0029,0.1561,0.4471,0.0909,7.42
9.18,0.0077,0.1561,0.4438,0.0890,7.30
9.20,0.0026,0.1510,0.4528,0.0886,7.24
9.22,0.0082,0.1510,0.4491,0.0870,7.14
9.24,0.0021,0.1613,0.4491,0.0868,7.10
9.26,0.0021,0.1450,0.4585,0.0876,7.17
9.28,0.0021,0.1450,0.4585,0.0885,7.23
9.30,0.0122,0.1551,0.4585,0.0894,7.19
9.32,0.0094,0.1378,0.4609,0.0841,6.89
9.34,0.0008,0.1481,0.4609,0.0834,6.83
9.36,0.0008,0.1305,0.4697,0.0842,6.89
9.38,0.0103,0.1305,0.4662,0.0829,6.78
9.40,0.0002,0.1229,0.4742,0.0822,6.73
9.42,0.0111,0.1229,0.4710,0.0810,6.62
9.44,0.0011,0.1329,0.4710,0.0798,6.54
9.46,0.0011,0.1147,0.4784,0.0805,6.60
9.48,0.0118,0.1147,0.4753,0.0798,6.52
9.50,0.0019,0.1068,0.4815,0.0787,6.45
9.52,0.0126,0.1068,0.4786,0.0780,6.37
9.54,0.0026,0.1168,0.4786,0.0768,6.30
9.56,0.0026,0.0996,0.4830,0.0774,6.34
9.58,0.0130,0.0996,0.4803,0.0771,6.28
9.60,0.0028,0.0928,0.4834,0.0757,6.21
9.62,0.0133,0.0928,0.4810,0.0756,6.15
9.64,0.0034,0.1027,0.4810,0.0741,6.07
9.66,0.0034,0.0863,0.4824,0.0745,6.11
9.68,0.0140,0.0863,0.4801,0.0747,6.07
9.70,0.0040,0.0806,0.4801,0.0730,5.99
9.72,0.0147,0.0806,0.4778,0.0736,5.97
9.74,0.0048,0.0905,0.4778,0.0719,5.90
9.76,0.0048,0.0758,0.4762,0.0723,5.93
9.78,0.0155,0.0758,0.4743,0.0728,5.89
9.80,0.0056,0.0718,0.4712,0.0709,5.81
9.82,0.0164,0.0718,0.4695,0.0718,5.79
9.84,0.0064,0.0818,0.4695,0.0694,5.68
9.86,0.0064,0.0691,0.4652,0.0697,5.71
9.88,0.0170,0.0691,0.4635,0.0708,5.70
9.90,0.0070,0.0674,0.4585,0.0683,5.59
9.92,0.0176,0.0674,0.4569,0.0697,5.59
9.94,0.0073,0.0777,0.4569,0.0672,5.50
9.96,0.0073,0.0673,0.4507,0.0673,5.51
9.98,0.0178,0.0673,0.4491,0.0690,5.53
10.00,0.0075,0.0679,0.4427,0.0663,5.42
10.02,0.0178,0.0679,0.4411,0.0680,5.44
10.04,0.0074,0.0782,0.4411,0.0652,5.34
10.06,0.0074,0.0696,0.4339,0.0653,5.34
10.08,0.0176,0.0696,0.4324,0.0670,5.36
10.10,0.0072,0.0721,0.4251,0.0645,5.27
10.12,0.0171,0.0721,0.4235,0.0662,5.30
10.14,0.0068,0.0823,0.4235,0.0636,5.20
10.16,0.0068,0.0749,0.4162,0.0636,5.20
10.18,0.0168,0.0749,0.4145,0.0654,5.24
10.20,0.0063,0.0786,0.4067,0.0628,5.14
10.22,0.0165,0.0786,0.4050,0.0646,5.18
10.24,0.0060,0.0889,0.4050,0.0619,5.06
10.26,0.0060,0.0824,0.3976,0.0618,5.06
10.28,0.0163,0.0824,0.3958,0.0637,5.10
10.30,0.0059,0.0866,0.3879,0.0610,4.99
10.32,0.0160,0.0866,0.3862,0.0628,5.03
10.34,0.0056,0.0966,0.3862,0.0601,4.92
10.36,0.0056,0.0907,0.3785,0.0599,4.90
10.38,0.0155,0.0907,0.3769,0.0615,4.93
10.40,0.0051,0.0948,0.3690,0.0587,4.81
10.42,0.0151,0.0948,0.3673,0.0605,4.85
10.44,0.0049,0.1046,0.3673,0.0578,4.73
10.46,0.0049,0.0989,0.3590,0.0575,4.71
10.48,0.0148,0.0989,0.3572,0.0593,4.75
10.50,0.0047,0.1032,0.3483,0.0564,4.62
10.52,0.0148,0.1032,0.3467,0.0581,4.65
10.54,0.0043,0.1131,0.3467,0.0553,4.53
10.56,0.0043,0.1081,0.3375,0.0549,4.50
10.58,0.0141,0.1081,0.3359,0.0566,4.53
10.60,0.0037,0.1128,0.3261,0.0537,4.40
10.62,0.0137,0.1128,0.3242,0.0556,4.45
10.64,0.0034,0.1224,0.3242,0.0528,4.33
10.66,0.0034,0.1169,0.3147,0.0524,4.29
10.68,0.0134,0.1169,0.3126,0.0545,4.36
10.70,0.0030,0.1205,0.3031,0.0516,4.22
10.72,0.0129,0.1205,0.3010,0.0536,4.30
10.74,0.0028,0.1298,0.3010,0.0509,4.17
10.76,0.0028,0.1229,0.2922,0.0503,4.12
10.78,0.0129,0.1229,0.2902,0.0524,4.20
10.80,0.0027,0.1248,0.2813,0.0494,4.05
10.82,0.0130,0.1248,0.2794,0.0516,4.13
10.84,0.0026,0.1343,0.2794,0.0486,3.98
10.86,0.0026,0.1256,0.2711,0.0479,3.92
10.88,0.0127,0.1256,0.2690,0.0503,4.02
10.90,0.0023,0.1254,0.2612,0.0473,3.87
10.92,0.0124,0.1254,0.2594,0.0493,3.94
10.94,0.0018,0.1349,0.2594,0.0463,3.79
10.96,0.0018,0.1242,0.2523,0.0455,3.73
10.98,0.0119,0.1242,0.2508,0.0475,3.80
11.00,0.0013,0.1218,0.2442,0.0445,3.64
11.02,0.0115,0.1218,0.2424,0.0467,3.74
11.04,0.0009,0.1311,0.2424,0.0439,3.60
11.06,0.0009,0.1182,0.2365,0.0431,3.53
11.08,0.0111,0.1182,0.2352,0.0450,3.60
11.10,0.0004,0.1143,0.2290,0.0421,3.44
11.12,0.0106,0.1143,0.2275,0.0443,3.55
11.14,0.0001,0.1233,0.2275,0.0416,3.41
11.16,0.0001,0.1095,0.2216,0.0407,3.33
11.18,0.0103,0.1095,0.2205,0.0427,3.42
11.20,0.0002,0.1044,0.2143,0.0398,3.26
11.22,0.0102,0.1044,0.2129,0.0423,3.39
11.24,0.0003,0.1132,0.2129,0.0397,3.25
11.26,0.0003,0.0993,0.2061,0.0386,3.16
11.28,0.0098,0.0993,0.2052,0.0408,3.27
11.30,0.0005,0.0945,0.1976,0.0381,3.12
11.32,0.0096,0.0945,0.1963,0.0407,3.26
11.34,0.0009,0.1032,0.1963,0.0379,3.10
11.36,0.0009,0.0911,0.1870,0.0368,3.01
11.38,0.0092,0.0911,0.1863,0.0389,3.11
11.40,0.0009,0.0877,0.1764,0.0360,2.95
11.42,0.0095,0.0877,0.1755,0.0387,3.09
11.44,0.0008,0.0960,0.1755,0.0359,2.94
11.46,0.0008,0.0854,0.1642,0.0347,2.84
11.48,0.0095,0.0854,0.1641,0.0368,2.93
11.50,0.0008,0.0836,0.1525,0.0339,2.78
11.52,0.0095,0.0836,0.1520,0.0365,2.90
11.54,0.0009,0.0917,0.1520,0.0336,2.75
11.56,0.0009,0.0827,0.1395,0.0323,2.64
11.58,0.0093,0.0827,0.1396,0.0345,2.74
11.60,0.0011,0.0827,0.1266,0.0315,2.58
11.62,0.0093,0.0827,0.1264,0.0342,2.71
11.64,0.0010,0.0905,0.1264,0.0311,2.54
11.66,0.0010,0.0823,0.1139,0.0297,2.43
11.68,0.0093,0.0823,0.1140,0.0322,2.54
11.70,0.0012,0.0820,0.1019,0.0291,2.38
11.72,0.0092,0.0820,0.1018,0.0319,2.52
11.74,0.0012,0.0896,0.1018,0.0288,2.35
11.76,0.0012,0.0811,0.0906,0.0273,2.23
11.78,0.0091,0.0811,0.0911,0.0297,2.33
11.80,0.0012,0.0791,0.0813,0.0265,2.16
11.82,0.0089,0.0791,0.0810,0.0296,2.33
11.84,0.0012,0.0861,0.0810,0.0264,2.16
11.86,0.0012,0.0748,0.0736,0.0249,2.03
11.88,0.0090,0.0748,0.0741,0.0275,2.14
11.90,0.0015,0.0697,0.0685,0.0240,1.96
11.92,0.0089,0.0697,0.0688,0.0271,2.11
11.94,0.0016,0.0767,0.0688,0.0237,1.93
11.96,0.0016,0.0631,0.0651,0.0221,1.80
11.98,0.0090,0.0631,0.0661,0.0249,1.91
12.00,0.0013,0.0556,0.0640,0.0213,1.74
12.02,0.0096,0.0556,0.0660,0.0236,1.78
12.04,0.0009,0.0624,0.0660,0.0196,1.60
12.06,0.0009,0.0481,0.0650,0.0180,1.47
12.08,0.0102,0.0481,0.0673,0.0207,1.49
12.10,0.0002,0.0407,0.0666,0.0160,1.31
12.12,0.0107,0.0407,0.0692,0.0192,1.31
12.14,0.0003,0.0475,0.0692,0.0139,1.13
12.16,0.0003,0.0345,0.0680,0.0121,0.99
12.18,0.0116,0.0345,0.0708,0.0167,0.99
12.20,0.0015,0.0289,0.0690,0.0102,0.82
12.22,0.0123,0.0289,0.0706,0.0166,0.92
12.24,0.0024,0.0350,0.0706,0.0096,0.77
12.26,0.0024,0.0249,0.0675,0.0079,0.62
12.28,0.0133,0.0249,0.0696,0.0156,0.68
12.30,0.0032,0.0218,0.0658,0.0071,0.52
12.32,0.0139,0.0218,0.0671,0.0160,0.65
12.34,0.0038,0.0281,0.0671,0.0070,0.48
12.36,0.0038,0.0210,0.0615,0.0055,0.33
12.38,0.0147,0.0210,0.0639,0.0154,0.37
12.40,0.0046,0.0215,0.0569,0.0053,0.20
12.42,0.0155,0.0215,0.0594,0.0157,0.23
12.44,0.0053,0.0278,0.0594,0.0053,0.06
12.46,0.0053,0.0244,0.0509,0.0054,0.10
12.48,0.0168,0.0244,0.0547,0.0169,0.16
12.50,0.0066,0.0286,0.0456,0.0078,0.34
12.52,0.0181,0.0286,0.0496,0.0188,0.43
12.54,0.0079,0.0345,0.0496,0.0106,0.58
12.56,0.0079,0.0326,0.0410,0.0120,0.74
12.58,0.0194,0.0326,0.0455,0.0221,0.89
12.60,0.0092,0.0368,0.0375,0.0156,1.04
12.62,0.0207,0.0368,0.0422,0.0253,1.21
12.64,0.0107,0.0424,0.0422,0.0196,1.36
12.66,0.0107,0.0412,0.0342,0.0213,1.52
12.68,0.0218,0.0412,0.0389,0.0300,1.71
12.70,0.0118,0.0456,0.0317,0.0253,1.85
12.72,0.0227,0.0456,0.0360,0.0332,2.02
12.74,0.0129,0.0510,0.0360,0.0293,2.17
12.76,0.0129,0.0488,0.0301,0.0311,2.34
12.78,0.0235,0.0488,0.0340,0.0380,2.49
12.80,0.0136,0.0513,0.0294,0.0345,2.62
12.82,0.0238,0.0513,0.0327,0.0406,2.74
12.84,0.0139,0.0569,0.0327,0.0377,2.90
12.86,0.0139,0.0531,0.0295,0.0396,3.07
12.88,0.0238,0.0531,0.0327,0.0451,3.20
12.90,0.0138,0.0543,0.0303,0.0426,3.33
12.92,0.0229,0.0543,0.0321,0.0463,3.35
12.94,0.0128,0.0598,0.0321,0.0441,3.49
12.96,0.0128,0.0550,0.0306,0.0461,3.66
12.98,0.0217,0.0550,0.0324,0.0494,3.69
13.00,0.0115,0.0551,0.0316,0.0477,3.82
13.02,0.0201,0.0551,0.0324,0.0496,3.77
13.04,0.0100,0.0605,0.0324,0.0483,3.89
13.06,0.0100,0.0549,0.0321,0.0503,4.07
13.08,0.0182,0.0549,0.0331,0.0521,4.05
13.10,0.0082,0.0544,0.0331,0.0512,4.17
13.12,0.0162,0.0544,0.0329,0.0515,4.05
13.14,0.0061,0.0598,0.0329,0.0512,4.18
13.16,0.0061,0.0536,0.0336,0.0533,4.35
13.18,0.0138,0.0536,0.0334,0.0531,4.24
13.20,0.0037,0.0528,0.0341,0.0532,4.35
13.22,0.0109,0.0528,0.0330,0.0519,4.19
13.24,0.0008,0.0582,0.0330,0.0526,4.31
13.26,0.0008,0.0517,0.0343,0.0547,4.48
13.28,0.0008,0.0517,0.0343,0.0568,4.65
13.30,0.0023,0.0506,0.0344,0.0543,4.43
13.32,0.0042,0.0506,0.0322,0.0510,4.18
13.34,0.0058,0.0560,0.0322,0.0531,4.30
13.36,0.0058,0.0491,0.0335,0.0552,4.47
13.38,0.0010,0.0491,0.0313,0.0513,4.20
13.40,0.0089,0.0474,0.0327,0.0539,4.33
13.42,0.0019,0.0474,0.0309,0.0500,4.08
13.44,0.0119,0.0529,0.0309,0.0533,4.22
13.46,0.0119,0.0460,0.0322,0.0554,4.39
13.48,0.0049,0.0460,0.0300,0.0506,4.11
13.50,0.0147,0.0442,0.0314,0.0544,4.24
13.52,0.0072,0.0442,0.0302,0.0499,4.02
13.54,0.0171,0.0495,0.0302,0.0542,4.16
13.56,0.0171,0.0425,0.0311,0.0562,4.33
13.58,0.0094,0.0425,0.0297,0.0511,4.08
13.60,0.0192,0.0405,0.0308,0.0554,4.20
13.62,0.0105,0.0405,0.0306,0.0505,4.02
13.64,0.0206,0.0459,0.0306,0.0553,4.14
13.66,0.0206,0.0391,0.0308,0.0572,4.31
13.68,0.0113,0.0391,0.0308,0.0519,4.11
13.70,0.0213,0.0378,0.0306,0.0567,4.24
13.72,0.0113,0.0378,0.0318,0.0520,4.13
13.74,0.0211,0.0432,0.0318,0.0570,4.27
13.76,0.0211,0.0366,0.0318,0.0589,4.43
13.78,0.0108,0.0366,0.0332,0.0543,4.32
13.80,0.0204,0.0355,0.0325,0.0586,4.43
13.82,0.0096,0.0355,0.0350,0.0550,4.40
13.84,0.0196,0.0409,0.0350,0.0594,4.53
13.86,0.0196,0.0348,0.0342,0.0613,4.69
13.88,0.0083,0.0348,0.0367,0.0575,4.64
13.90,0.0181,0.0343,0.0353,0.0616,4.76
13.92,0.0066,0.0343,0.0381,0.0584,4.73
13.94,0.0164,0.0396,0.0381,0.0621,4.84
13.96,0.0164,0.0341,0.0365,0.0640,5.00
13.98,0.0045,0.0341,0.0391,0.0606,4.93
14.00,0.0144,0.0344,0.0371,0.0639,5.04
14.02,0.0024,0.0344,0.0399,0.0612,5.00
14.04,0.0123,0.0395,0.0399,0.0638,5.08
14.06,0.0123,0.0350,0.0369,0.0657,5.24
14.08,0.0005,0.0350,0.0391,0.0629,5.15
14.10,0.0105,0.0356,0.0362,0.0652,5.23
14.12,0.0015,0.0356,0.0385,0.0628,5.14
14.14,0.0087,0.0408,0.0385,0.0649,5.23
14.16,0.0087,0.0366,0.0355,0.0667,5.38
14.18,0.0033,0.0366,0.0370,0.0636,5.21
14.20,0.0068,0.0378,0.0340,0.0654,5.30
14.22,0.0048,0.0378,0.0352,0.0625,5.12
14.24,0.0054,0.0431,0.0352,0.0642,5.22
14.26,0.0054,0.0393,0.0324,0.0661,5.37
14.28,0.0062,0.0393,0.0330,0.0628,5.14
14.30,0.0041,0.0407,0.0302,0.0642,5.23
14.32,0.0072,0.0407,0.0306,0.0611,4.99
14.34,0.0030,0.0458,0.0306,0.0622,5.07
14.36,0.0030,0.0418,0.0279,0.0639,5.22
14.38,0.0083,0.0418,0.0278,0.0604,4.93
14.40,0.0017,0.0427,0.0256,0.0611,4.99
14.42,0.0094,0.0427,0.0258,0.0582,4.73
14.44,0.0005,0.0477,0.0258,0.0588,4.82
14.46,0.0005,0.0435,0.0239,0.0606,4.96
14.48,0.0105,0.0435,0.0236,0.0574,4.66
14.50,0.0003,0.0439,0.0223,0.0579,4.74
14.52,0.0115,0.0439,0.0223,0.0552,4.45
14.54,0.0015,0.0489,0.0223,0.0552,4.52
14.56,0.0015,0.0436,0.0222,0.0569,4.66
14.58,0.0122,0.0436,0.0218,0.0542,4.36
14.60,0.0021,0.0432,0.0222,0.0540,4.43
14.62,0.0130,0.0432,0.0223,0.0519,4.15
14.64,0.0028,0.0483,0.0223,0.0516,4.23
14.66,0.0028,0.0427,0.0231,0.0532,4.36
14.68,0.0133,0.0427,0.0230,0.0511,4.08
14.70,0.0032,0.0420,0.0244,0.0507,4.15
14.72,0.0138,0.0420,0.0244,0.0489,3.88
14.74,0.0036,0.0473,0.0244,0.0484,3.97
14.76,0.0036,0.0414,0.0258,0.0499,4.09
14.78,0.0139,0.0414,0.0260,0.0485,3.84
14.80,0.0038,0.0410,0.0270,0.0479,3.92
14.82,0.0140,0.0410,0.0272,0.0467,3.69
14.84,0.0040,0.0461,0.0272,0.0458,3.75
14.86,0.0040,0.0404,0.0282,0.0472,3.86
14.88,0.0140,0.0404,0.0286,0.0462,3.64
14.90,0.0042,0.0398,0.0292,0.0452,3.70
14.92,0.0141,0.0398,0.0300,0.0448,3.51
14.94,0.0042,0.0448,0.0300,0.0436,3.56
14.96,0.0042,0.0392,0.0304,0.0449,3.67
14.98,0.0140,0.0392,0.0314,0.0447,3.51
15.00,0.0043,0.0387,0.0315,0.0436,3.56
15.02,0.0141,0.0387,0.0326,0.0434,3.40
15.04,0.0045,0.0437,0.0326,0.0423,3.45
15.06,0.0045,0.0385,0.0322,0.0435,3.55
15.08,0.0143,0.0385,0.0334,0.0436,3.40
15.10,0.0045,0.0386,0.0328,0.0424,3.47
15.12,0.0140,0.0386,0.0340,0.0426,3.33
15.14,0.0040,0.0437,0.0340,0.0412,3.37
15.16,0.0040,0.0387,0.0331,0.0424,3.47
15.18,0.0134,0.0387,0.0346,0.0427,3.35
15.20,0.0034,0.0390,0.0333,0.0415,3.40
15.22,0.0129,0.0390,0.0350,0.0419,3.29
15.24,0.0029,0.0445,0.0350,0.0410,3.35
15.26,0.0029,0.0395,0.0336,0.0421,3.44
15.28,0.0121,0.0395,0.0353,0.0422,3.34
15.30,0.0019,0.0401,0.0340,0.0413,3.39
15.32,0.0114,0.0401,0.0360,0.0417,3.31
15.34,0.0013,0.0454,0.0360,0.0408,3.34
15.36,0.0013,0.0409,0.0346,0.0418,3.42
15.38,0.0107,0.0409,0.0367,0.0420,3.35
15.40,0.0004,0.0420,0.0351,0.0413,3.38
15.42,0.0100,0.0420,0.0373,0.0414,3.31
15.44,0.0003,0.0474,0.0373,0.0408,3.34
15.46,0.0003,0.0431,0.0356,0.0417,3.42
15.48,0.0090,0.0431,0.0375,0.0413,3.32
15.50,0.0011,0.0440,0.0361,0.0408,3.34
15.52,0.0084,0.0440,0.0381,0.0402,3.24
15.54,0.0017,0.0497,0.0381,0.0402,3.29
15.56,0.0017,0.0452,0.0368,0.0410,3.35
15.58,0.0075,0.0452,0.0387,0.0404,3.26
15.60,0.0025,0.0460,0.0372,0.0401,3.27
15.62,0.0071,0.0460,0.0393,0.0393,3.18
15.64,0.0032,0.0515,0.0393,0.0393,3.20
15.66,0.0032,0.0468,0.0380,0.0400,3.26
15.68,0.0063,0.0468,0.0401,0.0390,3.16
15.70,0.0041,0.0478,0.0384,0.0390,3.16
15.72,0.0053,0.0478,0.0409,0.0382,3.11
15.74,0.0050,0.0533,0.0409,0.0384,3.10
15.76,0.0050,0.0486,0.0393,0.0390,3.16
15.78,0.0045,0.0486,0.0416,0.0377,3.08
15.80,0.0058,0.0495,0.0402,0.0383,3.08
15.82,0.0039,0.0495,0.0428,0.0370,3.02
15.84,0.0065,0.0551,0.0428,0.0374,3.00
15.86,0.0065,0.0501,0.0415,0.0380,3.05
15.88,0.0031,0.0501,0.0441,0.0366,2.99
15.90,0.0072,0.0503,0.0429,0.0371,2.97
15.92,0.0025,0.0503,0.0457,0.0357,2.92
15.94,0.0076,0.0559,0.0457,0.0366,2.92
15.96,0.0076,0.0505,0.0445,0.0371,2.95
15.98,0.0023,0.0505,0.0474,0.0354,2.90
16.00,0.0076,0.0507,0.0458,0.0362,2.88
16.02,0.0021,0.0507,0.0487,0.0347,2.84
16.04,0.0076,0.0561,0.0487,0.0355,2.82
16.06,0.0076,0.0509,0.0471,0.0358,2.85
16.08,0.0023,0.0509,0.0501,0.0343,2.81
16.10,0.0078,0.0511,0.0484,0.0350,2.78
16.12,0.0022,0.0511,0.0515,0.0335,2.74
16.14,0.0077,0.0566,0.0515,0.0342,2.71
16.16,0.0077,0.0511,0.0500,0.0345,2.73
16.18,0.0024,0.0511,0.0531,0.0329,2.69
16.20,0.0079,0.0515,0.0511,0.0336,2.66
16.22,0.0024,0.0515,0.0546,0.0322,2.63
16.24,0.0078,0.0574,0.0546,0.0331,2.62
16.26,0.0078,0.0519,0.0524,0.0332,2.63
16.28,0.0023,0.0519,0.0561,0.0321,2.62
16.30,0.0079,0.0524,0.0538,0.0328,2.59
16.32,0.0023,0.0524,0.0576,0.0316,2.59
16.34,0.0080,0.0583,0.0576,0.0323,2.55
16.36,0.0080,0.0529,0.0551,0.0324,2.56
16.38,0.0025,0.0529,0.0589,0.0312,2.55
16.40,0.0080,0.0534,0.0565,0.0318,2.50
16.42,0.0024,0.0534,0.0603,0.0306,2.50
16.44,0.0082,0.0594,0.0603,0.0311,2.44
16.46,0.0082,0.0543,0.0577,0.0310,2.44
16.48,0.0022,0.0543,0.0618,0.0300,2.45
16.50,0.0083,0.0549,0.0590,0.0306,2.40
16.52,0.0022,0.0549,0.0632,0.0296,2.42
16.54,0.0083,0.0610,0.0632,0.0302,2.36
16.56,0.0083,0.0555,0.0603,0.0301,2.35
16.58,0.0021,0.0555,0.0643,0.0288,2.36
16.60,0.0084,0.0565,0.0610,0.0296,2.31
16.62,0.0021,0.0565,0.0649,0.0282,2.30
16.64,0.0084,0.0628,0.0649,0.0290,2.26
16.66,0.0084,0.0576,0.0616,0.0288,2.24
16.68,0.0022,0.0576,0.0659,0.0276,2.26
16.70,0.0082,0.0586,0.0626,0.0283,2.20
16.72,0.0023,0.0586,0.0669,0.0273,2.23
16.74,0.0084,0.0650,0.0669,0.0281,2.18
16.76,0.0084,0.0598,0.0634,0.0278,2.15
16.78,0.0021,0.0598,0.0680,0.0269,2.20
16.80,0.0086,0.0609,0.0646,0.0277,2.14
16.82,0.0016,0.0609,0.0692,0.0269,2.20
16.84,0.0091,0.0674,0.0692,0.0279,2.14
16.86,0.0091,0.0618,0.0656,0.0275,2.11
16.88,0.0014,0.0618,0.0704,0.0265,2.17
16.90,0.0093,0.0628,0.0669,0.0274,2.10
16.92,0.0010,0.0628,0.0716,0.0264,2.16
16.94,0.0093,0.0691,0.0716,0.0273,2.09
16.96,0.0093,0.0636,0.0680,0.0268,2.05
16.98,0.0008,0.0636,0.0727,0.0257,2.11
17.00,0.0094,0.0641,0.0693,0.0266,2.03
17.02,0.0008,0.0641,0.0740,0.0254,2.08
17.04,0.0093,0.0703,0.0740,0.0264,2.01
17.06,0.0093,0.0643,0.0710,0.0258,1.96
17.08,0.0008,0.0643,0.0759,0.0247,2.03
17.10,0.0092,0.0646,0.0723,0.0256,1.94
17.12,0.0010,0.0646,0.0773,0.0246,2.01
17.14,0.0091,0.0706,0.0773,0.0252,1.91
17.16,0.0091,0.0647,0.0736,0.0246,1.86
17.18,0.0014,0.0647,0.0789,0.0238,1.95
17.20,0.0086,0.0645,0.0753,0.0241,1.84
17.22,0.0016,0.0645,0.0807,0.0237,1.94
17.24,0.0085,0.0708,0.0807,0.0244,1.86
17.26,0.0085,0.0647,0.0768,0.0236,1.79
17.28,0.0018,0.0647,0.0821,0.0231,1.89
17.30,0.0084,0.0651,0.0781,0.0237,1.81
17.32,0.0021,0.0651,0.0835,0.0233,1.90
17.34,0.0080,0.0714,0.0835,0.0235,1.80
17.36,0.0080,0.0651,0.0793,0.0227,1.73
17.38,0.0023,0.0651,0.0848,0.0225,1.84
17.40,0.0080,0.0657,0.0801,0.0227,1.73
17.42,0.0023,0.0657,0.0854,0.0223,1.82
17.44,0.0078,0.0720,0.0854,0.0223,1.70
17.46,0.0078,0.0661,0.0804,0.0214,1.63
17.48,0.0022,0.0661,0.0858,0.0212,1.73
17.50,0.0080,0.0664,0.0810,0.0214,1.62
17.52,0.0022,0.0664,0.0862,0.0207,1.69
17.54,0.0080,0.0728,0.0862,0.0208,1.56
17.56,0.0080,0.0665,0.0813,0.0198,1.47
17.58,0.0080,0.0665,0.0813,0.0188,1.39
17.60,0.0082,0.0731,0.0867,0.0197,1.46
17.62,0.0082,0.0731,0.0867,0.0187,1.37
17.64,0.0084,0.0738,0.0871,0.0194,1.42
17.66,0.0084,0.0677,0.0822,0.0184,1.33
17.68,0.0017,0.0677,0.0874,0.0172,1.40
17.70,0.0087,0.0677,0.0827,0.0179,1.27
17.72,0.0012,0.0677,0.0879,0.0164,1.34
17.74,0.0095,0.0745,0.0879,0.0177,1.21
17.76,0.0095,0.0683,0.0825,0.0166,1.11
17.78,0.0005,0.0683,0.0878,0.0144,1.18
17.80,0.0101,0.0692,0.0823,0.0165,1.07
17.82,0.0001,0.0692,0.0877,0.0140,1.15
17.84,0.0106,0.0762,0.0877,0.0167,1.04
17.86,0.0106,0.0696,0.0823,0.0157,0.94
17.88,0.0007,0.0696,0.0880,0.0127,1.04
17.90,0.0113,0.0703,0.0827,0.0160,0.92
17.92,0.0016,0.0703,0.0874,0.0116,0.94
17.94,0.0120,0.0772,0.0874,0.0158,0.83
17.96,0.0120,0.0706,0.0821,0.0150,0.72
17.98,0.0022,0.0706,0.0878,0.0102,0.81
18.00,0.0122,0.0704,0.0825,0.0149,0.70
18.02,0.0025,0.0704,0.0875,0.0093,0.73
18.04,0.0127,0.0772,0.0875,0.0148,0.62
18.06,0.0127,0.0705,0.0825,0.0141,0.50
18.08,0.0033,0.0705,0.0880,0.0079,0.59
18.10,0.0133,0.0699,0.0833,0.0145,0.46
18.12,0.0038,0.0699,0.0887,0.0074,0.52
18.14,0.0139,0.0766,0.0887,0.0147,0.40
18.16,0.0139,0.0694,0.0841,0.0143,0.27
18.18,0.0044,0.0694,0.0899,0.0064,0.37
18.20,0.0145,0.0688,0.0850,0.0148,0.26
18.22,0.0049,0.0688,0.0902,0.0062,0.30
18.24,0.0148,0.0754,0.0902,0.0149,0.18
18.26,0.0148,0.0681,0.0854,0.0148,0.05
18.28,0.0053,0.0681,0.0906,0.0054,0.09
18.30,0.0153,0.0677,0.0855,0.0153,0.04
18.32,0.0055,0.0677,0.0897,0.0056,0.08
18.34,0.0155,0.0744,0.0897,0.0157,0.21
18.36,0.0155,0.0671,0.0847,0.0161,0.34
18.38,0.0056,0.0671,0.0887,0.0077,0.42
18.40,0.0159,0.0671,0.0834,0.0173,0.54
18.42,0.0061,0.0671,0.0867,0.0104,0.69
18.44,0.0162,0.0739,0.0867,0.0190,0.81
18.46,0.0162,0.0669,0.0812,0.0200,0.95
18.48,0.0060,0.0669,0.0845,0.0148,1.10
18.50,0.0162,0.0671,0.0790,0.0221,1.21
18.52,0.0060,0.0671,0.0821,0.0181,1.39
18.54,0.0162,0.0739,0.0821,0.0248,1.51
18.56,0.0162,0.0670,0.0764,0.0262,1.66
18.58,0.0058,0.0670,0.0797,0.0232,1.83
18.60,0.0161,0.0670,0.0743,0.0290,1.95
18.62,0.0056,0.0670,0.0781,0.0262,2.09
18.64,0.0160,0.0741,0.0781,0.0315,2.20
18.66,0.0160,0.0673,0.0724,0.0332,2.35
18.68,0.0055,0.0673,0.0767,0.0306,2.45
18.70,0.0160,0.0672,0.0713,0.0355,2.56
18.72,0.0053,0.0672,0.0758,0.0330,2.66
18.74,0.0158,0.0745,0.0758,0.0376,2.76
18.76,0.0158,0.0669,0.0710,0.0393,2.91
18.78,0.0049,0.0669,0.0762,0.0365,2.95
18.80,0.0155,0.0665,0.0717,0.0407,3.05
18.82,0.0044,0.0665,0.0775,0.0376,3.05
18.84,0.0149,0.0738,0.0775,0.0417,3.16
18.86,0.0149,0.0658,0.0733,0.0436,3.32
18.88,0.0040,0.0658,0.0796,0.0400,3.25
18.90,0.0144,0.0650,0.0757,0.0440,3.37
18.92,0.0034,0.0650,0.0818,0.0409,3.33
18.94,0.0137,0.0722,0.0818,0.0445,3.44
18.96,0.0137,0.0640,0.0782,0.0464,3.60
18.98,0.0028,0.0640,0.0853,0.0426,3.47
19.00,0.0130,0.0630,0.0817,0.0462,3.59
19.02,0.0024,0.0630,0.0895,0.0416,3.39
19.04,0.0126,0.0702,0.0895,0.0449,3.50
19.06,0.0126,0.0623,0.0855,0.0469,3.66
19.08,0.0018,0.0623,0.0936,0.0422,3.45
19.10,0.0119,0.0621,0.0890,0.0456,3.57
19.12,0.0011,0.0621,0.0969,0.0412,3.37
19.14,0.0112,0.0692,0.0969,0.0445,3.49
19.16,0.0112,0.0624,0.0917,0.0465,3.66
19.18,0.0003,0.0624,0.1003,0.0415,3.40
19.20,0.0103,0.0632,0.0946,0.0445,3.52
19.22,0.0010,0.0632,0.1029,0.0402,3.30
19.24,0.0090,0.0706,0.1029,0.0426,3.39
19.26,0.0090,0.0645,0.0968,0.0446,3.56
19.28,0.0020,0.0645,0.1055,0.0401,3.29
19.30,0.0079,0.0660,0.0990,0.0425,3.40
19.32,0.0036,0.0660,0.1073,0.0387,3.17
19.34,0.0061,0.0732,0.1073,0.0406,3.27
19.36,0.0061,0.0677,0.1007,0.0427,3.44
19.38,0.0050,0.0677,0.1095,0.0386,3.15
19.40,0.0047,0.0698,0.1024,0.0402,3.26
19.42,0.0067,0.0698,0.1106,0.0373,3.02
19.44,0.0030,0.0770,0.1106,0.0384,3.12
19.46,0.0030,0.0719,0.1036,0.0405,3.30
19.48,0.0080,0.0719,0.1126,0.0370,2.97
19.50,0.0016,0.0741,0.1051,0.0376,3.07
19.52,0.0094,0.0741,0.1138,0.0348,2.77
19.54,0.0003,0.0813,0.1138,0.0351,2.87
19.56,0.0003,0.0760,0.1067,0.0372,3.04
19.58,0.0104,0.0760,0.1160,0.0340,2.67
19.60,0.0005,0.0780,0.1091,0.0340,2.78
19.62,0.0109,0.0780,0.1182,0.0312,2.41
19.64,0.0011,0.0853,0.1182,0.0310,2.54
19.66,0.0011,0.0794,0.1117,0.0331,2.71
19.68,0.0114,0.0794,0.1207,0.0305,2.34
19.70,0.0014,0.0808,0.1141,0.0301,2.47
19.72,0.0114,0.0808,0.1230,0.0278,2.10
19.74,0.0013,0.0885,0.1230,0.0268,2.20
19.76,0.0013,0.0820,0.1169,0.0289,2.37
19.78,0.0111,0.0820,0.1254,0.0270,2.03
19.80,0.0008,0.0829,0.1192,0.0264,2.16
19.82,0.0105,0.0829,0.1272,0.0249,1.86
19.84,0.0003,0.0906,0.1272,0.0242,1.98
19.86,0.0003,0.0836,0.1211,0.0263,2.15
19.88,0.0099,0.0836,0.1288,0.0248,1.88
19.90,0.0004,0.0843,0.1226,0.0243,1.99
19.92,0.0087,0.0843,0.1302,0.0225,1.71
19.94,0.0014,0.0919,0.1302,0.0224,1.83
19.96,0.0014,0.0845,0.1241,0.0245,2.00
19.98,0.0075,0.0845,0.1310,0.0228,1.77
20.00,0.0026,0.0845,0.1249,0.0235,1.91
20.02,0.0064,0.0845,0.1318,0.0214,1.68
20.04,0.0037,0.0921,0.1318,0.0224,1.80
20.06,0.0037,0.0846,0.1255,0.0244,1.97
20.08,0.0054,0.0846,0.1319,0.0224,1.78
20.10,0.0046,0.0841,0.1258,0.0240,1.92
20.12,0.0045,0.0841,0.1325,0.0213,1.71
20.14,0.0057,0.0918,0.1325,0.0232,1.83
20.16,0.0057,0.0838,0.1261,0.0251,1.99
20.18,0.0036,0.0838,0.1324,0.0226,1.83
20.20,0.0064,0.0832,0.1258,0.0247,1.94
20.22,0.0028,0.0832,0.1317,0.0222,1.81
20.24,0.0071,0.0907,0.1317,0.0246,1.92
20.26,0.0071,0.0825,0.1249,0.0265,2.08
20.28,0.0019,0.0825,0.1313,0.0233,1.90
20.30,0.0078,0.0816,0.1245,0.0259,2.01
20.32,0.0078,0.0816,0.1245,0.0277,2.17
20.34,0.0080,0.0890,0.1303,0.0258,2.00
20.36,0.0080,0.0805,0.1234,0.0277,2.16
20.38,0.0015,0.0805,0.1298,0.0243,1.99
20.40,0.0080,0.0792,0.1227,0.0269,2.09
20.42,0.0019,0.0792,0.1288,0.0240,1.96
20.44,0.0076,0.0866,0.1288,0.0261,2.04
20.46,0.0076,0.0780,0.1218,0.0280,2.19
20.48,0.0022,0.0780,0.1281,0.0248,2.03
20.50,0.0074,0.0768,0.1210,0.0270,2.11
20.52,0.0026,0.0768,0.1268,0.0246,2.01
20.54,0.0072,0.0843,0.1268,0.0266,2.09
20.56,0.0072,0.0762,0.1195,0.0284,2.24
20.58,0.0024,0.0762,0.1260,0.0252,2.06
20.60,0.0073,0.0763,0.1177,0.0274,2.15
20.62,0.0021,0.0763,0.1247,0.0236,1.93
20.64,0.0078,0.0838,0.1247,0.0260,2.02
20.66,0.0078,0.0764,0.1163,0.0277,2.16
20.68,0.0016,0.0764,0.1234,0.0236,1.93
20.70,0.0083,0.0765,0.1152,0.0260,2.01
20.72,0.0015,0.0765,0.1215,0.0226,1.85
20.74,0.0084,0.0842,0.1215,0.0249,1.91
20.76,0.0084,0.0768,0.1132,0.0266,2.05
20.78,0.0014,0.0768,0.1200,0.0226,1.84
20.80,0.0086,0.0770,0.1120,0.0250,1.91
20.82,0.0016,0.0770,0.1182,0.0215,1.76
20.84,0.0086,0.0847,0.1182,0.0240,1.82
20.86,0.0086,0.0771,0.1103,0.0255,1.95
20.88,0.0013,0.0771,0.1169,0.0216,1.76
20.90,0.0087,0.0770,0.1090,0.0241,1.83
20.92,0.0015,0.0770,0.1151,0.0206,1.68
20.94,0.0086,0.0845,0.1151,0.0232,1.75
20.96,0.0086,0.0845,0.1151,0.0247,1.88
20.98,0.0015,0.0763,0.1144,0.0207,1.69
21.00,0.0086,0.0756,0.1072,0.0233,1.76
21.02,0.0017,0.0756,0.1134,0.0198,1.61
21.04,0.0084,0.0829,0.1134,0.0225,1.70
21.06,0.0084,0.0743,0.1066,0.0239,1.82
21.08,0.0018,0.0743,0.1131,0.0200,1.63
21.10,0.0083,0.0731,0.1065,0.0226,1.71
21.12,0.0026,0.0731,0.1127,0.0194,1.57
21.14,0.0074,0.0805,0.1127,0.0214,1.63
21.16,0.0074,0.0714,0.1066,0.0227,1.75
21.18,0.0034,0.0714,0.1130,0.0197,1.59
21.20,0.0066,0.0701,0.1064,0.0213,1.65
21.22,0.0043,0.0701,0.1121,0.0194,1.55
21.24,0.0057,0.0775,0.1121,0.0205,1.60
21.26,0.0057,0.0692,0.1053,0.0217,1.71
21.28,0.0052,0.0692,0.1112,0.0201,1.59
21.30,0.0047,0.0689,0.1039,0.0206,1.63
21.32,0.0063,0.0689,0.1092,0.0200,1.56
21.34,0.0035,0.0762,0.1092,0.0200,1.60
21.36,0.0035,0.0688,0.1019,0.0212,1.71
21.38,0.0073,0.0688,0.1071,0.0213,1.64
21.40,0.0024,0.0690,0.0997,0.0207,1.68
21.42,0.0090,0.0690,0.1043,0.0222,1.67
21.44,0.0007,0.0761,0.1043,0.0209,1.71
21.46,0.0007,0.0696,0.0966,0.0221,1.80
21.48,0.0108,0.0696,0.1009,0.0246,1.82
21.50,0.0010,0.0700,0.0934,0.0228,1.86
21.52,0.0122,0.0700,0.0979,0.0256,1.86
21.54,0.0022,0.0773,0.0979,0.0231,1.88
21.56,0.0022,0.0707,0.0904,0.0242,1.97
21.58,0.0135,0.0707,0.0947,0.0275,1.98
21.60,0.0033,0.0714,0.0874,0.0248,2.01
21.62,0.0142,0.0714,0.0919,0.0280,2.00
21.64,0.0039,0.0788,0.0919,0.0248,2.01
21.66,0.0039,0.0715,0.0855,0.0258,2.10
21.68,0.0148,0.0715,0.0896,0.0294,2.11
21.70,0.0045,0.0717,0.0833,0.0262,2.12
21.72,0.0150,0.0717,0.0876,0.0294,2.10
21.74,0.0046,0.0790,0.0876,0.0261,2.11
21.76,0.0046,0.0708,0.0824,0.0270,2.18
21.78,0.0046,0.0708,0.0824,0.0279,2.26
21.80,0.0045,0.0697,0.0813,0.0272,2.20
21.82,0.0146,0.0697,0.0855,0.0301,2.18
21.84,0.0042,0.0772,0.0855,0.0268,2.17
21.86,0.0042,0.0681,0.0815,0.0276,2.24
21.88,0.0143,0.0681,0.0850,0.0310,2.27
21.90,0.0040,0.0666,0.0812,0.0278,2.26
21.92,0.0140,0.0666,0.0852,0.0306,2.25
21.94,0.0036,0.0738,0.0852,0.0277,2.26
21.96,0.0036,0.0649,0.0814,0.0284,2.31
21.98,0.0134,0.0649,0.0858,0.0305,2.26
22.00,0.0031,0.0631,0.0819,0.0278,2.26
22.02,0.0131,0.0631,0.0863,0.0299,2.22
22.04,0.0026,0.0703,0.0863,0.0274,2.23
22.06,0.0026,0.0620,0.0821,0.0280,2.28
22.08,0.0124,0.0620,0.0860,0.0302,2.27
22.10,0.0021,0.0609,0.0818,0.0280,2.29
22.12,0.0118,0.0609,0.0859,0.0298,2.26
22.14,0.0014,0.0681,0.0859,0.0276,2.25
22.16,0.0014,0.0607,0.0811,0.0281,2.30
22.18,0.0110,0.0607,0.0850,0.0297,2.28
22.20,0.0006,0.0610,0.0798,0.0277,2.27
22.22,0.0102,0.0610,0.0838,0.0289,2.23
22.24,0.0001,0.0681,0.0838,0.0271,2.22
22.26,0.0001,0.0616,0.0780,0.0276,2.26
22.28,0.0096,0.0616,0.0819,0.0287,2.23
22.30,0.0007,0.0624,0.0761,0.0272,2.22
22.32,0.0089,0.0624,0.0802,0.0279,2.18
22.34,0.0014,0.0694,0.0802,0.0266,2.17
22.36,0.0014,0.0631,0.0744,0.0269,2.20
22.38,0.0080,0.0631,0.0780,0.0277,2.18
22.40,0.0020,0.0640,0.0722,0.0264,2.15
22.42,0.0076,0.0640,0.0758,0.0272,2.15
22.44,0.0026,0.0709,0.0758,0.0263,2.13
22.46,0.0026,0.0648,0.0702,0.0265,2.16
22.48,0.0074,0.0648,0.0738,0.0273,2.16
22.50,0.0028,0.0654,0.0684,0.0263,2.14
22.52,0.0070,0.0654,0.0720,0.0268,2.13
22.54,0.0034,0.0724,0.0720,0.0260,2.11
22.56,0.0034,0.0654,0.0675,0.0262,2.12
22.58,0.0067,0.0654,0.0712,0.0265,2.11
22.60,0.0038,0.0652,0.0671,0.0258,2.09
22.62,0.0064,0.0652,0.0703,0.0265,2.12
22.64,0.0041,0.0722,0.0703,0.0259,2.09
22.66,0.0041,0.0643,0.0670,0.0260,2.09
22.68,0.0060,0.0643,0.0704,0.0263,2.11
22.70,0.0045,0.0635,0.0672,0.0257,2.06
22.72,0.0053,0.0635,0.0704,0.0258,2.08
22.74,0.0050,0.0705,0.0704,0.0254,2.03
22.76,0.0050,0.0623,0.0676,0.0254,2.03
22.78,0.0050,0.0623,0.0709,0.0253,2.04
22.80,0.0053,0.0611,0.0683,0.0249,1.98
22.82,0.0048,0.0611,0.0716,0.0247,1.99
22.84,0.0056,0.0681,0.0716,0.0244,1.94
22.86,0.0056,0.0681,0.0716,0.0243,1.93
22.88,0.0045,0.0602,0.0720,0.0242,1.95
22.90,0.0058,0.0593,0.0690,0.0240,1.90
22.92,0.0043,0.0593,0.0721,0.0237,1.92
22.94,0.0061,0.0663,0.0721,0.0237,1.87
22.96,0.0061,0.0587,0.0691,0.0235,1.85
22.98,0.0041,0.0587,0.0721,0.0233,1.88
23.00,0.0063,0.0586,0.0686,0.0233,1.83
23.02,0.0038,0.0586,0.0712,0.0234,1.89
23.04,0.0068,0.0656,0.0712,0.0235,1.83
23.06,0.0068,0.0580,0.0682,0.0232,1.81
23.08,0.0033,0.0580,0.0710,0.0228,1.85
23.10,0.0072,0.0579,0.0676,0.0230,1.78
23.12,0.0031,0.0579,0.0705,0.0223,1.82
23.14,0.0074,0.0648,0.0705,0.0227,1.75
23.16,0.0074,0.0583,0.0661,0.0223,1.71
23.18,0.0028,0.0583,0.0689,0.0215,1.75
23.20,0.0077,0.0587,0.0646,0.0220,1.68
23.22,0.0025,0.0587,0.0672,0.0212,1.73
23.24,0.0079,0.0654,0.0672,0.0219,1.66
23.26,0.0079,0.0591,0.0629,0.0214,1.62
23.28,0.0023,0.0591,0.0654,0.0206,1.68
23.30,0.0082,0.0598,0.0609,0.0212,1.59
23.32,0.0020,0.0598,0.0635,0.0201,1.64
23.34,0.0083,0.0666,0.0635,0.0208,1.56
23.36,0.0083,0.0602,0.0593,0.0203,1.51
23.38,0.0022,0.0602,0.0619,0.0191,1.56
23.40,0.0081,0.0604,0.0579,0.0198,1.47
23.42,0.0023,0.0604,0.0604,0.0188,1.53
23.44,0.0079,0.0673,0.0604,0.0192,1.42
23.46,0.0079,0.0606,0.0567,0.0185,1.36
23.48,0.0022,0.0606,0.0590,0.0175,1.43
23.50,0.0082,0.0607,0.0556,0.0183,1.33
23.52,0.0019,0.0607,0.0578,0.0172,1.40
23.54,0.0085,0.0674,0.0578,0.0182,1.31
23.56,0.0085,0.0599,0.0553,0.0175,1.25
23.58,0.0019,0.0599,0.0573,0.0164,1.33
23.60,0.0086,0.0593,0.0546,0.0175,1.24
23.62,0.0015,0.0593,0.0567,0.0161,1.31
23.64,0.0089,0.0660,0.0567,0.0173,1.21
23.66,0.0089,0.0584,0.0544,0.0165,1.13
23.68,0.0012,0.0584,0.0562,0.0150,1.23
23.70,0.0093,0.0575,0.0541,0.0166,1.12
23.72,0.0006,0.0575,0.0563,0.0142,1.16
23.74,0.0097,0.0642,0.0563,0.0161,1.04
23.76,0.0097,0.0566,0.0542,0.0153,0.96
23.78,0.0004,0.0566,0.0561,0.0128,1.05
23.80,0.0097,0.0552,0.0544,0.0150,0.93
23.82,0.0002,0.0552,0.0566,0.0120,0.98
23.84,0.0099,0.0618,0.0566,0.0144,0.85
23.86,0.0099,0.0545,0.0544,0.0136,0.77
23.88,0.0004,0.0545,0.0564,0.0103,0.85
23.90,0.0099,0.0539,0.0540,0.0133,0.72
23.92,0.0002,0.0539,0.0567,0.0089,0.73
23.94,0.0101,0.0605,0.0567,0.0125,0.60
23.96,0.0101,0.0532,0.0546,0.0119,0.51
23.98,0.0002,0.0532,0.0566,0.0071,0.58
24.00,0.0104,0.0529,0.0541,0.0119,0.47
24.02,0.0004,0.0529,0.0563,0.0063,0.51
24.04,0.0111,0.0596,0.0563,0.0121,0.39
24.06,0.0111,0.0530,0.0534,0.0116,0.29
24.08,0.0012,0.0530,0.0551,0.0047,0.37
24.10,0.0117,0.0530,0.0523,0.0121,0.24
24.12,0.0018,0.0530,0.0546,0.0038,0.27
24.14,0.0122,0.0596,0.0546,0.0124,0.14
24.16,0.0122,0.0531,0.0511,0.0122,0.03
24.18,0.0021,0.0531,0.0529,0.0025,0.11
24.20,0.0125,0.0532,0.0498,0.0125,0.02
24.22,0.0027,0.0532,0.0519,0.0027,0.01
24.24,0.0131,0.0597,0.0519,0.0132,0.12
24.26,0.0131,0.0533,0.0489,0.0134,0.23
24.28,0.0032,0.0533,0.0508,0.0039,0.18
24.30,0.0135,0.0534,0.0479,0.0141,0.32
24.32,0.0034,0.0534,0.0509,0.0055,0.35
24.34,0.0136,0.0597,0.0509,0.0149,0.48
24.36,0.0136,0.0533,0.0481,0.0155,0.60
24.38,0.0032,0.0533,0.0519,0.0092,0.70
24.40,0.0134,0.0531,0.0493,0.0169,0.84
24.42,0.0032,0.0531,0.0534,0.0124,0.97
24.44,0.0134,0.0594,0.0534,0.0191,1.10
24.46,0.0134,0.0530,0.0509,0.0202,1.23
24.48,0.0030,0.0530,0.0550,0.0169,1.36
24.50,0.0134,0.0525,0.0527,0.0225,1.46
24.52,0.0032,0.0525,0.0567,0.0197,1.59
24.54,0.0134,0.0586,0.0567,0.0249,1.70
24.56,0.0134,0.0520,0.0542,0.0263,1.84
24.58,0.0029,0.0520,0.0577,0.0236,1.92
24.60,0.0131,0.0516,0.0554,0.0283,2.04
24.62,0.0025,0.0516,0.0586,0.0258,2.10
24.64,0.0127,0.0576,0.0586,0.0301,2.21
24.66,0.0127,0.0513,0.0560,0.0316,2.35
24.68,0.0018,0.0513,0.0588,0.0290,2.37
24.70,0.0120,0.0510,0.0559,0.0327,2.47
24.72,0.0012,0.0510,0.0588,0.0306,2.50
24.74,0.0114,0.0570,0.0588,0.0325,2.47
