t,d01_err,d02_err,d12_err,o_error,o_error_deg
0.00,0.7000,0.7000,0.7000,0.0000,56.31
0.02,0.7000,0.7000,0.7000,0.0000,56.31
0.04,0.7000,0.7000,0.7000,0.0000,56.31
0.06,0.7000,0.7000,0.7000,0.0000,56.31
0.08,0.7000,0.7000,0.7000,0.0000,56.31
0.10,0.7000,0.7000,0.7000,0.0000,56.31
0.12,0.7000,0.7000,0.7000,0.0000,56.31
0.14,0.7000,0.7000,0.7000,0.0000,56.31
0.16,0.7000,0.7000,0.7000,0.0000,56.31
0.18,0.7000,0.7000,0.7000,0.0000,56.31
0.20,0.7000,0.7000,0.7000,0.0000,56.31
0.22,0.4999,0.4999,0.7000,0.2001,56.26
0.24,0.4999,0.7142,0.5807,0.2001,56.26
0.26,0.4181,0.7142,0.8000,1.1181,29.74
0.28,0.4181,0.7142,0.8000,1.1181,29.74
0.30,0.4181,0.7142,0.8000,1.1181,29.74
0.32,0.4181,0.7142,0.8000,1.1181,29.74
0.34,0.4181,0.7142,0.8000,1.1181,29.74
0.36,0.4181,0.7142,0.8000,1.1181,29.74
0.38,0.4181,0.7142,0.8000,1.1181,29.74
0.40,0.4181,0.7142,0.8000,1.1181,29.74
0.42,0.4181,0.7142,0.8000,1.1181,29.74
0.44,0.4181,0.7142,0.8000,1.1181,29.74
0.46,0.4181,0.7142,0.8000,1.1181,29.74
0.48,0.4181,0.7142,0.8000,1.1181,29.74
0.50,0.4181,0.7142,0.8000,1.1181,29.74
0.52,0.4181,0.7142,0.8000,1.1181,29.74
0.54,0.4181,0.7142,0.8000,1.1181,29.74
0.56,0.4181,0.7142,0.8000,1.1181,29.74
0.58,0.4181,0.7142,0.8000,1.1181,29.74
0.60,0.4181,0.7142,0.8000,1.1181,29.74
0.62,0.4181,0.7142,0.8000,1.1181,29.74
0.64,0.4181,0.7142,0.8000,1.1181,29.74
0.66,0.4181,0.7142,0.8000,1.1181,29.74
0.68,0.4181,0.7142,0.8000,1.1181,29.74
0.70,0.4181,0.7142,0.8000,1.1181,29.74
0.72,0.4181,0.7142,0.8000,1.1181,29.74
0.74,0.4181,0.7142,0.8000,1.1181,29.74
0.76,0.4181,0.7142,0.8000,1.1181,29.74
0.78,0.4181,0.7142,0.8000,1.1181,29.74
0.80,0.4181,0.7142,0.8000,1.1181,29.74
0.82,0.4181,0.7142,0.8000,1.1181,29.74
0.84,0.4181,0.7142,0.8000,1.1181,29.74
0.86,0.4181,0.7142,0.8000,1.1181,29.74
0.88,0.4181,0.7142,0.8000,1.1181,29.74
0.90,0.4181,0.7142,0.8000,1.1181,29.74
0.92,0.4181,0.7142,0.8000,1.1181,29.74
0.94,0.4181,0.7142,0.8000,1.1181,29.74
0.96,0.4181,0.7142,0.8000,1.1181,29.74
0.98,0.4181,0.7142,0.8000,1.1181,29.74
1.00,0.4181,0.7142,0.8000,1.1181,29.74
1.02,0.4181,0.7142,0.8000,1.1181,29.74
1.04,0.4181,0.7142,0.8000,1.1181,29.74
1.06,0.4181,0.7142,0.8000,1.1181,29.74
1.08,0.4181,0.7142,0.8000,1.1181,29.74
1.10,0.4181,0.7142,0.8000,1.1181,29.74
1.12,0.4181,0.7142,0.8000,1.1181,29.74
1.14,0.4181,0.7142,0.8000,1.1181,29.74
1.16,0.4181,0.7142,0.8000,1.1181,29.74
1.18,0.4181,0.7142,0.8000,1.1181,29.74
1.20,0.4181,0.7142,0.8000,1.1181,29.74
1.22,0.4181,0.7142,0.8000,1.1181,29.74
1.24,0.4181,0.7142,0.8000,1.1181,29.74
1.26,0.4181,0.7142,0.8000,1.1181,29.74
1.28,0.4181,0.7142,0.8000,1.1181,29.74
1.30,0.4181,0.7142,0.8000,1.1181,29.74
1.32,0.4181,0.7142,0.8000,1.1181,29.74
1.34,0.4181,0.7142,0.8000,1.1181,29.74
1.36,0.4181,0.7142,0.8000,1.1181,29.74
1.38,0.4181,0.7142,0.8000,1.1181,29.74
1.40,0.4181,0.7142,0.8000,1.1181,29.74
1.42,0.4181,0.7142,0.8000,1.1181,29.74
1.44,0.4181,0.7142,0.8000,1.1181,29.74
1.46,0.4181,0.7142,0.8000,1.1181,29.74
1.48,0.4181,0.7142,0.8000,1.1181,29.74
1.50,0.4181,0.7142,0.8000,1.1181,29.74
1.52,0.4181,0.7142,0.8000,1.1181,29.74
1.54,0.4181,0.7142,0.8000,1.1181,29.74
1.56,0.4181,0.7142,0.8000,1.1181,29.74
1.58,0.4181,0.7142,0.8000,1.1181,29.74
1.60,0.4181,0.7142,0.8000,1.1181,29.74
1.62,0.4181,0.7142,0.8000,1.1181,29.74
1.64,0.4181,0.7142,0.8000,1.1181,29.74
1.66,0.4181,0.7142,0.8000,1.1181,29.74
1.68,0.4181,0.7142,0.8000,1.1181,29.74
1.70,0.4181,0.7142,0.8000,1.1181,29.74
1.72,0.4181,0.7142,0.8000,1.1181,29.74
1.74,0.4181,0.7142,0.8000,1.1181,29.74
1.76,0.4181,0.7142,0.8000,1.1181,29.74
1.78,0.4181,0.7142,0.8000,1.1181,29.74
1.80,0.4181,0.7142,0.8000,1.1181,29.74
1.82,0.4181,0.7142,0.8000,1.1181,29.74
1.84,0.4181,0.7142,0.8000,1.1181,29.74
1.86,0.4181,0.7142,0.8000,1.1181,29.74
1.88,0.4181,0.7142,0.8000,1.1181,29.74
1.90,0.4181,0.7142,0.8000,1.1181,29.74
1.92,0.4181,0.7142,0.8000,1.1181,29.74
1.94,0.4181,0.7142,0.8000,1.1181,29.74
1.96,0.4181,0.7142,0.8000,1.1181,29.74
1.98,0.4181,0.7142,0.8000,1.1181,29.74
2.00,0.4181,0.7142,0.8000,1.1181,29.74
2.02,0.4181,0.7142,0.8000,1.1181,29.74
2.04,0.4181,0.7142,0.8000,1.1181,29.74
2.06,0.4181,0.7142,0.8000,1.1181,29.74
2.08,0.4181,0.7142,0.8000,1.1181,29.74
2.10,0.4181,0.7142,0.8000,1.1181,29.74
2.12,0.4181,0.7142,0.8000,1.1181,29.74
2.14,0.4181,0.7142,0.8000,1.1181,29.74
2.16,0.4181,0.7142,0.8000,1.1181,29.74
2.18,0.4181,0.7142,0.8000,1.1181,29.74
2.20,0.4181,0.7142,0.8000,1.1181,29.74
2.22,0.4181,0.7142,0.8000,1.1181,29.74
2.24,0.4181,0.7142,0.8000,1.1181,29.74
2.26,0.4181,0.7142,0.8000,1.1181,29.74
2.28,0.4181,0.7142,0.8000,1.1181,29.74
2.30,0.4181,0.7142,0.8000,1.1181,29.74
2.32,0.4181,0.7142,0.8000,1.1181,29.74
2.34,0.4181,0.7142,0.8000,1.1181,29.74
2.36,0.4181,0.7142,0.8000,1.1181,29.74
2.38,0.4181,0.7142,0.8000,1.1181,29.74
2.40,0.4181,0.7142,0.8000,1.1181,29.74
2.42,0.4181,0.7142,0.8000,1.1181,29.74
2.44,0.4181,0.7142,0.8000,1.1181,29.74
2.46,0.4181,0.7142,0.8000,1.1181,29.74
2.48,0.4181,0.7142,0.8000,1.1181,29.74
2.50,0.4181,0.7142,0.8000,1.1181,29.74
2.52,0.4181,0.7142,0.8000,1.1181,29.74
2.54,0.4181,0.7142,0.8000,1.1181,29.74
2.56,0.4181,0.7142,0.8000,1.1181,29.74
2.58,0.4181,0.7142,0.8000,1.1181,29.74
2.60,0.4181,0.7142,0.8000,1.1181,29.74
2.62,0.4181,0.7142,0.8000,1.1181,29.74
2.64,0.4181,0.7142,0.8000,1.1181,29.74
2.66,0.4181,0.7142,0.8000,1.1181,29.74
2.68,0.4181,0.7142,0.8000,1.1181,29.74
2.70,0.4181,0.7142,0.8000,1.1181,29.74
2.72,0.4181,0.7142,0.8000,1.1181,29.74
2.74,0.4181,0.7142,0.8000,1.1181,29.74
2.76,0.4181,0.7142,0.8000,1.1181,29.74
2.78,0.4181,0.7142,0.8000,1.1181,29.74
2.80,0.4181,0.7142,0.8000,1.1181,29.74
2.82,0.4181,0.7142,0.8000,1.1181,29.74
2.84,0.4181,0.7142,0.8000,1.1181,29.74
2.86,0.4181,0.7142,0.8000,1.1181,29.74
2.88,0.4181,0.7142,0.8000,1.1181,29.74
2.90,0.4181,0.7142,0.8000,1.1181,29.74
2.92,0.4181,0.7142,0.8000,1.1181,29.74
2.94,0.4181,0.7142,0.8000,1.1181,29.74
2.96,0.4181,0.7142,0.8000,1.1181,29.74
2.98,0.4181,0.7142,0.8000,1.1181,29.74
3.00,0.4181,0.7142,0.8000,1.1181,29.74
3.02,0.4181,0.7142,0.8000,1.1181,29.74
3.04,0.4181,0.7142,0.8000,1.1181,29.74
3.06,0.4181,0.7142,0.8000,1.1181,29.74
3.08,0.4181,0.7142,0.8000,1.1181,29.74
3.10,0.4181,0.7142,0.8000,1.1181,29.74
3.12,0.4181,0.7142,0.8000,1.1181,29.74
3.14,0.4181,0.7142,0.8000,1.1181,29.74
3.16,0.4181,0.7142,0.8000,1.1181,29.74
3.18,0.4181,0.7142,0.8000,1.1181,29.74
3.20,0.4181,0.7142,0.8000,1.1181,29.74
3.22,0.4181,0.7142,0.8000,1.1181,29.74
3.24,0.4181,0.7142,0.8000,1.1181,29.74
3.26,0.4181,0.7142,0.8000,1.1181,29.74
3.28,0.4181,0.7142,0.8000,1.1181,29.74
3.30,0.4181,0.7142,0.8000,1.1181,29.74
3.32,0.4181,0.7142,0.8000,1.1181,29.74
3.34,0.4181,0.7142,0.8000,1.1181,29.74
3.36,0.4181,0.7142,0.8000,1.1181,29.74
3.38,0.4181,0.7142,0.8000,1.1181,29.74
3.40,0.4181,0.7142,0.8000,1.1181,29.74
3.42,0.4181,0.7142,0.8000,1.1181,29.74
3.44,0.4181,0.7142,0.8000,1.1181,29.74
3.46,0.4181,0.7142,0.8000,1.1181,29.74
3.48,0.4181,0.7142,0.8000,1.1181,29.74
3.50,0.4181,0.7142,0.8000,1.1181,29.74
3.52,0.4181,0.7142,0.8000,1.1181,29.74
3.54,0.4181,0.7142,0.8000,1.1181,29.74
3.56,0.4181,0.7142,0.8000,1.1181,29.74
3.58,0.4181,0.7142,0.8000,1.1181,29.74
3.60,0.4181,0.7142,0.8000,1.1181,29.74
3.62,0.4181,0.7142,0.8000,1.1181,29.74
3.64,0.4181,0.7142,0.8000,1.1181,29.74
3.66,0.4181,0.7142,0.8000,1.1181,29.74
3.68,0.4181,0.7142,0.8000,1.1181,29.74
3.70,0.4181,0.7142,0.8000,1.1181,29.74
3.72,0.4181,0.7142,0.8000,1.1181,29.74
3.74,0.4181,0.7142,0.8000,1.1181,29.74
3.76,0.4181,0.7142,0.8000,1.1181,29.74
3.78,0.4181,0.7142,0.8000,1.1181,29.74
3.80,0.4181,0.7142,0.8000,1.1181,29.74
3.82,0.4181,0.7142,0.8000,1.1181,29.74
3.84,0.4181,0.7142,0.8000,1.1181,29.74
3.86,0.4181,0.7142,0.8000,1.1181,29.74
3.88,0.4181,0.7142,0.8000,1.1181,29.74
3.90,0.4181,0.7142,0.8000,1.1181,29.74
3.92,0.4181,0.7142,0.8000,1.1181,29.74
3.94,0.4181,0.7142,0.8000,1.1181,29.74
3.96,0.4181,0.7142,0.8000,1.1181,29.74
3.98,0.4181,0.7142,0.8000,1.1181,29.74
4.00,0.4181,0.7142,0.8000,1.1181,29.74
4.02,0.4181,0.7142,0.8000,1.1181,29.74
4.04,0.4181,0.7142,0.8000,1.1181,29.74
4.06,0.4181,0.7142,0.8000,1.1181,29.74
4.08,0.4181,0.7142,0.8000,1.1181,29.74
4.10,0.4181,0.7142,0.8000,1.1181,29.74
4.12,0.4181,0.7142,0.8000,1.1181,29.74
4.14,0.4181,0.7142,0.8000,1.1181,29.74
4.16,0.4181,0.7142,0.8000,1.1181,29.74
4.18,0.4181,0.7142,0.8000,1.1181,29.74
4.20,0.4181,0.7142,0.8000,1.1181,29.74
4.22,0.4181,0.7142,0.8000,1.1181,29.74
4.24,0.4181,0.7142,0.8000,1.1181,29.74
4.26,0.4181,0.7142,0.8000,1.1181,29.74
4.28,0.4181,0.7142,0.8000,1.1181,29.74
4.30,0.4181,0.7142,0.8000,1.1181,29.74
4.32,0.4181,0.7142,0.8000,1.1181,29.74
4.34,0.4181,0.7142,0.8000,1.1181,29.74
4.36,0.4181,0.7142,0.8000,1.1181,29.74
4.38,0.4181,0.7142,0.8000,1.1181,29.74
4.40,0.4181,0.7142,0.8000,1.1181,29.74
4.42,0.4181,0.7142,0.8000,1.1181,29.74
4.44,0.4181,0.7142,0.8000,1.1181,29.74
4.46,0.4181,0.7142,0.8000,1.1181,29.74
4.48,0.4181,0.7142,0.8000,1.1181,29.74
4.50,0.4181,0.7142,0.8000,1.1181,29.74
4.52,0.4181,0.7142,0.8000,1.1181,29.74
4.54,0.4181,0.7142,0.8000,1.1181,29.74
4.56,0.4181,0.7142,0.8000,1.1181,29.74
4.58,0.4181,0.7142,0.8000,1.1181,29.74
4.60,0.4181,0.7142,0.8000,1.1181,29.74
4.62,0.4181,0.7142,0.8000,1.1181,29.74
4.64,0.4181,0.7142,0.8000,1.1181,29.74
4.66,0.4181,0.7142,0.8000,1.1181,29.74
4.68,0.4181,0.7142,0.8000,1.1181,29.74
4.70,0.4181,0.7142,0.8000,1.1181,29.74
4.72,0.4181,0.7142,0.8000,1.1181,29.74
4.74,0.4181,0.7142,0.8000,1.1181,29.74
4.76,0.4181,0.7142,0.8000,1.1181,29.74
4.78,0.4181,0.7142,0.8000,1.1181,29.74
4.80,0.4181,0.7142,0.8000,1.1181,29.74
4.82,0.4181,0.7142,0.8000,1.1181,29.74
4.84,0.4181,0.7142,0.8000,1.1181,29.74
4.86,0.4181,0.7142,0.8000,1.1181,29.74
4.88,0.4181,0.7142,0.8000,1.1181,29.74
4.90,0.4181,0.7142,0.8000,1.1181,29.74
4.92,0.4181,0.7142,0.8000,1.1181,29.74
4.94,0.4181,0.7142,0.8000,1.1181,29.74
4.96,0.4181,0.7142,0.8000,1.1181,29.74
4.98,0.4181,0.7142,0.8000,1.1181,29.74
5.00,0.4181,0.7142,0.8000,1.1181,29.74
5.02,0.4181,0.7142,0.8000,0.5832,26.57
5.04,0.4181,0.7142,0.8000,0.5832,26.57
5.06,0.4181,0.7142,0.8000,0.5832,26.57
5.08,0.4181,0.7142,0.8000,0.5832,26.57
5.10,0.4181,0.7142,0.8000,0.5832,26.57
5.12,0.4181,0.7142,0.8000,0.5832,26.57
5.14,0.4181,0.7141,0.8001,0.5832,26.57
5.16,0.4181,0.7138,0.8002,0.5832,26.57
5.18,0.4177,0.7139,0.8002,0.5829,26.58
5.20,0.4177,0.7139,0.8002,0.5829,26.58
5.22,0.4177,0.7140,0.8002,0.5829,26.57
5.24,0.4177,0.7126,0.8001,0.5829,26.57
5.26,0.4165,0.7093,0.7993,0.5822,26.60
5.28,0.4140,0.7094,0.7988,0.5805,26.64
5.30,0.4140,0.7094,0.7988,0.5805,26.64
5.32,0.4145,0.7097,0.7988,0.5807,26.63
5.34,0.4145,0.7047,0.7972,0.5807,26.63
5.36,0.4099,0.6980,0.7944,0.5777,26.70
5.38,0.4039,0.6989,0.7929,0.5732,26.75
5.40,0.4039,0.6989,0.7929,0.5732,26.75
5.42,0.4056,0.7001,0.7929,0.5742,26.72
5.44,0.4056,0.6912,0.7901,0.5742,26.72
5.46,0.3968,0.6912,0.7880,0.5680,26.82
5.48,0.3883,0.6822,0.7811,0.5616,26.87
5.50,0.3883,0.6822,0.7811,0.5616,26.87
5.52,0.3913,0.6848,0.7811,0.5631,26.78
5.54,0.3913,0.6721,0.7764,0.5631,26.78
5.56,0.3786,0.6580,0.7672,0.5539,26.91
5.58,0.3683,0.6612,0.7632,0.5460,26.96
5.60,0.3683,0.6612,0.7632,0.5460,26.96
5.62,0.3732,0.6650,0.7632,0.5485,26.82
5.64,0.3732,0.6492,0.7568,0.5485,26.82
5.66,0.3577,0.6318,0.7447,0.5377,26.98
5.68,0.3463,0.6363,0.7393,0.5284,26.97
5.70,0.3463,0.6363,0.7393,0.5284,26.97
5.72,0.3526,0.6411,0.7393,0.5317,26.80
5.74,0.3526,0.6227,0.7309,0.5317,26.80
5.76,0.3345,0.6033,0.7154,0.5188,26.95
5.78,0.3221,0.6086,0.7084,0.5081,26.87
5.80,0.3221,0.6086,0.7084,0.5081,26.87
5.82,0.3292,0.6140,0.7084,0.5116,26.67
5.84,0.3292,0.5935,0.6980,0.5116,26.67
5.86,0.3091,0.5720,0.6791,0.4971,26.78
5.88,0.2956,0.5778,0.6706,0.4852,26.64
5.90,0.2956,0.5778,0.6706,0.4852,26.64
5.92,0.3034,0.5838,0.6706,0.4886,26.42
5.94,0.3034,0.5619,0.6589,0.4886,26.42
5.96,0.2817,0.5387,0.6363,0.4728,26.48
5.98,0.2671,0.5450,0.6272,0.4598,26.29
6.00,0.2671,0.5450,0.6272,0.4598,26.29
6.02,0.2752,0.5514,0.6272,0.4630,26.05
6.04,0.2752,0.5276,0.6127,0.4630,26.05
6.06,0.2527,0.5036,0.5886,0.4473,26.12
6.08,0.2382,0.5102,0.5798,0.4351,25.96
6.10,0.2382,0.5102,0.5798,0.4351,25.96
6.12,0.2467,0.5168,0.5798,0.4382,25.71
6.14,0.2467,0.4922,0.5634,0.4382,25.71
6.16,0.2237,0.4670,0.5374,0.4233,25.82
6.18,0.2325,0.4739,0.5374,0.4264,25.56
6.20,0.2095,0.4739,0.5297,0.4123,25.72
6.22,0.2183,0.4808,0.5297,0.4152,25.45
6.24,0.2183,0.4554,0.5113,0.4152,25.45
6.26,0.1954,0.4302,0.4851,0.4019,25.63
6.28,0.2043,0.4372,0.4851,0.4047,25.36
6.30,0.1817,0.4372,0.4782,0.3922,25.56
6.32,0.1906,0.4444,0.4782,0.3946,25.27
6.34,0.1906,0.4188,0.4583,0.3946,25.27
6.36,0.1683,0.3935,0.4318,0.3835,25.54
6.38,0.1772,0.4007,0.4318,0.3856,25.25
6.40,0.1552,0.4007,0.4267,0.3757,25.54
6.42,0.1645,0.4079,0.4267,0.3780,25.27
6.44,0.1645,0.3828,0.4056,0.3780,25.27
6.46,0.1432,0.3578,0.3792,0.3694,25.61
6.48,0.1315,0.3652,0.3756,0.3637,25.68
6.50,0.1315,0.3652,0.3756,0.3637,25.68
6.52,0.1407,0.3729,0.3756,0.3651,25.37
6.54,0.1407,0.3482,0.3526,0.3651,25.37
6.56,0.1204,0.3241,0.3261,0.3585,25.75
6.58,0.1101,0.3319,0.3239,0.3544,25.85
6.60,0.1101,0.3319,0.3239,0.3544,25.85
6.62,0.1193,0.3398,0.3239,0.3552,25.53
6.64,0.1193,0.3161,0.2998,0.3552,25.53
6.66,0.1002,0.2928,0.2735,0.3508,25.96
6.68,0.0910,0.3008,0.2722,0.3477,26.06
6.70,0.0910,0.3008,0.2722,0.3477,26.06
6.72,0.0999,0.3088,0.2722,0.3480,25.74
6.74,0.0999,0.2862,0.2472,0.3480,25.74
6.76,0.0999,0.2862,0.2472,0.3480,25.74
6.78,0.0740,0.2728,0.2206,0.3430,26.30
6.80,0.0740,0.2728,0.2206,0.3430,26.30
6.82,0.0830,0.2811,0.2206,0.3428,25.96
6.84,0.0830,0.2605,0.1951,0.3428,25.96
6.86,0.0666,0.2406,0.1708,0.3414,26.43
6.88,0.0596,0.2491,0.1713,0.3400,26.53
6.90,0.0596,0.2491,0.1713,0.3400,26.53
6.92,0.0685,0.2575,0.1713,0.3393,26.19
6.94,0.0685,0.2382,0.1468,0.3393,26.19
6.96,0.0533,0.2186,0.1245,0.3388,26.64
6.98,0.0474,0.2271,0.1260,0.3383,26.78
7.00,0.0474,0.2271,0.1260,0.3383,26.78
7.02,0.0563,0.2357,0.1260,0.3393,26.59
7.04,0.0563,0.2161,0.1041,0.3414,26.76
7.06,0.0421,0.1961,0.0853,0.3438,27.38
7.08,0.0374,0.2048,0.0866,0.3453,27.64
7.10,0.0374,0.2048,0.0866,0.3474,27.82
7.12,0.0459,0.2134,0.0866,0.3481,27.63
7.14,0.0459,0.1936,0.0674,0.3502,27.80
7.16,0.0329,0.1738,0.0510,0.3531,28.41
7.18,0.0289,0.1825,0.0530,0.3552,28.70
7.20,0.0289,0.1825,0.0530,0.3572,28.87
7.22,0.0374,0.1913,0.0530,0.3578,28.68
7.24,0.0374,0.1716,0.0353,0.3599,28.85
7.26,0.0251,0.1515,0.0197,0.3633,29.47
7.28,0.0217,0.1606,0.0218,0.3651,29.71
7.30,0.0217,0.1606,0.0218,0.3672,29.88
7.32,0.0304,0.1696,0.0218,0.3676,29.68
7.34,0.0304,0.1495,0.0042,0.3696,29.85
7.36,0.0188,0.1295,0.0109,0.3735,30.49
7.38,0.0164,0.1388,0.0086,0.3758,30.75
7.40,0.0164,0.1388,0.0086,0.3778,30.91
7.42,0.0251,0.1482,0.0086,0.3776,30.67
7.44,0.0251,0.1280,0.0257,0.3796,30.84
7.46,0.0142,0.1073,0.0405,0.3838,31.47
7.48,0.0125,0.1168,0.0379,0.3860,31.70
7.50,0.0125,0.1168,0.0379,0.3880,31.87
7.52,0.0213,0.1265,0.0379,0.3877,31.61
7.54,0.0213,0.1057,0.0548,0.3896,31.78
7.56,0.0112,0.0845,0.0683,0.3941,32.42
7.58,0.0100,0.0942,0.0656,0.3964,32.64
7.60,0.0100,0.0942,0.0656,0.3983,32.81
7.62,0.0184,0.1040,0.0656,0.3975,32.52
7.64,0.0184,0.0827,0.0805,0.3994,32.68
7.66,0.0086,0.0612,0.0910,0.4040,33.33
7.68,0.0074,0.0710,0.0885,0.4060,33.53
7.70,0.0074,0.0710,0.0885,0.4079,33.69
7.72,0.0157,0.0807,0.0885,0.4070,33.40
7.74,0.0157,0.0597,0.0995,0.4089,33.56
7.76,0.0062,0.0397,0.1064,0.4134,34.19
7.78,0.0051,0.0493,0.1038,0.4156,34.41
7.80,0.0051,0.0493,0.1038,0.4175,34.57
7.82,0.0133,0.0590,0.1038,0.4166,34.27
7.84,0.0133,0.0400,0.1108,0.4184,34.42
7.86,0.0040,0.0228,0.1149,0.4227,35.04
7.88,0.0030,0.0326,0.1128,0.4241,35.19
7.90,0.0030,0.0326,0.1128,0.4259,35.34
7.92,0.0114,0.0425,0.1128,0.4248,35.02
7.94,0.0114,0.0271,0.1173,0.4266,35.17
7.96,0.0024,0.0137,0.1205,0.4311,35.81
7.98,0.0016,0.0236,0.1182,0.4328,35.97
8.00,0.0016,0.0236,0.1182,0.4345,36.12
8.02,0.0096,0.0334,0.1182,0.4331,35.78
8.04,0.0096,0.0218,0.1237,0.4348,35.93
8.06,0.0009,0.0120,0.1274,0.4394,36.56
8.08,0.0001,0.0219,0.1247,0.4412,36.73
8.10,0.0001,0.0219,0.1247,0.4428,36.88
8.12,0.0077,0.0316,0.1247,0.4411,36.52
8.14,0.0077,0.0233,0.1299,0.4428,36.66
8.16,0.0009,0.0159,0.1321,0.4475,37.31
8.18,0.0016,0.0256,0.1291,0.4492,37.47
8.20,0.0016,0.0256,0.1291,0.4508,37.61
8.22,0.0062,0.0355,0.1291,0.4490,37.24
8.24,0.0062,0.0293,0.1331,0.4506,37.37
8.26,0.0020,0.0242,0.1334,0.4557,38.05
8.28,0.0027,0.0340,0.1301,0.4573,38.20
8.30,0.0027,0.0340,0.1301,0.4588,38.34
8.32,0.0050,0.0439,0.1301,0.4568,37.94
8.34,0.0050,0.0396,0.1333,0.4583,38.07
8.36,0.0030,0.0361,0.1324,0.4633,38.74
8.38,0.0035,0.0459,0.1289,0.4648,38.88
8.40,0.0035,0.0459,0.1289,0.4662,39.00
8.42,0.0041,0.0558,0.1289,0.4642,38.60
8.44,0.0041,0.0529,0.1309,0.4656,38.73
8.46,0.0037,0.0502,0.1290,0.4706,39.39
8.48,0.0038,0.0603,0.1249,0.4721,39.53
8.50,0.0038,0.0603,0.1249,0.4735,39.65
8.52,0.0039,0.0705,0.1249,0.4712,39.22
8.54,0.0039,0.0686,0.1264,0.4725,39.34
8.56,0.0038,0.0667,0.1236,0.4775,40.00
8.58,0.0039,0.0770,0.1191,0.4790,40.13
8.60,0.0039,0.0770,0.1191,0.4803,40.24
8.62,0.0037,0.0872,0.1191,0.4777,39.79
8.64,0.0037,0.0859,0.1199,0.4790,39.91
8.66,0.0038,0.0849,0.1160,0.4843,40.59
8.68,0.0038,0.0951,0.1113,0.4855,40.70
8.70,0.0038,0.0951,0.1113,0.4868,40.81
8.72,0.0037,0.1053,0.1113,0.4841,40.35
8.74,0.0037,0.1039,0.1121,0.4853,40.45
8.76,0.0039,0.1022,0.1082,0.4900,41.10
8.78,0.0041,0.1124,0.1035,0.4907,41.16
8.80,0.0041,0.1124,0.1035,0.4919,41.26
8.82,0.0035,0.1227,0.1035,0.4892,40.80
8.84,0.0035,0.1211,0.1043,0.4904,40.90
8.86,0.0039,0.1193,0.1004,0.4951,41.54
8.88,0.0035,0.1296,0.1004,0.4922,41.06
8.90,0.0039,0.1296,0.0954,0.4969,41.69
8.92,0.0036,0.1399,0.0954,0.4939,41.21
8.94,0.0036,0.1373,0.0965,0.4950,41.30
8.96,0.0040,0.1338,0.0928,0.4995,41.93
8.98,0.0044,0.1440,0.0877,0.5001,42.00
9.00,0.0044,0.1440,0.0877,0.5011,42.08
9.02,0.0029,0.1541,0.0877,0.4982,41.60
9.04,0.0029,0.1494,0.0900,0.4992,41.69
9.06,0.0047,0.1437,0.0876,0.5039,42.34
9.08,0.0052,0.1537,0.0820,0.5047,42.42
9.10,0.0052,0.1537,0.0820,0.5056,42.51
9.12,0.0022,0.1640,0.0820,0.5025,42.00
9.14,0.0022,0.1567,0.0860,0.5034,42.08
9.16,0.0053,0.1483,0.0850,0.5081,42.73
9.18,0.0053,0.1585,0.0791,0.5090,42.81
9.20,0.0053,0.1585,0.0791,0.5098,42.88
9.22,0.0021,0.1688,0.0791,0.5066,42.37
9.24,0.0021,0.1589,0.0848,0.5074,42.44
9.26,0.0052,0.1476,0.0854,0.5122,43.08
9.28,0.0050,0.1579,0.0795,0.5128,43.13
9.30,0.0050,0.1579,0.0795,0.5136,43.20
9.32,0.0022,0.1681,0.0795,0.5102,42.67
9.34,0.0022,0.1554,0.0868,0.5109,42.74
9.36,0.0051,0.1414,0.0888,0.5154,43.37
9.38,0.0051,0.1518,0.0832,0.5155,43.38
9.40,0.0051,0.1518,0.0832,0.5162,43.44
9.42,0.0019,0.1619,0.0832,0.5127,42.90
9.44,0.0019,0.1465,0.0913,0.5133,42.95
9.46,0.0052,0.1301,0.0939,0.5179,43.59
9.48,0.0055,0.1402,0.0882,0.5184,43.64
9.50,0.0055,0.1402,0.0882,0.5189,43.69
9.52,0.0016,0.1504,0.0882,0.5153,43.14
9.54,0.0016,0.1331,0.0965,0.5159,43.19
9.56,0.0057,0.1151,0.0990,0.5204,43.83
9.58,0.0057,0.1255,0.0935,0.5205,43.84
9.60,0.0057,0.1255,0.0935,0.5210,43.88
9.62,0.0016,0.1360,0.0935,0.5172,43.31
9.64,0.0016,0.1175,0.1012,0.5176,43.35
9.66,0.0056,0.1175,0.0956,0.5222,43.98
9.68,0.0056,0.1090,0.0974,0.5224,44.00
9.70,0.0056,0.1090,0.0974,0.5228,44.03
9.72,0.0016,0.1194,0.0974,0.5188,43.45
9.74,0.0016,0.1003,0.1037,0.5192,43.48
9.76,0.0054,0.1003,0.0987,0.5234,44.09
9.78,0.0053,0.0919,0.0986,0.5235,44.09
9.80,0.0053,0.0919,0.0986,0.5238,44.12
9.82,0.0019,0.1023,0.0986,0.5198,43.52
9.84,0.0019,0.0837,0.1024,0.5200,43.55
9.86,0.0052,0.0657,0.1001,0.5240,44.13
9.88,0.0051,0.0763,0.0957,0.5238,44.11
9.90,0.0051,0.0763,0.0957,0.5240,44.13
9.92,0.0023,0.0866,0.0957,0.5202,43.55
9.94,0.0023,0.0699,0.0963,0.5204,43.57
9.96,0.0048,0.0541,0.0911,0.5243,44.15
9.98,0.0048,0.0644,0.0868,0.5241,44.13
10.00,0.0048,0.0644,0.0868,0.5243,44.14
10.02,0.0025,0.0748,0.0868,0.5202,43.54
10.04,0.0025,0.0603,0.0843,0.5203,43.55
10.06,0.0049,0.0471,0.0772,0.5241,44.13
10.08,0.0049,0.0574,0.0731,0.5238,44.10
10.10,0.0049,0.0574,0.0731,0.5238,44.10
10.12,0.0023,0.0677,0.0731,0.5197,43.51
10.14,0.0023,0.0555,0.0696,0.5197,43.51
10.16,0.0050,0.0444,0.0620,0.5235,44.08
10.18,0.0050,0.0545,0.0579,0.5235,44.08
10.20,0.0050,0.0545,0.0579,0.5234,44.07
10.22,0.0021,0.0647,0.0579,0.5191,43.46
10.24,0.0021,0.0548,0.0537,0.5191,43.46
10.26,0.0053,0.0459,0.0455,0.5228,44.02
10.28,0.0057,0.0562,0.0420,0.5219,43.96
10.30,0.0057,0.0562,0.0420,0.5218,43.95
10.32,0.0013,0.0663,0.0420,0.5173,43.33
10.34,0.0013,0.0583,0.0375,0.5172,43.31
10.36,0.0059,0.0510,0.0294,0.5210,43.88
10.38,0.0063,0.0612,0.0255,0.5205,43.86
10.40,0.0063,0.0612,0.0255,0.5203,43.84
10.42,0.0009,0.0711,0.0255,0.5161,43.23
10.44,0.0009,0.0643,0.0219,0.5158,43.21
10.46,0.0066,0.0572,0.0153,0.5196,43.78
10.48,0.0072,0.0673,0.0115,0.5190,43.75
10.50,0.0072,0.0673,0.0115,0.5187,43.73
10.52,0.0001,0.0773,0.0115,0.5141,43.09
10.54,0.0001,0.0695,0.0107,0.5137,43.06
10.56,0.0001,0.0695,0.0107,0.5134,43.03
10.58,0.0004,0.0719,0.0073,0.5125,42.96
10.60,0.0078,0.0719,0.0035,0.5161,43.52
10.62,0.0005,0.0821,0.0035,0.5114,42.87
10.64,0.0005,0.0736,0.0051,0.5110,42.83
10.66,0.0080,0.0651,0.0038,0.5145,43.38
10.68,0.0082,0.0754,0.0001,0.5138,43.32
10.70,0.0082,0.0754,0.0001,0.5133,43.28
10.72,0.0007,0.0855,0.0001,0.5088,42.64
10.74,0.0007,0.0764,0.0033,0.5082,42.59
10.76,0.0083,0.0671,0.0038,0.5115,43.12
10.78,0.0086,0.0776,0.0004,0.5101,43.01
10.80,0.0086,0.0776,0.0004,0.5096,42.96
10.82,0.0011,0.0880,0.0004,0.5047,42.30
10.84,0.0011,0.0781,0.0056,0.5041,42.24
10.86,0.0087,0.0678,0.0078,0.5073,42.76
10.88,0.0089,0.0782,0.0043,0.5062,42.67
10.90,0.0089,0.0782,0.0043,0.5055,42.61
10.92,0.0014,0.0884,0.0043,0.5007,41.95
10.94,0.0014,0.0779,0.0108,0.5000,41.89
10.96,0.0093,0.0674,0.0143,0.5030,42.40
10.98,0.0098,0.0777,0.0107,0.5018,42.31
11.00,0.0098,0.0777,0.0107,0.5010,42.24
11.02,0.0024,0.0876,0.0107,0.4964,41.60
11.04,0.0024,0.0770,0.0180,0.4956,41.54
11.06,0.0102,0.0662,0.0219,0.4986,42.04
11.08,0.0105,0.0762,0.0183,0.4977,41.97
11.10,0.0105,0.0762,0.0183,0.4969,41.90
11.12,0.0030,0.0863,0.0183,0.4919,41.24
11.14,0.0030,0.0752,0.0264,0.4911,41.16
11.16,0.0107,0.0639,0.0308,0.4941,41.65
11.18,0.0109,0.0739,0.0270,0.4934,41.60
11.20,0.0109,0.0739,0.0270,0.4925,41.52
11.22,0.0033,0.0840,0.0270,0.4875,40.86
11.24,0.0033,0.0726,0.0345,0.4866,40.78
11.26,0.0109,0.0614,0.0381,0.4897,41.27
11.28,0.0109,0.0714,0.0342,0.4888,41.20
11.30,0.0109,0.0714,0.0342,0.4878,41.11
11.32,0.0033,0.0816,0.0342,0.4828,40.45
11.34,0.0033,0.0703,0.0410,0.4818,40.35
11.36,0.0109,0.0589,0.0432,0.4846,40.82
11.38,0.0109,0.0689,0.0394,0.4836,40.74
11.40,0.0109,0.0689,0.0394,0.4825,40.64
11.42,0.0033,0.0790,0.0394,0.4775,39.98
11.44,0.0033,0.0679,0.0436,0.4764,39.88
11.46,0.0110,0.0571,0.0432,0.4790,40.34
11.48,0.0111,0.0671,0.0397,0.4778,40.23
11.50,0.0111,0.0671,0.0397,0.4766,40.13
11.52,0.0034,0.0774,0.0397,0.4713,39.45
11.54,0.0034,0.0670,0.0416,0.4701,39.34
11.56,0.0112,0.0569,0.0393,0.4727,39.79
11.58,0.0111,0.0672,0.0360,0.4712,39.65
11.60,0.0111,0.0672,0.0360,0.4699,39.54
11.62,0.0033,0.0774,0.0360,0.4646,38.86
11.64,0.0033,0.0676,0.0366,0.4633,38.75
11.66,0.0110,0.0577,0.0338,0.4659,39.19
11.68,0.0109,0.0678,0.0306,0.4644,39.05
11.70,0.0109,0.0678,0.0306,0.4631,38.94
11.72,0.0028,0.0778,0.0306,0.4581,38.28
11.74,0.0028,0.0685,0.0307,0.4567,38.16
11.76,0.0105,0.0590,0.0283,0.4589,38.56
11.78,0.0104,0.0691,0.0253,0.4572,38.41
11.80,0.0104,0.0691,0.0253,0.4559,38.29
11.82,0.0021,0.0793,0.0253,0.4508,37.63
11.84,0.0021,0.0698,0.0262,0.4494,37.50
11.86,0.0101,0.0604,0.0246,0.4513,37.88
11.88,0.0098,0.0704,0.0218,0.4496,37.73
11.90,0.0098,0.0704,0.0218,0.4482,37.61
11.92,0.0021,0.0802,0.0218,0.4428,36.94
11.94,0.0021,0.0708,0.0233,0.4413,36.81
11.96,0.0103,0.0615,0.0223,0.4432,37.18
11.98,0.0104,0.0713,0.0197,0.4412,37.02
12.00,0.0104,0.0713,0.0197,0.4397,36.88
12.02,0.0023,0.0809,0.0197,0.4348,36.25
12.04,0.0023,0.0714,0.0224,0.4332,36.11
12.06,0.0107,0.0617,0.0231,0.4349,36.47
12.08,0.0105,0.0715,0.0206,0.4331,36.32
12.10,0.0105,0.0715,0.0206,0.4315,36.18
12.12,0.0024,0.0812,0.0206,0.4265,35.54
12.14,0.0024,0.0714,0.0241,0.4249,35.40
12.16,0.0104,0.0617,0.0253,0.4266,35.74
12.18,0.0101,0.0714,0.0226,0.4249,35.59
12.20,0.0101,0.0714,0.0226,0.4233,35.45
12.22,0.0019,0.0808,0.0226,0.4184,34.83
12.24,0.0019,0.0711,0.0266,0.4167,34.68
12.26,0.0099,0.0611,0.0281,0.4183,35.02
12.28,0.0099,0.0707,0.0257,0.4164,34.85
12.30,0.0099,0.0707,0.0257,0.4147,34.70
12.32,0.0018,0.0802,0.0257,0.4096,34.07
12.34,0.0018,0.0700,0.0295,0.4079,33.92
12.36,0.0099,0.0599,0.0307,0.4093,34.24
12.38,0.0096,0.0693,0.0284,0.4077,34.09
12.40,0.0096,0.0693,0.0284,0.4059,33.94
12.42,0.0014,0.0786,0.0284,0.4010,33.33
12.44,0.0014,0.0684,0.0320,0.3992,33.17
12.46,0.0095,0.0684,0.0298,0.4005,33.47
12.48,0.0091,0.0676,0.0311,0.3987,33.30
12.50,0.0091,0.0676,0.0311,0.3968,33.15
12.52,0.0007,0.0772,0.0311,0.3918,32.52
12.54,0.0007,0.0673,0.0340,0.3899,32.36
12.56,0.0091,0.0571,0.0350,0.3910,32.65
12.58,0.0087,0.0668,0.0330,0.3889,32.46
12.60,0.0087,0.0668,0.0330,0.3870,32.30
12.62,0.0001,0.0763,0.0330,0.3821,31.68
12.64,0.0001,0.0666,0.0353,0.3802,31.52
12.66,0.0085,0.0569,0.0353,0.3813,31.80
12.68,0.0082,0.0664,0.0335,0.3791,31.61
12.70,0.0082,0.0664,0.0335,0.3772,31.44
12.72,0.0005,0.0760,0.0335,0.3721,30.82
12.74,0.0005,0.0666,0.0352,0.3702,30.66
12.76,0.0078,0.0573,0.0353,0.3709,30.90
12.78,0.0074,0.0667,0.0339,0.3686,30.69
12.80,0.0074,0.0667,0.0339,0.3666,30.52
12.82,0.0013,0.0761,0.0339,0.3618,29.92
12.84,0.0013,0.0668,0.0352,0.3598,29.76
12.86,0.0071,0.0575,0.0351,0.3602,29.97
12.88,0.0066,0.0669,0.0339,0.3580,29.77
12.90,0.0066,0.0669,0.0339,0.3560,29.60
12.92,0.0022,0.0765,0.0339,0.3509,28.98
12.94,0.0022,0.0673,0.0352,0.3489,28.81
12.96,0.0065,0.0582,0.0352,0.3493,29.03
12.98,0.0061,0.0673,0.0342,0.3470,28.82
13.00,0.0061,0.0673,0.0342,0.3450,28.65
13.02,0.0029,0.0765,0.0342,0.3405,28.09
13.04,0.0029,0.0674,0.0355,0.3384,27.92
13.06,0.0059,0.0584,0.0357,0.3387,28.12
13.08,0.0058,0.0678,0.0347,0.3363,27.91
13.10,0.0058,0.0678,0.0347,0.3343,27.74
13.12,0.0031,0.0770,0.0347,0.3296,27.17
13.14,0.0031,0.0681,0.0359,0.3276,27.00
13.16,0.0054,0.0592,0.0361,0.3279,27.19
13.18,0.0052,0.0685,0.0353,0.3254,26.98
13.20,0.0052,0.0685,0.0353,0.3234,26.81
13.22,0.0039,0.0778,0.0353,0.3187,26.24
13.24,0.0039,0.0690,0.0363,0.3166,26.07
13.26,0.0048,0.0690,0.0355,0.3168,26.25
13.28,0.0041,0.0691,0.0366,0.3124,25.71
13.30,0.0048,0.0691,0.0359,0.3125,25.89
13.32,0.0039,0.0778,0.0359,0.3082,25.36
13.34,0.0039,0.0689,0.0370,0.3061,25.19
13.36,0.0050,0.0600,0.0374,0.3064,25.37
13.38,0.0051,0.0686,0.0368,0.3041,25.18
13.40,0.0051,0.0686,0.0368,0.3020,25.01
13.42,0.0036,0.0772,0.0368,0.2977,24.49
13.44,0.0036,0.0681,0.0383,0.2957,24.32
13.46,0.0053,0.0591,0.0391,0.2957,24.48
13.48,0.0056,0.0677,0.0387,0.2934,24.29
13.50,0.0056,0.0677,0.0387,0.2914,24.12
13.52,0.0032,0.0762,0.0387,0.2872,23.62
13.54,0.0032,0.0672,0.0401,0.2851,23.45
13.56,0.0060,0.0582,0.0412,0.2850,23.59
13.58,0.0061,0.0667,0.0408,0.2827,23.40
13.60,0.0061,0.0667,0.0408,0.2807,23.23
13.62,0.0026,0.0753,0.0408,0.2762,22.72
13.64,0.0026,0.0664,0.0421,0.2742,22.55
13.66,0.0065,0.0577,0.0427,0.2742,22.69
13.68,0.0068,0.0661,0.0424,0.2721,22.52
13.70,0.0068,0.0661,0.0424,0.2701,22.35
13.72,0.0021,0.0747,0.0424,0.2659,21.86
13.74,0.0021,0.0659,0.0429,0.2639,21.69
13.76,0.0069,0.0575,0.0430,0.2638,21.83
13.78,0.0067,0.0661,0.0429,0.2616,21.64
13.80,0.0067,0.0661,0.0429,0.2596,21.47
13.82,0.0024,0.0745,0.0429,0.2557,21.01
13.84,0.0024,0.0658,0.0435,0.2538,20.85
13.86,0.0068,0.0573,0.0436,0.2536,20.97
13.88,0.0063,0.0660,0.0438,0.2512,20.76
13.90,0.0063,0.0660,0.0438,0.2492,20.60
13.92,0.0031,0.0747,0.0438,0.2452,20.13
13.94,0.0031,0.0661,0.0440,0.2432,19.96
13.96,0.0061,0.0661,0.0442,0.2430,20.08
13.98,0.0057,0.0665,0.0445,0.2408,19.88
14.00,0.0057,0.0665,0.0445,0.2389,19.72
14.02,0.0041,0.0752,0.0445,0.2351,19.27
14.04,0.0041,0.0668,0.0446,0.2332,19.12
14.06,0.0054,0.0584,0.0454,0.2328,19.21
14.08,0.0051,0.0669,0.0459,0.2304,19.01
14.10,0.0051,0.0669,0.0459,0.2286,18.86
14.12,0.0046,0.0756,0.0459,0.2248,18.42
14.14,0.0046,0.0672,0.0461,0.2230,18.26
14.16,0.0049,0.0590,0.0468,0.2227,18.36
14.18,0.0051,0.0673,0.0472,0.2209,18.22
14.20,0.0051,0.0673,0.0472,0.2190,18.06
14.22,0.0046,0.0759,0.0472,0.2154,17.64
14.24,0.0046,0.0676,0.0472,0.2136,17.49
14.26,0.0048,0.0595,0.0477,0.2133,17.59
14.28,0.0046,0.0678,0.0484,0.2114,17.42
14.30,0.0046,0.0678,0.0484,0.2096,17.28
14.32,0.0051,0.0759,0.0484,0.2066,16.90
14.34,0.0051,0.0677,0.0484,0.2048,16.76
14.36,0.0044,0.0596,0.0491,0.2043,16.83
14.38,0.0041,0.0679,0.0499,0.2024,16.67
14.40,0.0041,0.0679,0.0499,0.2007,16.53
14.42,0.0056,0.0762,0.0499,0.1975,16.15
14.44,0.0056,0.0682,0.0497,0.1958,16.01
14.46,0.0039,0.0603,0.0501,0.1954,16.09
14.48,0.0039,0.0685,0.0512,0.1933,15.91
14.50,0.0039,0.0685,0.0512,0.1917,15.78
14.52,0.0057,0.0766,0.0512,0.1885,15.41
14.54,0.0057,0.0688,0.0507,0.1869,15.27
14.56,0.0039,0.0609,0.0513,0.1863,15.34
14.58,0.0040,0.0687,0.0525,0.1846,15.19
14.60,0.0040,0.0687,0.0525,0.1830,15.06
14.62,0.0052,0.0764,0.0525,0.1801,14.72
14.64,0.0052,0.0686,0.0521,0.1785,14.59
14.66,0.0044,0.0606,0.0527,0.1782,14.67
14.68,0.0051,0.0684,0.0527,0.1754,14.34
14.70,0.0047,0.0684,0.0539,0.1750,14.40
14.72,0.0046,0.0761,0.0539,0.1722,14.08
14.74,0.0046,0.0685,0.0533,0.1707,13.96
14.76,0.0052,0.0608,0.0539,0.1703,14.02
14.78,0.0040,0.0683,0.0539,0.1675,13.70
14.80,0.0055,0.0683,0.0553,0.1670,13.75
14.82,0.0037,0.0758,0.0553,0.1643,13.44
14.84,0.0037,0.0678,0.0546,0.1629,13.32
14.86,0.0059,0.0602,0.0551,0.1625,13.38
14.88,0.0038,0.0680,0.0551,0.1598,13.07
14.90,0.0057,0.0680,0.0566,0.1593,13.11
14.92,0.0041,0.0758,0.0566,0.1569,12.83
14.94,0.0041,0.0678,0.0557,0.1555,12.71
14.96,0.0056,0.0600,0.0563,0.1550,12.76
14.98,0.0054,0.0680,0.0583,0.1529,12.58
15.00,0.0054,0.0680,0.0583,0.1516,12.47
15.02,0.0048,0.0760,0.0583,0.1492,12.19
15.04,0.0048,0.0684,0.0568,0.1480,12.09
15.06,0.0051,0.0605,0.0576,0.1472,12.11
15.08,0.0049,0.0684,0.0595,0.1454,11.96
15.10,0.0049,0.0684,0.0595,0.1442,11.86
15.12,0.0051,0.0763,0.0595,0.1419,11.59
15.14,0.0051,0.0686,0.0581,0.1407,11.49
15.16,0.0048,0.0611,0.0583,0.1403,11.54
15.18,0.0046,0.0690,0.0601,0.1388,11.41
15.20,0.0046,0.0690,0.0601,0.1377,11.32
15.22,0.0054,0.0769,0.0601,0.1354,11.05
15.24,0.0054,0.0695,0.0586,0.1343,10.96
15.26,0.0046,0.0622,0.0589,0.1339,11.00
15.28,0.0045,0.0699,0.0609,0.1325,10.89
15.30,0.0045,0.0699,0.0609,0.1314,10.80
15.32,0.0056,0.0776,0.0609,0.1296,10.57
15.34,0.0056,0.0700,0.0593,0.1286,10.49
15.36,0.0043,0.0626,0.0595,0.1284,10.55
15.38,0.0042,0.0702,0.0616,0.1272,10.45
15.40,0.0042,0.0702,0.0616,0.1262,10.37
15.42,0.0060,0.0781,0.0616,0.1244,10.14
15.44,0.0060,0.0707,0.0597,0.1235,10.07
15.46,0.0040,0.0634,0.0602,0.1229,10.09
15.48,0.0039,0.0711,0.0626,0.1213,9.96
15.50,0.0039,0.0711,0.0626,0.1204,9.89
15.52,0.0060,0.0788,0.0626,0.1186,9.67
15.54,0.0060,0.0714,0.0608,0.1178,9.60
15.56,0.0037,0.0641,0.0610,0.1173,9.63
15.58,0.0036,0.0716,0.0631,0.1162,9.54
15.60,0.0036,0.0716,0.0631,0.1154,9.48
15.62,0.0061,0.0789,0.0631,0.1141,9.29
15.64,0.0061,0.0712,0.0615,0.1133,9.23
15.66,0.0036,0.0636,0.0620,0.1129,9.27
15.68,0.0039,0.0708,0.0641,0.1118,9.18
15.70,0.0039,0.0708,0.0641,0.1111,9.12
15.72,0.0058,0.0781,0.0641,0.1097,8.94
15.74,0.0058,0.0706,0.0621,0.1090,8.88
15.76,0.0044,0.0631,0.0624,0.1088,8.94
15.78,0.0047,0.0704,0.0649,0.1076,8.84
15.80,0.0047,0.0704,0.0649,0.1070,8.79
15.82,0.0051,0.0778,0.0649,0.1056,8.61
15.84,0.0051,0.0703,0.0630,0.1051,8.57
15.86,0.0051,0.0628,0.0633,0.1050,8.62
15.88,0.0056,0.0700,0.0658,0.1040,8.54
15.90,0.0056,0.0700,0.0658,0.1035,8.50
15.92,0.0043,0.0773,0.0658,0.1024,8.35
15.94,0.0043,0.0697,0.0638,0.1019,8.31
15.96,0.0057,0.0622,0.0640,0.1020,8.37
15.98,0.0060,0.0696,0.0663,0.1013,8.32
16.00,0.0060,0.0696,0.0663,0.1009,8.29
16.02,0.0042,0.0773,0.0663,0.0995,8.12
16.04,0.0042,0.0698,0.0640,0.0992,8.09
16.06,0.0059,0.0622,0.0644,0.0990,8.13
16.08,0.0054,0.0698,0.0668,0.0983,8.07
16.10,0.0054,0.0698,0.0668,0.0979,8.04
16.12,0.0049,0.0773,0.0668,0.0970,7.91
16.14,0.0049,0.0696,0.0644,0.0967,7.89
16.16,0.0051,0.0620,0.0648,0.0967,7.94
16.18,0.0054,0.0697,0.0648,0.0958,7.81
16.20,0.0048,0.0697,0.0674,0.0958,7.86
16.22,0.0057,0.0774,0.0674,0.0950,7.74
16.24,0.0057,0.0698,0.0652,0.0948,7.72
16.26,0.0045,0.0624,0.0654,0.0949,7.79
16.28,0.0045,0.0699,0.0680,0.0946,7.77
16.30,0.0045,0.0699,0.0680,0.0945,7.75
16.32,0.0060,0.0775,0.0680,0.0940,7.65
16.34,0.0060,0.0701,0.0660,0.0939,7.64
16.36,0.0043,0.0630,0.0662,0.0940,7.71
16.38,0.0041,0.0704,0.0688,0.0937,7.69
16.40,0.0041,0.0704,0.0688,0.0937,7.69
16.42,0.0066,0.0782,0.0688,0.0934,7.60
16.44,0.0066,0.0709,0.0665,0.0934,7.60
16.46,0.0036,0.0638,0.0668,0.0936,7.68
16.48,0.0031,0.0716,0.0693,0.0934,7.66
16.50,0.0031,0.0716,0.0693,0.0934,7.67
16.52,0.0073,0.0794,0.0693,0.0929,7.55
16.54,0.0073,0.0721,0.0671,0.0930,7.56
16.56,0.0028,0.0647,0.0675,0.0933,7.65
16.58,0.0027,0.0723,0.0700,0.0931,7.64
16.60,0.0027,0.0723,0.0700,0.0932,7.65
16.62,0.0074,0.0798,0.0700,0.0929,7.55
16.64,0.0074,0.0726,0.0678,0.0931,7.56
16.66,0.0027,0.0653,0.0678,0.0935,7.67
16.68,0.0026,0.0728,0.0702,0.0931,7.64
16.70,0.0026,0.0728,0.0702,0.0934,7.66
16.72,0.0071,0.0802,0.0702,0.0930,7.56
16.74,0.0071,0.0728,0.0678,0.0933,7.58
16.76,0.0029,0.0653,0.0678,0.0937,7.69
16.78,0.0032,0.0724,0.0704,0.0937,7.69
16.80,0.0032,0.0724,0.0704,0.0940,7.71
16.82,0.0067,0.0797,0.0704,0.0940,7.64
16.84,0.0067,0.0797,0.0704,0.0944,7.67
16.86,0.0035,0.0646,0.0680,0.0950,7.80
16.88,0.0039,0.0718,0.0704,0.0952,7.81
16.90,0.0039,0.0718,0.0704,0.0956,7.85
16.92,0.0060,0.0791,0.0704,0.0956,7.78
16.94,0.0060,0.0714,0.0681,0.0961,7.82
16.96,0.0044,0.0637,0.0685,0.0966,7.93
16.98,0.0046,0.0713,0.0710,0.0964,7.92
17.00,0.0046,0.0713,0.0710,0.0970,7.96
17.02,0.0055,0.0790,0.0710,0.0967,7.88
17.04,0.0055,0.0708,0.0691,0.0973,7.93
17.06,0.0047,0.0627,0.0694,0.0980,8.05
17.08,0.0047,0.0704,0.0719,0.0981,8.05
17.10,0.0047,0.0704,0.0719,0.0987,8.11
17.12,0.0056,0.0782,0.0719,0.0986,8.03
17.14,0.0056,0.0700,0.0698,0.0992,8.08
17.16,0.0048,0.0622,0.0698,0.1003,8.23
17.18,0.0045,0.0700,0.0722,0.1006,8.26
17.20,0.0045,0.0700,0.0722,0.1013,8.32
17.22,0.0057,0.0777,0.0722,0.1014,8.26
17.24,0.0057,0.0698,0.0697,0.1022,8.32
17.26,0.0048,0.0622,0.0695,0.1034,8.49
17.28,0.0048,0.0700,0.0720,0.1038,8.53
17.30,0.0048,0.0700,0.0720,0.1046,8.59
17.32,0.0058,0.0779,0.0720,0.1049,8.55
17.34,0.0058,0.0704,0.0695,0.1058,8.62
17.36,0.0048,0.0631,0.0691,0.1072,8.81
17.38,0.0045,0.0709,0.0712,0.1082,8.89
17.40,0.0045,0.0709,0.0712,0.1091,8.96
17.42,0.0062,0.0788,0.0712,0.1095,8.92
17.44,0.0062,0.0716,0.0684,0.1104,8.99
17.46,0.0041,0.0644,0.0679,0.1117,9.17
17.48,0.0039,0.0720,0.0698,0.1128,9.27
17.50,0.0039,0.0720,0.0698,0.1138,9.35
17.52,0.0067,0.0801,0.0698,0.1142,9.30
17.54,0.0067,0.0727,0.0672,0.1152,9.38
17.56,0.0033,0.0655,0.0663,0.1169,9.60
17.58,0.0029,0.0733,0.0680,0.1181,9.70
17.60,0.0029,0.0733,0.0680,0.1192,9.79
17.62,0.0074,0.0811,0.0680,0.1198,9.75
17.64,0.0074,0.0735,0.0655,0.1209,9.84
17.66,0.0026,0.0657,0.0651,0.1226,10.06
17.68,0.0023,0.0736,0.0671,0.1235,10.13
17.70,0.0023,0.0736,0.0671,0.1246,10.23
17.72,0.0078,0.0814,0.0671,0.1253,10.19
17.74,0.0078,0.0735,0.0649,0.1265,10.29
17.76,0.0023,0.0656,0.0648,0.1282,10.53
17.78,0.0023,0.0734,0.0666,0.1291,10.60
17.80,0.0023,0.0734,0.0666,0.1304,10.70
17.82,0.0077,0.0813,0.0666,0.1308,10.64
17.84,0.0077,0.0733,0.0648,0.1321,10.75
17.86,0.0024,0.0652,0.0648,0.1339,10.99
17.88,0.0029,0.0727,0.0665,0.1352,11.11
17.90,0.0029,0.0727,0.0665,0.1366,11.22
17.92,0.0070,0.0805,0.0665,0.1370,11.16
17.94,0.0070,0.0721,0.0648,0.1384,11.28
17.96,0.0031,0.0638,0.0649,0.1404,11.53
17.98,0.0036,0.0713,0.0663,0.1419,11.66
18.00,0.0036,0.0713,0.0663,0.1433,11.78
18.02,0.0063,0.0791,0.0663,0.1439,11.73
18.04,0.0063,0.0706,0.0646,0.1453,11.85
18.06,0.0037,0.0621,0.0650,0.1473,12.11
18.08,0.0039,0.0699,0.0667,0.1485,12.20
18.10,0.0039,0.0699,0.0667,0.1499,12.33
18.12,0.0060,0.0779,0.0667,0.1504,12.27
18.14,0.0060,0.0693,0.0652,0.1519,12.40
18.16,0.0040,0.0610,0.0649,0.1543,12.69
18.18,0.0042,0.0691,0.0664,0.1555,12.79
18.20,0.0042,0.0691,0.0664,0.1571,12.92
18.22,0.0057,0.0773,0.0664,0.1574,12.85
18.24,0.0057,0.0692,0.0645,0.1590,12.98
18.26,0.0057,0.0692,0.0645,0.1606,13.11
18.28,0.0047,0.0692,0.0660,0.1626,13.38
18.30,0.0047,0.0692,0.0660,0.1642,13.51
18.32,0.0054,0.0775,0.0660,0.1647,13.45
18.34,0.0054,0.0696,0.0641,0.1663,13.59
18.36,0.0046,0.0619,0.0634,0.1689,13.90
18.38,0.0043,0.0702,0.0647,0.1704,14.02
18.40,0.0043,0.0702,0.0647,0.1721,14.16
18.42,0.0061,0.0787,0.0647,0.1727,14.10
18.44,0.0061,0.0709,0.0625,0.1744,14.24
18.46,0.0037,0.0630,0.0618,0.1770,14.57
18.48,0.0034,0.0713,0.0629,0.1787,14.70
18.50,0.0034,0.0713,0.0629,0.1804,14.84
18.52,0.0067,0.0798,0.0629,0.1808,14.76
18.54,0.0067,0.0721,0.0609,0.1826,14.91
18.56,0.0031,0.0643,0.0597,0.1855,15.26
18.58,0.0028,0.0726,0.0606,0.1873,15.41
18.60,0.0028,0.0726,0.0606,0.1891,15.56
18.62,0.0073,0.0811,0.0606,0.1897,15.48
18.64,0.0073,0.0732,0.0587,0.1915,15.63
18.66,0.0022,0.0654,0.0574,0.1946,16.01
18.68,0.0019,0.0738,0.0581,0.1962,16.14
18.70,0.0019,0.0738,0.0581,0.1981,16.29
18.72,0.0078,0.0822,0.0581,0.1985,16.20
18.74,0.0078,0.0738,0.0569,0.2004,16.35
18.76,0.0020,0.0656,0.0566,0.2034,16.73
18.78,0.0021,0.0739,0.0573,0.2050,16.86
18.80,0.0021,0.0739,0.0573,0.2069,17.02
18.82,0.0073,0.0823,0.0573,0.2072,16.92
18.84,0.0073,0.0738,0.0564,0.2092,17.08
18.86,0.0022,0.0653,0.0560,0.2125,17.49
18.88,0.0022,0.0737,0.0565,0.2144,17.65
18.90,0.0022,0.0737,0.0565,0.2164,17.81
18.92,0.0073,0.0820,0.0565,0.2169,17.72
18.94,0.0073,0.0733,0.0557,0.2188,17.88
18.96,0.0023,0.0643,0.0557,0.2221,18.29
18.98,0.0024,0.0728,0.0563,0.2237,18.42
19.00,0.0024,0.0728,0.0563,0.2257,18.58
19.02,0.0072,0.0814,0.0563,0.2260,18.47
19.04,0.0072,0.0723,0.0563,0.2279,18.64
19.06,0.0025,0.0632,0.0567,0.2312,19.04
19.08,0.0072,0.0720,0.0567,0.2314,18.92
19.10,0.0023,0.0720,0.0569,0.2349,19.35
19.12,0.0072,0.0808,0.0569,0.2350,19.22
19.14,0.0072,0.0716,0.0568,0.2371,19.39
19.16,0.0021,0.0625,0.0569,0.2406,19.82
19.18,0.0073,0.0710,0.0569,0.2409,19.70
19.20,0.0021,0.0710,0.0570,0.2445,20.15
19.22,0.0074,0.0799,0.0570,0.2447,20.01
19.24,0.0074,0.0709,0.0567,0.2467,20.18
19.26,0.0020,0.0621,0.0564,0.2503,20.63
19.28,0.0022,0.0709,0.0565,0.2518,20.75
19.30,0.0022,0.0709,0.0565,0.2538,20.92
19.32,0.0074,0.0796,0.0565,0.2543,20.81
19.34,0.0074,0.0707,0.0560,0.2563,20.98
19.36,0.0019,0.0621,0.0552,0.2601,21.44
19.38,0.0018,0.0709,0.0551,0.2619,21.59
19.40,0.0018,0.0709,0.0551,0.2640,21.76
19.42,0.0077,0.0798,0.0551,0.2641,21.62
19.44,0.0077,0.0712,0.0544,0.2662,21.79
19.46,0.0015,0.0627,0.0532,0.2702,22.28
19.48,0.0012,0.0717,0.0528,0.2720,22.42
19.50,0.0012,0.0717,0.0528,0.2740,22.59
19.52,0.0080,0.0805,0.0528,0.2742,22.45
19.54,0.0080,0.0720,0.0520,0.2762,22.62
19.56,0.0014,0.0634,0.0511,0.2799,23.09
19.58,0.0011,0.0723,0.0507,0.2818,23.24
19.60,0.0011,0.0723,0.0507,0.2839,23.42
19.62,0.0078,0.0811,0.0507,0.2838,23.25
19.64,0.0078,0.0727,0.0499,0.2858,23.42
19.66,0.0011,0.0640,0.0488,0.2899,23.92
19.68,0.0012,0.0727,0.0480,0.2920,24.09
19.70,0.0012,0.0727,0.0480,0.2940,24.27
19.72,0.0077,0.0815,0.0480,0.2939,24.09
19.74,0.0077,0.0728,0.0478,0.2960,24.27
19.76,0.0014,0.0639,0.0468,0.3004,24.80
19.78,0.0015,0.0726,0.0460,0.3023,24.97
19.80,0.0015,0.0726,0.0460,0.3043,25.14
19.82,0.0074,0.0815,0.0460,0.3042,24.96
19.84,0.0074,0.0722,0.0465,0.3062,25.13
19.86,0.0015,0.0631,0.0459,0.3106,25.66
19.88,0.0016,0.0721,0.0449,0.3124,25.82
19.90,0.0016,0.0721,0.0449,0.3145,25.99
19.92,0.0071,0.0811,0.0449,0.3140,25.78
19.94,0.0071,0.0716,0.0457,0.3160,25.95
19.96,0.0018,0.0621,0.0457,0.3203,26.49
19.98,0.0017,0.0711,0.0448,0.3221,26.64
20.00,0.0017,0.0711,0.0448,0.3241,26.80
20.02,0.0071,0.0802,0.0448,0.3236,26.59
20.04,0.0071,0.0708,0.0457,0.3256,26.75
20.06,0.0017,0.0615,0.0461,0.3296,27.26
20.08,0.0019,0.0706,0.0451,0.3311,27.39
20.10,0.0019,0.0706,0.0451,0.3330,27.56
20.12,0.0068,0.0799,0.0451,0.3323,27.32
20.14,0.0068,0.0705,0.0464,0.3342,27.48
20.16,0.0019,0.0612,0.0462,0.3385,28.03
20.18,0.0020,0.0704,0.0450,0.3401,28.16
20.20,0.0020,0.0704,0.0450,0.3420,28.32
20.22,0.0067,0.0796,0.0450,0.3414,28.09
20.24,0.0067,0.0703,0.0460,0.3433,28.25
20.26,0.0020,0.0610,0.0455,0.3477,28.81
20.28,0.0019,0.0704,0.0437,0.3497,28.97
20.30,0.0019,0.0704,0.0437,0.3516,29.13
20.32,0.0067,0.0797,0.0437,0.3507,28.87
20.34,0.0067,0.0705,0.0447,0.3525,29.02
20.36,0.0015,0.0617,0.0435,0.3572,29.59
20.38,0.0011,0.0710,0.0417,0.3589,29.73
20.40,0.0011,0.0710,0.0417,0.3607,29.89
20.42,0.0073,0.0803,0.0417,0.3597,29.61
20.44,0.0073,0.0711,0.0424,0.3615,29.76
20.46,0.0011,0.0620,0.0412,0.3661,30.35
20.48,0.0006,0.0714,0.0391,0.3682,30.51
20.50,0.0006,0.0714,0.0391,0.3700,30.66
20.52,0.0078,0.0807,0.0391,0.3689,30.38
20.54,0.0078,0.0713,0.0402,0.3707,30.53
20.56,0.0004,0.0621,0.0392,0.3753,31.10
20.58,0.0003,0.0714,0.0373,0.3768,31.23
20.60,0.0003,0.0714,0.0373,0.3785,31.38
20.62,0.0079,0.0805,0.0373,0.3775,31.10
20.64,0.0079,0.0712,0.0384,0.3792,31.25
20.66,0.0005,0.0619,0.0381,0.3836,31.82
20.68,0.0010,0.0710,0.0361,0.3853,31.97
20.70,0.0010,0.0710,0.0361,0.3869,32.11
20.72,0.0072,0.0802,0.0361,0.3858,31.82
20.74,0.0072,0.0709,0.0373,0.3874,31.96
20.76,0.0012,0.0614,0.0369,0.3920,32.55
20.78,0.0068,0.0707,0.0369,0.3905,32.23
20.80,0.0016,0.0707,0.0345,0.3954,32.85
20.82,0.0066,0.0801,0.0345,0.3940,32.53
20.84,0.0066,0.0706,0.0361,0.3956,32.66
20.86,0.0017,0.0609,0.0357,0.4004,33.28
20.88,0.0015,0.0702,0.0336,0.4020,33.41
20.90,0.0015,0.0702,0.0336,0.4035,33.54
20.92,0.0067,0.0796,0.0336,0.4021,33.22
20.94,0.0067,0.0697,0.0357,0.4036,33.34
20.96,0.0016,0.0697,0.0333,0.4082,33.94
20.98,0.0020,0.0694,0.0334,0.4092,34.04
21.00,0.0020,0.0694,0.0334,0.4107,34.16
21.02,0.0061,0.0791,0.0334,0.4088,33.80
21.04,0.0061,0.0692,0.0357,0.4103,33.93
21.06,0.0021,0.0595,0.0356,0.4147,34.52
21.08,0.0021,0.0690,0.0332,0.4162,34.64
21.10,0.0021,0.0690,0.0332,0.4176,34.76
21.12,0.0060,0.0785,0.0332,0.4158,34.40
21.14,0.0060,0.0688,0.0356,0.4171,34.51
21.16,0.0023,0.0592,0.0353,0.4215,35.10
21.18,0.0028,0.0688,0.0330,0.4225,35.20
21.20,0.0028,0.0688,0.0330,0.4239,35.32
21.22,0.0051,0.0783,0.0330,0.4219,34.94
21.24,0.0051,0.0682,0.0358,0.4232,35.05
21.26,0.0051,0.0587,0.0377,0.4244,35.16
21.28,0.0031,0.0683,0.0328,0.4287,35.75
21.30,0.0031,0.0683,0.0328,0.4300,35.85
21.32,0.0049,0.0781,0.0328,0.4278,35.45
21.34,0.0049,0.0687,0.0347,0.4290,35.56
21.36,0.0033,0.0593,0.0341,0.4335,36.16
21.38,0.0032,0.0691,0.0312,0.4345,36.25
21.40,0.0032,0.0691,0.0312,0.4357,36.35
21.42,0.0045,0.0788,0.0312,0.4332,35.93
21.44,0.0045,0.0692,0.0337,0.4343,36.03
21.46,0.0035,0.0594,0.0332,0.4388,36.63
21.48,0.0036,0.0690,0.0304,0.4399,36.73
21.50,0.0036,0.0690,0.0304,0.4410,36.82
21.52,0.0042,0.0786,0.0304,0.4386,36.40
21.54,0.0042,0.0690,0.0326,0.4397,36.49
21.56,0.0038,0.0595,0.0319,0.4442,37.10
21.58,0.0041,0.0691,0.0289,0.4452,37.20
21.60,0.0041,0.0691,0.0289,0.4462,37.28
21.62,0.0037,0.0787,0.0289,0.4437,36.85
21.64,0.0037,0.0692,0.0311,0.4447,36.94
21.66,0.0044,0.0595,0.0307,0.4490,37.54
21.68,0.0049,0.0692,0.0279,0.4497,37.61
21.70,0.0049,0.0692,0.0279,0.4506,37.68
21.72,0.0027,0.0790,0.0279,0.4476,37.22
21.74,0.0027,0.0696,0.0300,0.4485,37.30
21.76,0.0055,0.0602,0.0291,0.4529,37.90
21.78,0.0053,0.0700,0.0260,0.4540,37.99
21.80,0.0053,0.0700,0.0260,0.4548,38.06
21.82,0.0026,0.0799,0.0260,0.4519,37.59
21.84,0.0026,0.0702,0.0286,0.4527,37.66
21.86,0.0054,0.0605,0.0282,0.4571,38.26
21.88,0.0055,0.0705,0.0251,0.4577,38.32
21.90,0.0055,0.0705,0.0251,0.4584,38.38
21.92,0.0023,0.0805,0.0251,0.4553,37.89
21.94,0.0023,0.0707,0.0278,0.4560,37.95
21.96,0.0056,0.0607,0.0284,0.4598,38.51
21.98,0.0055,0.0708,0.0255,0.4600,38.52
22.00,0.0055,0.0708,0.0255,0.4606,38.57
22.02,0.0025,0.0808,0.0255,0.4576,38.09
22.04,0.0025,0.0707,0.0293,0.4582,38.14
22.06,0.0055,0.0605,0.0305,0.4619,38.68
22.08,0.0053,0.0706,0.0276,0.4618,38.67
22.10,0.0053,0.0706,0.0276,0.4624,38.72
22.12,0.0027,0.0807,0.0276,0.4594,38.23
22.14,0.0027,0.0705,0.0312,0.4599,38.28
22.16,0.0052,0.0602,0.0320,0.4635,38.82
22.18,0.0051,0.0704,0.0291,0.4636,38.82
22.20,0.0051,0.0704,0.0291,0.4640,38.86
22.22,0.0031,0.0806,0.0291,0.4607,38.34
22.24,0.0031,0.0704,0.0324,0.4612,38.38
22.26,0.0049,0.0602,0.0326,0.4648,38.92
22.28,0.0045,0.0706,0.0298,0.4647,38.90
22.30,0.0045,0.0706,0.0298,0.4651,38.94
22.32,0.0036,0.0811,0.0298,0.4615,38.39
22.34,0.0036,0.0711,0.0324,0.4619,38.42
22.36,0.0041,0.0711,0.0293,0.4657,38.97
22.38,0.0040,0.0717,0.0284,0.4656,38.97
22.40,0.0040,0.0717,0.0284,0.4659,38.99
22.42,0.0041,0.0821,0.0284,0.4623,38.44
22.44,0.0041,0.0722,0.0310,0.4625,38.46
22.46,0.0039,0.0623,0.0302,0.4663,39.02
22.48,0.0040,0.0727,0.0272,0.4658,38.98
22.50,0.0040,0.0727,0.0272,0.4660,39.00
22.52,0.0039,0.0828,0.0272,0.4624,38.46
22.54,0.0039,0.0732,0.0294,0.4626,38.48
22.56,0.0040,0.0732,0.0261,0.4664,39.03
22.58,0.0038,0.0736,0.0250,0.4666,39.04
22.60,0.0038,0.0736,0.0250,0.4667,39.05
22.62,0.0041,0.0838,0.0250,0.4630,38.50
22.64,0.0041,0.0742,0.0275,0.4630,38.51
22.66,0.0040,0.0643,0.0269,0.4668,39.07
22.68,0.0040,0.0746,0.0236,0.4665,39.05
22.70,0.0040,0.0746,0.0236,0.4666,39.05
22.72,0.0039,0.0847,0.0236,0.4628,38.49
22.74,0.0039,0.0749,0.0264,0.4628,38.49
22.76,0.0041,0.0647,0.0261,0.4666,39.05
22.78,0.0038,0.0749,0.0225,0.4667,39.05
22.80,0.0038,0.0749,0.0225,0.4666,39.04
22.82,0.0042,0.0851,0.0225,0.4626,38.47
22.84,0.0042,0.0747,0.0259,0.4625,38.46
22.86,0.0035,0.0641,0.0262,0.4663,39.01
22.88,0.0031,0.0743,0.0227,0.4661,38.99
22.90,0.0031,0.0743,0.0227,0.4660,38.97
22.92,0.0048,0.0844,0.0227,0.4621,38.41
22.94,0.0048,0.0739,0.0264,0.4619,38.39
22.96,0.0028,0.0633,0.0268,0.4653,38.90
22.98,0.0026,0.0734,0.0238,0.4648,38.86
23.00,0.0026,0.0734,0.0238,0.4646,38.83
23.02,0.0053,0.0834,0.0238,0.4607,38.27
23.04,0.0053,0.0726,0.0279,0.4604,38.24
23.06,0.0023,0.0618,0.0291,0.4635,38.74
23.08,0.0023,0.0718,0.0260,0.4630,38.69
23.10,0.0023,0.0718,0.0260,0.4627,38.66
23.12,0.0057,0.0817,0.0260,0.4589,38.10
23.14,0.0057,0.0709,0.0301,0.4585,38.07
23.16,0.0023,0.0600,0.0312,0.4613,38.54
23.18,0.0022,0.0701,0.0283,0.4607,38.49
23.20,0.0022,0.0701,0.0283,0.4603,38.45
23.22,0.0060,0.0804,0.0283,0.4562,37.87
23.24,0.0060,0.0696,0.0319,0.4558,37.83
23.26,0.0019,0.0590,0.0322,0.4587,38.30
23.28,0.0017,0.0693,0.0294,0.4579,38.23
23.30,0.0017,0.0693,0.0294,0.4573,38.18
23.32,0.0067,0.0796,0.0294,0.4532,37.59
23.34,0.0067,0.0690,0.0323,0.4527,37.54
23.36,0.0012,0.0585,0.0323,0.4554,38.00
23.38,0.0069,0.0689,0.0323,0.4509,37.38
23.40,0.0010,0.0689,0.0294,0.4536,37.84
23.42,0.0071,0.0790,0.0294,0.4494,37.25
23.44,0.0071,0.0689,0.0318,0.4487,37.19
23.46,0.0011,0.0588,0.0315,0.4513,37.64
23.48,0.0070,0.0688,0.0315,0.4470,37.05
23.50,0.0010,0.0688,0.0288,0.4495,37.48
23.52,0.0071,0.0788,0.0288,0.4452,36.89
23.54,0.0071,0.0688,0.0311,0.4445,36.83
23.56,0.0009,0.0592,0.0303,0.4469,37.25
23.58,0.0011,0.0688,0.0277,0.4460,37.18
23.60,0.0011,0.0688,0.0277,0.4452,37.12
23.62,0.0069,0.0786,0.0277,0.4411,36.54
23.64,0.0069,0.0688,0.0295,0.4402,36.46
23.66,0.0013,0.0592,0.0286,0.4425,36.89
23.68,0.0015,0.0689,0.0260,0.4416,36.81
23.70,0.0015,0.0689,0.0260,0.4407,36.74
23.72,0.0066,0.0786,0.0260,0.4366,36.16
23.74,0.0066,0.0691,0.0277,0.4357,36.08
23.76,0.0016,0.0592,0.0272,0.4380,36.51
23.78,0.0018,0.0689,0.0245,0.4371,36.44
23.80,0.0018,0.0689,0.0245,0.4362,36.35
23.82,0.0061,0.0784,0.0245,0.4319,35.77
23.84,0.0061,0.0687,0.0271,0.4309,35.69
23.86,0.0021,0.0590,0.0269,0.4330,36.09
23.88,0.0024,0.0688,0.0244,0.4319,36.00
23.90,0.0024,0.0688,0.0244,0.4309,35.91
23.92,0.0057,0.0785,0.0244,0.4265,35.32
23.94,0.0057,0.0688,0.0268,0.4254,35.23
23.96,0.0027,0.0592,0.0270,0.4274,35.62
23.98,0.0027,0.0689,0.0247,0.4262,35.52
24.00,0.0027,0.0689,0.0247,0.4251,35.42
24.02,0.0055,0.0785,0.0247,0.4208,34.84
24.04,0.0055,0.0688,0.0275,0.4196,34.74
24.06,0.0028,0.0590,0.0282,0.4213,35.10
24.08,0.0030,0.0687,0.0261,0.4198,34.97
24.10,0.0030,0.0687,0.0261,0.4185,34.87
24.12,0.0053,0.0785,0.0261,0.4140,34.27
24.14,0.0053,0.0688,0.0291,0.4128,34.16
24.16,0.0033,0.0592,0.0299,0.4142,34.50
24.18,0.0033,0.0690,0.0279,0.4125,34.36
24.20,0.0033,0.0690,0.0279,0.4112,34.25
24.22,0.0053,0.0789,0.0279,0.4068,33.65
24.24,0.0053,0.0693,0.0307,0.4055,33.54
24.26,0.0032,0.0596,0.0315,0.4070,33.88
24.28,0.0031,0.0696,0.0295,0.4052,33.72
24.30,0.0031,0.0696,0.0295,0.4038,33.60
24.32,0.0056,0.0794,0.0295,0.3993,33.01
24.34,0.0056,0.0698,0.0322,0.3979,32.89
24.36,0.0028,0.0602,0.0328,0.3994,33.22
24.38,0.0026,0.0702,0.0308,0.3975,33.05
24.40,0.0026,0.0702,0.0308,0.3960,32.93
24.42,0.0059,0.0801,0.0308,0.3914,32.32
24.44,0.0059,0.0705,0.0332,0.3899,32.20
24.46,0.0025,0.0609,0.0337,0.3913,32.52
24.48,0.0022,0.0707,0.0317,0.3895,32.36
24.50,0.0022,0.0707,0.0317,0.3880,32.23
24.52,0.0064,0.0805,0.0317,0.3833,31.63
24.54,0.0064,0.0708,0.0343,0.3817,31.49
24.56,0.0020,0.0614,0.0346,0.3831,31.81
24.58,0.0017,0.0710,0.0326,0.3814,31.66
24.60,0.0017,0.0710,0.0326,0.3798,31.52
24.62,0.0069,0.0807,0.0326,0.3752,30.93
24.64,0.0069,0.0710,0.0350,0.3736,30.79
24.66,0.0017,0.0617,0.0352,0.3747,31.09
24.68,0.0018,0.0711,0.0335,0.3728,30.92
24.70,0.0018,0.0711,0.0335,0.3711,30.78
24.72,0.0070,0.0807,0.0335,0.3667,30.21
24.74,0.0070,0.0712,0.0352,0.3651,30.07
24.76,0.0017,0.0616,0.0354,0.3661,30.35
24.78,0.0018,0.0711,0.0338,0.3658,30.34
