t,d01_err,d02_err,d12_err,o_error,o_error_deg
0.00,0.7000,0.8000,1.0000,0.0000,56.31
0.02,0.7000,0.8000,1.0000,0.0000,56.31
0.04,0.7000,0.8000,1.0000,0.0000,56.31
0.06,0.7000,0.8000,1.0000,0.0000,56.31
0.08,0.7000,0.8000,1.0000,0.0000,56.31
0.10,0.7000,0.8000,1.0000,0.0000,56.31
0.12,0.7000,0.8000,1.0000,0.0000,56.31
0.14,0.7000,0.8000,1.0000,0.0000,56.31
0.16,0.7000,0.8000,1.0000,0.0000,56.31
0.18,0.7000,0.8000,1.0000,0.0000,56.31
0.20,0.7000,0.8000,1.0000,0.0000,56.31
0.22,0.7000,0.8000,1.0000,0.0000,56.31
0.24,0.7000,0.6211,0.4211,0.0000,56.31
0.26,0.5000,0.7809,0.4211,0.2000,56.31
0.28,1.0000,0.7809,0.7122,1.7000,28.24
0.30,1.0000,0.7809,0.7122,1.7000,28.24
0.32,1.0000,0.7809,0.7122,1.7000,28.24
0.34,1.0000,0.7809,0.7122,1.7000,28.24
0.36,1.0000,0.7809,0.7122,1.7000,28.24
0.38,1.0000,0.7809,0.7122,1.7000,28.24
0.40,1.0000,0.7809,0.7122,1.7000,28.24
0.42,1.0000,0.7809,0.7122,1.7000,28.24
0.44,1.0000,0.7809,0.7122,1.7000,28.24
0.46,1.0000,0.7809,0.7122,1.7000,28.24
0.48,1.0000,0.7809,0.7122,1.7000,28.24
0.50,1.0000,0.7809,0.7122,1.7000,28.24
0.52,1.0000,0.7809,0.7122,1.7000,28.24
0.54,1.0000,0.7809,0.7122,1.7000,28.24
0.56,1.0000,0.7809,0.7122,1.7000,28.24
0.58,1.0000,0.7809,0.7122,1.7000,28.24
0.60,1.0000,0.7809,0.7122,1.7000,28.24
0.62,1.0000,0.7809,0.7122,1.7000,28.24
0.64,1.0000,0.7809,0.7122,1.7000,28.24
0.66,1.0000,0.7809,0.7122,1.7000,28.24
0.68,1.0000,0.7809,0.7122,1.7000,28.24
0.70,1.0000,0.7809,0.7122,1.7000,28.24
0.72,1.0000,0.7809,0.7122,1.7000,28.24
0.74,1.0000,0.7809,0.7122,1.7000,28.24
0.76,1.0000,0.7809,0.7122,1.7000,28.24
0.78,1.0000,0.7809,0.7122,1.7000,28.24
0.80,1.0000,0.7809,0.7122,1.7000,28.24
0.82,1.0000,0.7809,0.7122,1.7000,28.24
0.84,1.0000,0.7809,0.7122,1.7000,28.24
0.86,1.0000,0.7809,0.7122,1.7000,28.24
0.88,1.0000,0.7809,0.7122,1.7000,28.24
0.90,1.0000,0.7809,0.7122,1.7000,28.24
0.92,1.0000,0.7809,0.7122,1.7000,28.24
0.94,1.0000,0.7809,0.7122,1.7000,28.24
0.96,1.0000,0.7809,0.7122,1.7000,28.24
0.98,1.0000,0.7809,0.7122,1.7000,28.24
1.00,1.0000,0.7809,0.7122,1.7000,28.24
1.02,1.0000,0.7809,0.7122,1.7000,28.24
1.04,1.0000,0.7809,0.7122,1.7000,28.24
1.06,1.0000,0.7809,0.7122,1.7000,28.24
1.08,1.0000,0.7809,0.7122,1.7000,28.24
1.10,1.0000,0.7809,0.7122,1.7000,28.24
1.12,1.0000,0.7809,0.7122,1.7000,28.24
1.14,1.0000,0.7809,0.7122,1.7000,28.24
1.16,1.0000,0.7809,0.7122,1.7000,28.24
1.18,1.0000,0.7809,0.7122,1.7000,28.24
1.20,1.0000,0.7809,0.7122,1.7000,28.24
1.22,1.0000,0.7809,0.7122,1.7000,28.24
1.24,1.0000,0.7809,0.7122,1.7000,28.24
1.26,1.0000,0.7809,0.7122,1.7000,28.24
1.28,1.0000,0.7809,0.7122,1.7000,28.24
1.30,1.0000,0.7809,0.7122,1.7000,28.24
1.32,1.0000,0.7809,0.7122,1.7000,28.24
1.34,1.0000,0.7809,0.7122,1.7000,28.24
1.36,1.0000,0.7809,0.7122,1.7000,28.24
1.38,1.0000,0.7809,0.7122,1.7000,28.24
1.40,1.0000,0.7809,0.7122,1.7000,28.24
1.42,1.0000,0.7809,0.7122,1.7000,28.24
1.44,1.0000,0.7809,0.7122,1.7000,28.24
1.46,1.0000,0.7809,0.7122,1.7000,28.24
1.48,1.0000,0.7809,0.7122,1.7000,28.24
1.50,1.0000,0.7809,0.7122,1.7000,28.24
1.52,1.0000,0.7809,0.7122,1.7000,28.24
1.54,1.0000,0.7809,0.7122,1.7000,28.24
1.56,1.0000,0.7809,0.7122,1.7000,28.24
1.58,1.0000,0.7809,0.7122,1.7000,28.24
1.60,1.0000,0.7809,0.7122,1.7000,28.24
1.62,1.0000,0.7809,0.7122,1.7000,28.24
1.64,1.0000,0.7809,0.7122,1.7000,28.24
1.66,1.0000,0.7809,0.7122,1.7000,28.24
1.68,1.0000,0.7809,0.7122,1.7000,28.24
1.70,1.0000,0.7809,0.7122,1.7000,28.24
1.72,1.0000,0.7809,0.7122,1.7000,28.24
1.74,1.0000,0.7809,0.7122,1.7000,28.24
1.76,1.0000,0.7809,0.7122,1.7000,28.24
1.78,1.0000,0.7809,0.7122,1.7000,28.24
1.80,1.0000,0.7809,0.7122,1.7000,28.24
1.82,1.0000,0.7809,0.7122,1.7000,28.24
1.84,1.0000,0.7809,0.7122,1.7000,28.24
1.86,1.0000,0.7809,0.7122,1.7000,28.24
1.88,1.0000,0.7809,0.7122,1.7000,28.24
1.90,1.0000,0.7809,0.7122,1.7000,28.24
1.92,1.0000,0.7809,0.7122,1.7000,28.24
1.94,1.0000,0.7809,0.7122,1.7000,28.24
1.96,1.0000,0.7809,0.7122,1.7000,28.24
1.98,1.0000,0.7809,0.7122,1.7000,28.24
2.00,1.0000,0.7809,0.7122,1.7000,28.24
2.02,1.0000,0.7809,0.7122,1.7000,28.24
2.04,1.0000,0.7809,0.7122,1.7000,28.24
2.06,1.0000,0.7809,0.7122,1.7000,28.24
2.08,1.0000,0.7809,0.7122,1.7000,28.24
2.10,1.0000,0.7809,0.7122,1.7000,28.24
2.12,1.0000,0.7809,0.7122,1.7000,28.24
2.14,1.0000,0.7809,0.7122,1.7000,28.24
2.16,1.0000,0.7809,0.7122,1.7000,28.24
2.18,1.0000,0.7809,0.7122,1.7000,28.24
2.20,1.0000,0.7809,0.7122,1.7000,28.24
2.22,1.0000,0.7809,0.7122,1.7000,28.24
2.24,1.0000,0.7809,0.7122,1.7000,28.24
2.26,1.0000,0.7809,0.7122,1.7000,28.24
2.28,1.0000,0.7809,0.7122,1.7000,28.24
2.30,1.0000,0.7809,0.7122,1.7000,28.24
2.32,1.0000,0.7809,0.7122,1.7000,28.24
2.34,1.0000,0.7809,0.7122,1.7000,28.24
2.36,1.0000,0.7809,0.7122,1.7000,28.24
2.38,1.0000,0.7809,0.7122,1.7000,28.24
2.40,1.0000,0.7809,0.7122,1.7000,28.24
2.42,1.0000,0.7809,0.7122,1.7000,28.24
2.44,1.0000,0.7809,0.7122,1.7000,28.24
2.46,1.0000,0.7809,0.7122,1.7000,28.24
2.48,1.0000,0.7809,0.7122,1.7000,28.24
2.50,1.0000,0.7809,0.7122,1.7000,28.24
2.52,1.0000,0.7809,0.7122,1.7000,28.24
2.54,1.0000,0.7809,0.7122,1.7000,28.24
2.56,1.0000,0.7809,0.7122,1.7000,28.24
2.58,1.0000,0.7809,0.7122,1.7000,28.24
2.60,1.0000,0.7809,0.7122,1.7000,28.24
2.62,1.0000,0.7809,0.7122,1.7000,28.24
2.64,1.0000,0.7809,0.7122,1.7000,28.24
2.66,1.0000,0.7809,0.7122,1.7000,28.24
2.68,1.0000,0.7809,0.7122,1.7000,28.24
2.70,1.0000,0.7809,0.7122,1.7000,28.24
2.72,1.0000,0.7809,0.7122,1.7000,28.24
2.74,1.0000,0.7809,0.7122,1.7000,28.24
2.76,1.0000,0.7809,0.7122,1.7000,28.24
2.78,1.0000,0.7809,0.7122,1.7000,28.24
2.80,1.0000,0.7809,0.7122,1.7000,28.24
2.82,1.0000,0.7809,0.7122,1.7000,28.24
2.84,1.0000,0.7809,0.7122,1.7000,28.24
2.86,1.0000,0.7809,0.7122,1.7000,28.24
2.88,1.0000,0.7809,0.7122,1.7000,28.24
2.90,1.0000,0.7809,0.7122,1.7000,28.24
2.92,1.0000,0.7809,0.7122,1.7000,28.24
2.94,1.0000,0.7809,0.7122,1.7000,28.24
2.96,1.0000,0.7809,0.7122,1.7000,28.24
2.98,1.0000,0.7809,0.7122,1.7000,28.24
3.00,1.0000,0.7809,0.7122,1.7000,28.24
3.02,1.0000,0.7809,0.7122,1.7000,28.24
3.04,1.0000,0.7809,0.7122,1.7000,28.24
3.06,1.0000,0.7809,0.7122,1.7000,28.24
3.08,1.0000,0.7809,0.7122,1.7000,28.24
3.10,1.0000,0.7809,0.7122,1.7000,28.24
3.12,1.0000,0.7809,0.7122,1.7000,28.24
3.14,1.0000,0.7809,0.7122,1.7000,28.24
3.16,1.0000,0.7809,0.7122,1.7000,28.24
3.18,1.0000,0.7809,0.7122,1.7000,28.24
3.20,1.0000,0.7809,0.7122,1.7000,28.24
3.22,1.0000,0.7809,0.7122,1.7000,28.24
3.24,1.0000,0.7809,0.7122,1.7000,28.24
3.26,1.0000,0.7809,0.7122,1.7000,28.24
3.28,1.0000,0.7809,0.7122,1.7000,28.24
3.30,1.0000,0.7809,0.7122,1.7000,28.24
3.32,1.0000,0.7809,0.7122,1.7000,28.24
3.34,1.0000,0.7809,0.7122,1.7000,28.24
3.36,1.0000,0.7809,0.7122,1.7000,28.24
3.38,1.0000,0.7809,0.7122,1.7000,28.24
3.40,1.0000,0.7809,0.7122,1.7000,28.24
3.42,1.0000,0.7809,0.7122,1.7000,28.24
3.44,1.0000,0.7809,0.7122,1.7000,28.24
3.46,1.0000,0.7809,0.7122,1.7000,28.24
3.48,1.0000,0.7809,0.7122,1.7000,28.24
3.50,1.0000,0.7809,0.7122,1.7000,28.24
3.52,1.0000,0.7809,0.7122,1.7000,28.24
3.54,1.0000,0.7809,0.7122,1.7000,28.24
3.56,1.0000,0.7809,0.7122,1.7000,28.24
3.58,1.0000,0.7809,0.7122,1.7000,28.24
3.60,1.0000,0.7809,0.7122,1.7000,28.24
3.62,1.0000,0.7809,0.7122,1.7000,28.24
3.64,1.0000,0.7809,0.7122,1.7000,28.24
3.66,1.0000,0.7809,0.7122,1.7000,28.24
3.68,1.0000,0.7809,0.7122,1.7000,28.24
3.70,1.0000,0.7809,0.7122,1.7000,28.24
3.72,1.0000,0.7809,0.7122,1.7000,28.24
3.74,1.0000,0.7809,0.7122,1.7000,28.24
3.76,1.0000,0.7809,0.7122,1.7000,28.24
3.78,1.0000,0.7809,0.7122,1.7000,28.24
3.80,1.0000,0.7809,0.7122,1.7000,28.24
3.82,1.0000,0.7809,0.7122,1.7000,28.24
3.84,1.0000,0.7809,0.7122,1.7000,28.24
3.86,1.0000,0.7809,0.7122,1.7000,28.24
3.88,1.0000,0.7809,0.7122,1.7000,28.24
3.90,1.0000,0.7809,0.7122,1.7000,28.24
3.92,1.0000,0.7809,0.7122,1.7000,28.24
3.94,1.0000,0.7809,0.7122,1.7000,28.24
3.96,1.0000,0.7809,0.7122,1.7000,28.24
3.98,1.0000,0.7809,0.7122,1.7000,28.24
4.00,1.0000,0.7809,0.7122,1.7000,28.24
4.02,1.0000,0.7809,0.7122,1.7000,28.24
4.04,1.0000,0.7809,0.7122,1.7000,28.24
4.06,1.0000,0.7809,0.7122,1.7000,28.24
4.08,1.0000,0.7809,0.7122,1.7000,28.24
4.10,1.0000,0.7809,0.7122,1.7000,28.24
4.12,1.0000,0.7809,0.7122,1.7000,28.24
4.14,1.0000,0.7809,0.7122,1.7000,28.24
4.16,1.0000,0.7809,0.7122,1.7000,28.24
4.18,1.0000,0.7809,0.7122,1.7000,28.24
4.20,1.0000,0.7809,0.7122,1.7000,28.24
4.22,1.0000,0.7809,0.7122,1.7000,28.24
4.24,1.0000,0.7809,0.7122,1.7000,28.24
4.26,1.0000,0.7809,0.7122,1.7000,28.24
4.28,1.0000,0.7809,0.7122,1.7000,28.24
4.30,1.0000,0.7809,0.7122,1.7000,28.24
4.32,1.0000,0.7809,0.7122,1.7000,28.24
4.34,1.0000,0.7809,0.7122,1.7000,28.24
4.36,1.0000,0.7809,0.7122,1.7000,28.24
4.38,1.0000,0.7809,0.7122,1.7000,28.24
4.40,1.0000,0.7809,0.7122,1.7000,28.24
4.42,1.0000,0.7809,0.7122,1.7000,28.24
4.44,1.0000,0.7809,0.7122,1.7000,28.24
4.46,1.0000,0.7809,0.7122,1.7000,28.24
4.48,1.0000,0.7809,0.7122,1.7000,28.24
4.50,1.0000,0.7809,0.7122,1.7000,28.24
4.52,1.0000,0.7809,0.7122,1.7000,28.24
4.54,1.0000,0.7809,0.7122,1.7000,28.24
4.56,1.0000,0.7809,0.7122,1.7000,28.24
4.58,1.0000,0.7809,0.7122,1.7000,28.24
4.60,1.0000,0.7809,0.7122,1.7000,28.24
4.62,1.0000,0.7809,0.7122,1.7000,28.24
4.64,1.0000,0.7809,0.7122,1.7000,28.24
4.66,1.0000,0.7809,0.7122,1.7000,28.24
4.68,1.0000,0.7809,0.7122,1.7000,28.24
4.70,1.0000,0.7809,0.7122,1.7000,28.24
4.72,1.0000,0.7809,0.7122,1.7000,28.24
4.74,1.0000,0.7809,0.7122,1.7000,28.24
4.76,1.0000,0.7809,0.7122,1.7000,28.24
4.78,1.0000,0.7809,0.7122,1.7000,28.24
4.80,1.0000,0.7809,0.7122,1.7000,28.24
4.82,1.0000,0.7809,0.7122,1.7000,28.24
4.84,1.0000,0.7809,0.7122,1.7000,28.24
4.86,1.0000,0.7809,0.7122,1.7000,28.24
4.88,1.0000,0.7809,0.7122,1.7000,28.24
4.90,1.0000,0.7809,0.7122,1.7000,28.24
4.92,1.0000,0.7809,0.7122,1.7000,28.24
4.94,1.0000,0.7809,0.7122,1.7000,28.24
4.96,1.0000,0.7809,0.7122,1.7000,28.24
4.98,1.0000,0.7809,0.7122,1.7000,28.24
5.00,1.0000,0.7809,0.7122,1.7000,28.24
5.02,1.0000,0.7809,0.7122,1.7000,28.24
5.04,1.0000,0.7809,0.7122,1.7000,28.24
5.06,1.0000,0.7809,0.7122,1.7000,28.24
5.08,1.0000,0.7809,0.7122,1.7000,28.24
5.10,1.0000,0.7809,0.7122,1.7000,28.24
5.12,1.0000,0.7809,0.7122,1.7000,28.24
5.14,1.0000,0.7809,0.7122,1.7000,28.24
5.16,1.0000,0.7809,0.7122,1.7000,28.24
5.18,1.0000,0.7809,0.7122,1.7000,28.24
5.20,1.0000,0.7809,0.7122,1.7000,28.24
5.22,1.0000,0.7809,0.7122,1.7000,28.24
5.24,1.0000,0.7809,0.7122,1.7000,28.24
5.26,1.0000,0.7809,0.7122,1.7000,28.24
5.28,1.0000,0.7809,0.7122,1.7000,28.24
5.30,1.0000,0.7809,0.7122,1.7000,28.24
5.32,1.0000,0.7809,0.7122,1.7000,28.24
5.34,1.0000,0.7809,0.7122,1.7000,28.24
5.36,1.0000,0.7809,0.7122,1.7000,28.24
5.38,1.0000,0.7809,0.7122,1.7000,28.24
5.40,1.0000,0.7809,0.7122,1.7000,28.24
5.42,1.0000,0.7809,0.7122,1.7000,28.24
5.44,1.0000,0.7809,0.7122,1.7000,28.24
5.46,1.0000,0.7809,0.7122,1.7000,28.24
5.48,1.0000,0.7809,0.7122,1.7000,28.24
5.50,1.0000,0.7809,0.7122,1.7000,28.24
5.52,1.0000,0.7809,0.7122,1.7000,28.24
5.54,1.0000,0.7809,0.7122,1.7000,28.24
5.56,1.0000,0.7809,0.7122,1.7000,28.24
5.58,1.0000,0.7809,0.7122,1.7000,28.24
5.60,1.0000,0.7809,0.7122,1.7000,28.24
5.62,1.0000,0.7809,0.7122,1.7000,28.24
5.64,1.0000,0.7809,0.7122,1.7000,28.24
5.66,1.0000,0.7809,0.7122,1.7000,28.24
5.68,1.0000,0.7809,0.7122,1.7000,28.24
5.70,1.0000,0.7809,0.7122,1.7000,28.24
5.72,1.0000,0.7809,0.7122,1.7000,28.24
5.74,1.0000,0.7809,0.7122,1.7000,28.24
5.76,1.0000,0.7809,0.7122,1.7000,28.24
5.78,1.0000,0.7809,0.7122,1.7000,28.24
5.80,1.0000,0.7809,0.7122,1.7000,28.24
5.82,1.0000,0.7809,0.7122,1.7000,28.24
5.84,1.0000,0.7809,0.7122,1.7000,28.24
5.86,1.0000,0.7809,0.7122,1.7000,28.24
5.88,1.0000,0.7809,0.7122,1.7000,28.24
5.90,1.0000,0.7809,0.7122,1.7000,28.24
5.92,1.0000,0.7809,0.7122,1.7000,28.24
5.94,1.0000,0.7809,0.7122,1.7000,28.24
5.96,1.0000,0.7809,0.7122,1.7000,28.24
5.98,1.0000,0.7809,0.7122,1.7000,28.24
6.00,1.0000,0.7809,0.7122,1.7000,28.24
6.02,1.0000,0.7809,0.7122,1.7000,28.24
6.04,1.0000,0.7809,0.7122,1.7000,28.24
6.06,1.0000,0.7809,0.7122,1.7000,28.24
6.08,1.0000,0.7809,0.7122,1.7000,28.24
6.10,1.0000,0.7809,0.7122,1.7000,28.24
6.12,1.0000,0.7809,0.7122,1.7000,28.24
6.14,1.0000,0.7809,0.7122,1.7000,28.24
6.16,1.0000,0.7809,0.7122,1.7000,28.24
6.18,1.0000,0.7809,0.7122,1.7000,28.24
6.20,1.0000,0.7809,0.7122,1.7000,28.24
6.22,1.0000,0.7809,0.7122,1.7000,28.24
6.24,1.0000,0.7809,0.7122,1.7000,28.24
6.26,1.0000,0.7809,0.7122,1.7000,28.24
6.28,1.0000,0.7809,0.7122,1.7000,28.24
6.30,1.0000,0.7809,0.7122,1.7000,28.24
6.32,1.0000,0.7809,0.7122,1.7000,28.24
6.34,1.0000,0.7809,0.7122,1.7000,28.24
6.36,1.0000,0.7809,0.7122,1.7000,28.24
6.38,1.0000,0.7809,0.7122,1.7000,28.24
6.40,1.0000,0.7809,0.7122,1.7000,28.24
6.42,1.0000,0.7809,0.7122,1.7000,28.24
6.44,1.0000,0.7809,0.7122,1.7000,28.24
6.46,1.0000,0.7809,0.7122,1.7000,28.24
6.48,1.0000,0.7809,0.7122,1.7000,28.24
6.50,1.0000,0.7809,0.7122,1.7000,28.24
6.52,1.0000,0.7809,0.7122,1.7000,28.24
6.54,1.0000,0.7809,0.7122,1.7000,28.24
6.56,1.0000,0.7809,0.7122,1.7000,28.24
6.58,1.0000,0.7809,0.7122,1.7000,28.24
6.60,1.0000,0.7809,0.7122,1.7000,28.24
6.62,1.0000,0.7809,0.7122,1.7000,28.24
6.64,1.0000,0.7809,0.7122,1.7000,28.24
6.66,1.0000,0.7809,0.7122,1.7000,28.24
6.68,1.0000,0.7809,0.7122,1.7000,28.24
6.70,1.0000,0.7809,0.7122,1.7000,28.24
6.72,1.0000,0.7809,0.7122,1.7000,28.24
6.74,1.0000,0.7809,0.7122,1.7000,28.24
6.76,1.0000,0.7809,0.7122,1.7000,28.24
6.78,1.0000,0.7809,0.7122,1.7000,28.24
6.80,1.0000,0.7809,0.7122,1.7000,28.24
6.82,1.0000,0.7809,0.7122,1.7000,28.24
6.84,1.0000,0.7809,0.7122,1.7000,28.24
6.86,1.0000,0.7809,0.7122,1.7000,28.24
6.88,1.0000,0.7809,0.7122,1.7000,28.24
6.90,1.0000,0.7809,0.7122,1.7000,28.24
6.92,1.0000,0.7809,0.7122,1.7000,28.24
6.94,1.0000,0.7809,0.7122,1.7000,28.24
6.96,1.0000,0.7809,0.7122,1.7000,28.24
6.98,1.0000,0.7809,0.7122,1.7000,28.24
7.00,1.0000,0.7809,0.7122,1.7000,28.24
7.02,1.0000,0.7809,0.7122,1.7000,28.24
7.04,1.0000,0.7809,0.7122,1.7000,28.24
7.06,1.0000,0.7809,0.7122,1.7000,28.24
7.08,1.0000,0.7809,0.7122,1.7000,28.24
7.10,1.0000,0.7809,0.7122,1.7000,28.24
7.12,1.0000,0.7809,0.7122,1.7000,28.24
7.14,1.0000,0.7809,0.7122,1.7000,28.24
7.16,1.0000,0.7809,0.7122,1.7000,28.24
7.18,1.0000,0.7809,0.7122,1.7000,28.24
7.20,1.0000,0.7809,0.7122,1.7000,28.24
7.22,1.0000,0.7809,0.7122,1.7000,28.24
7.24,1.0000,0.7809,0.7122,1.7000,28.24
7.26,1.0000,0.7809,0.7122,1.7000,28.24
7.28,1.0000,0.7809,0.7122,1.7000,28.24
7.30,1.0000,0.7809,0.7122,1.7000,28.24
7.32,1.0000,0.7809,0.7122,1.7000,28.24
7.34,1.0000,0.7809,0.7122,1.7000,28.24
7.36,1.0000,0.7809,0.7122,1.7000,28.24
7.38,1.0000,0.7809,0.7122,1.7000,28.24
7.40,1.0000,0.7809,0.7122,1.7000,28.24
7.42,1.0000,0.7809,0.7122,1.7000,28.24
7.44,1.0000,0.7809,0.7122,1.7000,28.24
7.46,1.0000,0.7809,0.7122,1.7000,28.24
7.48,1.0000,0.7809,0.7122,1.7000,28.24
7.50,1.0000,0.7809,0.7122,1.7000,28.24
7.52,1.0000,0.7809,0.7122,1.7000,28.24
7.54,1.0000,0.7809,0.7122,1.7000,28.24
7.56,1.0000,0.7809,0.7122,1.7000,28.24
7.58,1.0000,0.7809,0.7122,1.7000,28.24
7.60,1.0000,0.7809,0.7122,1.7000,28.24
7.62,1.0000,0.7809,0.7122,1.7000,28.24
7.64,1.0000,0.7809,0.7122,1.7000,28.24
7.66,1.0000,0.7809,0.7122,1.7000,28.24
7.68,1.0000,0.7809,0.7122,1.7000,28.24
7.70,1.0000,0.7809,0.7122,1.7000,28.24
7.72,1.0000,0.7809,0.7122,1.7000,28.24
7.74,1.0000,0.7809,0.7122,1.7000,28.24
7.76,1.0000,0.7809,0.7122,1.7000,28.24
7.78,1.0000,0.7809,0.7122,1.7000,28.24
7.80,1.0000,0.7809,0.7122,1.7000,28.24
7.82,1.0000,0.7809,0.7122,1.7000,28.24
7.84,1.0000,0.7809,0.7122,1.7000,28.24
7.86,1.0000,0.7809,0.7122,1.7000,28.24
7.88,1.0000,0.7809,0.7122,1.7000,28.24
7.90,1.0000,0.7809,0.7122,1.7000,28.24
7.92,1.0000,0.7809,0.7122,1.7000,28.24
7.94,1.0000,0.7809,0.7122,1.7000,28.24
7.96,1.0000,0.7809,0.7122,1.7000,28.24
7.98,1.0000,0.7809,0.7122,1.7000,28.24
8.00,1.0000,0.7809,0.7122,1.7000,28.24
8.02,1.0000,0.7809,0.7122,1.1314,28.07
8.04,1.0000,0.7809,0.7122,1.1314,28.07
8.06,1.0000,0.7809,0.7122,1.1314,28.07
8.08,1.0000,0.7809,0.7122,1.1314,28.07
8.10,0.9997,0.7809,0.7122,1.1312,28.08
8.12,0.9997,0.7809,0.7122,1.1312,28.08
8.14,0.9997,0.7809,0.7122,1.1312,28.08
8.16,0.9998,0.7809,0.7122,1.1312,28.08
8.18,0.9991,0.7812,0.7121,1.1307,28.09
8.20,0.9966,0.7809,0.7113,1.1285,28.12
8.22,0.9966,0.7809,0.7113,1.1285,28.12
8.24,0.9966,0.7797,0.7121,1.1285,28.12
8.26,0.9973,0.7805,0.7121,1.1290,28.10
8.28,0.9942,0.7818,0.7108,1.1262,28.11
8.30,0.9881,0.7780,0.7079,1.1209,28.17
8.32,0.9881,0.7780,0.7079,1.1209,28.17
8.34,0.9881,0.7726,0.7072,1.1209,28.17
8.36,0.9905,0.7748,0.7072,1.1229,28.14
8.38,0.9856,0.7778,0.7045,1.1183,28.15
8.40,0.9756,0.7697,0.6981,1.1093,28.22
8.42,0.9756,0.7697,0.6981,1.1093,28.22
8.44,0.9756,0.7601,0.6954,1.1093,28.22
8.46,0.9796,0.7638,0.6954,1.1125,28.15
8.48,0.9721,0.7682,0.6905,1.1052,28.13
8.50,0.9582,0.7562,0.6804,1.0926,28.20
8.52,0.9582,0.7562,0.6804,1.0926,28.20
8.54,0.9582,0.7423,0.6758,1.0926,28.20
8.56,0.9634,0.7472,0.6758,1.0967,28.10
8.58,0.9534,0.7525,0.6683,1.0866,28.05
8.60,0.9364,0.7370,0.6549,1.0711,28.12
8.62,0.9364,0.7370,0.6549,1.0711,28.12
8.64,0.9364,0.7198,0.6480,1.0711,28.12
8.66,0.9423,0.7254,0.6480,1.0756,28.00
8.68,0.9305,0.7316,0.6390,1.0639,27.93
8.70,0.9112,0.7130,0.6211,1.0458,27.97
8.72,0.9112,0.7130,0.6211,1.0458,27.97
8.74,0.9112,0.6933,0.6123,1.0458,27.97
8.76,0.9180,0.6998,0.6123,1.0511,27.84
8.78,0.9049,0.7065,0.6013,1.0377,27.72
8.80,0.8836,0.6856,0.5791,1.0175,27.72
8.82,0.8836,0.6856,0.5791,1.0175,27.72
8.84,0.8836,0.6639,0.5679,1.0175,27.72
8.86,0.8910,0.6709,0.5679,1.0232,27.58
8.88,0.8767,0.6782,0.5548,1.0081,27.40
8.90,0.8542,0.6560,0.5282,0.9862,27.34
8.92,0.8542,0.6560,0.5282,0.9862,27.34
8.94,0.8542,0.6329,0.5144,0.9862,27.34
8.96,0.8621,0.6405,0.5144,0.9924,27.18
8.98,0.8473,0.6483,0.4996,0.9761,26.93
9.00,0.8240,0.6250,0.4683,0.9528,26.79
9.02,0.8240,0.6250,0.4683,0.9528,26.79
9.04,0.8240,0.6013,0.4520,0.9528,26.79
9.06,0.8320,0.6091,0.4520,0.9590,26.63
9.08,0.8167,0.6171,0.4354,0.9417,26.29
9.10,0.7932,0.5936,0.3999,0.9175,26.07
9.12,0.7932,0.5936,0.3999,0.9175,26.07
9.14,0.7932,0.5699,0.3809,0.9175,26.07
9.16,0.8016,0.5782,0.3809,0.9240,25.90
9.18,0.7864,0.5865,0.3626,0.9059,25.47
9.20,0.7626,0.5633,0.3236,0.8810,25.18
9.22,0.7626,0.5633,0.3236,0.8810,25.18
9.24,0.7626,0.5402,0.3025,0.8810,25.18
9.26,0.7708,0.5484,0.3025,0.8873,25.02
9.28,0.7560,0.5569,0.2827,0.8689,24.50
9.30,0.7324,0.5349,0.2425,0.8443,24.22
9.32,0.7324,0.5349,0.2425,0.8443,24.22
9.34,0.7324,0.5137,0.2196,0.8443,24.22
9.36,0.7408,0.5221,0.2196,0.8509,24.06
9.38,0.7261,0.5308,0.2031,0.8338,23.68
9.40,0.7017,0.5108,0.1659,0.8104,23.61
9.42,0.7017,0.5108,0.1659,0.8104,23.61
9.44,0.7017,0.4923,0.1416,0.8104,23.61
9.46,0.7107,0.5013,0.1416,0.8173,23.44
9.48,0.6952,0.5102,0.1301,0.8016,23.29
9.50,0.6710,0.4928,0.0975,0.7804,23.47
9.52,0.6710,0.4928,0.0975,0.7804,23.47
9.54,0.6710,0.4758,0.0723,0.7804,23.47
9.56,0.6801,0.4850,0.0723,0.7874,23.29
9.58,0.6654,0.4943,0.0664,0.7743,23.37
9.60,0.6418,0.4766,0.0388,0.7552,23.70
9.62,0.6418,0.4766,0.0388,0.7552,23.70
9.64,0.6418,0.4583,0.0157,0.7552,23.70
9.66,0.6511,0.4676,0.0157,0.7623,23.53
9.68,0.6370,0.4772,0.0131,0.7509,23.72
9.70,0.6131,0.4572,0.0122,0.7318,24.05
9.72,0.6131,0.4572,0.0122,0.7318,24.05
9.74,0.6131,0.4358,0.0320,0.7318,24.05
9.76,0.6223,0.4455,0.0320,0.7385,23.86
9.78,0.6073,0.4550,0.0366,0.7255,23.95
9.80,0.5829,0.4316,0.0621,0.7045,24.10
9.82,0.5829,0.4316,0.0621,0.7045,24.10
9.84,0.5829,0.4080,0.0796,0.7045,24.10
9.86,0.5921,0.4175,0.0796,0.7112,23.91
9.88,0.5758,0.4271,0.0900,0.6948,23.74
9.90,0.5505,0.4033,0.1208,0.6702,23.58
9.92,0.5505,0.4033,0.1208,0.6702,23.58
9.94,0.5505,0.3792,0.1370,0.6702,23.58
9.96,0.5597,0.3889,0.1370,0.6769,23.39
9.98,0.5437,0.3985,0.1533,0.6579,22.90
10.00,0.5183,0.3741,0.1851,0.6320,22.59
10.02,0.5183,0.3741,0.1851,0.6338,22.78
10.04,0.5183,0.3495,0.2000,0.6359,23.01
10.06,0.5275,0.3592,0.2000,0.6446,23.05
10.08,0.5116,0.3687,0.2174,0.6271,22.71
10.10,0.4868,0.3436,0.2482,0.6034,22.56
10.12,0.4868,0.3436,0.2482,0.6055,22.79
10.14,0.4868,0.3187,0.2613,0.6077,23.02
10.16,0.4960,0.3282,0.2613,0.6164,23.07
10.18,0.4806,0.3379,0.2767,0.6002,22.81
10.20,0.4558,0.3127,0.3019,0.5784,22.83
10.22,0.4558,0.3127,0.3019,0.5806,23.06
10.24,0.4558,0.2872,0.3126,0.5827,23.29
10.26,0.4650,0.2968,0.3126,0.5912,23.33
10.28,0.4488,0.3064,0.3246,0.5761,23.24
10.30,0.4238,0.2810,0.3437,0.5566,23.47
10.32,0.4238,0.2810,0.3437,0.5588,23.70
10.34,0.4238,0.2554,0.3528,0.5610,23.92
10.36,0.4328,0.2649,0.3528,0.5691,23.95
10.38,0.4167,0.2746,0.3609,0.5561,24.04
10.40,0.3919,0.2493,0.3759,0.5387,24.41
10.42,0.3919,0.2493,0.3759,0.5410,24.63
10.44,0.3919,0.2234,0.3834,0.5433,24.86
10.46,0.4009,0.2332,0.3834,0.5511,24.87
10.48,0.3848,0.2430,0.3899,0.5392,25.03
10.50,0.3600,0.2175,0.4045,0.5222,25.37
10.52,0.3600,0.2175,0.4045,0.5245,25.59
10.54,0.3600,0.1916,0.4111,0.5269,25.80
10.56,0.3690,0.2014,0.4111,0.5340,25.79
10.58,0.3531,0.2115,0.4184,0.5220,25.87
10.60,0.3281,0.1858,0.4330,0.5045,26.10
10.62,0.3281,0.1858,0.4330,0.5068,26.32
10.64,0.3281,0.1605,0.4374,0.5092,26.53
10.66,0.3371,0.1705,0.4374,0.5158,26.49
10.68,0.3206,0.1806,0.4474,0.5018,26.40
10.70,0.2956,0.1551,0.4615,0.4835,26.49
10.72,0.2956,0.1551,0.4615,0.4858,26.70
10.74,0.2956,0.1300,0.4631,0.4882,26.91
10.76,0.3047,0.1403,0.4631,0.4945,26.85
10.78,0.2884,0.1505,0.4753,0.4793,26.60
10.80,0.2635,0.1257,0.4878,0.4607,26.61
10.82,0.2635,0.1257,0.4878,0.4631,26.81
10.84,0.2635,0.1020,0.4866,0.4654,27.02
10.86,0.2724,0.1120,0.4866,0.4713,26.95
10.88,0.2561,0.1220,0.4996,0.4555,26.62
10.90,0.2311,0.0989,0.5098,0.4370,26.56
10.92,0.2311,0.0989,0.5098,0.4394,26.76
10.94,0.2311,0.0766,0.5058,0.4417,26.96
10.96,0.2399,0.0866,0.5058,0.4468,26.87
10.98,0.2238,0.0966,0.5187,0.4312,26.49
11.00,0.1994,0.0756,0.5256,0.4136,26.40
11.02,0.1994,0.0756,0.5256,0.4159,26.59
11.04,0.1994,0.0558,0.5191,0.4182,26.79
11.06,0.2083,0.0659,0.5191,0.4227,26.67
11.08,0.1922,0.0759,0.5318,0.4071,26.25
11.10,0.1677,0.0574,0.5375,0.3898,26.09
11.12,0.1677,0.0574,0.5375,0.3920,26.28
11.14,0.1677,0.0406,0.5295,0.3942,26.47
11.16,0.1765,0.0506,0.5295,0.3982,26.34
11.18,0.1607,0.0607,0.5420,0.3824,25.83
11.20,0.1366,0.0451,0.5458,0.3661,25.65
11.22,0.1366,0.0451,0.5458,0.3683,25.83
11.24,0.1366,0.0307,0.5374,0.3705,26.00
11.26,0.1454,0.0407,0.5374,0.3737,25.86
11.28,0.1298,0.0506,0.5494,0.3582,25.31
11.30,0.1055,0.0371,0.5528,0.3426,25.07
11.32,0.1055,0.0371,0.5528,0.3447,25.24
11.34,0.1055,0.0252,0.5447,0.3468,25.41
11.36,0.1141,0.0350,0.5447,0.3492,25.25
11.38,0.0990,0.0448,0.5552,0.3346,24.67
11.40,0.0990,0.0338,0.5473,0.3366,24.84
11.42,0.0756,0.0338,0.5572,0.3226,24.58
11.44,0.0756,0.0239,0.5494,0.3246,24.74
11.46,0.0847,0.0340,0.5494,0.3265,24.56
11.48,0.0707,0.0441,0.5594,0.3123,23.90
11.50,0.0707,0.0350,0.5516,0.3142,24.06
11.52,0.0482,0.0350,0.5609,0.3012,23.70
11.54,0.0482,0.0267,0.5532,0.3030,23.86
11.56,0.0573,0.0368,0.5532,0.3041,23.67
11.58,0.0444,0.0469,0.5619,0.2906,22.95
11.60,0.0232,0.0395,0.5623,0.2788,22.52
11.62,0.0232,0.0395,0.5623,0.2806,22.67
11.64,0.0232,0.0326,0.5544,0.2824,22.82
11.66,0.0324,0.0428,0.5544,0.2826,22.61
11.68,0.0208,0.0530,0.5616,0.2699,21.84
11.70,0.0008,0.0465,0.5611,0.2596,21.36
11.72,0.0008,0.0465,0.5611,0.2612,21.49
11.74,0.0008,0.0405,0.5534,0.2629,21.63
11.76,0.0102,0.0509,0.5534,0.2618,21.38
11.78,0.0003,0.0612,0.5608,0.2489,20.48
11.80,0.0003,0.0556,0.5530,0.2505,20.61
11.82,0.0178,0.0556,0.5598,0.2410,20.03
11.84,0.0178,0.0509,0.5515,0.2425,20.16
11.86,0.0081,0.0612,0.5515,0.2414,19.96
11.88,0.0155,0.0716,0.5580,0.2293,19.02
11.90,0.0318,0.0676,0.5558,0.2205,18.36
11.92,0.0318,0.0676,0.5558,0.2219,18.48
11.94,0.0318,0.0640,0.5469,0.2233,18.60
11.96,0.0220,0.0743,0.5469,0.2214,18.40
11.98,0.0274,0.0847,0.5534,0.2092,17.39
12.00,0.0420,0.0814,0.5497,0.2020,16.74
12.02,0.0420,0.0814,0.5497,0.2033,16.85
12.04,0.0420,0.0787,0.5402,0.2045,16.96
12.06,0.0321,0.0889,0.5402,0.2021,16.78
12.08,0.0358,0.0991,0.5456,0.1912,15.83
12.10,0.0490,0.0968,0.5402,0.1852,15.21
12.12,0.0490,0.0968,0.5402,0.1864,15.31
12.14,0.0490,0.0949,0.5299,0.1875,15.41
12.16,0.0390,0.1051,0.5299,0.1845,15.23
12.18,0.0414,0.1153,0.5339,0.1752,14.40
12.20,0.0536,0.1139,0.5260,0.1713,13.89
12.22,0.0536,0.1139,0.5260,0.1723,13.99
12.24,0.0536,0.1129,0.5145,0.1733,14.07
12.26,0.0435,0.1230,0.5145,0.1698,13.90
12.28,0.0455,0.1331,0.5169,0.1618,13.17
12.30,0.0571,0.1325,0.5062,0.1600,12.79
12.32,0.0571,0.1325,0.5062,0.1609,12.87
12.34,0.0571,0.1326,0.4934,0.1617,12.95
12.36,0.0472,0.1425,0.4934,0.1580,12.80
12.38,0.0485,0.1525,0.4940,0.1521,12.26
12.40,0.0596,0.1539,0.4795,0.1523,12.02
12.42,0.0596,0.1539,0.4795,0.1531,12.09
12.44,0.0596,0.1561,0.4645,0.1538,12.16
12.46,0.0496,0.1659,0.4645,0.1496,12.00
12.48,0.0501,0.1759,0.4637,0.1451,11.59
12.50,0.0605,0.1791,0.4465,0.1466,11.46
12.52,0.0605,0.1791,0.4465,0.1473,11.52
12.54,0.0605,0.1835,0.4296,0.1479,11.58
12.56,0.0504,0.1932,0.4296,0.1434,11.42
12.58,0.0503,0.2031,0.4281,0.1397,11.09
12.60,0.0600,0.2088,0.4080,0.1421,11.05
12.62,0.0600,0.2088,0.4080,0.1427,11.10
12.64,0.0600,0.2146,0.3900,0.1432,11.15
12.66,0.0499,0.2244,0.3900,0.1383,10.97
12.68,0.0489,0.2344,0.3881,0.1349,10.69
12.70,0.0581,0.2382,0.3695,0.1374,10.65
12.72,0.0581,0.2382,0.3695,0.1378,10.70
12.74,0.0581,0.2405,0.3543,0.1382,10.74
12.76,0.0478,0.2504,0.3543,0.1331,10.55
12.78,0.0465,0.2602,0.3523,0.1301,10.31
12.80,0.0556,0.2599,0.3365,0.1329,10.31
12.82,0.0556,0.2599,0.3365,0.1332,10.34
12.84,0.0556,0.2577,0.3246,0.1335,10.37
12.86,0.0450,0.2675,0.3246,0.1285,10.20
12.88,0.0433,0.2773,0.3224,0.1259,10.00
12.90,0.0521,0.2719,0.3108,0.1283,9.99
12.92,0.0521,0.2719,0.3108,0.1286,10.01
12.94,0.0521,0.2651,0.3026,0.1288,10.03
12.96,0.0416,0.2746,0.3026,0.1239,9.86
12.98,0.0397,0.2841,0.3005,0.1215,9.68
13.00,0.0482,0.2762,0.2911,0.1239,9.69
13.02,0.0482,0.2762,0.2911,0.1240,9.70
13.04,0.0482,0.2677,0.2842,0.1241,9.71
13.06,0.0378,0.2768,0.2842,0.1195,9.56
13.08,0.0357,0.2863,0.2823,0.1171,9.39
13.10,0.0442,0.2766,0.2742,0.1196,9.40
13.12,0.0442,0.2766,0.2742,0.1196,9.41
13.14,0.0442,0.2664,0.2687,0.1196,9.41
13.16,0.0337,0.2756,0.2687,0.1149,9.23
13.18,0.0320,0.2847,0.2668,0.1127,9.06
13.20,0.0406,0.2733,0.2603,0.1149,9.08
13.22,0.0406,0.2733,0.2603,0.1149,9.07
13.24,0.0406,0.2612,0.2560,0.1148,9.06
13.26,0.0303,0.2700,0.2560,0.1104,8.89
13.28,0.0284,0.2788,0.2544,0.1084,8.75
13.30,0.0371,0.2660,0.2488,0.1110,8.81
13.32,0.0371,0.2660,0.2488,0.1108,8.79
13.34,0.0371,0.2526,0.2456,0.1106,8.77
13.36,0.0267,0.2612,0.2456,0.1064,8.60
13.38,0.0253,0.2699,0.2438,0.1049,8.49
13.40,0.0343,0.2554,0.2394,0.1077,8.58
13.42,0.0343,0.2554,0.2394,0.1074,8.55
13.44,0.0343,0.2400,0.2378,0.1071,8.52
13.46,0.0238,0.2484,0.2378,0.1030,8.35
13.48,0.0221,0.2569,0.2358,0.1022,8.31
13.50,0.0311,0.2408,0.2333,0.1047,8.38
13.52,0.0311,0.2408,0.2333,0.1043,8.34
13.54,0.0311,0.2241,0.2329,0.1038,8.30
13.56,0.0206,0.2324,0.2329,0.0997,8.11
13.58,0.0193,0.2408,0.2315,0.0984,8.02
13.60,0.0285,0.2232,0.2305,0.1009,8.09
13.62,0.0285,0.2232,0.2305,0.1003,8.05
13.64,0.0285,0.2049,0.2317,0.0998,8.00
13.66,0.0178,0.2133,0.2317,0.0956,7.80
13.68,0.0164,0.2216,0.2304,0.0947,7.73
13.70,0.0258,0.2024,0.2311,0.0971,7.82
13.72,0.0258,0.2024,0.2311,0.0965,7.76
13.74,0.0258,0.1824,0.2339,0.0958,7.70
13.76,0.0150,0.1906,0.2339,0.0918,7.50
13.78,0.0135,0.1989,0.2329,0.0908,7.42
13.80,0.0231,0.1781,0.2353,0.0931,7.52
13.82,0.0231,0.1781,0.2353,0.0924,7.45
13.84,0.0231,0.1571,0.2391,0.0916,7.38
13.86,0.0124,0.1650,0.2391,0.0878,7.18
13.88,0.0115,0.1728,0.2380,0.0873,7.15
13.90,0.0211,0.1522,0.2402,0.0897,7.25
13.92,0.0211,0.1522,0.2402,0.0888,7.18
13.94,0.0211,0.1338,0.2404,0.0879,7.10
13.96,0.0105,0.1414,0.2404,0.0841,6.89
13.98,0.0095,0.1490,0.2394,0.0840,6.88
14.00,0.0191,0.1315,0.2372,0.0865,7.00
14.02,0.0191,0.1315,0.2372,0.0855,6.92
14.04,0.0191,0.1172,0.2316,0.0845,6.83
14.06,0.0084,0.1246,0.2316,0.0808,6.62
14.08,0.0074,0.1320,0.2307,0.0809,6.64
14.10,0.0171,0.1205,0.2210,0.0832,6.76
14.12,0.0171,0.1205,0.2210,0.0821,6.66
14.14,0.0171,0.1122,0.2085,0.0810,6.56
14.16,0.0065,0.1192,0.2085,0.0774,6.34
14.18,0.0061,0.1263,0.2082,0.0774,6.35
14.20,0.0160,0.1195,0.1936,0.0799,6.48
14.22,0.0160,0.1195,0.1936,0.0787,6.38
14.24,0.0160,0.1143,0.1785,0.0774,6.27
14.26,0.0055,0.1208,0.1785,0.0739,6.06
14.28,0.0050,0.1272,0.1780,0.0746,6.12
14.30,0.0150,0.1231,0.1615,0.0774,6.29
14.32,0.0150,0.1231,0.1615,0.0761,6.17
14.34,0.0150,0.1210,0.1443,0.0747,6.06
14.36,0.0045,0.1270,0.1443,0.0711,5.83
14.38,0.0043,0.1330,0.1437,0.0724,5.94
14.40,0.0142,0.1320,0.1249,0.0755,6.14
14.42,0.0142,0.1320,0.1249,0.0741,6.02
14.44,0.0142,0.1324,0.1063,0.0726,5.89
14.46,0.0036,0.1381,0.1063,0.0690,5.66
14.48,0.0031,0.1438,0.1059,0.0699,5.73
14.50,0.0132,0.1450,0.0864,0.0729,5.93
14.52,0.0132,0.1450,0.0864,0.0714,5.80
14.54,0.0132,0.1442,0.0694,0.0698,5.66
14.56,0.0028,0.1495,0.0694,0.0661,5.42
14.58,0.0022,0.1549,0.0687,0.0675,5.53
14.60,0.0125,0.1520,0.0538,0.0704,5.72
14.62,0.0125,0.1520,0.0538,0.0687,5.58
14.64,0.0125,0.1461,0.0421,0.0670,5.44
14.66,0.0020,0.1510,0.0421,0.0633,5.19
14.68,0.0017,0.1560,0.0415,0.0651,5.33
14.70,0.0120,0.1483,0.0322,0.0680,5.53
14.72,0.0120,0.1483,0.0322,0.0662,5.38
14.74,0.0120,0.1383,0.0257,0.0644,5.22
14.76,0.0013,0.1430,0.0257,0.0605,4.96
14.78,0.0011,0.1475,0.0255,0.0622,5.09
14.80,0.0117,0.1358,0.0215,0.0654,5.31
14.82,0.0117,0.1358,0.0215,0.0635,5.15
14.84,0.0117,0.1225,0.0200,0.0616,4.99
14.86,0.0013,0.1265,0.0200,0.0580,4.75
14.88,0.0012,0.1305,0.0199,0.0600,4.91
14.90,0.0012,0.1161,0.0200,0.0580,4.75
14.92,0.0114,0.1161,0.0207,0.0609,4.94
14.94,0.0114,0.1012,0.0224,0.0589,4.77
14.96,0.0011,0.1051,0.0224,0.0551,4.51
14.98,0.0010,0.1091,0.0227,0.0569,4.66
15.00,0.0112,0.0940,0.0263,0.0599,4.85
15.02,0.0112,0.0940,0.0263,0.0578,4.68
15.04,0.0112,0.0797,0.0295,0.0557,4.50
15.06,0.0009,0.0833,0.0295,0.0518,4.25
15.08,0.0008,0.0869,0.0298,0.0539,4.41
15.10,0.0108,0.0726,0.0344,0.0571,4.63
15.12,0.0108,0.0726,0.0344,0.0549,4.44
15.14,0.0108,0.0587,0.0386,0.0528,4.26
15.16,0.0007,0.0622,0.0386,0.0488,4.00
15.18,0.0007,0.0656,0.0389,0.0511,4.18
15.20,0.0111,0.0518,0.0445,0.0545,4.40
15.22,0.0111,0.0518,0.0445,0.0522,4.21
15.24,0.0111,0.0384,0.0494,0.0500,4.02
15.26,0.0011,0.0417,0.0494,0.0458,3.75
15.28,0.0010,0.0452,0.0498,0.0481,3.94
15.30,0.0111,0.0322,0.0559,0.0515,4.15
15.32,0.0111,0.0322,0.0559,0.0492,3.95
15.34,0.0111,0.0200,0.0606,0.0468,3.75
15.36,0.0010,0.0231,0.0606,0.0428,3.50
15.38,0.0010,0.0262,0.0611,0.0454,3.72
15.40,0.0115,0.0144,0.0667,0.0493,3.96
15.42,0.0115,0.0144,0.0667,0.0469,3.76
15.44,0.0115,0.0038,0.0703,0.0445,3.55
15.46,0.0014,0.0069,0.0703,0.0402,3.29
15.48,0.0015,0.0101,0.0709,0.0428,3.51
15.50,0.0015,0.0003,0.0738,0.0403,3.30
15.52,0.0119,0.0003,0.0751,0.0443,3.52
15.54,0.0119,0.0083,0.0769,0.0419,3.31
15.56,0.0016,0.0050,0.0769,0.0369,3.02
15.58,0.0018,0.0016,0.0775,0.0395,3.24
15.60,0.0018,0.0016,0.0775,0.0370,3.03
15.62,0.0126,0.0096,0.0799,0.0414,3.26
15.64,0.0126,0.0160,0.0797,0.0390,3.05
15.66,0.0026,0.0128,0.0797,0.0338,2.76
15.68,0.0031,0.0096,0.0804,0.0365,2.99
15.70,0.0031,0.0153,0.0795,0.0339,2.77
15.72,0.0141,0.0153,0.0813,0.0388,2.99
15.74,0.0141,0.0196,0.0790,0.0363,2.77
15.76,0.0040,0.0165,0.0790,0.0305,2.48
15.78,0.0044,0.0135,0.0800,0.0331,2.69
15.80,0.0155,0.0168,0.0789,0.0384,2.90
15.82,0.0155,0.0168,0.0789,0.0359,2.68
15.84,0.0155,0.0198,0.0767,0.0336,2.46
15.86,0.0053,0.0168,0.0767,0.0270,2.17
15.88,0.0061,0.0139,0.0782,0.0293,2.36
15.90,0.0173,0.0168,0.0793,0.0350,2.52
15.92,0.0173,0.0168,0.0793,0.0327,2.30
15.94,0.0173,0.0199,0.0793,0.0304,2.07
15.96,0.0072,0.0169,0.0793,0.0229,1.78
15.98,0.0084,0.0143,0.0813,0.0251,1.95
16.00,0.0202,0.0169,0.0844,0.0322,2.08
16.02,0.0202,0.0169,0.0844,0.0301,1.85
16.04,0.0202,0.0191,0.0849,0.0281,1.63
16.06,0.0100,0.0160,0.0849,0.0190,1.33
16.08,0.0118,0.0130,0.0878,0.0209,1.42
16.10,0.0118,0.0147,0.0887,0.0186,1.19
16.12,0.0240,0.0147,0.0927,0.0282,1.23
16.14,0.0240,0.0156,0.0933,0.0268,1.00
16.16,0.0138,0.0127,0.0933,0.0164,0.73
16.18,0.0162,0.0097,0.0973,0.0184,0.72
16.20,0.0290,0.0099,0.1027,0.0300,0.66
16.22,0.0290,0.0099,0.1027,0.0294,0.43
16.24,0.0290,0.0099,0.1027,0.0291,0.20
16.26,0.0189,0.0069,0.1027,0.0190,0.06
16.28,0.0217,0.0040,0.1079,0.0218,0.18
16.30,0.0346,0.0040,0.1136,0.0348,0.31
16.32,0.0346,0.0040,0.1136,0.0352,0.54
16.34,0.0346,0.0040,0.1136,0.0358,0.77
16.36,0.0245,0.0011,0.1136,0.0273,1.00
16.38,0.0270,0.0016,0.1194,0.0305,1.18
16.40,0.0395,0.0016,0.1256,0.0429,1.41
16.42,0.0395,0.0016,0.1256,0.0440,1.64
16.44,0.0395,0.0016,0.1256,0.0453,1.87
16.46,0.0296,0.0045,0.1256,0.0387,2.09
16.48,0.0317,0.0075,0.1314,0.0421,2.32
16.50,0.0433,0.0075,0.1372,0.0530,2.58
16.52,0.0433,0.0075,0.1372,0.0546,2.80
16.54,0.0433,0.0075,0.1372,0.0562,3.03
16.56,0.0335,0.0104,0.1372,0.0510,3.23
16.58,0.0351,0.0136,0.1427,0.0542,3.48
16.60,0.0457,0.0136,0.1475,0.0633,3.70
16.62,0.0457,0.0136,0.1475,0.0651,3.93
16.64,0.0457,0.0136,0.1475,0.0671,4.15
16.66,0.0359,0.0166,0.1475,0.0629,4.34
16.68,0.0361,0.0196,0.1515,0.0645,4.49
16.70,0.0455,0.0196,0.1544,0.0709,4.60
16.72,0.0455,0.0196,0.1544,0.0729,4.83
16.74,0.0455,0.0196,0.1544,0.0750,5.05
16.76,0.0358,0.0227,0.1544,0.0718,5.23
16.78,0.0347,0.0255,0.1563,0.0712,5.22
16.80,0.0426,0.0255,0.1576,0.0753,5.25
16.82,0.0426,0.0255,0.1576,0.0775,5.47
16.84,0.0426,0.0255,0.1576,0.0796,5.68
16.86,0.0331,0.0284,0.1576,0.0770,5.83
16.88,0.0305,0.0314,0.1583,0.0751,5.75
16.90,0.0372,0.0314,0.1584,0.0774,5.71
16.92,0.0372,0.0314,0.1584,0.0797,5.93
16.94,0.0372,0.0314,0.1584,0.0819,6.14
16.96,0.0273,0.0345,0.1584,0.0801,6.29
16.98,0.0238,0.0376,0.1578,0.0773,6.12
17.00,0.0296,0.0376,0.1566,0.0776,6.01
17.02,0.0296,0.0376,0.1566,0.0800,6.22
17.04,0.0296,0.0376,0.1566,0.0823,6.42
17.06,0.0195,0.0408,0.1566,0.0813,6.56
17.08,0.0149,0.0439,0.1551,0.0778,6.32
17.10,0.0149,0.0439,0.1551,0.0803,6.53
17.12,0.0202,0.0439,0.1533,0.0794,6.38
17.14,0.0202,0.0439,0.1533,0.0818,6.58
17.16,0.0100,0.0472,0.1533,0.0821,6.72
17.18,0.0052,0.0504,0.1512,0.0787,6.46
17.20,0.0105,0.0504,0.1488,0.0765,6.25
17.22,0.0105,0.0504,0.1488,0.0788,6.45
17.24,0.0105,0.0504,0.1488,0.0812,6.65
17.26,0.0004,0.0537,0.1488,0.0827,6.78
17.28,0.0043,0.0570,0.1463,0.0794,6.48
17.30,0.0009,0.0570,0.1435,0.0761,6.24
17.32,0.0009,0.0570,0.1435,0.0785,6.43
17.34,0.0009,0.0570,0.1435,0.0808,6.62
17.36,0.0090,0.0602,0.1435,0.0832,6.73
17.38,0.0136,0.0637,0.1410,0.0805,6.43
17.40,0.0077,0.0637,0.1384,0.0763,6.18
17.42,0.0077,0.0637,0.1384,0.0785,6.36
17.44,0.0077,0.0638,0.1383,0.0808,6.55
17.46,0.0177,0.0671,0.1383,0.0842,6.66
17.48,0.0210,0.0706,0.1361,0.0814,6.35
17.50,0.0138,0.0706,0.1344,0.0768,6.13
17.52,0.0138,0.0706,0.1344,0.0790,6.31
17.54,0.0138,0.0705,0.1342,0.0811,6.49
17.56,0.0238,0.0740,0.1342,0.0853,6.59
17.58,0.0253,0.0775,0.1334,0.0828,6.34
17.60,0.0162,0.0775,0.1329,0.0781,6.18
17.62,0.0162,0.0775,0.1329,0.0801,6.36
17.64,0.0162,0.0774,0.1329,0.0822,6.52
17.66,0.0261,0.0808,0.1329,0.0863,6.61
17.68,0.0259,0.0841,0.1332,0.0836,6.39
17.70,0.0153,0.0839,0.1337,0.0788,6.26
17.72,0.0153,0.0839,0.1337,0.0808,6.42
17.74,0.0153,0.0833,0.1337,0.0827,6.58
17.76,0.0249,0.0866,0.1337,0.0864,6.66
17.78,0.0232,0.0899,0.1351,0.0837,6.48
17.80,0.0116,0.0893,0.1358,0.0792,6.36
17.82,0.0116,0.0893,0.1358,0.0810,6.52
17.84,0.0116,0.0885,0.1354,0.0829,6.67
17.86,0.0213,0.0919,0.1354,0.0862,6.74
17.88,0.0190,0.0953,0.1368,0.0831,6.54
17.90,0.0190,0.0941,0.1364,0.0849,6.68
17.92,0.0069,0.0941,0.1379,0.0808,6.56
17.94,0.0069,0.0927,0.1373,0.0826,6.71
17.96,0.0166,0.0961,0.1373,0.0852,6.77
17.98,0.0144,0.0995,0.1388,0.0822,6.56
18.00,0.0018,0.0979,0.1396,0.0787,6.44
18.02,0.0018,0.0979,0.1396,0.0804,6.57
18.04,0.0018,0.0962,0.1387,0.0820,6.71
18.06,0.0121,0.1000,0.1387,0.0842,6.77
18.08,0.0097,0.1035,0.1403,0.0812,6.56
18.10,0.0097,0.1011,0.1399,0.0828,6.69
18.12,0.0026,0.1011,0.1409,0.0797,6.53
18.14,0.0026,0.0977,0.1404,0.0812,6.66
18.16,0.0075,0.1013,0.1404,0.0825,6.69
18.18,0.0054,0.1050,0.1415,0.0792,6.44
18.20,0.0070,0.1010,0.1415,0.0762,6.25
18.22,0.0070,0.1010,0.1415,0.0777,6.37
18.24,0.0070,0.0964,0.1412,0.0791,6.48
18.26,0.0033,0.0998,0.1412,0.0796,6.50
18.28,0.0016,0.1036,0.1419,0.0760,6.21
18.30,0.0104,0.0986,0.1419,0.0733,5.99
18.32,0.0104,0.0986,0.1419,0.0746,6.09
18.34,0.0104,0.0933,0.1416,0.0759,6.20
18.36,0.0001,0.0969,0.1416,0.0760,6.22
18.38,0.0017,0.1004,0.1421,0.0720,5.90
18.40,0.0139,0.0950,0.1422,0.0701,5.68
18.42,0.0139,0.0950,0.1422,0.0713,5.78
18.44,0.0139,0.0894,0.1416,0.0724,5.88
18.46,0.0036,0.0930,0.1416,0.0718,5.89
18.48,0.0049,0.0964,0.1420,0.0676,5.54
18.50,0.0167,0.0906,0.1422,0.0664,5.32
18.52,0.0167,0.0906,0.1422,0.0674,5.41
18.54,0.0167,0.0849,0.1413,0.0685,5.50
18.56,0.0060,0.0885,0.1413,0.0671,5.49
18.58,0.0068,0.0920,0.1422,0.0632,5.17
18.60,0.0183,0.0864,0.1421,0.0626,4.97
18.62,0.0183,0.0864,0.1421,0.0635,5.05
18.64,0.0183,0.0809,0.1412,0.0644,5.12
18.66,0.0075,0.0843,0.1412,0.0623,5.09
18.68,0.0082,0.0878,0.1423,0.0588,4.79
18.70,0.0190,0.0824,0.1419,0.0586,4.60
18.72,0.0190,0.0824,0.1419,0.0594,4.67
18.74,0.0190,0.0773,0.1401,0.0602,4.74
18.76,0.0084,0.0807,0.1401,0.0579,4.71
18.78,0.0087,0.0842,0.1416,0.0549,4.47
18.80,0.0195,0.0792,0.1415,0.0556,4.32
18.82,0.0195,0.0792,0.1415,0.0562,4.38
18.84,0.0195,0.0741,0.1398,0.0569,4.44
18.86,0.0089,0.0774,0.1398,0.0541,4.39
18.88,0.0090,0.0808,0.1419,0.0516,4.19
18.90,0.0196,0.0761,0.1421,0.0532,4.11
18.92,0.0196,0.0761,0.1421,0.0538,4.16
18.94,0.0196,0.0712,0.1400,0.0544,4.21
18.96,0.0092,0.0747,0.1400,0.0515,4.18
18.98,0.0087,0.0782,0.1423,0.0494,4.00
19.00,0.0192,0.0737,0.1426,0.0511,3.93
19.02,0.0192,0.0737,0.1426,0.0516,3.97
19.04,0.0192,0.0693,0.1402,0.0520,4.01
19.06,0.0087,0.0729,0.1402,0.0491,3.98
19.08,0.0088,0.0763,0.1428,0.0471,3.82
19.10,0.0190,0.0720,0.1431,0.0491,3.76
19.12,0.0190,0.0720,0.1431,0.0494,3.79
19.14,0.0190,0.0679,0.1404,0.0498,3.82
19.16,0.0086,0.0714,0.1404,0.0466,3.77
19.18,0.0083,0.0750,0.1431,0.0448,3.63
19.20,0.0183,0.0711,0.1427,0.0467,3.57
19.22,0.0183,0.0711,0.1427,0.0470,3.59
19.24,0.0183,0.0673,0.1394,0.0472,3.61
19.26,0.0078,0.0707,0.1394,0.0439,3.55
19.28,0.0071,0.0743,0.1424,0.0424,3.44
19.30,0.0168,0.0702,0.1423,0.0442,3.39
19.32,0.0168,0.0702,0.1423,0.0443,3.40
19.34,0.0168,0.0662,0.1393,0.0444,3.41
19.36,0.0063,0.0700,0.1393,0.0414,3.36
19.38,0.0053,0.0738,0.1426,0.0402,3.28
19.40,0.0150,0.0700,0.1425,0.0419,3.24
19.42,0.0150,0.0700,0.1425,0.0420,3.24
19.44,0.0150,0.0666,0.1386,0.0420,3.24
19.46,0.0044,0.0704,0.1386,0.0391,3.19
19.48,0.0033,0.0743,0.1422,0.0382,3.13
19.50,0.0130,0.0706,0.1417,0.0397,3.10
19.52,0.0130,0.0706,0.1417,0.0396,3.09
19.54,0.0130,0.0668,0.1379,0.0395,3.08
19.56,0.0024,0.0705,0.1379,0.0368,3.01
19.58,0.0016,0.0743,0.1417,0.0358,2.93
19.60,0.0114,0.0708,0.1409,0.0370,2.91
19.62,0.0114,0.0708,0.1409,0.0368,2.89
19.64,0.0114,0.0674,0.1364,0.0366,2.87
19.66,0.0007,0.0711,0.1364,0.0340,2.78
19.68,0.0000,0.0749,0.1403,0.0331,2.71
19.70,0.0101,0.0717,0.1394,0.0345,2.72
19.72,0.0101,0.0717,0.1394,0.0342,2.69
19.74,0.0101,0.0688,0.1336,0.0338,2.66
19.76,0.0004,0.0726,0.1336,0.0317,2.59
19.78,0.0009,0.0766,0.1382,0.0315,2.57
19.80,0.0091,0.0737,0.1368,0.0328,2.59
19.82,0.0091,0.0737,0.1368,0.0323,2.56
19.84,0.0091,0.0709,0.1303,0.0319,2.52
19.86,0.0016,0.0747,0.1303,0.0297,2.42
19.88,0.0023,0.0784,0.1350,0.0292,2.38
19.90,0.0079,0.0757,0.1331,0.0304,2.41
19.92,0.0079,0.0757,0.1331,0.0298,2.36
19.94,0.0079,0.0734,0.1260,0.0292,2.31
19.96,0.0028,0.0771,0.1260,0.0272,2.21
19.98,0.0031,0.0810,0.1311,0.0273,2.21
20.00,0.0031,0.0786,0.1236,0.0266,2.16
20.02,0.0072,0.0786,0.1290,0.0279,2.22
20.04,0.0072,0.0766,0.1208,0.0272,2.16
20.06,0.0034,0.0803,0.1208,0.0253,2.05
20.08,0.0035,0.0842,0.1266,0.0259,2.09
20.10,0.0068,0.0824,0.1231,0.0270,2.15
20.12,0.0068,0.0824,0.1231,0.0262,2.08
20.14,0.0068,0.0813,0.1135,0.0254,2.01
20.16,0.0039,0.0850,0.1135,0.0235,1.90
20.18,0.0039,0.0892,0.1193,0.0243,1.96
20.20,0.0066,0.0881,0.1153,0.0258,2.05
20.22,0.0066,0.0881,0.1153,0.0249,1.98
20.24,0.0066,0.0874,0.1048,0.0240,1.90
20.26,0.0040,0.0911,0.1048,0.0223,1.79
20.28,0.0038,0.0950,0.1109,0.0228,1.84
20.30,0.0038,0.0947,0.0997,0.0218,1.75
20.32,0.0066,0.0947,0.1057,0.0233,1.84
20.34,0.0066,0.0953,0.0939,0.0223,1.75
20.36,0.0041,0.0989,0.0939,0.0203,1.62
20.38,0.0040,0.1026,0.1002,0.0211,1.69
20.40,0.0062,0.1032,0.0943,0.0228,1.80
20.42,0.0062,0.1032,0.0943,0.0216,1.70
20.44,0.0062,0.1041,0.0820,0.0205,1.61
20.46,0.0046,0.1077,0.0820,0.0187,1.48
20.48,0.0054,0.1114,0.0884,0.0199,1.56
20.50,0.0049,0.1108,0.0837,0.0210,1.68
20.52,0.0049,0.1108,0.0837,0.0198,1.58
20.54,0.0049,0.1090,0.0735,0.0185,1.47
20.56,0.0059,0.1125,0.0735,0.0173,1.32
20.58,0.0062,0.1160,0.0802,0.0184,1.41
20.60,0.0040,0.1124,0.0780,0.0190,1.53
20.62,0.0040,0.1124,0.0780,0.0177,1.41
20.64,0.0040,0.1077,0.0702,0.0163,1.30
20.66,0.0064,0.1111,0.0702,0.0155,1.15
20.68,0.0065,0.1145,0.0771,0.0166,1.25
20.70,0.0036,0.1077,0.0782,0.0173,1.39
20.72,0.0036,0.1077,0.0782,0.0159,1.27
20.74,0.0036,0.0996,0.0736,0.0144,1.14
20.76,0.0067,0.1029,0.0736,0.0138,0.99
20.78,0.0071,0.1064,0.0805,0.0150,1.08
20.80,0.0033,0.0965,0.0848,0.0153,1.22
20.82,0.0033,0.0965,0.0848,0.0137,1.09
20.84,0.0033,0.0856,0.0829,0.0121,0.95
20.86,0.0071,0.0890,0.0829,0.0120,0.79
20.88,0.0075,0.0927,0.0901,0.0133,0.90
20.90,0.0028,0.0813,0.0959,0.0128,1.02
20.92,0.0028,0.0813,0.0959,0.0111,0.88
20.94,0.0028,0.0700,0.0948,0.0094,0.74
20.96,0.0078,0.0735,0.0948,0.0104,0.57
20.98,0.0084,0.0771,0.1019,0.0114,0.63
21.00,0.0018,0.0665,0.1074,0.0087,0.70
21.02,0.0018,0.0665,0.1074,0.0069,0.55
21.04,0.0018,0.0558,0.1057,0.0052,0.40
21.06,0.0087,0.0596,0.1057,0.0092,0.25
21.08,0.0090,0.0633,0.1126,0.0097,0.30
21.10,0.0010,0.0537,0.1164,0.0046,0.37
21.12,0.0010,0.0537,0.1164,0.0028,0.21
21.14,0.0010,0.0451,0.1119,0.0012,0.05
21.16,0.0092,0.0486,0.1119,0.0093,0.12
21.18,0.0092,0.0524,0.1184,0.0093,0.10
21.20,0.0009,0.0452,0.1189,0.0011,0.05
21.22,0.0009,0.0452,0.1189,0.0028,0.22
21.24,0.0009,0.0399,0.1103,0.0048,0.39
21.26,0.0092,0.0435,0.1103,0.0115,0.55
21.28,0.0091,0.0472,0.1169,0.0113,0.55
21.30,0.0014,0.0444,0.1125,0.0069,0.55
21.32,0.0014,0.0444,0.1125,0.0090,0.73
21.34,0.0014,0.0439,0.0994,0.0111,0.91
21.36,0.0088,0.0477,0.0994,0.0157,1.06
21.38,0.0085,0.0514,0.1053,0.0163,1.13
21.40,0.0019,0.0524,0.0972,0.0143,1.17
21.42,0.0019,0.0524,0.0972,0.0166,1.35
21.44,0.0019,0.0547,0.0820,0.0188,1.53
21.46,0.0086,0.0586,0.0820,0.0223,1.68
21.48,0.0084,0.0625,0.0879,0.0228,1.73
21.50,0.0020,0.0656,0.0787,0.0215,1.76
21.52,0.0020,0.0656,0.0787,0.0239,1.95
21.54,0.0020,0.0695,0.0631,0.0262,2.14
21.56,0.0084,0.0730,0.0631,0.0294,2.30
21.58,0.0083,0.0768,0.0699,0.0290,2.26
21.60,0.0018,0.0818,0.0612,0.0269,2.20
21.62,0.0018,0.0818,0.0612,0.0293,2.40
21.64,0.0018,0.0869,0.0454,0.0317,2.59
21.66,0.0082,0.0905,0.0454,0.0347,2.74
21.68,0.0079,0.0941,0.0533,0.0331,2.62
21.70,0.0022,0.0976,0.0477,0.0299,2.44
21.72,0.0022,0.0976,0.0477,0.0323,2.64
21.74,0.0022,0.1000,0.0349,0.0348,2.85
21.76,0.0081,0.1034,0.0349,0.0379,3.02
21.78,0.0081,0.1070,0.0438,0.0354,2.80
21.80,0.0021,0.1070,0.0428,0.0309,2.53
21.82,0.0021,0.1070,0.0428,0.0334,2.74
21.84,0.0021,0.1058,0.0333,0.0360,2.95
21.86,0.0083,0.1094,0.0333,0.0391,3.11
21.88,0.0082,0.1132,0.0427,0.0358,2.83
21.90,0.0021,0.1099,0.0450,0.0315,2.57
21.92,0.0021,0.1099,0.0450,0.0341,2.79
21.94,0.0021,0.1058,0.0391,0.0367,3.00
21.96,0.0083,0.1096,0.0391,0.0397,3.16
21.98,0.0080,0.1136,0.0489,0.0358,2.84
22.00,0.0019,0.1083,0.0549,0.0306,2.50
22.02,0.0019,0.1083,0.0549,0.0333,2.72
22.04,0.0019,0.1026,0.0515,0.0359,2.94
22.06,0.0082,0.1064,0.0515,0.0391,3.11
22.08,0.0079,0.1104,0.0614,0.0349,2.77
22.10,0.0017,0.1041,0.0692,0.0294,2.41
22.12,0.0017,0.1041,0.0692,0.0321,2.63
22.14,0.0017,0.0975,0.0670,0.0348,2.85
22.16,0.0082,0.1014,0.0670,0.0380,3.02
22.18,0.0080,0.1058,0.0774,0.0331,2.61
22.20,0.0015,0.0993,0.0863,0.0271,2.22
22.22,0.0015,0.0993,0.0863,0.0298,2.44
22.24,0.0015,0.0924,0.0851,0.0326,2.67
22.26,0.0082,0.0966,0.0851,0.0358,2.83
22.28,0.0077,0.1010,0.0957,0.0307,2.42
22.30,0.0025,0.0936,0.1054,0.0252,2.06
22.32,0.0025,0.0936,0.1054,0.0280,2.28
22.34,0.0025,0.0859,0.1045,0.0307,2.51
22.36,0.0075,0.0904,0.1045,0.0337,2.68
22.38,0.0070,0.0952,0.1147,0.0290,2.29
22.40,0.0028,0.0872,0.1246,0.0234,1.91
22.42,0.0028,0.0872,0.1246,0.0262,2.13
22.44,0.0028,0.0787,0.1238,0.0289,2.36
22.46,0.0073,0.0834,0.1238,0.0320,2.54
22.48,0.0074,0.0887,0.1344,0.0268,2.10
22.50,0.0024,0.0799,0.1440,0.0207,1.69
22.52,0.0024,0.0799,0.1440,0.0235,1.92
22.54,0.0024,0.0712,0.1417,0.0263,2.15
22.56,0.0078,0.0761,0.1417,0.0295,2.32
22.58,0.0077,0.0813,0.1525,0.0243,1.88
22.60,0.0021,0.0731,0.1598,0.0180,1.47
22.62,0.0021,0.0731,0.1598,0.0208,1.70
22.64,0.0021,0.0653,0.1552,0.0236,1.93
22.66,0.0080,0.0703,0.1552,0.0270,2.10
22.68,0.0082,0.0754,0.1659,0.0221,1.68
22.70,0.0018,0.0684,0.1707,0.0155,1.26
22.72,0.0018,0.0684,0.1707,0.0183,1.49
22.74,0.0018,0.0626,0.1624,0.0211,1.72
22.76,0.0084,0.0676,0.1624,0.0250,1.91
22.78,0.0082,0.0728,0.1730,0.0202,1.51
22.80,0.0016,0.0697,0.1719,0.0138,1.12
22.82,0.0016,0.0697,0.1719,0.0165,1.35
22.84,0.0016,0.0687,0.1582,0.0193,1.58
22.86,0.0087,0.0737,0.1582,0.0234,1.76
22.88,0.0087,0.0786,0.1686,0.0192,1.39
22.90,0.0013,0.0787,0.1638,0.0123,1.00
22.92,0.0013,0.0787,0.1638,0.0150,1.23
22.94,0.0013,0.0795,0.1478,0.0177,1.45
22.96,0.0088,0.0842,0.1478,0.0222,1.65
22.98,0.0089,0.0892,0.1581,0.0179,1.26
23.00,0.0006,0.0906,0.1515,0.0108,0.88
23.02,0.0006,0.0906,0.1515,0.0135,1.11
23.04,0.0006,0.0933,0.1337,0.0162,1.33
23.06,0.0096,0.0981,0.1337,0.0210,1.51
23.08,0.0096,0.1029,0.1436,0.0171,1.15
23.10,0.0002,0.1068,0.1349,0.0095,0.78
23.12,0.0002,0.1068,0.1349,0.0122,1.00
23.14,0.0002,0.1119,0.1153,0.0149,1.22
23.16,0.0098,0.1164,0.1153,0.0199,1.41
23.18,0.0097,0.1212,0.1250,0.0161,1.05
23.20,0.0002,0.1274,0.1140,0.0089,0.73
23.22,0.0002,0.1274,0.1140,0.0115,0.94
23.24,0.0002,0.1328,0.0943,0.0141,1.15
23.26,0.0100,0.1376,0.0943,0.0191,1.32
23.28,0.0097,0.1424,0.1037,0.0156,0.99
23.30,0.0005,0.1451,0.0955,0.0082,0.67
23.32,0.0005,0.1451,0.0955,0.0108,0.88
23.34,0.0005,0.1469,0.0788,0.0133,1.09
23.36,0.0094,0.1514,0.0788,0.0181,1.25
23.38,0.0085,0.1561,0.0878,0.0144,0.95
23.40,0.0019,0.1543,0.0829,0.0083,0.66
23.42,0.0019,0.1543,0.0829,0.0107,0.87
23.44,0.0019,0.1512,0.0704,0.0132,1.07
23.46,0.0081,0.1557,0.0704,0.0171,1.23
23.48,0.0074,0.1603,0.0793,0.0135,0.92
23.50,0.0032,0.1545,0.0784,0.0084,0.64
23.52,0.0032,0.1545,0.0784,0.0107,0.84
23.54,0.0032,0.1474,0.0699,0.0130,1.04
23.56,0.0067,0.1518,0.0699,0.0161,1.19
23.58,0.0061,0.1565,0.0786,0.0126,0.90
23.60,0.0044,0.1477,0.0806,0.0089,0.64
23.62,0.0044,0.1477,0.0806,0.0110,0.83
23.64,0.0044,0.1381,0.0750,0.0132,1.02
23.66,0.0056,0.1426,0.0750,0.0153,1.16
23.68,0.0050,0.1472,0.0835,0.0120,0.89
23.70,0.0059,0.1371,0.0877,0.0100,0.67
23.72,0.0059,0.1371,0.0877,0.0119,0.85
23.74,0.0059,0.1264,0.0848,0.0139,1.03
23.76,0.0042,0.1309,0.0848,0.0149,1.17
23.78,0.0036,0.1355,0.0926,0.0123,0.96
23.80,0.0036,0.1246,0.0904,0.0144,1.14
23.82,0.0074,0.1246,0.0974,0.0147,1.04
23.84,0.0074,0.1134,0.0957,0.0165,1.22
23.86,0.0028,0.1180,0.0957,0.0167,1.34
23.88,0.0015,0.1228,0.1019,0.0155,1.26
23.90,0.0101,0.1113,0.1065,0.0186,1.29
23.92,0.0101,0.1113,0.1065,0.0204,1.46
23.94,0.0101,0.1000,0.1057,0.0222,1.63
23.96,0.0001,0.1048,0.1057,0.0211,1.73
23.98,0.0013,0.1096,0.1112,0.0212,1.73
24.00,0.0126,0.0977,0.1164,0.0252,1.80
24.02,0.0126,0.0977,0.1164,0.0269,1.97
24.04,0.0126,0.0857,0.1161,0.0286,2.13
24.06,0.0024,0.0904,0.1161,0.0271,2.21
24.08,0.0031,0.0955,0.1215,0.0267,2.17
24.10,0.0140,0.0837,0.1258,0.0304,2.23
24.12,0.0140,0.0837,0.1258,0.0320,2.38
24.14,0.0140,0.0723,0.1241,0.0337,2.53
24.16,0.0037,0.0774,0.1241,0.0317,2.59
24.18,0.0037,0.0826,0.1295,0.0310,2.53
24.20,0.0037,0.0722,0.1261,0.0328,2.67
24.22,0.0139,0.0722,0.1318,0.0350,2.66
24.24,0.0139,0.0632,0.1266,0.0366,2.80
24.26,0.0036,0.0680,0.1266,0.0352,2.87
24.28,0.0027,0.0730,0.1327,0.0333,2.72
24.30,0.0027,0.0648,0.1262,0.0350,2.86
24.32,0.0123,0.0648,0.1325,0.0358,2.78
24.34,0.0123,0.0600,0.1222,0.0374,2.91
24.36,0.0019,0.0649,0.1222,0.0362,2.96
24.38,0.0007,0.0699,0.1287,0.0338,2.76
24.40,0.0098,0.0672,0.1228,0.0335,2.64
24.42,0.0098,0.0672,0.1228,0.0350,2.77
24.44,0.0098,0.0671,0.1082,0.0364,2.89
24.46,0.0004,0.0719,0.1082,0.0357,2.92
24.48,0.0016,0.0766,0.1149,0.0330,2.70
24.50,0.0076,0.0769,0.1066,0.0319,2.55
24.52,0.0076,0.0769,0.1066,0.0333,2.67
24.54,0.0076,0.0787,0.0908,0.0347,2.78
24.56,0.0026,0.0830,0.0908,0.0348,2.83
24.58,0.0039,0.0877,0.0974,0.0322,2.61
24.60,0.0050,0.0899,0.0879,0.0302,2.45
24.62,0.0050,0.0899,0.0879,0.0315,2.56
24.64,0.0050,0.0936,0.0712,0.0328,2.66
24.66,0.0055,0.0981,0.0712,0.0335,2.69
24.68,0.0071,0.1026,0.0778,0.0312,2.47
24.70,0.0020,0.1064,0.0673,0.0287,2.35
24.72,0.0020,0.1064,0.0673,0.0299,2.45
24.74,0.0020,0.1088,0.0522,0.0311,2.54
24.76,0.0084,0.1130,0.0522,0.0327,2.57
24.78,0.0095,0.1175,0.0584,0.0307,2.37
24.80,0.0003,0.1182,0.0509,0.0278,2.27
24.82,0.0003,0.1182,0.0509,0.0288,2.36
24.84,0.0003,0.1162,0.0397,0.0299,2.45
24.86,0.0101,0.1205,0.0397,0.0318,2.45
24.88,0.0106,0.1248,0.0454,0.0306,2.33
24.90,0.0002,0.1212,0.0418,0.0277,2.27
24.92,0.0002,0.1212,0.0418,0.0286,2.34
24.94,0.0002,0.1156,0.0345,0.0296,2.42
24.96,0.0106,0.1197,0.0345,0.0317,2.43
24.98,0.0107,0.1239,0.0403,0.0304,2.31
25.00,0.0002,0.1169,0.0404,0.0277,2.26
25.02,0.0002,0.1169,0.0404,0.0285,2.33
25.04,0.0002,0.1091,0.0362,0.0293,2.40
25.06,0.0106,0.1130,0.0362,0.0314,2.40
25.08,0.0101,0.1171,0.0418,0.0302,2.31
25.10,0.0008,0.1084,0.0450,0.0279,2.28
25.12,0.0008,0.1084,0.0450,0.0286,2.34
25.14,0.0008,0.0992,0.0438,0.0293,2.40
25.16,0.0097,0.1033,0.0438,0.0309,2.39
25.18,0.0094,0.1073,0.0490,0.0304,2.35
25.20,0.0017,0.0978,0.0543,0.0285,2.33
25.22,0.0017,0.0978,0.0543,0.0291,2.38
25.24,0.0017,0.0882,0.0544,0.0297,2.43
25.26,0.0089,0.0922,0.0544,0.0304,2.37
25.28,0.0083,0.0965,0.0593,0.0296,2.31
25.30,0.0029,0.0867,0.0651,0.0279,2.27
25.32,0.0029,0.0867,0.0651,0.0279,2.27
25.34,0.0029,0.0772,0.0656,0.0279,2.27
25.36,0.0077,0.0813,0.0656,0.0282,2.21
25.38,0.0067,0.0852,0.0703,0.0275,2.17
25.40,0.0038,0.0753,0.0768,0.0260,2.11
25.42,0.0038,0.0753,0.0768,0.0260,2.11
25.44,0.0038,0.0653,0.0782,0.0260,2.11
25.46,0.0055,0.0683,0.0782,0.0264,2.11
25.48,0.0042,0.0712,0.0839,0.0248,1.99
25.50,0.0044,0.0608,0.0917,0.0221,1.78
25.52,0.0044,0.0608,0.0917,0.0221,1.78
25.54,0.0044,0.0505,0.0929,0.0221,1.78
25.56,0.0034,0.0532,0.0929,0.0219,1.77
25.58,0.0032,0.0554,0.0989,0.0191,1.54
25.60,0.0036,0.0450,0.1053,0.0164,1.32
25.62,0.0036,0.0450,0.1053,0.0164,1.32
25.64,0.0036,0.0352,0.1053,0.0164,1.32
25.66,0.0028,0.0373,0.1053,0.0164,1.32
25.68,0.0025,0.0389,0.1102,0.0141,1.13
25.70,0.0026,0.0295,0.1140,0.0117,0.93
25.72,0.0026,0.0295,0.1140,0.0117,0.93
25.74,0.0026,0.0212,0.1118,0.0117,0.93
25.76,0.0022,0.0227,0.1118,0.0118,0.95
25.78,0.0021,0.0239,0.1160,0.0095,0.76
25.80,0.0018,0.0163,0.1164,0.0075,0.60
25.82,0.0018,0.0163,0.1164,0.0075,0.60
25.84,0.0018,0.0104,0.1114,0.0075,0.60
25.86,0.0017,0.0115,0.1114,0.0075,0.60
25.88,0.0012,0.0125,0.1147,0.0056,0.45
25.90,0.0017,0.0080,0.1105,0.0045,0.34
25.92,0.0017,0.0080,0.1105,0.0045,0.34
25.94,0.0017,0.0062,0.1009,0.0045,0.34
25.96,0.0007,0.0066,0.1009,0.0045,0.36
25.98,0.0002,0.0072,0.1034,0.0031,0.26
26.00,0.0017,0.0066,0.0950,0.0026,0.16
26.02,0.0017,0.0066,0.0950,0.0026,0.16
26.04,0.0017,0.0068,0.0844,0.0026,0.16
26.06,0.0001,0.0073,0.0844,0.0020,0.16
26.08,0.0006,0.0075,0.0860,0.0015,0.11
26.10,0.0022,0.0085,0.0766,0.0022,0.04
26.12,0.0022,0.0085,0.0766,0.0022,0.04
26.14,0.0022,0.0103,0.0651,0.0022,0.04
26.16,0.0016,0.0101,0.0651,0.0018,0.07
26.18,0.0022,0.0101,0.0660,0.0023,0.07
26.20,0.0030,0.0127,0.0550,0.0030,0.03
26.22,0.0030,0.0127,0.0550,0.0030,0.03
26.24,0.0030,0.0157,0.0434,0.0030,0.03
26.26,0.0028,0.0160,0.0434,0.0028,0.01
26.28,0.0033,0.0160,0.0441,0.0033,0.03
26.30,0.0037,0.0189,0.0334,0.0038,0.06
26.32,0.0037,0.0189,0.0334,0.0038,0.06
26.34,0.0037,0.0228,0.0219,0.0038,0.06
26.36,0.0037,0.0228,0.0219,0.0038,0.06
26.38,0.0043,0.0228,0.0222,0.0043,0.05
26.40,0.0050,0.0272,0.0111,0.0050,0.05
26.42,0.0050,0.0272,0.0111,0.0050,0.05
26.44,0.0050,0.0317,0.0000,0.0050,0.05
26.46,0.0050,0.0317,0.0000,0.0050,0.05
26.48,0.0054,0.0317,0.0001,0.0054,0.02
26.50,0.0054,0.0366,0.0110,0.0054,0.01
26.52,0.0054,0.0366,0.0110,0.0054,0.01
26.54,0.0054,0.0400,0.0201,0.0054,0.01
26.56,0.0054,0.0400,0.0201,0.0054,0.01
26.58,0.0054,0.0400,0.0201,0.0054,0.01
26.60,0.0054,0.0420,0.0277,0.0054,0.01
26.62,0.0054,0.0420,0.0277,0.0054,0.01
26.64,0.0054,0.0435,0.0340,0.0054,0.01
26.66,0.0054,0.0435,0.0340,0.0054,0.01
26.68,0.0054,0.0435,0.0340,0.0054,0.01
26.70,0.0054,0.0456,0.0397,0.0054,0.01
26.72,0.0054,0.0456,0.0397,0.0054,0.01
26.74,0.0054,0.0487,0.0453,0.0054,0.01
26.76,0.0054,0.0487,0.0453,0.0054,0.01
26.78,0.0054,0.0487,0.0453,0.0054,0.01
26.80,0.0054,0.0512,0.0494,0.0054,0.01
26.82,0.0054,0.0512,0.0494,0.0054,0.01
26.84,0.0054,0.0526,0.0515,0.0054,0.01
26.86,0.0054,0.0526,0.0515,0.0054,0.01
26.88,0.0054,0.0526,0.0515,0.0054,0.01
26.90,0.0054,0.0533,0.0522,0.0054,0.01
26.92,0.0054,0.0533,0.0522,0.0054,0.01
26.94,0.0054,0.0534,0.0523,0.0054,0.01
26.96,0.0054,0.0534,0.0523,0.0054,0.01
26.98,0.0054,0.0534,0.0523,0.0054,0.01
27.00,0.0054,0.0535,0.0524,0.0054,0.01
27.02,0.0054,0.0535,0.0524,0.0054,0.01
27.04,0.0054,0.0534,0.0522,0.0054,0.01
27.06,0.0054,0.0534,0.0522,0.0054,0.01
27.08,0.0054,0.0534,0.0522,0.0054,0.01
27.10,0.0054,0.0529,0.0512,0.0054,0.01
27.12,0.0054,0.0529,0.0512,0.0054,0.01
27.14,0.0054,0.0520,0.0492,0.0054,0.01
27.16,0.0054,0.0520,0.0492,0.0054,0.01
27.18,0.0054,0.0520,0.0492,0.0054,0.01
27.20,0.0054,0.0507,0.0462,0.0054,0.01
27.22,0.0054,0.0507,0.0462,0.0054,0.01
27.24,0.0054,0.0486,0.0417,0.0054,0.01
27.26,0.0054,0.0486,0.0417,0.0054,0.01
27.28,0.0054,0.0486,0.0417,0.0054,0.01
27.30,0.0054,0.0460,0.0365,0.0054,0.01
27.32,0.0054,0.0460,0.0365,0.0054,0.01
27.34,0.0054,0.0433,0.0307,0.0054,0.01
27.36,0.0054,0.0433,0.0307,0.0054,0.01
27.38,0.0054,0.0433,0.0307,0.0054,0.01
27.40,0.0054,0.0402,0.0241,0.0054,0.01
27.42,0.0054,0.0402,0.0241,0.0054,0.01
27.44,0.0054,0.0370,0.0168,0.0054,0.01
27.46,0.0054,0.0370,0.0168,0.0054,0.01
27.48,0.0054,0.0370,0.0168,0.0054,0.01
27.50,0.0054,0.0337,0.0090,0.0054,0.01
27.52,0.0054,0.0337,0.0090,0.0054,0.01
27.54,0.0054,0.0301,0.0009,0.0054,0.01
27.56,0.0054,0.0301,0.0009,0.0054,0.01
27.58,0.0054,0.0301,0.0009,0.0054,0.01
27.60,0.0054,0.0268,0.0073,0.0054,0.01
27.62,0.0054,0.0268,0.0073,0.0054,0.01
27.64,0.0054,0.0237,0.0152,0.0054,0.01
27.66,0.0054,0.0237,0.0152,0.0054,0.01
27.68,0.0054,0.0237,0.0152,0.0054,0.01
27.70,0.0054,0.0209,0.0227,0.0054,0.01
27.72,0.0054,0.0209,0.0227,0.0054,0.01
27.74,0.0054,0.0186,0.0294,0.0054,0.01
27.76,0.0054,0.0186,0.0294,0.0054,0.01
27.78,0.0054,0.0186,0.0294,0.0054,0.01
27.80,0.0054,0.0169,0.0352,0.0054,0.01
27.82,0.0054,0.0169,0.0352,0.0054,0.01
27.84,0.0054,0.0171,0.0391,0.0054,0.01
27.86,0.0054,0.0171,0.0391,0.0054,0.01
27.88,0.0054,0.0171,0.0391,0.0054,0.01
27.90,0.0054,0.0171,0.0423,0.0054,0.01
27.92,0.0054,0.0171,0.0423,0.0054,0.01
27.94,0.0054,0.0166,0.0451,0.0054,0.01
27.96,0.0054,0.0166,0.0451,0.0054,0.01
27.98,0.0054,0.0166,0.0451,0.0054,0.01
28.00,0.0054,0.0160,0.0473,0.0054,0.01
28.02,0.0054,0.0160,0.0473,0.0054,0.01
28.04,0.0054,0.0158,0.0482,0.0054,0.01
28.06,0.0054,0.0158,0.0482,0.0054,0.01
28.08,0.0054,0.0158,0.0482,0.0054,0.01
28.10,0.0054,0.0159,0.0481,0.0054,0.01
28.12,0.0054,0.0159,0.0481,0.0054,0.01
28.14,0.0054,0.0159,0.0481,0.0054,0.01
28.16,0.0054,0.0159,0.0481,0.0054,0.01
28.18,0.0054,0.0159,0.0481,0.0054,0.01
28.20,0.0054,0.0159,0.0481,0.0054,0.01
28.22,0.0054,0.0159,0.0481,0.0054,0.01
28.24,0.0054,0.0159,0.0481,0.0054,0.01
28.26,0.0054,0.0159,0.0481,0.0054,0.01
28.28,0.0054,0.0159,0.0481,0.0054,0.01
28.30,0.0054,0.0160,0.0480,0.0054,0.01
28.32,0.0054,0.0160,0.0480,0.0054,0.01
28.34,0.0054,0.0160,0.0480,0.0054,0.01
28.36,0.0054,0.0160,0.0480,0.0054,0.01
28.38,0.0054,0.0160,0.0480,0.0054,0.01
28.40,0.0054,0.0160,0.0478,0.0054,0.01
28.42,0.0054,0.0160,0.0478,0.0054,0.01
28.44,0.0054,0.0158,0.0473,0.0054,0.01
28.46,0.0054,0.0158,0.0473,0.0054,0.01
28.48,0.0054,0.0158,0.0473,0.0054,0.01
28.50,0.0054,0.0161,0.0458,0.0054,0.01
28.52,0.0054,0.0161,0.0458,0.0054,0.01
28.54,0.0054,0.0169,0.0432,0.0054,0.01
28.56,0.0054,0.0169,0.0432,0.0054,0.01
28.58,0.0054,0.0169,0.0432,0.0054,0.01
28.60,0.0054,0.0176,0.0401,0.0054,0.01
28.62,0.0054,0.0176,0.0401,0.0054,0.01
28.64,0.0054,0.0188,0.0360,0.0054,0.01
28.66,0.0054,0.0188,0.0360,0.0054,0.01
28.68,0.0054,0.0188,0.0360,0.0054,0.01
28.70,0.0054,0.0200,0.0315,0.0054,0.01
28.72,0.0054,0.0200,0.0315,0.0054,0.01
28.74,0.0054,0.0219,0.0261,0.0054,0.01
28.76,0.0054,0.0219,0.0261,0.0054,0.01
28.78,0.0054,0.0219,0.0261,0.0054,0.01
28.80,0.0054,0.0243,0.0201,0.0054,0.01
28.82,0.0054,0.0243,0.0201,0.0054,0.01
28.84,0.0054,0.0264,0.0141,0.0054,0.01
28.86,0.0054,0.0264,0.0141,0.0054,0.01
28.88,0.0054,0.0264,0.0141,0.0054,0.01
28.90,0.0054,0.0293,0.0075,0.0054,0.01
28.92,0.0054,0.0293,0.0075,0.0054,0.01
28.94,0.0054,0.0313,0.0016,0.0054,0.01
28.96,0.0054,0.0313,0.0016,0.0054,0.01
28.98,0.0054,0.0313,0.0016,0.0054,0.01
29.00,0.0054,0.0327,0.0037,0.0054,0.01
29.02,0.0054,0.0327,0.0037,0.0054,0.01
29.04,0.0054,0.0329,0.0077,0.0054,0.01
29.06,0.0054,0.0329,0.0077,0.0054,0.01
29.08,0.0054,0.0329,0.0077,0.0054,0.01
29.10,0.0054,0.0322,0.0108,0.0054,0.01
29.12,0.0054,0.0322,0.0108,0.0054,0.01
29.14,0.0054,0.0315,0.0134,0.0054,0.01
29.16,0.0054,0.0315,0.0134,0.0054,0.01
29.18,0.0054,0.0315,0.0134,0.0054,0.01
29.20,0.0054,0.0305,0.0154,0.0054,0.01
29.22,0.0054,0.0305,0.0154,0.0054,0.01
29.24,0.0054,0.0303,0.0177,0.0054,0.01
29.26,0.0054,0.0303,0.0177,0.0054,0.01
29.28,0.0054,0.0303,0.0177,0.0054,0.01
29.30,0.0054,0.0311,0.0202,0.0054,0.01
29.32,0.0054,0.0311,0.0202,0.0054,0.01
29.34,0.0054,0.0321,0.0224,0.0054,0.01
29.36,0.0054,0.0321,0.0224,0.0054,0.01
29.38,0.0054,0.0321,0.0224,0.0054,0.01
29.40,0.0054,0.0329,0.0242,0.0054,0.01
29.42,0.0054,0.0329,0.0242,0.0054,0.01
29.44,0.0054,0.0336,0.0252,0.0054,0.01
29.46,0.0054,0.0336,0.0252,0.0054,0.01
29.48,0.0054,0.0336,0.0252,0.0054,0.01
29.50,0.0054,0.0332,0.0251,0.0054,0.01
29.52,0.0054,0.0332,0.0251,0.0054,0.01
29.54,0.0054,0.0332,0.0251,0.0054,0.01
29.56,0.0054,0.0332,0.0251,0.0054,0.01
29.58,0.0054,0.0332,0.0251,0.0054,0.01
29.60,0.0054,0.0332,0.0251,0.0054,0.01
29.62,0.0054,0.0332,0.0251,0.0054,0.01
29.64,0.0054,0.0332,0.0251,0.0054,0.01
29.66,0.0054,0.0332,0.0251,0.0054,0.01
29.68,0.0054,0.0332,0.0251,0.0054,0.01
29.70,0.0054,0.0332,0.0251,0.0054,0.01
29.72,0.0054,0.0332,0.0251,0.0054,0.01
29.74,0.0054,0.0333,0.0251,0.0054,0.01
29.76,0.0054,0.0333,0.0251,0.0054,0.01
29.78,0.0054,0.0333,0.0251,0.0054,0.01
29.80,0.0054,0.0333,0.0251,0.0054,0.01
29.82,0.0054,0.0333,0.0251,0.0054,0.01
29.84,0.0054,0.0332,0.0248,0.0054,0.01
29.86,0.0054,0.0332,0.0248,0.0054,0.01
29.88,0.0054,0.0332,0.0248,0.0054,0.01
29.90,0.0054,0.0329,0.0245,0.0054,0.01
29.92,0.0054,0.0329,0.0245,0.0054,0.01
29.94,0.0054,0.0327,0.0244,0.0054,0.01
29.96,0.0054,0.0327,0.0244,0.0054,0.01
29.98,0.0054,0.0327,0.0244,0.0054,0.01
30.00,0.0054,0.0328,0.0244,0.0054,0.01
30.02,0.0054,0.0328,0.0244,0.0054,0.01
30.04,0.0054,0.0329,0.0241,0.0054,0.01
30.06,0.0054,0.0329,0.0241,0.0054,0.01
30.08,0.0054,0.0329,0.0241,0.0054,0.01
30.10,0.0054,0.0320,0.0223,0.0054,0.01
30.12,0.0054,0.0320,0.0223,0.0054,0.01
30.14,0.0054,0.0314,0.0203,0.0054,0.01
30.16,0.0054,0.0314,0.0203,0.0054,0.01
30.18,0.0054,0.0314,0.0203,0.0054,0.01
30.20,0.0054,0.0302,0.0177,0.0054,0.01
30.22,0.0054,0.0302,0.0177,0.0054,0.01
30.24,0.0054,0.0290,0.0148,0.0054,0.01
30.26,0.0054,0.0290,0.0148,0.0054,0.01
30.28,0.0054,0.0290,0.0148,0.0054,0.01
30.30,0.0054,0.0274,0.0115,0.0054,0.01
30.32,0.0054,0.0274,0.0115,0.0054,0.01
30.34,0.0054,0.0261,0.0082,0.0054,0.01
30.36,0.0054,0.0261,0.0082,0.0054,0.01
30.38,0.0054,0.0261,0.0082,0.0054,0.01
30.40,0.0054,0.0249,0.0047,0.0054,0.01
30.42,0.0054,0.0249,0.0047,0.0054,0.01
30.44,0.0054,0.0234,0.0011,0.0054,0.01
30.46,0.0054,0.0234,0.0011,0.0054,0.01
30.48,0.0054,0.0234,0.0011,0.0054,0.01
30.50,0.0054,0.0221,0.0026,0.0054,0.00
30.52,0.0054,0.0221,0.0026,0.0054,0.00
30.54,0.0054,0.0207,0.0060,0.0054,0.00
30.56,0.0054,0.0207,0.0060,0.0054,0.00
30.58,0.0054,0.0207,0.0060,0.0054,0.00
30.60,0.0054,0.0198,0.0093,0.0054,0.00
30.62,0.0054,0.0198,0.0093,0.0054,0.00
30.64,0.0054,0.0186,0.0127,0.0054,0.00
30.66,0.0054,0.0186,0.0127,0.0054,0.00
30.68,0.0054,0.0186,0.0127,0.0054,0.00
30.70,0.0054,0.0182,0.0150,0.0054,0.00
30.72,0.0054,0.0182,0.0150,0.0054,0.00
30.74,0.0054,0.0184,0.0167,0.0054,0.00
30.76,0.0054,0.0184,0.0167,0.0054,0.00
30.78,0.0054,0.0184,0.0166,0.0054,0.00
30.80,0.0054,0.0189,0.0177,0.0054,0.00
30.82,0.0054,0.0189,0.0177,0.0054,0.00
30.84,0.0054,0.0196,0.0182,0.0054,0.00
30.86,0.0054,0.0196,0.0182,0.0054,0.00
30.88,0.0054,0.0196,0.0182,0.0054,0.00
30.90,0.0054,0.0198,0.0185,0.0054,0.00
30.92,0.0054,0.0198,0.0185,0.0054,0.00
30.94,0.0054,0.0202,0.0185,0.0054,0.00
30.96,0.0054,0.0202,0.0185,0.0054,0.00
30.98,0.0054,0.0202,0.0185,0.0054,0.00
31.00,0.0054,0.0202,0.0185,0.0054,0.00
31.02,0.0054,0.0202,0.0185,0.0054,0.00
31.04,0.0054,0.0202,0.0186,0.0054,0.00
31.06,0.0054,0.0202,0.0186,0.0054,0.00
31.08,0.0054,0.0202,0.0186,0.0054,0.00
31.10,0.0054,0.0202,0.0186,0.0054,0.00
31.12,0.0054,0.0202,0.0186,0.0054,0.00
31.14,0.0054,0.0202,0.0186,0.0054,0.00
31.16,0.0054,0.0202,0.0186,0.0054,0.00
31.18,0.0054,0.0202,0.0186,0.0054,0.00
31.20,0.0054,0.0202,0.0186,0.0054,0.00
31.22,0.0054,0.0202,0.0186,0.0054,0.00
31.24,0.0054,0.0202,0.0186,0.0054,0.00
31.26,0.0054,0.0202,0.0186,0.0054,0.00
31.28,0.0054,0.0202,0.0186,0.0054,0.00
31.30,0.0054,0.0202,0.0186,0.0054,0.00
31.32,0.0054,0.0202,0.0186,0.0054,0.00
31.34,0.0054,0.0202,0.0186,0.0054,0.00
31.36,0.0054,0.0202,0.0186,0.0054,0.00
31.38,0.0054,0.0202,0.0186,0.0054,0.00
31.40,0.0054,0.0202,0.0186,0.0054,0.00
31.42,0.0054,0.0202,0.0186,0.0054,0.00
31.44,0.0054,0.0202,0.0186,0.0054,0.00
31.46,0.0054,0.0202,0.0186,0.0054,0.00
31.48,0.0054,0.0202,0.0186,0.0054,0.00
31.50,0.0054,0.0202,0.0185,0.0054,0.00
31.52,0.0054,0.0202,0.0185,0.0054,0.00
31.54,0.0054,0.0202,0.0185,0.0054,0.00
31.56,0.0054,0.0202,0.0185,0.0054,0.00
31.58,0.0054,0.0202,0.0185,0.0054,0.00
31.60,0.0054,0.0202,0.0185,0.0054,0.00
31.62,0.0054,0.0202,0.0185,0.0054,0.00
31.64,0.0054,0.0202,0.0185,0.0054,0.00
31.66,0.0054,0.0202,0.0185,0.0054,0.00
31.68,0.0054,0.0202,0.0185,0.0054,0.00
31.70,0.0054,0.0202,0.0185,0.0054,0.00
31.72,0.0054,0.0202,0.0185,0.0054,0.00
31.74,0.0054,0.0202,0.0185,0.0054,0.00
31.76,0.0054,0.0202,0.0185,0.0054,0.00
31.78,0.0055,0.0202,0.0185,0.0055,0.00
31.80,0.0055,0.0202,0.0184,0.0055,0.00
31.82,0.0055,0.0202,0.0184,0.0055,0.00
31.84,0.0055,0.0202,0.0180,0.0055,0.00
31.86,0.0055,0.0202,0.0180,0.0055,0.00
31.88,0.0055,0.0202,0.0180,0.0055,0.00
31.90,0.0055,0.0207,0.0169,0.0055,0.00
31.92,0.0055,0.0207,0.0169,0.0055,0.00
31.94,0.0055,0.0207,0.0156,0.0055,0.00
31.96,0.0055,0.0207,0.0156,0.0055,0.00
31.98,0.0055,0.0207,0.0156,0.0055,0.00
32.00,0.0055,0.0204,0.0142,0.0055,0.00
32.02,0.0055,0.0204,0.0142,0.0055,0.00
32.04,0.0055,0.0203,0.0121,0.0055,0.00
32.06,0.0055,0.0203,0.0121,0.0055,0.00
32.08,0.0055,0.0203,0.0121,0.0055,0.00
32.10,0.0055,0.0200,0.0101,0.0055,0.00
32.12,0.0055,0.0200,0.0101,0.0055,0.00
32.14,0.0055,0.0190,0.0085,0.0055,0.00
32.16,0.0055,0.0190,0.0085,0.0055,0.00
32.18,0.0055,0.0190,0.0085,0.0055,0.00
32.20,0.0055,0.0178,0.0071,0.0055,0.00
32.22,0.0055,0.0178,0.0071,0.0055,0.00
32.24,0.0055,0.0162,0.0059,0.0055,0.00
32.26,0.0055,0.0162,0.0059,0.0055,0.00
32.28,0.0055,0.0162,0.0059,0.0055,0.00
32.30,0.0055,0.0143,0.0051,0.0055,0.00
32.32,0.0055,0.0143,0.0051,0.0055,0.00
32.34,0.0055,0.0126,0.0044,0.0055,0.00
32.36,0.0055,0.0126,0.0044,0.0055,0.00
32.38,0.0055,0.0126,0.0044,0.0055,0.00
32.40,0.0055,0.0106,0.0039,0.0055,0.00
32.42,0.0055,0.0106,0.0039,0.0055,0.00
32.44,0.0055,0.0087,0.0036,0.0055,0.00
32.46,0.0055,0.0087,0.0036,0.0055,0.00
32.48,0.0055,0.0087,0.0036,0.0055,0.00
32.50,0.0055,0.0069,0.0034,0.0055,0.00
32.52,0.0055,0.0069,0.0034,0.0055,0.00
32.54,0.0055,0.0053,0.0032,0.0055,0.00
32.56,0.0055,0.0053,0.0032,0.0055,0.00
32.58,0.0055,0.0053,0.0032,0.0055,0.00
32.60,0.0055,0.0039,0.0030,0.0055,0.00
32.62,0.0055,0.0039,0.0030,0.0055,0.00
32.64,0.0055,0.0026,0.0032,0.0055,0.00
32.66,0.0055,0.0026,0.0032,0.0055,0.00
32.68,0.0055,0.0026,0.0032,0.0055,0.00
32.70,0.0055,0.0016,0.0032,0.0055,0.00
32.72,0.0055,0.0016,0.0032,0.0055,0.00
32.74,0.0055,0.0006,0.0032,0.0055,0.00
32.76,0.0055,0.0006,0.0032,0.0055,0.00
32.78,0.0055,0.0006,0.0032,0.0055,0.00
32.80,0.0055,0.0002,0.0029,0.0055,0.00
32.82,0.0055,0.0002,0.0029,0.0055,0.00
32.84,0.0055,0.0016,0.0032,0.0055,0.00
32.86,0.0055,0.0016,0.0032,0.0055,0.00
32.88,0.0055,0.0016,0.0032,0.0055,0.00
32.90,0.0055,0.0023,0.0027,0.0055,0.00
32.92,0.0055,0.0023,0.0027,0.0055,0.00
32.94,0.0055,0.0032,0.0024,0.0055,0.00
32.96,0.0055,0.0032,0.0024,0.0055,0.00
32.98,0.0055,0.0032,0.0024,0.0055,0.00
33.00,0.0055,0.0037,0.0019,0.0055,0.00
33.02,0.0055,0.0037,0.0019,0.0055,0.00
33.04,0.0055,0.0040,0.0012,0.0055,0.00
33.06,0.0055,0.0040,0.0012,0.0055,0.00
33.08,0.0055,0.0040,0.0012,0.0055,0.00
33.10,0.0055,0.0040,0.0001,0.0055,0.00
33.12,0.0055,0.0040,0.0001,0.0055,0.00
33.14,0.0055,0.0044,0.0006,0.0055,0.00
33.16,0.0055,0.0044,0.0006,0.0055,0.00
33.18,0.0055,0.0044,0.0006,0.0055,0.00
33.20,0.0055,0.0039,0.0020,0.0055,0.01
33.22,0.0055,0.0039,0.0020,0.0055,0.01
33.24,0.0055,0.0038,0.0029,0.0055,0.01
33.26,0.0055,0.0038,0.0029,0.0055,0.01
33.28,0.0055,0.0038,0.0029,0.0055,0.01
33.30,0.0055,0.0035,0.0036,0.0055,0.01
33.32,0.0055,0.0035,0.0036,0.0055,0.01
33.34,0.0055,0.0032,0.0040,0.0055,0.01
33.36,0.0055,0.0032,0.0040,0.0055,0.01
33.38,0.0055,0.0032,0.0040,0.0055,0.01
33.40,0.0055,0.0032,0.0040,0.0055,0.01
33.42,0.0055,0.0032,0.0040,0.0055,0.01
33.44,0.0055,0.0032,0.0041,0.0055,0.01
33.46,0.0055,0.0032,0.0041,0.0055,0.01
33.48,0.0055,0.0032,0.0041,0.0055,0.01
33.50,0.0055,0.0032,0.0041,0.0055,0.01
33.52,0.0055,0.0032,0.0041,0.0055,0.01
33.54,0.0055,0.0031,0.0042,0.0055,0.01
33.56,0.0055,0.0031,0.0042,0.0055,0.01
33.58,0.0055,0.0031,0.0042,0.0055,0.01
33.60,0.0055,0.0029,0.0044,0.0055,0.01
33.62,0.0055,0.0029,0.0044,0.0055,0.01
33.64,0.0055,0.0029,0.0048,0.0055,0.01
33.66,0.0055,0.0029,0.0048,0.0055,0.01
33.68,0.0055,0.0029,0.0048,0.0055,0.01
33.70,0.0055,0.0029,0.0048,0.0055,0.01
33.72,0.0055,0.0029,0.0048,0.0055,0.01
33.74,0.0055,0.0029,0.0048,0.0055,0.01
33.76,0.0055,0.0029,0.0048,0.0055,0.01
33.78,0.0055,0.0029,0.0048,0.0055,0.01
33.80,0.0055,0.0029,0.0048,0.0055,0.01
33.82,0.0055,0.0029,0.0048,0.0055,0.01
33.84,0.0055,0.0029,0.0048,0.0055,0.01
33.86,0.0055,0.0029,0.0048,0.0055,0.01
33.88,0.0055,0.0029,0.0048,0.0055,0.01
33.90,0.0055,0.0029,0.0048,0.0055,0.01
33.92,0.0055,0.0029,0.0048,0.0055,0.01
33.94,0.0055,0.0029,0.0048,0.0055,0.01
33.96,0.0055,0.0029,0.0048,0.0055,0.01
33.98,0.0055,0.0029,0.0048,0.0055,0.01
34.00,0.0055,0.0029,0.0048,0.0055,0.01
34.02,0.0055,0.0029,0.0048,0.0055,0.01
34.04,0.0055,0.0029,0.0048,0.0055,0.01
34.06,0.0055,0.0029,0.0048,0.0055,0.01
34.08,0.0055,0.0029,0.0048,0.0055,0.01
34.10,0.0055,0.0029,0.0048,0.0055,0.01
34.12,0.0055,0.0029,0.0048,0.0055,0.01
34.14,0.0055,0.0029,0.0048,0.0055,0.01
34.16,0.0055,0.0029,0.0048,0.0055,0.01
34.18,0.0055,0.0029,0.0048,0.0055,0.01
34.20,0.0055,0.0029,0.0048,0.0055,0.01
34.22,0.0055,0.0029,0.0048,0.0055,0.01
34.24,0.0055,0.0029,0.0048,0.0055,0.01
34.26,0.0055,0.0029,0.0048,0.0055,0.01
34.28,0.0055,0.0029,0.0048,0.0055,0.01
34.30,0.0055,0.0029,0.0048,0.0055,0.01
34.32,0.0055,0.0029,0.0048,0.0055,0.01
34.34,0.0055,0.0029,0.0048,0.0055,0.01
34.36,0.0055,0.0029,0.0048,0.0055,0.01
34.38,0.0055,0.0029,0.0048,0.0055,0.01
34.40,0.0055,0.0029,0.0048,0.0055,0.01
34.42,0.0055,0.0029,0.0048,0.0055,0.01
34.44,0.0055,0.0029,0.0048,0.0055,0.01
34.46,0.0055,0.0029,0.0048,0.0055,0.01
34.48,0.0055,0.0029,0.0048,0.0055,0.01
34.50,0.0055,0.0029,0.0048,0.0055,0.01
34.52,0.0055,0.0029,0.0048,0.0055,0.01
34.54,0.0055,0.0028,0.0049,0.0055,0.01
34.56,0.0055,0.0028,0.0049,0.0055,0.01
34.58,0.0055,0.0028,0.0049,0.0055,0.01
34.60,0.0055,0.0028,0.0049,0.0055,0.01
34.62,0.0055,0.0028,0.0049,0.0055,0.01
34.64,0.0055,0.0028,0.0049,0.0055,0.01
34.66,0.0055,0.0028,0.0049,0.0055,0.01
34.68,0.0055,0.0028,0.0049,0.0055,0.01
34.70,0.0055,0.0028,0.0049,0.0055,0.01
34.72,0.0055,0.0028,0.0049,0.0055,0.01
34.74,0.0055,0.0028,0.0049,0.0055,0.01
34.76,0.0055,0.0028,0.0049,0.0055,0.01
34.78,0.0055,0.0028,0.0049,0.0055,0.01
34.80,0.0055,0.0028,0.0049,0.0055,0.01
34.82,0.0055,0.0028,0.0049,0.0055,0.01
34.84,0.0055,0.0028,0.0049,0.0055,0.01
34.86,0.0055,0.0028,0.0049,0.0055,0.01
34.88,0.0055,0.0028,0.0049,0.0055,0.01
34.90,0.0055,0.0028,0.0049,0.0055,0.01
34.92,0.0055,0.0028,0.0049,0.0055,0.01
34.94,0.0055,0.0028,0.0049,0.0055,0.01
34.96,0.0055,0.0028,0.0049,0.0055,0.01
34.98,0.0055,0.0028,0.0049,0.0055,0.01
35.00,0.0055,0.0028,0.0049,0.0055,0.01
35.02,0.0055,0.0028,0.0049,0.0055,0.01
35.04,0.0055,0.0028,0.0049,0.0055,0.01
35.06,0.0055,0.0028,0.0049,0.0055,0.01
35.08,0.0055,0.0028,0.0049,0.0055,0.01
35.10,0.0055,0.0028,0.0049,0.0055,0.01
35.12,0.0055,0.0028,0.0049,0.0055,0.01
35.14,0.0055,0.0028,0.0049,0.0055,0.01
35.16,0.0055,0.0028,0.0049,0.0055,0.01
35.18,0.0055,0.0028,0.0049,0.0055,0.01
35.20,0.0055,0.0028,0.0049,0.0055,0.01
35.22,0.0055,0.0028,0.0049,0.0055,0.01
35.24,0.0055,0.0028,0.0049,0.0055,0.01
35.26,0.0055,0.0028,0.0049,0.0055,0.01
35.28,0.0055,0.0028,0.0049,0.0055,0.01
35.30,0.0055,0.0028,0.0049,0.0055,0.01
35.32,0.0055,0.0028,0.0049,0.0055,0.01
35.34,0.0055,0.0028,0.0049,0.0055,0.01
35.36,0.0055,0.0028,0.0049,0.0055,0.01
35.38,0.0055,0.0028,0.0049,0.0055,0.01
35.40,0.0055,0.0028,0.0049,0.0055,0.01
35.42,0.0055,0.0028,0.0049,0.0055,0.01
35.44,0.0055,0.0028,0.0049,0.0055,0.01
35.46,0.0055,0.0028,0.0049,0.0055,0.01
35.48,0.0055,0.0028,0.0049,0.0055,0.01
35.50,0.0055,0.0028,0.0049,0.0055,0.01
35.52,0.0055,0.0028,0.0049,0.0055,0.01
35.54,0.0055,0.0028,0.0049,0.0055,0.01
35.56,0.0055,0.0028,0.0049,0.0055,0.01
35.58,0.0055,0.0028,0.0049,0.0055,0.01
35.60,0.0055,0.0028,0.0049,0.0055,0.01
35.62,0.0055,0.0028,0.0049,0.0055,0.01
35.64,0.0055,0.0028,0.0050,0.0055,0.01
35.66,0.0055,0.0028,0.0050,0.0055,0.01
35.68,0.0055,0.0028,0.0050,0.0055,0.01
35.70,0.0055,0.0028,0.0050,0.0055,0.01
35.72,0.0055,0.0028,0.0050,0.0055,0.01
35.74,0.0055,0.0028,0.0050,0.0055,0.01
35.76,0.0055,0.0028,0.0050,0.0055,0.01
35.78,0.0055,0.0028,0.0050,0.0055,0.01
35.80,0.0055,0.0027,0.0050,0.0055,0.01
35.82,0.0055,0.0027,0.0050,0.0055,0.01
35.84,0.0055,0.0027,0.0050,0.0055,0.01
35.86,0.0055,0.0027,0.0050,0.0055,0.01
35.88,0.0055,0.0027,0.0050,0.0055,0.01
35.90,0.0055,0.0027,0.0050,0.0055,0.01
35.92,0.0055,0.0027,0.0050,0.0055,0.01
35.94,0.0055,0.0027,0.0050,0.0055,0.01
35.96,0.0055,0.0027,0.0050,0.0055,0.01
35.98,0.0055,0.0027,0.0050,0.0055,0.01
36.00,0.0055,0.0027,0.0050,0.0055,0.01
36.02,0.0055,0.0027,0.0050,0.0055,0.01
36.04,0.0055,0.0027,0.0050,0.0055,0.01
36.06,0.0055,0.0027,0.0050,0.0055,0.01
36.08,0.0055,0.0027,0.0050,0.0055,0.01
36.10,0.0055,0.0027,0.0050,0.0055,0.01
36.12,0.0055,0.0027,0.0050,0.0055,0.01
36.14,0.0055,0.0027,0.0050,0.0055,0.01
36.16,0.0055,0.0027,0.0050,0.0055,0.01
36.18,0.0055,0.0027,0.0050,0.0055,0.01
36.20,0.0055,0.0027,0.0050,0.0055,0.01
36.22,0.0055,0.0027,0.0050,0.0055,0.01
36.24,0.0055,0.0027,0.0050,0.0055,0.01
36.26,0.0055,0.0027,0.0050,0.0055,0.01
36.28,0.0055,0.0027,0.0050,0.0055,0.01
36.30,0.0055,0.0026,0.0051,0.0055,0.01
36.32,0.0055,0.0026,0.0051,0.0055,0.01
36.34,0.0055,0.0026,0.0051,0.0055,0.01
36.36,0.0055,0.0026,0.0051,0.0055,0.01
36.38,0.0055,0.0026,0.0051,0.0055,0.01
36.40,0.0055,0.0026,0.0051,0.0055,0.01
36.42,0.0055,0.0026,0.0051,0.0055,0.01
36.44,0.0055,0.0026,0.0051,0.0055,0.01
36.46,0.0055,0.0026,0.0051,0.0055,0.01
36.48,0.0055,0.0026,0.0051,0.0055,0.01
36.50,0.0055,0.0026,0.0051,0.0055,0.01
36.52,0.0055,0.0026,0.0051,0.0055,0.01
36.54,0.0055,0.0026,0.0051,0.0055,0.01
36.56,0.0055,0.0026,0.0051,0.0055,0.01
36.58,0.0055,0.0026,0.0051,0.0055,0.01
36.60,0.0055,0.0026,0.0051,0.0055,0.01
36.62,0.0055,0.0026,0.0051,0.0055,0.01
36.64,0.0055,0.0026,0.0051,0.0055,0.01
36.66,0.0055,0.0026,0.0051,0.0055,0.01
36.68,0.0055,0.0026,0.0051,0.0055,0.01
36.70,0.0055,0.0026,0.0051,0.0055,0.01
36.72,0.0055,0.0026,0.0051,0.0055,0.01
36.74,0.0055,0.0026,0.0050,0.0055,0.01
36.76,0.0055,0.0026,0.0050,0.0055,0.01
36.78,0.0055,0.0026,0.0050,0.0055,0.01
36.80,0.0055,0.0026,0.0047,0.0055,0.01
36.82,0.0055,0.0026,0.0047,0.0055,0.01
36.84,0.0055,0.0026,0.0043,0.0055,0.01
36.86,0.0055,0.0026,0.0043,0.0055,0.01
36.88,0.0055,0.0026,0.0043,0.0055,0.01
36.90,0.0055,0.0024,0.0040,0.0055,0.01
36.92,0.0055,0.0024,0.0040,0.0055,0.01
36.94,0.0055,0.0029,0.0029,0.0055,0.01
36.96,0.0055,0.0029,0.0029,0.0055,0.01
36.98,0.0055,0.0029,0.0029,0.0055,0.01
37.00,0.0055,0.0029,0.0025,0.0055,0.01
37.02,0.0055,0.0029,0.0025,0.0055,0.01
37.04,0.0055,0.0034,0.0014,0.0055,0.01
37.06,0.0055,0.0034,0.0014,0.0055,0.01
37.08,0.0055,0.0034,0.0014,0.0055,0.01
37.10,0.0055,0.0034,0.0006,0.0055,0.01
37.12,0.0055,0.0034,0.0006,0.0055,0.01
37.14,0.0055,0.0032,0.0001,0.0055,0.01
37.16,0.0055,0.0032,0.0001,0.0055,0.01
37.18,0.0055,0.0032,0.0001,0.0055,0.02
37.20,0.0055,0.0033,0.0007,0.0055,0.02
37.22,0.0055,0.0033,0.0007,0.0055,0.02
37.24,0.0055,0.0031,0.0018,0.0055,0.02
37.26,0.0055,0.0031,0.0018,0.0055,0.02
37.28,0.0055,0.0031,0.0018,0.0055,0.02
37.30,0.0055,0.0030,0.0028,0.0055,0.02
37.32,0.0055,0.0030,0.0028,0.0055,0.02
37.34,0.0055,0.0025,0.0032,0.0055,0.02
37.36,0.0055,0.0025,0.0032,0.0055,0.02
37.38,0.0055,0.0025,0.0032,0.0055,0.02
37.40,0.0055,0.0022,0.0035,0.0055,0.02
37.42,0.0055,0.0022,0.0035,0.0055,0.02
37.44,0.0055,0.0021,0.0037,0.0055,0.02
37.46,0.0055,0.0021,0.0037,0.0055,0.02
37.48,0.0055,0.0021,0.0037,0.0055,0.02
37.50,0.0055,0.0021,0.0041,0.0055,0.02
37.52,0.0055,0.0021,0.0041,0.0055,0.02
37.54,0.0055,0.0019,0.0040,0.0055,0.02
37.56,0.0055,0.0019,0.0040,0.0055,0.02
37.58,0.0055,0.0019,0.0040,0.0055,0.02
37.60,0.0055,0.0019,0.0040,0.0055,0.02
37.62,0.0055,0.0019,0.0040,0.0055,0.02
37.64,0.0055,0.0019,0.0040,0.0055,0.02
37.66,0.0055,0.0019,0.0040,0.0055,0.02
37.68,0.0055,0.0019,0.0040,0.0055,0.02
37.70,0.0055,0.0019,0.0040,0.0055,0.02
37.72,0.0055,0.0019,0.0040,0.0055,0.02
37.74,0.0055,0.0019,0.0040,0.0055,0.02
37.76,0.0055,0.0019,0.0040,0.0055,0.02
37.78,0.0055,0.0019,0.0040,0.0055,0.02
37.80,0.0055,0.0019,0.0040,0.0055,0.02
37.82,0.0055,0.0019,0.0040,0.0055,0.02
37.84,0.0055,0.0019,0.0040,0.0055,0.02
37.86,0.0055,0.0019,0.0040,0.0055,0.02
37.88,0.0055,0.0019,0.0040,0.0055,0.02
37.90,0.0055,0.0019,0.0040,0.0055,0.02
37.92,0.0055,0.0019,0.0040,0.0055,0.02
37.94,0.0055,0.0019,0.0040,0.0055,0.02
37.96,0.0055,0.0019,0.0040,0.0055,0.02
37.98,0.0055,0.0019,0.0040,0.0055,0.02
38.00,0.0055,0.0019,0.0040,0.0055,0.02
38.02,0.0055,0.0019,0.0040,0.0055,0.02
38.04,0.0055,0.0019,0.0040,0.0055,0.02
38.06,0.0055,0.0019,0.0040,0.0055,0.02
38.08,0.0055,0.0019,0.0040,0.0055,0.02
38.10,0.0055,0.0019,0.0040,0.0055,0.02
38.12,0.0055,0.0019,0.0040,0.0055,0.02
38.14,0.0055,0.0019,0.0040,0.0055,0.02
38.16,0.0055,0.0019,0.0040,0.0055,0.02
38.18,0.0055,0.0019,0.0040,0.0055,0.02
38.20,0.0055,0.0019,0.0040,0.0055,0.02
38.22,0.0055,0.0019,0.0040,0.0055,0.02
38.24,0.0055,0.0019,0.0040,0.0055,0.02
38.26,0.0055,0.0019,0.0040,0.0055,0.02
38.28,0.0055,0.0019,0.0040,0.0055,0.02
38.30,0.0055,0.0019,0.0040,0.0055,0.02
38.32,0.0055,0.0019,0.0040,0.0055,0.02
38.34,0.0055,0.0019,0.0040,0.0055,0.02
38.36,0.0055,0.0019,0.0040,0.0055,0.02
38.38,0.0055,0.0019,0.0040,0.0055,0.02
38.40,0.0055,0.0019,0.0040,0.0055,0.02
38.42,0.0055,0.0019,0.0040,0.0055,0.02
38.44,0.0055,0.0019,0.0040,0.0055,0.02
38.46,0.0055,0.0019,0.0040,0.0055,0.02
38.48,0.0055,0.0019,0.0040,0.0055,0.02
38.50,0.0055,0.0019,0.0040,0.0055,0.02
38.52,0.0055,0.0019,0.0040,0.0055,0.02
38.54,0.0055,0.0019,0.0040,0.0055,0.02
38.56,0.0055,0.0019,0.0040,0.0055,0.02
38.58,0.0055,0.0019,0.0040,0.0055,0.02
38.60,0.0055,0.0019,0.0040,0.0055,0.02
38.62,0.0055,0.0019,0.0040,0.0055,0.02
38.64,0.0055,0.0019,0.0040,0.0055,0.02
38.66,0.0055,0.0019,0.0040,0.0055,0.02
38.68,0.0055,0.0019,0.0040,0.0055,0.02
38.70,0.0055,0.0019,0.0040,0.0055,0.02
38.72,0.0055,0.0019,0.0040,0.0055,0.02
38.74,0.0055,0.0019,0.0040,0.0055,0.02
38.76,0.0055,0.0019,0.0040,0.0055,0.02
38.78,0.0055,0.0019,0.0040,0.0055,0.02
38.80,0.0055,0.0019,0.0040,0.0055,0.02
38.82,0.0055,0.0019,0.0040,0.0055,0.02
38.84,0.0055,0.0019,0.0040,0.0055,0.02
38.86,0.0055,0.0019,0.0040,0.0055,0.02
38.88,0.0055,0.0019,0.0040,0.0055,0.02
38.90,0.0055,0.0019,0.0040,0.0055,0.02
38.92,0.0055,0.0019,0.0040,0.0055,0.02
38.94,0.0055,0.0019,0.0040,0.0055,0.02
38.96,0.0055,0.0019,0.0040,0.0055,0.02
38.98,0.0055,0.0019,0.0040,0.0055,0.02
39.00,0.0055,0.0019,0.0040,0.0055,0.02
39.02,0.0055,0.0019,0.0040,0.0055,0.02
39.04,0.0055,0.0019,0.0040,0.0055,0.02
39.06,0.0055,0.0019,0.0040,0.0055,0.02
39.08,0.0055,0.0019,0.0040,0.0055,0.02
39.10,0.0055,0.0019,0.0040,0.0055,0.02
39.12,0.0055,0.0019,0.0040,0.0055,0.02
39.14,0.0055,0.0019,0.0040,0.0055,0.02
39.16,0.0055,0.0019,0.0040,0.0055,0.02
39.18,0.0055,0.0019,0.0040,0.0055,0.02
39.20,0.0055,0.0019,0.0039,0.0055,0.02
39.22,0.0055,0.0019,0.0039,0.0055,0.02
39.24,0.0055,0.0019,0.0039,0.0055,0.02
39.26,0.0055,0.0019,0.0039,0.0055,0.02
39.28,0.0055,0.0019,0.0039,0.0055,0.02
39.30,0.0055,0.0019,0.0039,0.0055,0.02
39.32,0.0055,0.0019,0.0039,0.0055,0.02
39.34,0.0055,0.0019,0.0039,0.0055,0.02
39.36,0.0055,0.0019,0.0039,0.0055,0.02
39.38,0.0055,0.0019,0.0039,0.0056,0.02
39.40,0.0055,0.0019,0.0039,0.0056,0.02
39.42,0.0055,0.0019,0.0039,0.0056,0.02
39.44,0.0055,0.0019,0.0039,0.0056,0.02
39.46,0.0055,0.0019,0.0039,0.0056,0.02
39.48,0.0055,0.0019,0.0039,0.0056,0.02
39.50,0.0055,0.0019,0.0039,0.0056,0.02
39.52,0.0055,0.0019,0.0039,0.0056,0.02
39.54,0.0055,0.0019,0.0039,0.0056,0.02
39.56,0.0055,0.0019,0.0039,0.0056,0.02
39.58,0.0055,0.0019,0.0039,0.0056,0.02
39.60,0.0055,0.0019,0.0039,0.0056,0.02
39.62,0.0055,0.0019,0.0039,0.0056,0.02
39.64,0.0055,0.0019,0.0039,0.0056,0.02
39.66,0.0055,0.0019,0.0039,0.0056,0.02
39.68,0.0055,0.0019,0.0039,0.0056,0.02
39.70,0.0055,0.0019,0.0039,0.0056,0.02
39.72,0.0055,0.0019,0.0039,0.0056,0.02
39.74,0.0055,0.0019,0.0039,0.0056,0.02
39.76,0.0055,0.0019,0.0039,0.0056,0.02
39.78,0.0055,0.0019,0.0039,0.0056,0.02
39.80,0.0055,0.0019,0.0039,0.0056,0.02
39.82,0.0055,0.0019,0.0039,0.0056,0.02
39.84,0.0055,0.0019,0.0039,0.0056,0.02
39.86,0.0055,0.0019,0.0039,0.0056,0.02
39.88,0.0055,0.0019,0.0039,0.0056,0.02
39.90,0.0055,0.0019,0.0039,0.0056,0.02
39.92,0.0055,0.0019,0.0039,0.0056,0.02
39.94,0.0055,0.0018,0.0039,0.0056,0.02
39.96,0.0055,0.0018,0.0039,0.0056,0.02
39.98,0.0055,0.0018,0.0039,0.0056,0.02
40.00,0.0055,0.0018,0.0039,0.0056,0.02
40.02,0.0055,0.0018,0.0039,0.0056,0.02
