t,d01_err,d02_err,d12_err,o_error,o_error_deg
0.00,0.7000,0.8000,1.0000,0.0000,56.31
0.02,0.7000,0.8000,1.0000,0.0000,56.31
0.04,0.7000,0.8000,1.0000,0.0000,56.31
0.06,0.7000,0.8000,1.0000,0.0000,56.31
0.08,0.7000,0.8000,1.0000,0.0000,56.31
0.10,0.7000,0.8000,1.0000,0.0000,56.31
0.12,0.7000,0.8000,1.0000,0.0000,56.31
0.14,0.7000,0.8000,1.0000,0.0000,56.31
0.16,0.7000,0.8000,1.0000,0.0000,56.31
0.18,0.7000,0.8000,1.0000,0.0000,56.31
0.20,0.7000,0.8000,1.0000,0.0000,56.31
0.22,0.7000,0.8000,1.0000,0.0000,56.31
0.24,0.5000,0.7812,0.4213,0.2000,56.31
0.26,1.0000,0.7812,0.7117,1.7000,28.24
0.28,1.0000,0.7812,0.7117,1.7000,28.24
0.30,1.0000,0.7812,0.7117,1.7000,28.24
0.32,1.0000,0.7812,0.7117,1.7000,28.24
0.34,1.0000,0.7812,0.7117,1.7000,28.24
0.36,1.0000,0.7812,0.7117,1.7000,28.24
0.38,1.0000,0.7812,0.7117,1.7000,28.24
0.40,1.0000,0.7812,0.7117,1.7000,28.24
0.42,1.0000,0.7812,0.7117,1.7000,28.24
0.44,1.0000,0.7812,0.7117,1.7000,28.24
0.46,1.0000,0.7812,0.7117,1.7000,28.24
0.48,1.0000,0.7812,0.7117,1.7000,28.24
0.50,1.0000,0.7812,0.7117,1.7000,28.24
0.52,1.0000,0.7812,0.7117,1.7000,28.24
0.54,1.0000,0.7812,0.7117,1.7000,28.24
0.56,1.0000,0.7812,0.7117,1.7000,28.24
0.58,1.0000,0.7812,0.7117,1.7000,28.24
0.60,1.0000,0.7812,0.7117,1.7000,28.24
0.62,1.0000,0.7812,0.7117,1.7000,28.24
0.64,1.0000,0.7812,0.7117,1.7000,28.24
0.66,1.0000,0.7812,0.7117,1.7000,28.24
0.68,1.0000,0.7812,0.7117,1.7000,28.24
0.70,1.0000,0.7812,0.7117,1.7000,28.24
0.72,1.0000,0.7812,0.7117,1.7000,28.24
0.74,1.0000,0.7812,0.7117,1.7000,28.24
0.76,1.0000,0.7812,0.7117,1.7000,28.24
0.78,1.0000,0.7812,0.7117,1.7000,28.24
0.80,1.0000,0.7812,0.7117,1.7000,28.24
0.82,1.0000,0.7812,0.7117,1.7000,28.24
0.84,1.0000,0.7812,0.7117,1.7000,28.24
0.86,1.0000,0.7812,0.7117,1.7000,28.24
0.88,1.0000,0.7812,0.7117,1.7000,28.24
0.90,1.0000,0.7812,0.7117,1.7000,28.24
0.92,1.0000,0.7812,0.7117,1.7000,28.24
0.94,1.0000,0.7812,0.7117,1.7000,28.24
0.96,1.0000,0.7812,0.7117,1.7000,28.24
0.98,1.0000,0.7812,0.7117,1.7000,28.24
1.00,1.0000,0.7812,0.7117,1.7000,28.24
1.02,1.0000,0.7812,0.7117,1.7000,28.24
1.04,1.0000,0.7812,0.7117,1.7000,28.24
1.06,1.0000,0.7812,0.7117,1.7000,28.24
1.08,1.0000,0.7812,0.7117,1.7000,28.24
1.10,1.0000,0.7812,0.7117,1.7000,28.24
1.12,1.0000,0.7812,0.7117,1.7000,28.24
1.14,1.0000,0.7812,0.7117,1.7000,28.24
1.16,1.0000,0.7812,0.7117,1.7000,28.24
1.18,1.0000,0.7812,0.7117,1.7000,28.24
1.20,1.0000,0.7812,0.7117,1.7000,28.24
1.22,1.0000,0.7812,0.7117,1.7000,28.24
1.24,1.0000,0.7812,0.7117,1.7000,28.24
1.26,1.0000,0.7812,0.7117,1.7000,28.24
1.28,1.0000,0.7812,0.7117,1.7000,28.24
1.30,1.0000,0.7812,0.7117,1.7000,28.24
1.32,1.0000,0.7812,0.7117,1.7000,28.24
1.34,1.0000,0.7812,0.7117,1.7000,28.24
1.36,1.0000,0.7812,0.7117,1.7000,28.24
1.38,1.0000,0.7812,0.7117,1.7000,28.24
1.40,1.0000,0.7812,0.7117,1.7000,28.24
1.42,1.0000,0.7812,0.7117,1.7000,28.24
1.44,1.0000,0.7812,0.7117,1.7000,28.24
1.46,1.0000,0.7812,0.7117,1.7000,28.24
1.48,1.0000,0.7812,0.7117,1.7000,28.24
1.50,1.0000,0.7812,0.7117,1.7000,28.24
1.52,1.0000,0.7812,0.7117,1.7000,28.24
1.54,1.0000,0.7812,0.7117,1.7000,28.24
1.56,1.0000,0.7812,0.7117,1.7000,28.24
1.58,1.0000,0.7812,0.7117,1.7000,28.24
1.60,1.0000,0.7812,0.7117,1.7000,28.24
1.62,1.0000,0.7812,0.7117,1.7000,28.24
1.64,1.0000,0.7812,0.7117,1.7000,28.24
1.66,1.0000,0.7812,0.7117,1.7000,28.24
1.68,1.0000,0.7812,0.7117,1.7000,28.24
1.70,1.0000,0.7812,0.7117,1.7000,28.24
1.72,1.0000,0.7812,0.7117,1.7000,28.24
1.74,1.0000,0.7812,0.7117,1.7000,28.24
1.76,1.0000,0.7812,0.7117,1.7000,28.24
1.78,1.0000,0.7812,0.7117,1.7000,28.24
1.80,1.0000,0.7812,0.7117,1.7000,28.24
1.82,1.0000,0.7812,0.7117,1.7000,28.24
1.84,1.0000,0.7812,0.7117,1.7000,28.24
1.86,1.0000,0.7812,0.7117,1.7000,28.24
1.88,1.0000,0.7812,0.7117,1.7000,28.24
1.90,1.0000,0.7812,0.7117,1.7000,28.24
1.92,1.0000,0.7812,0.7117,1.7000,28.24
1.94,1.0000,0.7812,0.7117,1.7000,28.24
1.96,1.0000,0.7812,0.7117,1.7000,28.24
1.98,1.0000,0.7812,0.7117,1.7000,28.24
2.00,1.0000,0.7812,0.7117,1.7000,28.24
2.02,1.0000,0.7812,0.7117,1.7000,28.24
2.04,1.0000,0.7812,0.7117,1.7000,28.24
2.06,1.0000,0.7812,0.7117,1.7000,28.24
2.08,1.0000,0.7812,0.7117,1.7000,28.24
2.10,1.0000,0.7812,0.7117,1.7000,28.24
2.12,1.0000,0.7812,0.7117,1.7000,28.24
2.14,1.0000,0.7812,0.7117,1.7000,28.24
2.16,1.0000,0.7812,0.7117,1.7000,28.24
2.18,1.0000,0.7812,0.7117,1.7000,28.24
2.20,1.0000,0.7812,0.7117,1.7000,28.24
2.22,1.0000,0.7812,0.7117,1.7000,28.24
2.24,1.0000,0.7812,0.7117,1.7000,28.24
2.26,1.0000,0.7812,0.7117,1.7000,28.24
2.28,1.0000,0.7812,0.7117,1.7000,28.24
2.30,1.0000,0.7812,0.7117,1.7000,28.24
2.32,1.0000,0.7812,0.7117,1.7000,28.24
2.34,1.0000,0.7812,0.7117,1.7000,28.24
2.36,1.0000,0.7812,0.7117,1.7000,28.24
2.38,1.0000,0.7812,0.7117,1.7000,28.24
2.40,1.0000,0.7812,0.7117,1.7000,28.24
2.42,1.0000,0.7812,0.7117,1.7000,28.24
2.44,1.0000,0.7812,0.7117,1.7000,28.24
2.46,1.0000,0.7812,0.7117,1.7000,28.24
2.48,1.0000,0.7812,0.7117,1.7000,28.24
2.50,1.0000,0.7812,0.7117,1.7000,28.24
2.52,1.0000,0.7812,0.7117,1.7000,28.24
2.54,1.0000,0.7812,0.7117,1.7000,28.24
2.56,1.0000,0.7812,0.7117,1.7000,28.24
2.58,1.0000,0.7812,0.7117,1.7000,28.24
2.60,1.0000,0.7812,0.7117,1.7000,28.24
2.62,1.0000,0.7812,0.7117,1.7000,28.24
2.64,1.0000,0.7812,0.7117,1.7000,28.24
2.66,1.0000,0.7812,0.7117,1.7000,28.24
2.68,1.0000,0.7812,0.7117,1.7000,28.24
2.70,1.0000,0.7812,0.7117,1.7000,28.24
2.72,1.0000,0.7812,0.7117,1.7000,28.24
2.74,1.0000,0.7812,0.7117,1.7000,28.24
2.76,1.0000,0.7812,0.7117,1.7000,28.24
2.78,1.0000,0.7812,0.7117,1.7000,28.24
2.80,1.0000,0.7812,0.7117,1.7000,28.24
2.82,1.0000,0.7812,0.7117,1.7000,28.24
2.84,1.0000,0.7812,0.7117,1.7000,28.24
2.86,1.0000,0.7812,0.7117,1.7000,28.24
2.88,1.0000,0.7812,0.7117,1.7000,28.24
2.90,1.0000,0.7812,0.7117,1.7000,28.24
2.92,1.0000,0.7812,0.7117,1.7000,28.24
2.94,1.0000,0.7812,0.7117,1.7000,28.24
2.96,1.0000,0.7812,0.7117,1.7000,28.24
2.98,1.0000,0.7812,0.7117,1.7000,28.24
3.00,1.0000,0.7812,0.7117,1.7000,28.24
3.02,1.0000,0.7812,0.7117,1.7000,28.24
3.04,1.0000,0.7812,0.7117,1.7000,28.24
3.06,1.0000,0.7812,0.7117,1.7000,28.24
3.08,1.0000,0.7812,0.7117,1.7000,28.24
3.10,1.0000,0.7812,0.7117,1.7000,28.24
3.12,1.0000,0.7812,0.7117,1.7000,28.24
3.14,1.0000,0.7812,0.7117,1.7000,28.24
3.16,1.0000,0.7812,0.7117,1.7000,28.24
3.18,1.0000,0.7812,0.7117,1.7000,28.24
3.20,1.0000,0.7812,0.7117,1.7000,28.24
3.22,1.0000,0.7812,0.7117,1.7000,28.24
3.24,1.0000,0.7812,0.7117,1.7000,28.24
3.26,1.0000,0.7812,0.7117,1.7000,28.24
3.28,1.0000,0.7812,0.7117,1.7000,28.24
3.30,1.0000,0.7812,0.7117,1.7000,28.24
3.32,1.0000,0.7812,0.7117,1.7000,28.24
3.34,1.0000,0.7812,0.7117,1.7000,28.24
3.36,1.0000,0.7812,0.7117,1.7000,28.24
3.38,1.0000,0.7812,0.7117,1.7000,28.24
3.40,1.0000,0.7812,0.7117,1.7000,28.24
3.42,1.0000,0.7812,0.7117,1.7000,28.24
3.44,1.0000,0.7812,0.7117,1.7000,28.24
3.46,1.0000,0.7812,0.7117,1.7000,28.24
3.48,1.0000,0.7812,0.7117,1.7000,28.24
3.50,1.0000,0.7812,0.7117,1.7000,28.24
3.52,1.0000,0.7812,0.7117,1.7000,28.24
3.54,1.0000,0.7812,0.7117,1.7000,28.24
3.56,1.0000,0.7812,0.7117,1.7000,28.24
3.58,1.0000,0.7812,0.7117,1.7000,28.24
3.60,1.0000,0.7812,0.7117,1.7000,28.24
3.62,1.0000,0.7812,0.7117,1.7000,28.24
3.64,1.0000,0.7812,0.7117,1.7000,28.24
3.66,1.0000,0.7812,0.7117,1.7000,28.24
3.68,1.0000,0.7812,0.7117,1.7000,28.24
3.70,1.0000,0.7812,0.7117,1.7000,28.24
3.72,1.0000,0.7812,0.7117,1.7000,28.24
3.74,1.0000,0.7812,0.7117,1.7000,28.24
3.76,1.0000,0.7812,0.7117,1.7000,28.24
3.78,1.0000,0.7812,0.7117,1.7000,28.24
3.80,1.0000,0.7812,0.7117,1.7000,28.24
3.82,1.0000,0.7812,0.7117,1.7000,28.24
3.84,1.0000,0.7812,0.7117,1.7000,28.24
3.86,1.0000,0.7812,0.7117,1.7000,28.24
3.88,1.0000,0.7812,0.7117,1.7000,28.24
3.90,1.0000,0.7812,0.7117,1.7000,28.24
3.92,1.0000,0.7812,0.7117,1.7000,28.24
3.94,1.0000,0.7812,0.7117,1.7000,28.24
3.96,1.0000,0.7812,0.7117,1.7000,28.24
3.98,1.0000,0.7812,0.7117,1.7000,28.24
4.00,1.0000,0.7812,0.7117,1.7000,28.24
4.02,1.0000,0.7812,0.7117,1.7000,28.24
4.04,1.0000,0.7812,0.7117,1.7000,28.24
4.06,1.0000,0.7812,0.7117,1.7000,28.24
4.08,1.0000,0.7812,0.7117,1.7000,28.24
4.10,1.0000,0.7812,0.7117,1.7000,28.24
4.12,1.0000,0.7812,0.7117,1.7000,28.24
4.14,1.0000,0.7812,0.7117,1.7000,28.24
4.16,1.0000,0.7812,0.7117,1.7000,28.24
4.18,1.0000,0.7812,0.7117,1.7000,28.24
4.20,1.0000,0.7812,0.7117,1.7000,28.24
4.22,1.0000,0.7812,0.7117,1.7000,28.24
4.24,1.0000,0.7812,0.7117,1.7000,28.24
4.26,1.0000,0.7812,0.7117,1.7000,28.24
4.28,1.0000,0.7812,0.7117,1.7000,28.24
4.30,1.0000,0.7812,0.7117,1.7000,28.24
4.32,1.0000,0.7812,0.7117,1.7000,28.24
4.34,1.0000,0.7812,0.7117,1.7000,28.24
4.36,1.0000,0.7812,0.7117,1.7000,28.24
4.38,1.0000,0.7812,0.7117,1.7000,28.24
4.40,1.0000,0.7812,0.7117,1.7000,28.24
4.42,1.0000,0.7812,0.7117,1.7000,28.24
4.44,1.0000,0.7812,0.7117,1.7000,28.24
4.46,1.0000,0.7812,0.7117,1.7000,28.24
4.48,1.0000,0.7812,0.7117,1.7000,28.24
4.50,1.0000,0.7812,0.7117,1.7000,28.24
4.52,1.0000,0.7812,0.7117,1.7000,28.24
4.54,1.0000,0.7812,0.7117,1.7000,28.24
4.56,1.0000,0.7812,0.7117,1.7000,28.24
4.58,1.0000,0.7812,0.7117,1.7000,28.24
4.60,1.0000,0.7812,0.7117,1.7000,28.24
4.62,1.0000,0.7812,0.7117,1.7000,28.24
4.64,1.0000,0.7812,0.7117,1.7000,28.24
4.66,1.0000,0.7812,0.7117,1.7000,28.24
4.68,1.0000,0.7812,0.7117,1.7000,28.24
4.70,1.0000,0.7812,0.7117,1.7000,28.24
4.72,1.0000,0.7812,0.7117,1.7000,28.24
4.74,1.0000,0.7812,0.7117,1.7000,28.24
4.76,1.0000,0.7812,0.7117,1.7000,28.24
4.78,1.0000,0.7812,0.7117,1.7000,28.24
4.80,1.0000,0.7812,0.7117,1.7000,28.24
4.82,1.0000,0.7812,0.7117,1.7000,28.24
4.84,1.0000,0.7812,0.7117,1.7000,28.24
4.86,1.0000,0.7812,0.7117,1.7000,28.24
4.88,1.0000,0.7812,0.7117,1.7000,28.24
4.90,1.0000,0.7812,0.7117,1.7000,28.24
4.92,1.0000,0.7812,0.7117,1.7000,28.24
4.94,1.0000,0.7812,0.7117,1.7000,28.24
4.96,1.0000,0.7812,0.7117,1.7000,28.24
4.98,1.0000,0.7812,0.7117,1.7000,28.24
5.00,1.0000,0.7812,0.7117,1.7000,28.24
5.02,1.0000,0.7812,0.7117,1.7000,28.24
5.04,1.0000,0.7812,0.7117,1.7000,28.24
5.06,1.0000,0.7812,0.7117,1.7000,28.24
5.08,1.0000,0.7812,0.7117,1.7000,28.24
5.10,1.0000,0.7812,0.7117,1.7000,28.24
5.12,1.0000,0.7812,0.7117,1.7000,28.24
5.14,1.0000,0.7812,0.7117,1.7000,28.24
5.16,1.0000,0.7812,0.7117,1.7000,28.24
5.18,1.0000,0.7812,0.7117,1.7000,28.24
5.20,1.0000,0.7812,0.7117,1.7000,28.24
5.22,1.0000,0.7812,0.7117,1.7000,28.24
5.24,1.0000,0.7812,0.7117,1.7000,28.24
5.26,1.0000,0.7812,0.7117,1.7000,28.24
5.28,1.0000,0.7812,0.7117,1.7000,28.24
5.30,1.0000,0.7812,0.7117,1.7000,28.24
5.32,1.0000,0.7812,0.7117,1.7000,28.24
5.34,1.0000,0.7812,0.7117,1.7000,28.24
5.36,1.0000,0.7812,0.7117,1.7000,28.24
5.38,1.0000,0.7812,0.7117,1.7000,28.24
5.40,1.0000,0.7812,0.7117,1.7000,28.24
5.42,1.0000,0.7812,0.7117,1.7000,28.24
5.44,1.0000,0.7812,0.7117,1.7000,28.24
5.46,1.0000,0.7812,0.7117,1.7000,28.24
5.48,1.0000,0.7812,0.7117,1.7000,28.24
5.50,1.0000,0.7812,0.7117,1.7000,28.24
5.52,1.0000,0.7812,0.7117,1.7000,28.24
5.54,1.0000,0.7812,0.7117,1.7000,28.24
5.56,1.0000,0.7812,0.7117,1.7000,28.24
5.58,1.0000,0.7812,0.7117,1.7000,28.24
5.60,1.0000,0.7812,0.7117,1.7000,28.24
5.62,1.0000,0.7812,0.7117,1.7000,28.24
5.64,1.0000,0.7812,0.7117,1.7000,28.24
5.66,1.0000,0.7812,0.7117,1.7000,28.24
5.68,1.0000,0.7812,0.7117,1.7000,28.24
5.70,1.0000,0.7812,0.7117,1.7000,28.24
5.72,1.0000,0.7812,0.7117,1.7000,28.24
5.74,1.0000,0.7812,0.7117,1.7000,28.24
5.76,1.0000,0.7812,0.7117,1.7000,28.24
5.78,1.0000,0.7812,0.7117,1.7000,28.24
5.80,1.0000,0.7812,0.7117,1.7000,28.24
5.82,1.0000,0.7812,0.7117,1.7000,28.24
5.84,1.0000,0.7812,0.7117,1.7000,28.24
5.86,1.0000,0.7812,0.7117,1.7000,28.24
5.88,1.0000,0.7812,0.7117,1.7000,28.24
5.90,1.0000,0.7812,0.7117,1.7000,28.24
5.92,1.0000,0.7812,0.7117,1.7000,28.24
5.94,1.0000,0.7812,0.7117,1.7000,28.24
5.96,1.0000,0.7812,0.7117,1.7000,28.24
5.98,1.0000,0.7812,0.7117,1.7000,28.24
6.00,1.0000,0.7812,0.7117,1.7000,28.24
6.02,1.0000,0.7812,0.7117,1.7000,28.24
6.04,1.0000,0.7812,0.7117,1.7000,28.24
6.06,1.0000,0.7812,0.7117,1.7000,28.24
6.08,1.0000,0.7812,0.7117,1.7000,28.24
6.10,1.0000,0.7812,0.7117,1.7000,28.24
6.12,1.0000,0.7812,0.7117,1.7000,28.24
6.14,1.0000,0.7812,0.7117,1.7000,28.24
6.16,1.0000,0.7812,0.7117,1.7000,28.24
6.18,1.0000,0.7812,0.7117,1.7000,28.24
6.20,1.0000,0.7812,0.7117,1.7000,28.24
6.22,1.0000,0.7812,0.7117,1.7000,28.24
6.24,1.0000,0.7812,0.7117,1.7000,28.24
6.26,1.0000,0.7812,0.7117,1.7000,28.24
6.28,1.0000,0.7812,0.7117,1.7000,28.24
6.30,1.0000,0.7812,0.7117,1.7000,28.24
6.32,1.0000,0.7812,0.7117,1.7000,28.24
6.34,1.0000,0.7812,0.7117,1.7000,28.24
6.36,1.0000,0.7812,0.7117,1.7000,28.24
6.38,1.0000,0.7812,0.7117,1.7000,28.24
6.40,1.0000,0.7812,0.7117,1.7000,28.24
6.42,1.0000,0.7812,0.7117,1.7000,28.24
6.44,1.0000,0.7812,0.7117,1.7000,28.24
6.46,1.0000,0.7812,0.7117,1.7000,28.24
6.48,1.0000,0.7812,0.7117,1.7000,28.24
6.50,1.0000,0.7812,0.7117,1.7000,28.24
6.52,1.0000,0.7812,0.7117,1.7000,28.24
6.54,1.0000,0.7812,0.7117,1.7000,28.24
6.56,1.0000,0.7812,0.7117,1.7000,28.24
6.58,1.0000,0.7812,0.7117,1.7000,28.24
6.60,1.0000,0.7812,0.7117,1.7000,28.24
6.62,1.0000,0.7812,0.7117,1.7000,28.24
6.64,1.0000,0.7812,0.7117,1.7000,28.24
6.66,1.0000,0.7812,0.7117,1.7000,28.24
6.68,1.0000,0.7812,0.7117,1.7000,28.24
6.70,1.0000,0.7812,0.7117,1.7000,28.24
6.72,1.0000,0.7812,0.7117,1.7000,28.24
6.74,1.0000,0.7812,0.7117,1.7000,28.24
6.76,1.0000,0.7812,0.7117,1.7000,28.24
6.78,1.0000,0.7812,0.7117,1.7000,28.24
6.80,1.0000,0.7812,0.7117,1.7000,28.24
6.82,1.0000,0.7812,0.7117,1.7000,28.24
6.84,1.0000,0.7812,0.7117,1.7000,28.24
6.86,1.0000,0.7812,0.7117,1.7000,28.24
6.88,1.0000,0.7812,0.7117,1.7000,28.24
6.90,1.0000,0.7812,0.7117,1.7000,28.24
6.92,1.0000,0.7812,0.7117,1.7000,28.24
6.94,1.0000,0.7812,0.7117,1.7000,28.24
6.96,1.0000,0.7812,0.7117,1.7000,28.24
6.98,1.0000,0.7812,0.7117,1.7000,28.24
7.00,1.0000,0.7812,0.7117,1.7000,28.24
7.02,1.0000,0.7812,0.7117,1.7000,28.24
7.04,1.0000,0.7812,0.7117,1.7000,28.24
7.06,1.0000,0.7812,0.7117,1.7000,28.24
7.08,1.0000,0.7812,0.7117,1.7000,28.24
7.10,1.0000,0.7812,0.7117,1.7000,28.24
7.12,1.0000,0.7812,0.7117,1.7000,28.24
7.14,1.0000,0.7812,0.7117,1.7000,28.24
7.16,1.0000,0.7812,0.7117,1.7000,28.24
7.18,1.0000,0.7812,0.7117,1.7000,28.24
7.20,1.0000,0.7812,0.7117,1.7000,28.24
7.22,1.0000,0.7812,0.7117,1.7000,28.24
7.24,1.0000,0.7812,0.7117,1.7000,28.24
7.26,1.0000,0.7812,0.7117,1.7000,28.24
7.28,1.0000,0.7812,0.7117,1.7000,28.24
7.30,1.0000,0.7812,0.7117,1.7000,28.24
7.32,1.0000,0.7812,0.7117,1.7000,28.24
7.34,1.0000,0.7812,0.7117,1.7000,28.24
7.36,1.0000,0.7812,0.7117,1.7000,28.24
7.38,1.0000,0.7812,0.7117,1.7000,28.24
7.40,1.0000,0.7812,0.7117,1.7000,28.24
7.42,1.0000,0.7812,0.7117,1.7000,28.24
7.44,1.0000,0.7812,0.7117,1.7000,28.24
7.46,1.0000,0.7812,0.7117,1.7000,28.24
7.48,1.0000,0.7812,0.7117,1.7000,28.24
7.50,1.0000,0.7812,0.7117,1.7000,28.24
7.52,1.0000,0.7812,0.7117,1.7000,28.24
7.54,1.0000,0.7812,0.7117,1.7000,28.24
7.56,1.0000,0.7812,0.7117,1.7000,28.24
7.58,1.0000,0.7812,0.7117,1.7000,28.24
7.60,1.0000,0.7812,0.7117,1.7000,28.24
7.62,1.0000,0.7812,0.7117,1.7000,28.24
7.64,1.0000,0.7812,0.7117,1.7000,28.24
7.66,1.0000,0.7812,0.7117,1.7000,28.24
7.68,1.0000,0.7812,0.7117,1.7000,28.24
7.70,1.0000,0.7812,0.7117,1.7000,28.24
7.72,1.0000,0.7812,0.7117,1.7000,28.24
7.74,1.0000,0.7812,0.7117,1.7000,28.24
7.76,1.0000,0.7812,0.7117,1.7000,28.24
7.78,1.0000,0.7812,0.7117,1.7000,28.24
7.80,1.0000,0.7812,0.7117,1.7000,28.24
7.82,1.0000,0.7812,0.7117,1.7000,28.24
7.84,1.0000,0.7812,0.7117,1.7000,28.24
7.86,1.0000,0.7812,0.7117,1.7000,28.24
7.88,1.0000,0.7812,0.7117,1.7000,28.24
7.90,1.0000,0.7812,0.7117,1.7000,28.24
7.92,1.0000,0.7812,0.7117,1.7000,28.24
7.94,1.0000,0.7812,0.7117,1.7000,28.24
7.96,1.0000,0.7812,0.7117,1.7000,28.24
7.98,1.0000,0.7812,0.7117,1.7000,28.24
8.00,1.0000,0.7812,0.7117,1.7000,28.24
8.02,1.0000,0.7812,0.7117,1.1314,28.07
8.04,1.0000,0.7812,0.7117,1.1314,28.07
8.06,1.0000,0.7812,0.7117,1.1314,28.07
8.08,1.0000,0.7812,0.7117,1.1314,28.07
8.10,1.0000,0.7812,0.7117,1.1314,28.07
8.12,0.9998,0.7812,0.7117,1.1312,28.08
8.14,0.9998,0.7811,0.7117,1.1312,28.07
8.16,0.9994,0.7811,0.7115,1.1309,28.08
8.18,0.9994,0.7811,0.7115,1.1309,28.08
8.20,0.9995,0.7809,0.7114,1.1309,28.07
8.22,0.9981,0.7809,0.7105,1.1296,28.07
8.24,0.9981,0.7805,0.7103,1.1296,28.07
8.26,0.9956,0.7805,0.7097,1.1275,28.10
8.28,0.9956,0.7805,0.7097,1.1275,28.10
8.30,0.9957,0.7794,0.7096,1.1275,28.10
8.32,0.9912,0.7794,0.7079,1.1235,28.13
8.34,0.9922,0.7773,0.7073,1.1243,28.12
8.36,0.9860,0.7773,0.7052,1.1189,28.18
8.38,0.9860,0.7773,0.7052,1.1189,28.18
8.40,0.9878,0.7742,0.7038,1.1202,28.12
8.42,0.9792,0.7742,0.7004,1.1125,28.19
8.44,0.9821,0.7696,0.6984,1.1147,28.13
8.46,0.9719,0.7696,0.6946,1.1057,28.21
8.48,0.9719,0.7696,0.6946,1.1057,28.21
8.50,0.9754,0.7637,0.6920,1.1085,28.14
8.52,0.9633,0.7637,0.6871,1.0976,28.22
8.54,0.9677,0.7563,0.6836,1.1011,28.14
8.56,0.9538,0.7563,0.6778,1.0887,28.23
8.58,0.9538,0.7563,0.6778,1.0887,28.23
8.60,0.9589,0.7475,0.6732,1.0927,28.13
8.62,0.9589,0.7475,0.6732,1.0927,28.13
8.64,0.9490,0.7378,0.6603,1.0828,28.09
8.66,0.9319,0.7378,0.6517,1.0670,28.13
8.68,0.9319,0.7378,0.6517,1.0670,28.13
8.70,0.9381,0.7271,0.6450,1.0717,28.01
8.72,0.9197,0.7271,0.6354,1.0545,28.04
8.74,0.9263,0.7149,0.6274,1.0596,27.91
8.76,0.9068,0.7149,0.6171,1.0414,27.93
8.78,0.9068,0.7149,0.6171,1.0414,27.93
8.80,0.9138,0.7018,0.6077,1.0468,27.80
8.82,0.8932,0.7018,0.5967,1.0274,27.82
8.84,0.9004,0.6882,0.5863,1.0330,27.68
8.86,0.8795,0.6882,0.5750,1.0134,27.69
8.88,0.8795,0.6882,0.5750,1.0134,27.69
8.90,0.8869,0.6738,0.5636,1.0190,27.54
8.92,0.8651,0.6738,0.5508,0.9981,27.51
8.94,0.8727,0.6591,0.5379,1.0038,27.35
8.96,0.8503,0.6591,0.5240,0.9821,27.29
8.98,0.8503,0.6591,0.5240,0.9821,27.29
9.00,0.8580,0.6438,0.5103,0.9880,27.13
9.02,0.8349,0.6438,0.4952,0.9653,27.03
9.04,0.8428,0.6284,0.4801,0.9713,26.87
9.06,0.8195,0.6284,0.4643,0.9481,26.73
9.08,0.8195,0.6284,0.4643,0.9481,26.73
9.10,0.8276,0.6128,0.4478,0.9543,26.57
9.12,0.8039,0.6128,0.4306,0.9303,26.37
9.14,0.8122,0.6208,0.4306,0.9366,26.21
9.16,0.7886,0.5975,0.3951,0.9124,25.98
9.18,0.7886,0.5975,0.3951,0.9124,25.98
9.20,0.7971,0.5825,0.3764,0.9190,25.81
9.22,0.7735,0.5825,0.3575,0.8942,25.53
9.24,0.7820,0.5684,0.3380,0.9008,25.36
9.26,0.7584,0.5684,0.3190,0.8760,25.06
9.28,0.7584,0.5684,0.3190,0.8760,25.06
9.30,0.7671,0.5544,0.2978,0.8828,24.90
9.32,0.7436,0.5544,0.2784,0.8578,24.56
9.34,0.7524,0.5414,0.2564,0.8646,24.40
9.36,0.7289,0.5414,0.2380,0.8400,24.10
9.38,0.7289,0.5414,0.2380,0.8400,24.10
9.40,0.7378,0.5296,0.2156,0.8470,23.93
9.42,0.7139,0.5296,0.1998,0.8230,23.75
9.44,0.7232,0.5191,0.1765,0.8303,23.58
9.46,0.6990,0.5191,0.1629,0.8069,23.49
9.48,0.6990,0.5191,0.1629,0.8069,23.49
9.50,0.7081,0.5096,0.1386,0.8139,23.32
9.52,0.6834,0.5096,0.1278,0.7911,23.37
9.54,0.6926,0.5014,0.1028,0.7983,23.19
9.56,0.6684,0.5014,0.0950,0.7770,23.36
9.58,0.6684,0.5014,0.0950,0.7770,23.36
9.60,0.6776,0.4934,0.0705,0.7841,23.18
9.62,0.6536,0.4934,0.0651,0.7640,23.45
9.64,0.6630,0.4857,0.0411,0.7712,23.27
9.66,0.6391,0.4857,0.0370,0.7517,23.58
9.68,0.6391,0.4857,0.0370,0.7517,23.58
9.70,0.6483,0.4772,0.0143,0.7586,23.39
9.72,0.6250,0.4772,0.0116,0.7401,23.75
9.74,0.6343,0.4676,0.0103,0.7472,23.57
9.76,0.6109,0.4676,0.0129,0.7286,23.93
9.78,0.6109,0.4676,0.0129,0.7286,23.93
9.80,0.6201,0.4558,0.0323,0.7355,23.73
9.82,0.5961,0.4558,0.0366,0.7159,24.02
9.84,0.6053,0.4422,0.0550,0.7227,23.84
9.86,0.5807,0.4422,0.0617,0.7017,24.01
9.88,0.5807,0.4422,0.0617,0.7017,24.01
9.90,0.5899,0.4282,0.0792,0.7084,23.83
9.92,0.5646,0.4282,0.0895,0.6853,23.83
9.94,0.5737,0.4141,0.1065,0.6919,23.63
9.96,0.5483,0.4141,0.1196,0.6674,23.49
9.98,0.5483,0.4141,0.1196,0.6674,23.49
10.00,0.5571,0.3995,0.1364,0.6738,23.30
10.02,0.5317,0.3995,0.1520,0.6501,23.24
10.04,0.5407,0.3851,0.1679,0.6586,23.28
10.06,0.5155,0.3851,0.1848,0.6345,23.14
10.08,0.5155,0.3851,0.1848,0.6367,23.37
10.10,0.5244,0.3697,0.2002,0.6450,23.41
10.12,0.4993,0.3697,0.2166,0.6214,23.29
10.14,0.5085,0.3548,0.2308,0.6300,23.33
10.16,0.4837,0.3548,0.2473,0.6065,23.18
10.18,0.4837,0.3548,0.2473,0.6086,23.41
10.20,0.4928,0.3395,0.2608,0.6171,23.45
10.22,0.4683,0.3395,0.2761,0.5943,23.35
10.24,0.4775,0.3240,0.2886,0.6029,23.40
10.26,0.4526,0.3240,0.3022,0.5808,23.38
10.28,0.4526,0.3240,0.3022,0.5830,23.61
10.30,0.4619,0.3082,0.3136,0.5916,23.65
10.32,0.4368,0.3082,0.3253,0.5704,23.73
10.34,0.4460,0.2924,0.3358,0.5788,23.77
10.36,0.4210,0.2924,0.3461,0.5585,23.91
10.38,0.4210,0.2924,0.3461,0.5607,24.14
10.40,0.4303,0.2768,0.3558,0.5690,24.17
10.42,0.4052,0.2768,0.3634,0.5504,24.45
10.44,0.4143,0.2609,0.3724,0.5583,24.47
10.46,0.3892,0.2609,0.3794,0.5402,24.78
10.48,0.3892,0.2609,0.3794,0.5425,25.00
10.50,0.3984,0.2454,0.3877,0.5503,25.00
10.52,0.3736,0.2454,0.3936,0.5334,25.37
10.54,0.3828,0.2298,0.4017,0.5410,25.36
10.56,0.3576,0.2298,0.4077,0.5242,25.74
10.58,0.3576,0.2298,0.4077,0.5265,25.95
10.60,0.3667,0.2144,0.4152,0.5337,25.93
10.62,0.3415,0.2144,0.4218,0.5168,26.26
10.64,0.3508,0.1990,0.4283,0.5239,26.22
10.66,0.3258,0.1990,0.4360,0.5068,26.49
10.68,0.3258,0.1990,0.4360,0.5092,26.70
10.70,0.3348,0.1834,0.4415,0.5158,26.65
10.72,0.3094,0.1834,0.4505,0.4980,26.84
10.74,0.3185,0.1678,0.4551,0.5043,26.77
10.76,0.2932,0.1678,0.4653,0.4860,26.88
10.78,0.2932,0.1678,0.4653,0.4884,27.09
10.80,0.3022,0.1524,0.4684,0.4946,27.03
10.82,0.2772,0.1524,0.4797,0.4760,27.06
10.84,0.2861,0.1378,0.4807,0.4818,26.98
10.86,0.2612,0.1378,0.4926,0.4631,26.96
10.88,0.2612,0.1378,0.4926,0.4654,27.16
10.90,0.2703,0.1235,0.4919,0.4710,27.07
10.92,0.2453,0.1235,0.5040,0.4525,27.03
10.94,0.2543,0.1103,0.5017,0.4579,26.94
10.96,0.2292,0.1103,0.5140,0.4393,26.87
10.98,0.2292,0.1103,0.5140,0.4416,27.07
11.00,0.2381,0.0982,0.5101,0.4465,26.96
11.02,0.2132,0.0982,0.5221,0.4285,26.89
11.04,0.2221,0.0872,0.5174,0.4334,26.79
11.06,0.1974,0.0872,0.5296,0.4156,26.68
11.08,0.1974,0.0872,0.5296,0.4178,26.87
11.10,0.2063,0.0778,0.5241,0.4223,26.75
11.12,0.1816,0.0778,0.5362,0.4047,26.62
11.14,0.1903,0.0698,0.5299,0.4087,26.49
11.16,0.1656,0.0698,0.5419,0.3913,26.33
11.18,0.1656,0.0698,0.5419,0.3935,26.51
11.20,0.1745,0.0633,0.5350,0.3974,26.38
11.22,0.1500,0.0633,0.5471,0.3801,26.17
11.24,0.1588,0.0580,0.5402,0.3836,26.03
11.26,0.1346,0.0580,0.5519,0.3668,25.80
11.28,0.1346,0.0580,0.5519,0.3689,25.97
11.30,0.1434,0.0544,0.5447,0.3721,25.82
11.32,0.1195,0.0544,0.5558,0.3559,25.57
11.34,0.1283,0.0519,0.5490,0.3586,25.40
11.36,0.1043,0.0519,0.5595,0.3430,25.15
11.38,0.1043,0.0519,0.5595,0.3450,25.32
11.40,0.1132,0.0506,0.5528,0.3475,25.15
11.42,0.0894,0.0506,0.5626,0.3326,24.88
11.44,0.0985,0.0507,0.5559,0.3347,24.71
11.46,0.0753,0.0507,0.5651,0.3204,24.41
11.48,0.0753,0.0507,0.5651,0.3223,24.56
11.50,0.0842,0.0514,0.5587,0.3241,24.38
11.52,0.0614,0.0514,0.5671,0.3106,24.07
11.54,0.0704,0.0528,0.5609,0.3120,23.89
11.56,0.0478,0.0528,0.5693,0.2987,23.51
11.58,0.0478,0.0528,0.5693,0.3005,23.66
11.60,0.0570,0.0550,0.5631,0.3015,23.47
11.62,0.0351,0.0550,0.5708,0.2889,23.06
11.64,0.0441,0.0577,0.5647,0.2895,22.87
11.66,0.0232,0.0577,0.5718,0.2776,22.42
11.68,0.0232,0.0577,0.5718,0.2794,22.56
11.70,0.0325,0.0613,0.5659,0.2797,22.37
11.72,0.0123,0.0613,0.5733,0.2677,21.83
11.74,0.0217,0.0652,0.5677,0.2677,21.64
11.76,0.0021,0.0652,0.5740,0.2569,21.12
11.78,0.0021,0.0652,0.5740,0.2585,21.25
11.80,0.0117,0.0700,0.5683,0.2580,21.04
11.82,0.0069,0.0700,0.5746,0.2473,20.44
11.84,0.0027,0.0753,0.5689,0.2464,20.23
11.86,0.0152,0.0753,0.5741,0.2370,19.66
11.88,0.0152,0.0753,0.5741,0.2384,19.79
11.90,0.0055,0.0810,0.5684,0.2373,19.59
11.92,0.0223,0.0810,0.5733,0.2283,18.99
11.94,0.0127,0.0869,0.5677,0.2267,18.78
11.96,0.0288,0.0869,0.5729,0.2177,18.11
11.98,0.0288,0.0869,0.5729,0.2190,18.22
12.00,0.0192,0.0931,0.5669,0.2170,18.02
12.02,0.0343,0.0931,0.5714,0.2089,17.36
12.04,0.0246,0.0996,0.5651,0.2069,17.19
12.06,0.0386,0.0996,0.5696,0.1991,16.51
12.08,0.0386,0.0996,0.5696,0.2003,16.61
12.10,0.0287,0.1063,0.5633,0.1982,16.44
12.12,0.0424,0.1063,0.5667,0.1915,15.82
12.14,0.0325,0.1138,0.5598,0.1888,15.64
12.16,0.0452,0.1138,0.5631,0.1827,15.02
12.18,0.0452,0.1138,0.5631,0.1837,15.12
12.20,0.0354,0.1213,0.5561,0.1809,14.95
12.22,0.0478,0.1213,0.5583,0.1759,14.40
12.24,0.0380,0.1291,0.5508,0.1728,14.23
12.26,0.0498,0.1291,0.5522,0.1689,13.74
12.28,0.0498,0.1291,0.5522,0.1698,13.82
12.30,0.0398,0.1375,0.5444,0.1666,13.67
12.32,0.0511,0.1375,0.5451,0.1635,13.23
12.34,0.0411,0.1464,0.5366,0.1599,13.07
12.36,0.0522,0.1464,0.5364,0.1579,12.71
12.38,0.0522,0.1464,0.5364,0.1588,12.78
12.40,0.0421,0.1559,0.5272,0.1550,12.62
12.42,0.0534,0.1559,0.5262,0.1539,12.32
12.44,0.0434,0.1653,0.5167,0.1501,12.17
12.46,0.0543,0.1653,0.5153,0.1497,11.91
12.48,0.0543,0.1653,0.5153,0.1504,11.98
12.50,0.0442,0.1753,0.5049,0.1464,11.83
12.52,0.0551,0.1753,0.5027,0.1470,11.64
12.54,0.0450,0.1857,0.4916,0.1429,11.49
12.56,0.0554,0.1857,0.4887,0.1443,11.39
12.58,0.0554,0.1857,0.4887,0.1449,11.44
12.60,0.0451,0.1969,0.4770,0.1406,11.28
12.62,0.0550,0.1969,0.4742,0.1422,11.20
12.64,0.0447,0.2090,0.4615,0.1376,11.03
12.66,0.0546,0.2090,0.4585,0.1394,10.96
12.68,0.0546,0.2090,0.4585,0.1399,11.00
12.70,0.0442,0.2213,0.4454,0.1354,10.84
12.72,0.0538,0.2213,0.4421,0.1376,10.80
12.74,0.0433,0.2333,0.4290,0.1328,10.62
12.76,0.0526,0.2333,0.4258,0.1350,10.59
12.78,0.0526,0.2333,0.4258,0.1354,10.63
12.80,0.0421,0.2436,0.4141,0.1305,10.45
12.82,0.0512,0.2436,0.4107,0.1329,10.44
12.84,0.0406,0.2514,0.4009,0.1281,10.26
12.86,0.0493,0.2514,0.3975,0.1305,10.27
12.88,0.0493,0.2514,0.3975,0.1308,10.30
12.90,0.0387,0.2570,0.3892,0.1261,10.12
12.92,0.0474,0.2570,0.3861,0.1283,10.12
12.94,0.0372,0.2598,0.3796,0.1239,9.96
12.96,0.0457,0.2598,0.3766,0.1261,9.96
12.98,0.0457,0.2598,0.3766,0.1263,9.98
13.00,0.0353,0.2612,0.3712,0.1219,9.81
13.02,0.0440,0.2612,0.3682,0.1242,9.83
13.04,0.0335,0.2607,0.3641,0.1199,9.67
13.06,0.0422,0.2607,0.3611,0.1221,9.69
13.08,0.0422,0.2607,0.3611,0.1222,9.69
13.10,0.0318,0.2593,0.3576,0.1180,9.53
13.12,0.0405,0.2593,0.3546,0.1203,9.57
13.14,0.0299,0.2572,0.3516,0.1161,9.39
13.16,0.0384,0.2572,0.3488,0.1183,9.43
13.18,0.0384,0.2572,0.3488,0.1182,9.43
13.20,0.0280,0.2540,0.3464,0.1139,9.23
13.22,0.0365,0.2540,0.3440,0.1157,9.24
13.24,0.0261,0.2501,0.3418,0.1116,9.06
13.26,0.0346,0.2501,0.3395,0.1133,9.07
13.28,0.0346,0.2501,0.3395,0.1132,9.05
13.30,0.0242,0.2453,0.3378,0.1092,8.88
13.32,0.0327,0.2453,0.3353,0.1111,8.91
13.34,0.0221,0.2398,0.3341,0.1071,8.72
13.36,0.0307,0.2398,0.3317,0.1089,8.76
13.38,0.0307,0.2398,0.3317,0.1087,8.73
13.40,0.0202,0.2335,0.3309,0.1047,8.54
13.42,0.0290,0.2335,0.3286,0.1065,8.58
13.44,0.0185,0.2261,0.3286,0.1027,8.39
13.46,0.0273,0.2261,0.3265,0.1044,8.42
13.48,0.0273,0.2261,0.3265,0.1040,8.39
13.50,0.0169,0.2181,0.3270,0.1002,8.19
13.52,0.0260,0.2181,0.3247,0.1021,8.24
13.54,0.0155,0.2092,0.3257,0.0983,8.04
13.56,0.0249,0.2092,0.3236,0.1002,8.10
13.58,0.0249,0.2092,0.3236,0.0997,8.05
13.60,0.0144,0.1998,0.3252,0.0960,7.86
13.62,0.0236,0.1998,0.3231,0.0979,7.92
13.64,0.0131,0.1904,0.3241,0.0944,7.73
13.66,0.0225,0.1904,0.3220,0.0964,7.81
13.68,0.0225,0.1904,0.3220,0.0958,7.76
13.70,0.0120,0.1819,0.3216,0.0923,7.56
13.72,0.0214,0.1819,0.3193,0.0946,7.67
13.74,0.0105,0.1754,0.3161,0.0913,7.48
13.76,0.0202,0.1754,0.3141,0.0933,7.57
13.78,0.0202,0.1754,0.3141,0.0926,7.51
13.80,0.0094,0.1707,0.3085,0.0889,7.29
13.82,0.0191,0.1707,0.3064,0.0912,7.41
13.84,0.0084,0.1693,0.2966,0.0879,7.21
13.86,0.0181,0.1693,0.2947,0.0901,7.32
13.88,0.0181,0.1693,0.2947,0.0892,7.25
13.90,0.0074,0.1712,0.2815,0.0858,7.04
13.92,0.0172,0.1712,0.2797,0.0880,7.16
13.94,0.0064,0.1751,0.2643,0.0848,6.96
13.96,0.0162,0.1751,0.2623,0.0872,7.10
13.98,0.0162,0.1751,0.2623,0.0862,7.02
14.00,0.0055,0.1801,0.2459,0.0831,6.81
14.02,0.0155,0.1801,0.2443,0.0851,6.93
14.04,0.0050,0.1862,0.2271,0.0821,6.73
14.06,0.0148,0.1862,0.2253,0.0843,6.87
14.08,0.0148,0.1862,0.2253,0.0833,6.78
14.10,0.0040,0.1937,0.2071,0.0800,6.57
14.12,0.0140,0.1937,0.2053,0.0824,6.72
14.14,0.0034,0.1997,0.1886,0.0792,6.49
14.16,0.0135,0.1997,0.1865,0.0818,6.67
14.18,0.0135,0.1997,0.1865,0.0806,6.57
14.20,0.0031,0.2041,0.1711,0.0772,6.33
14.22,0.0129,0.2041,0.1689,0.0800,6.52
14.24,0.0025,0.2050,0.1568,0.0767,6.28
14.26,0.0122,0.2050,0.1551,0.0789,6.44
14.28,0.0122,0.2050,0.1551,0.0776,6.33
14.30,0.0017,0.2041,0.1446,0.0744,6.10
14.32,0.0118,0.2041,0.1429,0.0769,6.27
14.34,0.0014,0.2002,0.1349,0.0736,6.03
14.36,0.0115,0.2002,0.1334,0.0760,6.21
14.38,0.0115,0.2002,0.1334,0.0746,6.09
14.40,0.0013,0.1938,0.1276,0.0714,5.85
14.42,0.0113,0.1938,0.1261,0.0740,6.03
14.44,0.0010,0.1857,0.1224,0.0707,5.79
14.46,0.0113,0.1857,0.1215,0.0728,5.94
14.48,0.0113,0.1857,0.1215,0.0712,5.81
14.50,0.0009,0.1763,0.1191,0.0679,5.56
14.52,0.0111,0.1763,0.1180,0.0705,5.74
14.54,0.0008,0.1657,0.1167,0.0671,5.50
14.56,0.0111,0.1657,0.1158,0.0697,5.68
14.58,0.0111,0.1657,0.1158,0.0681,5.54
14.60,0.0007,0.1545,0.1155,0.0648,5.31
14.62,0.0111,0.1545,0.1147,0.0674,5.49
14.64,0.0006,0.1423,0.1155,0.0639,5.24
14.66,0.0110,0.1423,0.1150,0.0665,5.42
14.68,0.0110,0.1423,0.1150,0.0648,5.27
14.70,0.0003,0.1296,0.1168,0.0611,5.00
14.72,0.0108,0.1296,0.1163,0.0639,5.19
14.74,0.0001,0.1160,0.1194,0.0602,4.93
14.76,0.0104,0.1160,0.1191,0.0629,5.12
14.78,0.0104,0.1160,0.1191,0.0610,4.96
14.80,0.0002,0.1017,0.1231,0.0576,4.71
14.82,0.0102,0.1017,0.1228,0.0605,4.92
14.84,0.0004,0.0881,0.1259,0.0569,4.66
14.86,0.0102,0.0881,0.1258,0.0598,4.86
14.88,0.0102,0.0881,0.1258,0.0579,4.70
14.90,0.0004,0.0749,0.1287,0.0544,4.45
14.92,0.0102,0.0749,0.1288,0.0573,4.65
14.94,0.0004,0.0635,0.1291,0.0540,4.42
14.96,0.0104,0.0635,0.1295,0.0569,4.62
14.98,0.0104,0.0635,0.1295,0.0549,4.45
15.00,0.0002,0.0533,0.1286,0.0513,4.20
15.02,0.0106,0.0533,0.1289,0.0545,4.41
15.04,0.0000,0.0456,0.1251,0.0509,4.17
15.06,0.0107,0.0456,0.1256,0.0541,4.38
15.08,0.0107,0.0456,0.1256,0.0520,4.20
15.10,0.0003,0.0403,0.1192,0.0483,3.96
15.12,0.0110,0.0403,0.1200,0.0515,4.15
15.14,0.0005,0.0383,0.1103,0.0477,3.91
15.16,0.0114,0.0383,0.1112,0.0510,4.10
15.18,0.0114,0.0383,0.1112,0.0488,3.92
15.20,0.0008,0.0384,0.0998,0.0448,3.67
15.22,0.0117,0.0384,0.1010,0.0481,3.85
15.24,0.0011,0.0400,0.0891,0.0438,3.59
15.26,0.0122,0.0400,0.0905,0.0472,3.76
15.28,0.0122,0.0400,0.0905,0.0449,3.57
15.30,0.0017,0.0424,0.0787,0.0403,3.30
15.32,0.0129,0.0424,0.0803,0.0439,3.47
15.34,0.0029,0.0455,0.0685,0.0392,3.21
15.36,0.0143,0.0455,0.0702,0.0432,3.37
15.38,0.0143,0.0455,0.0702,0.0409,3.17
15.40,0.0044,0.0492,0.0585,0.0357,2.91
15.42,0.0160,0.0492,0.0607,0.0401,3.04
15.44,0.0059,0.0533,0.0493,0.0343,2.78
15.46,0.0175,0.0533,0.0516,0.0391,2.90
15.48,0.0175,0.0533,0.0516,0.0369,2.70
15.50,0.0076,0.0577,0.0407,0.0305,2.43
15.52,0.0194,0.0577,0.0434,0.0361,2.53
15.54,0.0094,0.0624,0.0325,0.0291,2.27
15.56,0.0213,0.0624,0.0354,0.0354,2.35
15.58,0.0213,0.0624,0.0354,0.0334,2.14
15.60,0.0112,0.0673,0.0251,0.0253,1.88
15.62,0.0236,0.0673,0.0287,0.0329,1.90
15.64,0.0134,0.0713,0.0195,0.0239,1.64
15.66,0.0257,0.0713,0.0234,0.0324,1.64
15.68,0.0257,0.0713,0.0234,0.0309,1.42
15.70,0.0155,0.0731,0.0167,0.0209,1.16
15.72,0.0281,0.0731,0.0212,0.0311,1.12
15.74,0.0180,0.0738,0.0158,0.0207,0.85
15.76,0.0308,0.0738,0.0211,0.0320,0.74
15.78,0.0308,0.0738,0.0211,0.0314,0.52
15.80,0.0207,0.0733,0.0174,0.0209,0.24
15.82,0.0336,0.0733,0.0229,0.0336,0.10
15.84,0.0235,0.0720,0.0203,0.0236,0.15
15.86,0.0359,0.0720,0.0262,0.0362,0.36
15.88,0.0359,0.0720,0.0262,0.0366,0.58
15.90,0.0259,0.0702,0.0244,0.0277,0.83
15.92,0.0382,0.0702,0.0307,0.0403,1.08
15.94,0.0281,0.0677,0.0301,0.0321,1.30
15.96,0.0400,0.0677,0.0363,0.0442,1.57
15.98,0.0400,0.0677,0.0363,0.0454,1.80
16.00,0.0299,0.0651,0.0363,0.0385,2.02
16.02,0.0415,0.0651,0.0423,0.0496,2.30
16.04,0.0313,0.0622,0.0427,0.0433,2.50
16.06,0.0423,0.0622,0.0488,0.0538,2.81
16.08,0.0423,0.0622,0.0488,0.0555,3.03
16.10,0.0320,0.0592,0.0496,0.0502,3.24
16.12,0.0426,0.0592,0.0553,0.0597,3.53
16.14,0.0322,0.0559,0.0563,0.0547,3.71
16.16,0.0424,0.0559,0.0617,0.0635,4.00
16.18,0.0424,0.0559,0.0617,0.0656,4.23
16.20,0.0321,0.0529,0.0628,0.0618,4.42
16.22,0.0416,0.0529,0.0669,0.0686,4.61
16.24,0.0313,0.0494,0.0682,0.0651,4.78
16.26,0.0404,0.0494,0.0718,0.0712,4.94
16.28,0.0404,0.0494,0.0718,0.0734,5.17
16.30,0.0304,0.0460,0.0726,0.0706,5.33
16.32,0.0391,0.0460,0.0750,0.0750,5.40
16.34,0.0289,0.0431,0.0755,0.0726,5.57
16.36,0.0366,0.0431,0.0770,0.0758,5.59
16.38,0.0366,0.0431,0.0770,0.0782,5.81
16.40,0.0266,0.0402,0.0770,0.0764,5.98
16.42,0.0335,0.0402,0.0774,0.0781,5.92
16.44,0.0238,0.0374,0.0772,0.0768,6.09
16.46,0.0301,0.0374,0.0769,0.0776,5.98
16.48,0.0301,0.0374,0.0769,0.0801,6.21
16.50,0.0204,0.0347,0.0760,0.0794,6.38
16.52,0.0263,0.0347,0.0751,0.0792,6.24
16.54,0.0167,0.0325,0.0737,0.0790,6.40
16.56,0.0221,0.0325,0.0724,0.0781,6.24
16.58,0.0221,0.0325,0.0724,0.0807,6.46
16.60,0.0122,0.0309,0.0696,0.0811,6.62
16.62,0.0169,0.0309,0.0675,0.0792,6.41
16.64,0.0069,0.0301,0.0639,0.0803,6.58
16.66,0.0115,0.0301,0.0617,0.0780,6.37
16.68,0.0115,0.0301,0.0617,0.0807,6.60
16.70,0.0016,0.0300,0.0567,0.0822,6.74
16.72,0.0057,0.0300,0.0543,0.0795,6.52
16.74,0.0044,0.0309,0.0485,0.0820,6.69
16.76,0.0002,0.0309,0.0459,0.0787,6.45
16.78,0.0002,0.0309,0.0459,0.0814,6.67
16.80,0.0102,0.0320,0.0395,0.0845,6.82
16.82,0.0059,0.0320,0.0367,0.0804,6.54
16.84,0.0158,0.0332,0.0302,0.0841,6.69
16.86,0.0110,0.0332,0.0273,0.0793,6.39
16.88,0.0110,0.0332,0.0273,0.0820,6.60
16.90,0.0209,0.0342,0.0211,0.0861,6.74
16.92,0.0157,0.0342,0.0186,0.0811,6.44
16.94,0.0255,0.0353,0.0125,0.0857,6.58
16.96,0.0197,0.0353,0.0102,0.0800,6.26
16.98,0.0197,0.0353,0.0102,0.0825,6.47
17.00,0.0295,0.0366,0.0040,0.0875,6.61
17.02,0.0232,0.0366,0.0020,0.0814,6.29
17.04,0.0332,0.0372,0.0033,0.0868,6.42
17.06,0.0257,0.0372,0.0046,0.0799,6.08
17.08,0.0257,0.0372,0.0046,0.0823,6.29
17.10,0.0359,0.0367,0.0082,0.0882,6.43
17.12,0.0269,0.0367,0.0073,0.0821,6.23
17.14,0.0371,0.0354,0.0100,0.0880,6.36
17.16,0.0274,0.0354,0.0083,0.0817,6.19
17.18,0.0274,0.0354,0.0083,0.0841,6.39
17.20,0.0375,0.0333,0.0100,0.0898,6.51
17.22,0.0268,0.0333,0.0069,0.0841,6.40
17.24,0.0368,0.0310,0.0079,0.0896,6.52
17.26,0.0253,0.0310,0.0042,0.0838,6.43
17.28,0.0253,0.0310,0.0042,0.0861,6.62
17.30,0.0353,0.0286,0.0045,0.0914,6.74
17.32,0.0233,0.0286,0.0004,0.0859,6.66
17.34,0.0332,0.0264,0.0004,0.0909,6.77
17.36,0.0208,0.0264,0.0040,0.0854,6.69
17.38,0.0208,0.0264,0.0040,0.0877,6.87
17.40,0.0309,0.0247,0.0041,0.0924,6.98
17.42,0.0179,0.0247,0.0090,0.0873,6.91
17.44,0.0277,0.0229,0.0098,0.0916,7.01
17.46,0.0144,0.0229,0.0147,0.0867,6.93
17.48,0.0144,0.0229,0.0147,0.0889,7.11
17.50,0.0240,0.0218,0.0153,0.0927,7.21
17.52,0.0106,0.0218,0.0203,0.0884,7.13
17.54,0.0202,0.0208,0.0210,0.0919,7.24
17.56,0.0068,0.0208,0.0259,0.0880,7.15
17.58,0.0068,0.0208,0.0259,0.0901,7.32
17.60,0.0165,0.0201,0.0264,0.0930,7.41
17.62,0.0029,0.0201,0.0309,0.0891,7.28
17.64,0.0126,0.0194,0.0315,0.0917,7.38
17.66,0.0008,0.0194,0.0351,0.0875,7.17
17.68,0.0008,0.0194,0.0351,0.0895,7.34
17.70,0.0089,0.0186,0.0356,0.0916,7.42
17.72,0.0042,0.0186,0.0389,0.0876,7.19
17.74,0.0055,0.0180,0.0394,0.0892,7.27
17.76,0.0074,0.0180,0.0422,0.0854,7.01
17.78,0.0074,0.0180,0.0422,0.0873,7.16
17.80,0.0023,0.0172,0.0424,0.0886,7.24
17.82,0.0103,0.0172,0.0446,0.0846,6.93
17.84,0.0004,0.0161,0.0448,0.0853,6.99
17.86,0.0128,0.0161,0.0467,0.0816,6.66
17.88,0.0128,0.0161,0.0467,0.0833,6.81
17.90,0.0027,0.0152,0.0467,0.0838,6.87
17.92,0.0146,0.0152,0.0482,0.0801,6.52
17.94,0.0046,0.0143,0.0478,0.0801,6.57
17.96,0.0160,0.0143,0.0492,0.0768,6.22
17.98,0.0160,0.0143,0.0492,0.0784,6.36
18.00,0.0059,0.0136,0.0483,0.0782,6.41
18.02,0.0172,0.0136,0.0497,0.0752,6.07
18.04,0.0069,0.0129,0.0485,0.0747,6.12
18.06,0.0178,0.0129,0.0497,0.0720,5.79
18.08,0.0178,0.0129,0.0497,0.0735,5.92
18.10,0.0073,0.0127,0.0479,0.0728,5.96
18.12,0.0180,0.0127,0.0493,0.0704,5.65
18.14,0.0074,0.0130,0.0468,0.0694,5.68
18.16,0.0179,0.0130,0.0486,0.0676,5.41
18.18,0.0179,0.0130,0.0486,0.0691,5.53
18.20,0.0074,0.0132,0.0461,0.0680,5.57
18.22,0.0074,0.0132,0.0461,0.0694,5.68
18.24,0.0078,0.0134,0.0455,0.0653,5.34
18.26,0.0183,0.0134,0.0478,0.0641,5.10
18.28,0.0183,0.0134,0.0478,0.0654,5.21
18.30,0.0081,0.0136,0.0452,0.0639,5.22
18.32,0.0182,0.0136,0.0475,0.0629,5.00
18.34,0.0078,0.0141,0.0451,0.0614,5.02
18.36,0.0178,0.0141,0.0474,0.0605,4.80
18.38,0.0178,0.0141,0.0474,0.0617,4.90
18.40,0.0075,0.0145,0.0451,0.0602,4.92
18.42,0.0174,0.0145,0.0476,0.0595,4.72
18.44,0.0073,0.0147,0.0457,0.0580,4.73
18.46,0.0172,0.0147,0.0484,0.0577,4.56
18.48,0.0172,0.0147,0.0484,0.0587,4.66
18.50,0.0069,0.0152,0.0462,0.0573,4.68
18.52,0.0169,0.0152,0.0491,0.0571,4.52
18.54,0.0066,0.0152,0.0470,0.0552,4.51
18.56,0.0162,0.0152,0.0500,0.0550,4.36
18.58,0.0162,0.0152,0.0500,0.0560,4.44
18.60,0.0061,0.0159,0.0475,0.0545,4.45
18.62,0.0157,0.0159,0.0505,0.0544,4.32
18.64,0.0055,0.0163,0.0482,0.0526,4.30
18.66,0.0151,0.0163,0.0513,0.0526,4.17
18.68,0.0151,0.0163,0.0513,0.0534,4.24
18.70,0.0050,0.0172,0.0490,0.0519,4.24
18.72,0.0144,0.0172,0.0523,0.0520,4.14
18.74,0.0041,0.0176,0.0502,0.0503,4.12
18.76,0.0135,0.0176,0.0536,0.0504,4.01
18.78,0.0135,0.0176,0.0536,0.0511,4.08
18.80,0.0032,0.0182,0.0515,0.0495,4.05
18.82,0.0124,0.0182,0.0550,0.0496,3.96
18.84,0.0019,0.0188,0.0529,0.0481,3.94
18.86,0.0112,0.0188,0.0564,0.0479,3.85
18.88,0.0112,0.0188,0.0564,0.0486,3.90
18.90,0.0006,0.0194,0.0543,0.0473,3.87
18.92,0.0099,0.0194,0.0577,0.0468,3.78
18.94,0.0007,0.0204,0.0555,0.0458,3.75
18.96,0.0084,0.0204,0.0592,0.0456,3.69
18.98,0.0084,0.0204,0.0592,0.0461,3.73
19.00,0.0023,0.0215,0.0569,0.0454,3.71
19.02,0.0070,0.0215,0.0606,0.0446,3.62
19.04,0.0041,0.0225,0.0584,0.0441,3.59
19.06,0.0053,0.0225,0.0625,0.0434,3.54
19.08,0.0053,0.0225,0.0625,0.0439,3.58
19.10,0.0056,0.0236,0.0602,0.0438,3.54
19.12,0.0036,0.0236,0.0644,0.0428,3.50
19.14,0.0072,0.0246,0.0621,0.0431,3.46
19.16,0.0023,0.0246,0.0664,0.0419,3.43
19.18,0.0023,0.0246,0.0664,0.0422,3.45
19.20,0.0086,0.0253,0.0643,0.0425,3.39
19.22,0.0009,0.0253,0.0684,0.0407,3.34
19.24,0.0100,0.0264,0.0657,0.0415,3.27
19.26,0.0005,0.0264,0.0701,0.0396,3.24
19.28,0.0005,0.0264,0.0701,0.0398,3.25
19.30,0.0113,0.0273,0.0677,0.0408,3.19
19.32,0.0017,0.0273,0.0720,0.0384,3.13
19.34,0.0125,0.0287,0.0692,0.0399,3.07
19.36,0.0026,0.0287,0.0737,0.0372,3.03
19.38,0.0026,0.0287,0.0737,0.0372,3.03
19.40,0.0132,0.0300,0.0707,0.0389,2.96
19.42,0.0031,0.0300,0.0753,0.0357,2.91
19.44,0.0138,0.0313,0.0723,0.0377,2.84
19.46,0.0037,0.0313,0.0767,0.0343,2.78
19.48,0.0037,0.0313,0.0767,0.0342,2.78
19.50,0.0143,0.0326,0.0739,0.0365,2.72
19.52,0.0042,0.0326,0.0787,0.0332,2.68
19.54,0.0147,0.0343,0.0755,0.0356,2.63
19.56,0.0046,0.0343,0.0803,0.0321,2.59
19.58,0.0046,0.0343,0.0803,0.0319,2.58
19.60,0.0149,0.0361,0.0767,0.0345,2.52
19.62,0.0047,0.0361,0.0820,0.0312,2.51
19.64,0.0149,0.0374,0.0786,0.0337,2.45
19.66,0.0048,0.0374,0.0840,0.0305,2.45
19.68,0.0048,0.0374,0.0840,0.0302,2.43
19.70,0.0151,0.0389,0.0806,0.0328,2.36
19.72,0.0049,0.0389,0.0858,0.0293,2.36
19.74,0.0152,0.0407,0.0820,0.0320,2.29
19.76,0.0048,0.0407,0.0873,0.0283,2.27
19.78,0.0048,0.0407,0.0873,0.0278,2.24
19.80,0.0151,0.0426,0.0833,0.0306,2.16
19.82,0.0048,0.0426,0.0888,0.0270,2.17
19.84,0.0152,0.0445,0.0847,0.0300,2.09
19.86,0.0047,0.0445,0.0905,0.0264,2.12
19.88,0.0047,0.0445,0.0905,0.0259,2.08
19.90,0.0153,0.0465,0.0861,0.0290,1.99
19.92,0.0049,0.0465,0.0920,0.0254,2.03
19.94,0.0155,0.0489,0.0874,0.0287,1.95
19.96,0.0049,0.0489,0.0935,0.0250,2.00
19.98,0.0049,0.0489,0.0935,0.0244,1.95
20.00,0.0156,0.0514,0.0884,0.0278,1.87
20.02,0.0051,0.0514,0.0949,0.0244,1.95
20.04,0.0160,0.0541,0.0898,0.0281,1.87
20.06,0.0053,0.0541,0.0964,0.0246,1.96
20.08,0.0053,0.0541,0.0964,0.0239,1.90
20.10,0.0160,0.0568,0.0909,0.0275,1.81
20.12,0.0055,0.0568,0.0973,0.0238,1.89
20.14,0.0163,0.0594,0.0915,0.0273,1.77
20.16,0.0060,0.0594,0.0982,0.0238,1.88
20.18,0.0060,0.0594,0.0982,0.0229,1.80
20.20,0.0170,0.0621,0.0925,0.0269,1.69
20.22,0.0066,0.0621,0.0990,0.0228,1.78
20.24,0.0174,0.0651,0.0929,0.0269,1.66
20.26,0.0071,0.0651,0.0995,0.0227,1.76
20.28,0.0071,0.0651,0.0995,0.0218,1.68
20.30,0.0180,0.0681,0.0928,0.0263,1.55
20.32,0.0077,0.0681,0.0993,0.0216,1.64
20.34,0.0184,0.0716,0.0922,0.0263,1.51
20.36,0.0083,0.0716,0.0987,0.0214,1.60
20.38,0.0083,0.0716,0.0987,0.0203,1.51
20.40,0.0191,0.0751,0.0916,0.0257,1.38
20.42,0.0090,0.0751,0.0982,0.0203,1.48
20.44,0.0199,0.0794,0.0902,0.0261,1.36
20.46,0.0099,0.0794,0.0966,0.0204,1.45
20.48,0.0099,0.0794,0.0966,0.0194,1.35
20.50,0.0206,0.0837,0.0885,0.0257,1.24
20.52,0.0107,0.0837,0.0948,0.0193,1.31
20.54,0.0212,0.0881,0.0863,0.0257,1.18
20.56,0.0114,0.0881,0.0925,0.0191,1.24
20.58,0.0114,0.0881,0.0925,0.0180,1.13
20.60,0.0217,0.0923,0.0837,0.0250,1.00
20.62,0.0119,0.0923,0.0894,0.0173,1.03
20.64,0.0223,0.0961,0.0807,0.0248,0.88
20.66,0.0126,0.0961,0.0865,0.0169,0.91
20.68,0.0126,0.0961,0.0865,0.0160,0.79
20.70,0.0231,0.0993,0.0781,0.0244,0.63
20.72,0.0135,0.0993,0.0839,0.0157,0.66
20.74,0.0240,0.1016,0.0764,0.0248,0.51
20.76,0.0144,0.1016,0.0819,0.0158,0.52
20.78,0.0144,0.1016,0.0819,0.0152,0.39
20.80,0.0248,0.1031,0.0749,0.0250,0.25
20.82,0.0152,0.1031,0.0802,0.0154,0.22
20.84,0.0256,0.1034,0.0744,0.0256,0.09
20.86,0.0160,0.1034,0.0793,0.0161,0.03
20.88,0.0160,0.1034,0.0793,0.0161,0.11
20.90,0.0262,0.1024,0.0744,0.0264,0.26
20.92,0.0167,0.1024,0.0792,0.0172,0.33
20.94,0.0271,0.1003,0.0755,0.0277,0.47
20.96,0.0174,0.1003,0.0803,0.0188,0.56
20.98,0.0174,0.1003,0.0803,0.0195,0.71
21.00,0.0277,0.0974,0.0771,0.0297,0.86
21.02,0.0181,0.0974,0.0816,0.0217,0.97
21.04,0.0284,0.0941,0.0794,0.0315,1.11
21.06,0.0184,0.0941,0.0840,0.0238,1.23
21.08,0.0184,0.0941,0.0840,0.0251,1.38
21.10,0.0287,0.0902,0.0822,0.0344,1.53
21.12,0.0186,0.0902,0.0869,0.0277,1.65
21.14,0.0288,0.0865,0.0849,0.0364,1.79
21.16,0.0184,0.0865,0.0898,0.0300,1.91
21.18,0.0184,0.0865,0.0898,0.0316,2.08
21.20,0.0288,0.0833,0.0872,0.0399,2.22
21.22,0.0182,0.0833,0.0921,0.0345,2.37
21.24,0.0282,0.0808,0.0884,0.0420,2.49
21.26,0.0174,0.0808,0.0937,0.0367,2.61
21.28,0.0174,0.0808,0.0937,0.0386,2.79
21.30,0.0275,0.0788,0.0891,0.0457,2.93
21.32,0.0164,0.0788,0.0948,0.0409,3.03
21.34,0.0267,0.0789,0.0886,0.0473,3.14
21.36,0.0155,0.0789,0.0946,0.0427,3.22
21.38,0.0155,0.0789,0.0946,0.0448,3.40
21.40,0.0258,0.0801,0.0870,0.0510,3.54
21.42,0.0143,0.0801,0.0937,0.0463,3.57
21.44,0.0248,0.0828,0.0847,0.0521,3.69
21.46,0.0130,0.0828,0.0918,0.0474,3.70
21.48,0.0130,0.0828,0.0918,0.0496,3.88
21.50,0.0234,0.0860,0.0823,0.0549,4.00
21.52,0.0115,0.0860,0.0899,0.0503,3.97
21.54,0.0218,0.0896,0.0798,0.0553,4.10
21.56,0.0097,0.0896,0.0881,0.0504,4.02
21.58,0.0097,0.0896,0.0881,0.0528,4.22
21.60,0.0201,0.0931,0.0781,0.0574,4.34
21.62,0.0078,0.0931,0.0865,0.0528,4.25
21.64,0.0182,0.0964,0.0768,0.0572,4.39
21.66,0.0060,0.0964,0.0856,0.0525,4.25
21.68,0.0060,0.0964,0.0856,0.0550,4.45
21.70,0.0162,0.0990,0.0767,0.0589,4.58
21.72,0.0040,0.0990,0.0864,0.0537,4.37
21.74,0.0141,0.1003,0.0786,0.0576,4.53
21.76,0.0022,0.1003,0.0884,0.0525,4.29
21.78,0.0022,0.1003,0.0884,0.0550,4.50
21.80,0.0122,0.1005,0.0820,0.0584,4.63
21.82,0.0002,0.1005,0.0926,0.0530,4.33
21.84,0.0102,0.0999,0.0870,0.0559,4.47
21.86,0.0014,0.0999,0.0980,0.0502,4.11
21.88,0.0014,0.0999,0.0980,0.0528,4.32
21.90,0.0088,0.0990,0.0930,0.0555,4.46
21.92,0.0024,0.0990,0.1044,0.0494,4.05
21.94,0.0077,0.0976,0.1000,0.0520,4.18
21.96,0.0033,0.0976,0.1116,0.0458,3.75
21.98,0.0033,0.0976,0.1116,0.0484,3.96
22.00,0.0069,0.0958,0.1074,0.0509,4.11
22.02,0.0039,0.0958,0.1190,0.0448,3.66
22.04,0.0062,0.0950,0.1142,0.0469,3.79
22.06,0.0043,0.0950,0.1260,0.0407,3.32
22.08,0.0043,0.0950,0.1260,0.0433,3.54
22.10,0.0058,0.0948,0.1202,0.0456,3.69
22.12,0.0042,0.0948,0.1317,0.0395,3.22
22.14,0.0061,0.0963,0.1244,0.0417,3.37
22.16,0.0032,0.0963,0.1359,0.0353,2.88
22.18,0.0032,0.0963,0.1359,0.0380,3.11
22.20,0.0069,0.0986,0.1273,0.0406,3.26
22.22,0.0025,0.0986,0.1386,0.0341,2.79
22.24,0.0075,0.1024,0.1283,0.0372,2.96
22.26,0.0014,0.1024,0.1396,0.0302,2.48
22.28,0.0014,0.1024,0.1396,0.0330,2.70
22.30,0.0085,0.1072,0.1284,0.0362,2.86
22.32,0.0002,0.1072,0.1395,0.0292,2.39
22.34,0.0097,0.1127,0.1276,0.0329,2.56
22.36,0.0010,0.1127,0.1385,0.0256,2.09
22.38,0.0010,0.1127,0.1385,0.0284,2.32
22.40,0.0110,0.1188,0.1258,0.0326,2.49
22.42,0.0025,0.1188,0.1366,0.0250,2.04
22.44,0.0124,0.1248,0.1239,0.0299,2.21
22.46,0.0039,0.1248,0.1345,0.0220,1.77
22.48,0.0039,0.1248,0.1345,0.0248,2.00
22.50,0.0139,0.1300,0.1224,0.0301,2.16
22.52,0.0048,0.1300,0.1326,0.0222,1.76
22.54,0.0150,0.1348,0.1206,0.0282,1.94
22.56,0.0060,0.1348,0.1309,0.0198,1.54
22.58,0.0060,0.1348,0.1309,0.0225,1.77
22.60,0.0164,0.1384,0.1199,0.0290,1.93
22.62,0.0067,0.1384,0.1294,0.0209,1.62
22.64,0.0170,0.1397,0.1200,0.0281,1.81
22.66,0.0066,0.1397,0.1289,0.0202,1.55
22.68,0.0066,0.1397,0.1289,0.0228,1.78
22.70,0.0169,0.1394,0.1209,0.0296,1.96
22.72,0.0056,0.1394,0.1290,0.0227,1.80
22.74,0.0157,0.1371,0.1223,0.0292,1.99
22.76,0.0041,0.1371,0.1300,0.0233,1.87
22.78,0.0041,0.1371,0.1300,0.0261,2.10
22.80,0.0143,0.1332,0.1247,0.0316,2.29
22.82,0.0018,0.1332,0.1316,0.0278,2.27
22.84,0.0119,0.1276,0.1278,0.0324,2.45
22.86,0.0009,0.1276,0.1349,0.0295,2.42
22.88,0.0009,0.1276,0.1349,0.0323,2.64
22.90,0.0092,0.1214,0.1317,0.0359,2.82
22.92,0.0035,0.1214,0.1390,0.0339,2.77
22.94,0.0066,0.1151,0.1363,0.0369,2.95
22.96,0.0061,0.1151,0.1441,0.0354,2.87
22.98,0.0061,0.1151,0.1441,0.0381,3.09
23.00,0.0041,0.1086,0.1413,0.0403,3.27
23.02,0.0075,0.1086,0.1505,0.0375,3.03
23.04,0.0028,0.1033,0.1465,0.0392,3.20
23.06,0.0082,0.1033,0.1564,0.0359,2.88
23.08,0.0082,0.1033,0.1564,0.0385,3.10
23.10,0.0020,0.0990,0.1512,0.0399,3.26
23.12,0.0079,0.0990,0.1621,0.0351,2.81
23.14,0.0023,0.0960,0.1552,0.0364,2.97
23.16,0.0071,0.0960,0.1662,0.0312,2.50
23.18,0.0071,0.0960,0.1662,0.0338,2.72
23.20,0.0027,0.0945,0.1575,0.0352,2.87
23.22,0.0066,0.0945,0.1685,0.0299,2.40
23.24,0.0032,0.0962,0.1567,0.0313,2.54
23.26,0.0057,0.0962,0.1675,0.0258,2.07
23.28,0.0057,0.0962,0.1675,0.0283,2.28
23.30,0.0041,0.1002,0.1535,0.0300,2.43
23.32,0.0048,0.1002,0.1642,0.0244,1.97
23.34,0.0049,0.1062,0.1484,0.0265,2.12
23.36,0.0034,0.1062,0.1588,0.0206,1.67
23.38,0.0034,0.1062,0.1588,0.0231,1.87
23.40,0.0062,0.1134,0.1421,0.0256,2.02
23.42,0.0021,0.1134,0.1519,0.0198,1.61
23.44,0.0076,0.1217,0.1346,0.0228,1.75
23.46,0.0003,0.1217,0.1439,0.0167,1.37
23.48,0.0003,0.1217,0.1439,0.0192,1.57
23.50,0.0095,0.1305,0.1263,0.0230,1.70
23.52,0.0015,0.1305,0.1354,0.0165,1.34
23.54,0.0113,0.1381,0.1189,0.0215,1.49
23.56,0.0034,0.1381,0.1276,0.0144,1.14
23.58,0.0034,0.1381,0.1276,0.0167,1.34
23.60,0.0136,0.1449,0.1121,0.0227,1.47
23.62,0.0055,0.1449,0.1207,0.0151,1.14
23.64,0.0156,0.1489,0.1072,0.0223,1.28
23.66,0.0073,0.1489,0.1154,0.0143,1.00
23.68,0.0073,0.1489,0.1154,0.0163,1.19
23.70,0.0176,0.1515,0.1034,0.0239,1.30
23.72,0.0082,0.1515,0.1110,0.0157,1.09
23.74,0.0184,0.1512,0.1011,0.0239,1.24
23.76,0.0082,0.1512,0.1085,0.0154,1.06
23.78,0.0082,0.1512,0.1085,0.0173,1.24
23.80,0.0185,0.1495,0.1004,0.0250,1.35
23.82,0.0076,0.1495,0.1067,0.0176,1.29
23.84,0.0180,0.1458,0.1006,0.0250,1.41
23.86,0.0065,0.1458,0.1062,0.0185,1.41
23.88,0.0065,0.1458,0.1062,0.0205,1.59
23.90,0.0169,0.1404,0.1018,0.0269,1.70
23.92,0.0046,0.1404,0.1069,0.0222,1.78
23.94,0.0150,0.1339,0.1037,0.0276,1.88
23.96,0.0030,0.1339,0.1084,0.0245,1.99
23.98,0.0030,0.1339,0.1084,0.0265,2.15
24.00,0.0133,0.1262,0.1069,0.0308,2.25
24.02,0.0009,0.1262,0.1115,0.0292,2.38
24.04,0.0113,0.1182,0.1106,0.0325,2.47
24.06,0.0013,0.1182,0.1153,0.0318,2.60
24.08,0.0013,0.1182,0.1153,0.0337,2.76
24.10,0.0093,0.1099,0.1150,0.0361,2.84
24.12,0.0035,0.1099,0.1200,0.0362,2.96
24.14,0.0068,0.1012,0.1203,0.0379,3.04
24.16,0.0058,0.1012,0.1259,0.0382,3.10
24.18,0.0058,0.1012,0.1259,0.0399,3.25
24.20,0.0044,0.0925,0.1264,0.0408,3.31
24.22,0.0078,0.0925,0.1325,0.0410,3.31
24.24,0.0022,0.0845,0.1328,0.0410,3.35
24.26,0.0098,0.0845,0.1394,0.0412,3.30
24.28,0.0098,0.0845,0.1394,0.0428,3.44
24.30,0.0004,0.0767,0.1391,0.0427,3.49
24.32,0.0108,0.0767,0.1469,0.0415,3.31
24.34,0.0006,0.0700,0.1452,0.0408,3.34
24.36,0.0114,0.0700,0.1535,0.0392,3.10
24.38,0.0114,0.0700,0.1535,0.0407,3.23
24.40,0.0010,0.0647,0.1505,0.0397,3.25
24.42,0.0115,0.0647,0.1590,0.0379,2.98
24.44,0.0012,0.0609,0.1537,0.0369,3.02
24.46,0.0113,0.0609,0.1618,0.0354,2.76
24.48,0.0113,0.0609,0.1618,0.0367,2.89
24.50,0.0010,0.0589,0.1546,0.0356,2.92
24.52,0.0111,0.0589,0.1626,0.0341,2.66
24.54,0.0008,0.0592,0.1531,0.0329,2.70
24.56,0.0108,0.0592,0.1608,0.0318,2.47
24.58,0.0108,0.0592,0.1608,0.0331,2.58
24.60,0.0003,0.0622,0.1486,0.0320,2.62
24.62,0.0104,0.0622,0.1557,0.0313,2.44
24.64,0.0000,0.0675,0.1418,0.0301,2.46
24.66,0.0098,0.0675,0.1483,0.0298,2.32
24.68,0.0098,0.0675,0.1483,0.0310,2.42
24.70,0.0006,0.0734,0.1339,0.0299,2.44
24.72,0.0092,0.0734,0.1399,0.0298,2.34
24.74,0.0012,0.0801,0.1251,0.0286,2.34
24.76,0.0084,0.0801,0.1309,0.0286,2.25
24.78,0.0084,0.0801,0.1309,0.0297,2.34
24.80,0.0019,0.0871,0.1161,0.0290,2.36
24.82,0.0075,0.0871,0.1217,0.0286,2.27
24.84,0.0030,0.0953,0.1063,0.0281,2.28
24.86,0.0066,0.0953,0.1118,0.0276,2.21
24.88,0.0066,0.0953,0.1118,0.0286,2.29
24.90,0.0039,0.1041,0.0961,0.0285,2.31
24.92,0.0056,0.1041,0.1012,0.0280,2.26
24.94,0.0048,0.1134,0.0854,0.0282,2.27
24.96,0.0048,0.1134,0.0905,0.0274,2.22
24.98,0.0048,0.1134,0.0905,0.0283,2.29
25.00,0.0057,0.1221,0.0755,0.0287,2.29
25.02,0.0039,0.1221,0.0803,0.0278,2.26
25.04,0.0065,0.1287,0.0670,0.0285,2.26
25.06,0.0031,0.1287,0.0719,0.0273,2.22
25.08,0.0031,0.1287,0.0719,0.0280,2.28
25.10,0.0074,0.1334,0.0599,0.0291,2.30
25.12,0.0074,0.1334,0.0599,0.0298,2.35
25.14,0.0082,0.1356,0.0553,0.0288,2.25
25.16,0.0082,0.1356,0.0553,0.0295,2.30
25.18,0.0082,0.1356,0.0553,0.0301,2.36
25.20,0.0088,0.1365,0.0519,0.0292,2.27
25.22,0.0006,0.1365,0.0565,0.0273,2.23
25.24,0.0100,0.1358,0.0500,0.0290,2.21
25.26,0.0001,0.1358,0.0546,0.0268,2.19
25.28,0.0001,0.1358,0.0546,0.0273,2.23
25.30,0.0105,0.1343,0.0493,0.0286,2.17
25.32,0.0008,0.1343,0.0540,0.0254,2.08
25.34,0.0114,0.1315,0.0504,0.0274,2.03
25.36,0.0019,0.1315,0.0549,0.0241,1.97
25.38,0.0019,0.1315,0.0549,0.0241,1.97
25.40,0.0123,0.1278,0.0525,0.0266,1.92
25.42,0.0026,0.1278,0.0569,0.0230,1.87
25.44,0.0128,0.1234,0.0555,0.0258,1.82
25.46,0.0036,0.1234,0.0595,0.0222,1.79
25.48,0.0036,0.1234,0.0595,0.0222,1.79
25.50,0.0131,0.1184,0.0589,0.0253,1.76
25.52,0.0045,0.1184,0.0638,0.0205,1.63
25.54,0.0133,0.1126,0.0636,0.0241,1.63
25.56,0.0058,0.1126,0.0681,0.0194,1.51
25.58,0.0058,0.1126,0.0681,0.0194,1.51
25.60,0.0137,0.1062,0.0684,0.0232,1.51
25.62,0.0076,0.1062,0.0737,0.0173,1.27
25.64,0.0146,0.0994,0.0741,0.0216,1.28
25.66,0.0094,0.0994,0.0795,0.0154,0.99
25.68,0.0094,0.0994,0.0795,0.0154,0.99
25.70,0.0157,0.0921,0.0802,0.0199,1.00
25.72,0.0114,0.0921,0.0854,0.0143,0.70
25.74,0.0169,0.0845,0.0864,0.0189,0.69
25.76,0.0133,0.0845,0.0912,0.0142,0.41
25.78,0.0133,0.0845,0.0912,0.0142,0.41
25.80,0.0180,0.0764,0.0923,0.0187,0.41
25.82,0.0146,0.0764,0.0965,0.0148,0.16
25.84,0.0187,0.0676,0.0974,0.0188,0.17
25.86,0.0155,0.0676,0.1012,0.0155,0.04
25.88,0.0155,0.0676,0.1012,0.0155,0.04
25.90,0.0190,0.0591,0.1015,0.0190,0.05
25.92,0.0160,0.0591,0.1045,0.0162,0.19
25.94,0.0187,0.0506,0.1040,0.0189,0.19
25.96,0.0160,0.0506,0.1064,0.0164,0.29
25.98,0.0160,0.0506,0.1064,0.0164,0.29
26.00,0.0184,0.0425,0.1052,0.0187,0.29
26.02,0.0157,0.0425,0.1070,0.0162,0.34
26.04,0.0177,0.0348,0.1048,0.0182,0.35
26.06,0.0154,0.0348,0.1062,0.0161,0.37
26.08,0.0154,0.0348,0.1062,0.0161,0.37
26.10,0.0169,0.0280,0.1025,0.0174,0.36
26.12,0.0145,0.0280,0.1036,0.0151,0.35
26.14,0.0160,0.0224,0.0989,0.0165,0.33
26.16,0.0141,0.0224,0.0996,0.0146,0.30
26.18,0.0141,0.0224,0.0996,0.0146,0.30
26.20,0.0153,0.0187,0.0931,0.0158,0.31
26.22,0.0138,0.0187,0.0936,0.0143,0.29
26.24,0.0148,0.0166,0.0853,0.0153,0.31
26.26,0.0136,0.0166,0.0856,0.0141,0.28
26.28,0.0136,0.0166,0.0856,0.0141,0.28
26.30,0.0145,0.0168,0.0754,0.0149,0.28
26.32,0.0133,0.0168,0.0758,0.0137,0.26
26.34,0.0138,0.0179,0.0648,0.0142,0.25
26.36,0.0130,0.0179,0.0651,0.0134,0.25
26.38,0.0130,0.0179,0.0651,0.0134,0.25
26.40,0.0131,0.0197,0.0542,0.0135,0.27
26.42,0.0126,0.0197,0.0547,0.0131,0.29
26.44,0.0126,0.0216,0.0437,0.0131,0.29
26.46,0.0125,0.0216,0.0439,0.0130,0.29
26.48,0.0125,0.0216,0.0439,0.0130,0.29
26.50,0.0125,0.0241,0.0329,0.0130,0.29
26.52,0.0119,0.0241,0.0331,0.0124,0.28
26.54,0.0119,0.0271,0.0222,0.0124,0.28
26.56,0.0117,0.0271,0.0221,0.0121,0.26
26.58,0.0117,0.0271,0.0221,0.0121,0.26
26.60,0.0117,0.0304,0.0115,0.0121,0.26
26.62,0.0117,0.0304,0.0115,0.0121,0.26
26.64,0.0117,0.0343,0.0012,0.0121,0.26
26.66,0.0117,0.0343,0.0012,0.0121,0.26
26.68,0.0117,0.0343,0.0012,0.0121,0.26
26.70,0.0117,0.0377,0.0081,0.0121,0.26
26.72,0.0117,0.0377,0.0081,0.0121,0.26
26.74,0.0117,0.0403,0.0163,0.0121,0.26
26.76,0.0117,0.0403,0.0163,0.0121,0.26
26.78,0.0117,0.0403,0.0163,0.0121,0.26
26.80,0.0117,0.0414,0.0227,0.0121,0.26
26.82,0.0117,0.0414,0.0227,0.0121,0.26
26.84,0.0117,0.0418,0.0277,0.0121,0.26
26.86,0.0117,0.0418,0.0277,0.0121,0.26
26.88,0.0117,0.0418,0.0277,0.0121,0.26
26.90,0.0117,0.0425,0.0323,0.0121,0.26
26.92,0.0117,0.0425,0.0323,0.0121,0.26
26.94,0.0117,0.0443,0.0368,0.0121,0.26
26.96,0.0117,0.0443,0.0368,0.0121,0.26
26.98,0.0117,0.0443,0.0368,0.0121,0.26
27.00,0.0117,0.0462,0.0409,0.0121,0.26
27.02,0.0117,0.0462,0.0409,0.0121,0.26
27.04,0.0117,0.0479,0.0441,0.0121,0.26
27.06,0.0117,0.0479,0.0441,0.0121,0.26
27.08,0.0117,0.0479,0.0441,0.0121,0.26
27.10,0.0117,0.0491,0.0464,0.0121,0.26
27.12,0.0117,0.0491,0.0464,0.0121,0.26
27.14,0.0117,0.0499,0.0473,0.0121,0.26
27.16,0.0117,0.0499,0.0473,0.0121,0.26
27.18,0.0117,0.0499,0.0473,0.0121,0.26
27.20,0.0117,0.0499,0.0473,0.0121,0.26
27.22,0.0117,0.0499,0.0473,0.0121,0.26
27.24,0.0117,0.0498,0.0473,0.0121,0.26
27.26,0.0117,0.0498,0.0473,0.0121,0.26
27.28,0.0117,0.0498,0.0473,0.0121,0.26
27.30,0.0117,0.0498,0.0472,0.0121,0.26
27.32,0.0116,0.0498,0.0472,0.0120,0.26
27.34,0.0116,0.0497,0.0471,0.0120,0.26
27.36,0.0112,0.0497,0.0469,0.0117,0.26
27.38,0.0112,0.0497,0.0469,0.0117,0.26
27.40,0.0112,0.0497,0.0467,0.0117,0.26
27.42,0.0106,0.0497,0.0462,0.0111,0.27
27.44,0.0106,0.0492,0.0450,0.0111,0.27
27.46,0.0098,0.0492,0.0449,0.0103,0.24
27.48,0.0098,0.0492,0.0449,0.0103,0.24
27.50,0.0098,0.0484,0.0432,0.0103,0.24
27.52,0.0091,0.0484,0.0427,0.0096,0.24
27.54,0.0091,0.0474,0.0405,0.0096,0.24
27.56,0.0081,0.0474,0.0402,0.0085,0.22
27.58,0.0081,0.0474,0.0402,0.0085,0.22
27.60,0.0081,0.0456,0.0370,0.0085,0.22
27.62,0.0071,0.0456,0.0369,0.0074,0.17
27.64,0.0071,0.0441,0.0333,0.0074,0.17
27.66,0.0066,0.0441,0.0330,0.0069,0.16
27.68,0.0066,0.0441,0.0330,0.0069,0.16
27.70,0.0066,0.0424,0.0288,0.0069,0.16
27.72,0.0057,0.0424,0.0285,0.0059,0.13
27.74,0.0057,0.0405,0.0239,0.0059,0.13
27.76,0.0047,0.0405,0.0234,0.0050,0.12
27.78,0.0047,0.0405,0.0234,0.0050,0.12
27.80,0.0047,0.0385,0.0184,0.0050,0.12
27.82,0.0038,0.0385,0.0179,0.0041,0.13
27.84,0.0038,0.0365,0.0126,0.0041,0.13
27.86,0.0033,0.0365,0.0124,0.0036,0.12
27.88,0.0033,0.0365,0.0124,0.0036,0.12
27.90,0.0033,0.0343,0.0069,0.0036,0.12
27.92,0.0026,0.0343,0.0068,0.0028,0.09
27.94,0.0026,0.0322,0.0013,0.0028,0.09
27.96,0.0020,0.0322,0.0009,0.0024,0.10
27.98,0.0020,0.0322,0.0009,0.0024,0.10
28.00,0.0020,0.0303,0.0042,0.0024,0.10
28.02,0.0017,0.0303,0.0043,0.0021,0.09
28.04,0.0017,0.0288,0.0089,0.0021,0.09
28.06,0.0017,0.0288,0.0089,0.0021,0.09
28.08,0.0017,0.0288,0.0089,0.0021,0.09
28.10,0.0017,0.0275,0.0130,0.0021,0.09
28.12,0.0017,0.0275,0.0130,0.0021,0.09
28.14,0.0017,0.0265,0.0169,0.0021,0.09
28.16,0.0017,0.0265,0.0169,0.0021,0.09
28.18,0.0017,0.0265,0.0169,0.0021,0.09
28.20,0.0017,0.0264,0.0200,0.0021,0.09
28.22,0.0017,0.0264,0.0200,0.0021,0.09
28.24,0.0017,0.0267,0.0224,0.0021,0.09
28.26,0.0017,0.0267,0.0224,0.0021,0.09
28.28,0.0017,0.0267,0.0224,0.0021,0.09
28.30,0.0017,0.0275,0.0238,0.0021,0.09
28.32,0.0017,0.0275,0.0238,0.0021,0.09
28.34,0.0017,0.0285,0.0248,0.0021,0.09
28.36,0.0017,0.0285,0.0248,0.0021,0.09
28.38,0.0017,0.0285,0.0248,0.0021,0.09
28.40,0.0017,0.0293,0.0255,0.0021,0.09
28.42,0.0017,0.0293,0.0255,0.0021,0.09
28.44,0.0017,0.0299,0.0258,0.0021,0.09
28.46,0.0017,0.0299,0.0258,0.0021,0.09
28.48,0.0017,0.0299,0.0258,0.0021,0.09
28.50,0.0017,0.0300,0.0264,0.0021,0.09
28.52,0.0017,0.0300,0.0264,0.0021,0.09
28.54,0.0017,0.0297,0.0265,0.0021,0.09
28.56,0.0017,0.0297,0.0265,0.0021,0.09
28.58,0.0017,0.0297,0.0265,0.0021,0.09
28.60,0.0017,0.0298,0.0265,0.0021,0.09
28.62,0.0017,0.0298,0.0265,0.0021,0.09
28.64,0.0017,0.0298,0.0265,0.0021,0.09
28.66,0.0017,0.0298,0.0265,0.0021,0.09
28.68,0.0017,0.0298,0.0265,0.0021,0.09
28.70,0.0017,0.0298,0.0264,0.0021,0.09
28.72,0.0017,0.0298,0.0264,0.0021,0.09
28.74,0.0017,0.0298,0.0264,0.0021,0.09
28.76,0.0017,0.0298,0.0264,0.0021,0.09
28.78,0.0017,0.0298,0.0264,0.0021,0.09
28.80,0.0017,0.0298,0.0264,0.0021,0.09
28.82,0.0017,0.0298,0.0264,0.0021,0.09
28.84,0.0017,0.0299,0.0264,0.0021,0.09
28.86,0.0017,0.0299,0.0264,0.0021,0.09
28.88,0.0017,0.0299,0.0264,0.0021,0.09
28.90,0.0017,0.0298,0.0264,0.0021,0.09
28.92,0.0017,0.0298,0.0264,0.0021,0.09
28.94,0.0017,0.0298,0.0264,0.0021,0.09
28.96,0.0017,0.0298,0.0264,0.0021,0.09
28.98,0.0017,0.0298,0.0264,0.0021,0.09
29.00,0.0017,0.0298,0.0264,0.0021,0.09
29.02,0.0017,0.0298,0.0264,0.0021,0.09
29.04,0.0017,0.0298,0.0264,0.0021,0.09
29.06,0.0017,0.0298,0.0264,0.0021,0.09
29.08,0.0017,0.0298,0.0264,0.0021,0.09
29.10,0.0017,0.0298,0.0264,0.0021,0.09
29.12,0.0017,0.0298,0.0264,0.0021,0.09
29.14,0.0017,0.0298,0.0259,0.0021,0.09
29.16,0.0017,0.0298,0.0259,0.0021,0.09
29.18,0.0017,0.0298,0.0259,0.0021,0.09
29.20,0.0017,0.0302,0.0250,0.0021,0.09
29.22,0.0017,0.0302,0.0250,0.0021,0.09
29.24,0.0017,0.0297,0.0241,0.0021,0.09
29.26,0.0017,0.0297,0.0241,0.0021,0.09
29.28,0.0017,0.0297,0.0241,0.0021,0.09
29.30,0.0017,0.0293,0.0229,0.0021,0.09
29.32,0.0017,0.0293,0.0229,0.0021,0.09
29.34,0.0017,0.0291,0.0211,0.0021,0.09
29.36,0.0017,0.0291,0.0211,0.0021,0.09
29.38,0.0017,0.0291,0.0211,0.0021,0.09
29.40,0.0017,0.0286,0.0192,0.0021,0.09
29.42,0.0017,0.0286,0.0192,0.0021,0.09
29.44,0.0017,0.0279,0.0176,0.0021,0.09
29.46,0.0017,0.0279,0.0176,0.0021,0.09
29.48,0.0017,0.0279,0.0176,0.0021,0.09
29.50,0.0017,0.0270,0.0160,0.0021,0.09
29.52,0.0017,0.0270,0.0160,0.0021,0.09
29.54,0.0017,0.0257,0.0145,0.0021,0.09
29.56,0.0017,0.0257,0.0145,0.0021,0.09
29.58,0.0017,0.0257,0.0145,0.0021,0.09
29.60,0.0017,0.0241,0.0132,0.0021,0.09
29.62,0.0017,0.0241,0.0132,0.0021,0.09
29.64,0.0017,0.0222,0.0122,0.0021,0.09
29.66,0.0017,0.0222,0.0122,0.0021,0.09
29.68,0.0017,0.0222,0.0122,0.0021,0.09
29.70,0.0017,0.0200,0.0116,0.0021,0.09
29.72,0.0017,0.0200,0.0116,0.0021,0.09
29.74,0.0017,0.0176,0.0112,0.0021,0.09
29.76,0.0017,0.0176,0.0112,0.0021,0.09
29.78,0.0017,0.0176,0.0112,0.0021,0.09
29.80,0.0017,0.0149,0.0111,0.0021,0.09
29.82,0.0017,0.0149,0.0111,0.0021,0.09
29.84,0.0017,0.0124,0.0110,0.0021,0.09
29.86,0.0017,0.0124,0.0110,0.0021,0.09
29.88,0.0017,0.0124,0.0110,0.0021,0.09
29.90,0.0017,0.0101,0.0108,0.0021,0.09
29.92,0.0017,0.0101,0.0108,0.0021,0.09
29.94,0.0017,0.0076,0.0105,0.0021,0.09
29.96,0.0017,0.0076,0.0105,0.0021,0.09
29.98,0.0017,0.0076,0.0105,0.0021,0.09
30.00,0.0017,0.0054,0.0103,0.0021,0.09
30.02,0.0017,0.0054,0.0103,0.0021,0.09
30.04,0.0017,0.0038,0.0096,0.0021,0.09
30.06,0.0017,0.0038,0.0096,0.0021,0.09
30.08,0.0017,0.0038,0.0096,0.0021,0.09
30.10,0.0017,0.0024,0.0088,0.0021,0.09
30.12,0.0017,0.0024,0.0088,0.0021,0.09
30.14,0.0017,0.0011,0.0081,0.0021,0.09
30.16,0.0017,0.0011,0.0081,0.0021,0.09
30.18,0.0017,0.0011,0.0081,0.0021,0.09
30.20,0.0017,0.0004,0.0069,0.0021,0.09
30.22,0.0017,0.0004,0.0069,0.0021,0.09
30.24,0.0017,0.0002,0.0057,0.0021,0.09
30.26,0.0017,0.0002,0.0057,0.0021,0.09
30.28,0.0017,0.0002,0.0057,0.0021,0.09
30.30,0.0017,0.0003,0.0040,0.0021,0.09
30.32,0.0017,0.0003,0.0040,0.0021,0.09
30.34,0.0017,0.0003,0.0022,0.0021,0.09
30.36,0.0017,0.0003,0.0022,0.0021,0.09
30.38,0.0017,0.0003,0.0022,0.0021,0.09
30.40,0.0017,0.0004,0.0003,0.0021,0.09
30.42,0.0017,0.0004,0.0003,0.0021,0.09
30.44,0.0017,0.0010,0.0017,0.0021,0.09
30.46,0.0017,0.0010,0.0017,0.0021,0.09
30.48,0.0017,0.0010,0.0017,0.0021,0.09
30.50,0.0017,0.0012,0.0031,0.0021,0.09
30.52,0.0017,0.0012,0.0031,0.0021,0.09
30.54,0.0017,0.0020,0.0049,0.0021,0.09
30.56,0.0017,0.0020,0.0049,0.0021,0.09
30.58,0.0017,0.0020,0.0049,0.0021,0.09
30.60,0.0017,0.0023,0.0063,0.0021,0.09
30.62,0.0017,0.0023,0.0063,0.0021,0.09
30.64,0.0017,0.0025,0.0073,0.0021,0.09
30.66,0.0017,0.0025,0.0073,0.0021,0.09
30.68,0.0017,0.0025,0.0073,0.0021,0.09
30.70,0.0017,0.0031,0.0085,0.0021,0.09
30.72,0.0017,0.0031,0.0085,0.0021,0.09
30.74,0.0017,0.0036,0.0090,0.0021,0.09
30.76,0.0017,0.0036,0.0090,0.0021,0.09
30.78,0.0017,0.0036,0.0090,0.0021,0.09
30.80,0.0017,0.0035,0.0088,0.0021,0.09
30.82,0.0017,0.0035,0.0088,0.0021,0.09
30.84,0.0017,0.0035,0.0088,0.0021,0.09
30.86,0.0017,0.0035,0.0088,0.0021,0.09
30.88,0.0017,0.0035,0.0088,0.0021,0.09
30.90,0.0017,0.0035,0.0088,0.0021,0.09
30.92,0.0017,0.0035,0.0088,0.0021,0.09
30.94,0.0017,0.0035,0.0088,0.0021,0.09
30.96,0.0017,0.0035,0.0088,0.0021,0.09
30.98,0.0017,0.0035,0.0088,0.0021,0.09
31.00,0.0017,0.0035,0.0088,0.0021,0.09
31.02,0.0017,0.0035,0.0088,0.0021,0.09
31.04,0.0017,0.0035,0.0088,0.0021,0.09
31.06,0.0017,0.0035,0.0088,0.0021,0.09
31.08,0.0017,0.0035,0.0088,0.0021,0.09
31.10,0.0017,0.0035,0.0088,0.0021,0.09
31.12,0.0017,0.0035,0.0088,0.0021,0.09
31.14,0.0017,0.0035,0.0088,0.0021,0.09
31.16,0.0017,0.0035,0.0088,0.0021,0.09
31.18,0.0017,0.0035,0.0088,0.0021,0.09
31.20,0.0017,0.0035,0.0088,0.0021,0.09
31.22,0.0017,0.0035,0.0088,0.0021,0.09
31.24,0.0017,0.0035,0.0088,0.0021,0.09
31.26,0.0017,0.0035,0.0088,0.0021,0.09
31.28,0.0017,0.0035,0.0088,0.0021,0.09
31.30,0.0017,0.0035,0.0088,0.0021,0.09
31.32,0.0017,0.0035,0.0088,0.0021,0.09
31.34,0.0017,0.0035,0.0088,0.0021,0.09
31.36,0.0017,0.0035,0.0088,0.0021,0.09
31.38,0.0017,0.0035,0.0088,0.0021,0.09
31.40,0.0017,0.0034,0.0088,0.0021,0.09
31.42,0.0017,0.0034,0.0088,0.0021,0.09
31.44,0.0017,0.0034,0.0087,0.0021,0.09
31.46,0.0017,0.0034,0.0087,0.0021,0.09
31.48,0.0017,0.0034,0.0087,0.0021,0.09
31.50,0.0017,0.0034,0.0087,0.0021,0.09
31.52,0.0017,0.0034,0.0087,0.0021,0.09
31.54,0.0017,0.0034,0.0087,0.0021,0.09
31.56,0.0017,0.0034,0.0087,0.0021,0.09
31.58,0.0017,0.0034,0.0087,0.0021,0.09
31.60,0.0017,0.0034,0.0087,0.0021,0.09
31.62,0.0017,0.0034,0.0087,0.0021,0.09
31.64,0.0017,0.0034,0.0087,0.0021,0.09
31.66,0.0017,0.0034,0.0087,0.0021,0.09
31.68,0.0017,0.0034,0.0087,0.0021,0.09
31.70,0.0017,0.0034,0.0087,0.0021,0.09
31.72,0.0017,0.0034,0.0087,0.0021,0.09
31.74,0.0017,0.0034,0.0087,0.0021,0.09
31.76,0.0017,0.0034,0.0087,0.0021,0.09
31.78,0.0017,0.0034,0.0087,0.0021,0.09
31.80,0.0017,0.0034,0.0087,0.0021,0.09
31.82,0.0017,0.0034,0.0087,0.0021,0.09
31.84,0.0017,0.0034,0.0087,0.0021,0.09
31.86,0.0017,0.0034,0.0087,0.0021,0.09
31.88,0.0017,0.0034,0.0087,0.0021,0.09
31.90,0.0017,0.0034,0.0087,0.0021,0.09
31.92,0.0017,0.0034,0.0087,0.0021,0.09
31.94,0.0017,0.0034,0.0087,0.0021,0.09
31.96,0.0017,0.0034,0.0087,0.0021,0.09
31.98,0.0017,0.0034,0.0087,0.0021,0.09
32.00,0.0017,0.0034,0.0087,0.0021,0.09
32.02,0.0017,0.0034,0.0087,0.0021,0.09
32.04,0.0017,0.0034,0.0087,0.0021,0.09
32.06,0.0017,0.0034,0.0087,0.0021,0.09
32.08,0.0017,0.0034,0.0087,0.0021,0.09
32.10,0.0017,0.0034,0.0087,0.0021,0.09
32.12,0.0017,0.0034,0.0087,0.0021,0.09
32.14,0.0017,0.0034,0.0087,0.0021,0.09
32.16,0.0017,0.0034,0.0087,0.0021,0.09
32.18,0.0017,0.0034,0.0087,0.0021,0.09
32.20,0.0017,0.0034,0.0087,0.0021,0.09
32.22,0.0017,0.0034,0.0087,0.0021,0.09
32.24,0.0017,0.0033,0.0087,0.0021,0.09
32.26,0.0017,0.0033,0.0087,0.0021,0.09
32.28,0.0017,0.0033,0.0087,0.0021,0.09
32.30,0.0017,0.0033,0.0087,0.0021,0.09
32.32,0.0017,0.0033,0.0087,0.0021,0.09
32.34,0.0017,0.0033,0.0087,0.0021,0.09
32.36,0.0017,0.0033,0.0087,0.0021,0.09
32.38,0.0017,0.0033,0.0087,0.0021,0.09
32.40,0.0017,0.0033,0.0086,0.0021,0.09
32.42,0.0017,0.0033,0.0086,0.0021,0.09
32.44,0.0017,0.0033,0.0086,0.0021,0.09
32.46,0.0017,0.0033,0.0086,0.0021,0.09
32.48,0.0017,0.0033,0.0086,0.0021,0.09
32.50,0.0017,0.0033,0.0086,0.0021,0.09
32.52,0.0017,0.0033,0.0086,0.0021,0.09
32.54,0.0017,0.0033,0.0086,0.0021,0.09
32.56,0.0017,0.0033,0.0086,0.0021,0.09
32.58,0.0017,0.0033,0.0086,0.0021,0.09
32.60,0.0017,0.0033,0.0086,0.0021,0.09
32.62,0.0017,0.0033,0.0086,0.0021,0.09
32.64,0.0017,0.0032,0.0086,0.0021,0.09
32.66,0.0017,0.0032,0.0086,0.0021,0.09
32.68,0.0017,0.0032,0.0086,0.0021,0.09
32.70,0.0017,0.0032,0.0086,0.0021,0.09
32.72,0.0017,0.0032,0.0086,0.0021,0.09
32.74,0.0017,0.0032,0.0086,0.0021,0.09
32.76,0.0017,0.0032,0.0086,0.0021,0.09
32.78,0.0017,0.0032,0.0086,0.0021,0.09
32.80,0.0017,0.0032,0.0086,0.0021,0.09
32.82,0.0017,0.0032,0.0086,0.0021,0.09
32.84,0.0017,0.0032,0.0086,0.0021,0.09
32.86,0.0017,0.0032,0.0086,0.0021,0.09
32.88,0.0017,0.0032,0.0086,0.0021,0.09
32.90,0.0017,0.0032,0.0086,0.0021,0.09
32.92,0.0017,0.0032,0.0086,0.0021,0.09
32.94,0.0017,0.0032,0.0086,0.0021,0.09
32.96,0.0017,0.0032,0.0086,0.0021,0.09
32.98,0.0017,0.0032,0.0086,0.0021,0.09
33.00,0.0017,0.0032,0.0086,0.0021,0.09
33.02,0.0017,0.0032,0.0086,0.0021,0.09
33.04,0.0017,0.0032,0.0086,0.0021,0.09
33.06,0.0017,0.0032,0.0086,0.0021,0.09
33.08,0.0017,0.0032,0.0086,0.0021,0.09
33.10,0.0017,0.0032,0.0086,0.0021,0.09
33.12,0.0017,0.0032,0.0086,0.0021,0.09
33.14,0.0017,0.0032,0.0086,0.0021,0.09
33.16,0.0017,0.0032,0.0086,0.0021,0.09
33.18,0.0017,0.0032,0.0086,0.0021,0.09
33.20,0.0017,0.0032,0.0084,0.0021,0.09
33.22,0.0017,0.0032,0.0084,0.0021,0.09
33.24,0.0017,0.0029,0.0078,0.0021,0.09
33.26,0.0017,0.0029,0.0078,0.0021,0.09
33.28,0.0017,0.0029,0.0078,0.0021,0.09
33.30,0.0017,0.0024,0.0071,0.0021,0.09
33.32,0.0017,0.0024,0.0071,0.0021,0.09
33.34,0.0017,0.0026,0.0063,0.0021,0.09
33.36,0.0017,0.0026,0.0063,0.0021,0.09
33.38,0.0017,0.0026,0.0063,0.0021,0.09
33.40,0.0017,0.0026,0.0057,0.0021,0.09
33.42,0.0017,0.0026,0.0057,0.0021,0.09
33.44,0.0017,0.0020,0.0046,0.0021,0.09
33.46,0.0017,0.0020,0.0046,0.0021,0.09
33.48,0.0017,0.0020,0.0046,0.0021,0.09
33.50,0.0017,0.0018,0.0034,0.0021,0.09
33.52,0.0017,0.0018,0.0034,0.0021,0.09
33.54,0.0017,0.0019,0.0030,0.0021,0.09
33.56,0.0017,0.0019,0.0030,0.0021,0.09
33.58,0.0017,0.0019,0.0030,0.0021,0.09
33.60,0.0017,0.0015,0.0021,0.0021,0.09
33.62,0.0017,0.0015,0.0021,0.0021,0.09
33.64,0.0017,0.0015,0.0014,0.0021,0.09
33.66,0.0017,0.0015,0.0014,0.0021,0.09
33.68,0.0017,0.0015,0.0014,0.0021,0.09
33.70,0.0017,0.0013,0.0010,0.0021,0.09
33.72,0.0017,0.0013,0.0010,0.0021,0.09
33.74,0.0017,0.0011,0.0005,0.0021,0.09
33.76,0.0017,0.0011,0.0005,0.0021,0.09
33.78,0.0017,0.0011,0.0005,0.0021,0.09
33.80,0.0017,0.0012,0.0001,0.0021,0.09
33.82,0.0017,0.0012,0.0001,0.0021,0.09
33.84,0.0017,0.0013,0.0004,0.0021,0.09
33.86,0.0017,0.0013,0.0004,0.0021,0.09
33.88,0.0017,0.0013,0.0004,0.0021,0.09
33.90,0.0017,0.0011,0.0011,0.0021,0.09
33.92,0.0017,0.0011,0.0011,0.0021,0.09
33.94,0.0017,0.0006,0.0022,0.0021,0.09
33.96,0.0017,0.0006,0.0022,0.0021,0.09
33.98,0.0017,0.0006,0.0022,0.0021,0.09
34.00,0.0017,0.0005,0.0027,0.0021,0.09
34.02,0.0017,0.0005,0.0027,0.0021,0.09
34.04,0.0017,0.0004,0.0033,0.0021,0.09
34.06,0.0017,0.0004,0.0033,0.0021,0.09
34.08,0.0017,0.0004,0.0033,0.0021,0.09
34.10,0.0017,0.0007,0.0034,0.0021,0.09
34.12,0.0017,0.0007,0.0034,0.0021,0.09
34.14,0.0017,0.0007,0.0039,0.0021,0.09
34.16,0.0017,0.0007,0.0039,0.0021,0.09
34.18,0.0017,0.0007,0.0039,0.0021,0.09
34.20,0.0017,0.0004,0.0044,0.0021,0.09
34.22,0.0017,0.0004,0.0044,0.0021,0.09
34.24,0.0017,0.0004,0.0044,0.0021,0.09
34.26,0.0017,0.0004,0.0044,0.0021,0.09
34.28,0.0017,0.0004,0.0044,0.0021,0.09
34.30,0.0017,0.0004,0.0044,0.0021,0.09
34.32,0.0017,0.0004,0.0044,0.0021,0.09
34.34,0.0017,0.0004,0.0044,0.0021,0.09
34.36,0.0017,0.0004,0.0044,0.0021,0.09
34.38,0.0017,0.0004,0.0044,0.0021,0.09
34.40,0.0017,0.0004,0.0044,0.0021,0.09
34.42,0.0017,0.0004,0.0044,0.0021,0.09
34.44,0.0017,0.0004,0.0044,0.0021,0.09
34.46,0.0017,0.0004,0.0044,0.0021,0.09
34.48,0.0017,0.0004,0.0044,0.0021,0.09
34.50,0.0017,0.0004,0.0044,0.0021,0.09
34.52,0.0017,0.0004,0.0044,0.0021,0.09
34.54,0.0017,0.0004,0.0044,0.0021,0.09
34.56,0.0017,0.0004,0.0044,0.0021,0.09
34.58,0.0017,0.0004,0.0044,0.0021,0.09
34.60,0.0017,0.0004,0.0044,0.0021,0.09
34.62,0.0017,0.0004,0.0044,0.0021,0.09
34.64,0.0017,0.0004,0.0044,0.0021,0.09
34.66,0.0017,0.0004,0.0044,0.0021,0.09
34.68,0.0017,0.0004,0.0044,0.0021,0.09
34.70,0.0017,0.0004,0.0044,0.0021,0.09
34.72,0.0017,0.0004,0.0044,0.0021,0.09
34.74,0.0017,0.0004,0.0044,0.0021,0.09
34.76,0.0017,0.0004,0.0044,0.0021,0.09
34.78,0.0017,0.0004,0.0044,0.0021,0.09
34.80,0.0017,0.0004,0.0044,0.0021,0.09
34.82,0.0017,0.0004,0.0044,0.0021,0.09
34.84,0.0017,0.0004,0.0044,0.0021,0.09
34.86,0.0017,0.0004,0.0044,0.0021,0.09
34.88,0.0017,0.0004,0.0044,0.0021,0.09
34.90,0.0017,0.0004,0.0044,0.0021,0.09
34.92,0.0017,0.0004,0.0044,0.0021,0.09
34.94,0.0017,0.0004,0.0044,0.0021,0.09
34.96,0.0017,0.0004,0.0044,0.0021,0.09
34.98,0.0017,0.0004,0.0044,0.0021,0.09
35.00,0.0017,0.0004,0.0044,0.0021,0.09
35.02,0.0017,0.0004,0.0044,0.0021,0.09
35.04,0.0017,0.0004,0.0044,0.0021,0.09
35.06,0.0017,0.0004,0.0044,0.0021,0.09
35.08,0.0017,0.0004,0.0044,0.0021,0.09
35.10,0.0017,0.0004,0.0044,0.0021,0.09
35.12,0.0017,0.0004,0.0044,0.0021,0.09
35.14,0.0017,0.0004,0.0044,0.0021,0.09
35.16,0.0017,0.0004,0.0044,0.0021,0.09
35.18,0.0017,0.0004,0.0044,0.0021,0.09
35.20,0.0017,0.0004,0.0044,0.0021,0.09
35.22,0.0017,0.0004,0.0044,0.0021,0.09
35.24,0.0017,0.0004,0.0044,0.0021,0.09
35.26,0.0017,0.0004,0.0044,0.0021,0.09
35.28,0.0017,0.0004,0.0044,0.0021,0.09
35.30,0.0017,0.0004,0.0044,0.0021,0.09
35.32,0.0017,0.0004,0.0044,0.0021,0.09
35.34,0.0017,0.0004,0.0044,0.0021,0.09
35.36,0.0017,0.0004,0.0044,0.0021,0.09
35.38,0.0017,0.0004,0.0044,0.0021,0.09
35.40,0.0017,0.0004,0.0044,0.0021,0.09
35.42,0.0017,0.0004,0.0044,0.0021,0.09
35.44,0.0017,0.0004,0.0044,0.0021,0.09
35.46,0.0017,0.0004,0.0044,0.0021,0.09
35.48,0.0017,0.0004,0.0044,0.0021,0.09
35.50,0.0017,0.0004,0.0044,0.0021,0.09
35.52,0.0017,0.0004,0.0044,0.0021,0.09
35.54,0.0017,0.0004,0.0043,0.0021,0.09
35.56,0.0017,0.0004,0.0043,0.0021,0.09
35.58,0.0017,0.0004,0.0043,0.0021,0.09
35.60,0.0017,0.0004,0.0043,0.0021,0.09
35.62,0.0017,0.0004,0.0043,0.0021,0.09
35.64,0.0017,0.0004,0.0043,0.0021,0.09
35.66,0.0017,0.0004,0.0043,0.0021,0.09
35.68,0.0017,0.0004,0.0043,0.0021,0.09
35.70,0.0017,0.0004,0.0043,0.0021,0.09
35.72,0.0017,0.0004,0.0043,0.0021,0.09
35.74,0.0017,0.0004,0.0043,0.0021,0.09
35.76,0.0017,0.0004,0.0043,0.0021,0.09
35.78,0.0017,0.0004,0.0043,0.0021,0.09
35.80,0.0017,0.0004,0.0043,0.0021,0.09
35.82,0.0017,0.0004,0.0043,0.0021,0.09
35.84,0.0017,0.0004,0.0043,0.0021,0.09
35.86,0.0017,0.0004,0.0043,0.0021,0.09
35.88,0.0017,0.0004,0.0043,0.0021,0.09
35.90,0.0017,0.0004,0.0043,0.0021,0.09
35.92,0.0017,0.0004,0.0043,0.0021,0.09
35.94,0.0017,0.0004,0.0043,0.0021,0.09
35.96,0.0017,0.0004,0.0043,0.0021,0.09
35.98,0.0017,0.0004,0.0043,0.0021,0.09
36.00,0.0017,0.0004,0.0043,0.0021,0.09
36.02,0.0017,0.0004,0.0043,0.0021,0.09
36.04,0.0017,0.0004,0.0043,0.0021,0.09
36.06,0.0017,0.0004,0.0043,0.0021,0.09
36.08,0.0017,0.0004,0.0043,0.0021,0.09
36.10,0.0017,0.0004,0.0043,0.0021,0.09
36.12,0.0017,0.0004,0.0043,0.0021,0.09
36.14,0.0017,0.0004,0.0043,0.0021,0.09
36.16,0.0017,0.0004,0.0043,0.0021,0.09
36.18,0.0017,0.0004,0.0043,0.0021,0.09
36.20,0.0017,0.0004,0.0043,0.0021,0.09
36.22,0.0017,0.0004,0.0043,0.0021,0.09
36.24,0.0017,0.0004,0.0043,0.0021,0.09
36.26,0.0017,0.0004,0.0043,0.0021,0.09
36.28,0.0017,0.0004,0.0043,0.0021,0.09
36.30,0.0017,0.0004,0.0043,0.0021,0.09
36.32,0.0017,0.0004,0.0043,0.0021,0.09
36.34,0.0017,0.0004,0.0043,0.0021,0.09
36.36,0.0017,0.0004,0.0043,0.0021,0.09
36.38,0.0017,0.0004,0.0043,0.0021,0.09
36.40,0.0017,0.0004,0.0043,0.0021,0.09
36.42,0.0017,0.0004,0.0043,0.0021,0.09
36.44,0.0017,0.0004,0.0043,0.0021,0.09
36.46,0.0017,0.0004,0.0043,0.0021,0.09
36.48,0.0017,0.0004,0.0043,0.0021,0.09
36.50,0.0017,0.0003,0.0043,0.0021,0.09
36.52,0.0017,0.0003,0.0043,0.0021,0.09
36.54,0.0017,0.0003,0.0043,0.0021,0.09
36.56,0.0017,0.0003,0.0043,0.0021,0.09
36.58,0.0017,0.0003,0.0043,0.0021,0.09
36.60,0.0017,0.0003,0.0043,0.0021,0.09
36.62,0.0017,0.0003,0.0043,0.0021,0.09
36.64,0.0017,0.0003,0.0043,0.0021,0.09
36.66,0.0017,0.0003,0.0043,0.0021,0.09
36.68,0.0017,0.0003,0.0043,0.0021,0.09
36.70,0.0017,0.0003,0.0043,0.0021,0.09
36.72,0.0017,0.0003,0.0043,0.0021,0.09
36.74,0.0017,0.0003,0.0043,0.0021,0.09
36.76,0.0017,0.0003,0.0043,0.0021,0.09
36.78,0.0017,0.0003,0.0043,0.0021,0.09
36.80,0.0017,0.0003,0.0043,0.0021,0.09
36.82,0.0017,0.0003,0.0043,0.0021,0.09
36.84,0.0017,0.0003,0.0043,0.0021,0.09
36.86,0.0017,0.0003,0.0043,0.0021,0.09
36.88,0.0017,0.0003,0.0043,0.0021,0.09
36.90,0.0017,0.0003,0.0043,0.0021,0.09
36.92,0.0017,0.0003,0.0043,0.0021,0.09
36.94,0.0017,0.0003,0.0043,0.0021,0.09
36.96,0.0017,0.0003,0.0043,0.0021,0.09
36.98,0.0017,0.0003,0.0043,0.0021,0.09
37.00,0.0017,0.0003,0.0043,0.0021,0.09
37.02,0.0017,0.0003,0.0043,0.0021,0.09
37.04,0.0017,0.0003,0.0043,0.0021,0.09
37.06,0.0017,0.0003,0.0043,0.0021,0.09
37.08,0.0017,0.0003,0.0043,0.0021,0.09
37.10,0.0017,0.0003,0.0043,0.0021,0.09
37.12,0.0017,0.0003,0.0043,0.0021,0.09
37.14,0.0017,0.0003,0.0043,0.0021,0.09
37.16,0.0017,0.0003,0.0043,0.0021,0.09
37.18,0.0017,0.0003,0.0043,0.0021,0.09
37.20,0.0017,0.0003,0.0043,0.0021,0.09
37.22,0.0017,0.0003,0.0043,0.0021,0.09
37.24,0.0017,0.0003,0.0043,0.0021,0.09
37.26,0.0017,0.0003,0.0043,0.0021,0.09
37.28,0.0017,0.0003,0.0043,0.0021,0.09
37.30,0.0017,0.0003,0.0043,0.0021,0.09
37.32,0.0017,0.0003,0.0043,0.0021,0.09
37.34,0.0017,0.0003,0.0043,0.0021,0.09
37.36,0.0017,0.0003,0.0043,0.0021,0.09
37.38,0.0017,0.0003,0.0043,0.0021,0.09
37.40,0.0017,0.0003,0.0043,0.0021,0.09
37.42,0.0017,0.0003,0.0043,0.0021,0.09
37.44,0.0017,0.0003,0.0043,0.0021,0.09
37.46,0.0017,0.0003,0.0043,0.0021,0.09
37.48,0.0017,0.0003,0.0043,0.0021,0.09
37.50,0.0017,0.0003,0.0043,0.0021,0.09
37.52,0.0017,0.0003,0.0043,0.0021,0.09
37.54,0.0017,0.0003,0.0043,0.0021,0.09
37.56,0.0017,0.0003,0.0043,0.0021,0.09
37.58,0.0017,0.0003,0.0043,0.0021,0.09
37.60,0.0017,0.0003,0.0043,0.0021,0.09
37.62,0.0017,0.0003,0.0043,0.0021,0.09
37.64,0.0017,0.0003,0.0043,0.0021,0.09
37.66,0.0017,0.0003,0.0043,0.0021,0.09
37.68,0.0017,0.0003,0.0043,0.0021,0.09
37.70,0.0017,0.0003,0.0043,0.0021,0.09
37.72,0.0017,0.0003,0.0043,0.0021,0.09
37.74,0.0017,0.0003,0.0043,0.0021,0.09
37.76,0.0017,0.0003,0.0043,0.0021,0.09
37.78,0.0017,0.0003,0.0043,0.0021,0.09
37.80,0.0017,0.0003,0.0043,0.0021,0.09
37.82,0.0017,0.0003,0.0043,0.0021,0.09
37.84,0.0017,0.0003,0.0043,0.0021,0.09
37.86,0.0017,0.0003,0.0043,0.0021,0.09
37.88,0.0017,0.0003,0.0043,0.0021,0.09
37.90,0.0017,0.0003,0.0043,0.0021,0.09
37.92,0.0017,0.0003,0.0043,0.0021,0.09
37.94,0.0017,0.0003,0.0044,0.0021,0.09
37.96,0.0017,0.0003,0.0044,0.0021,0.09
37.98,0.0017,0.0003,0.0044,0.0021,0.09
38.00,0.0017,0.0003,0.0044,0.0021,0.09
38.02,0.0017,0.0003,0.0044,0.0021,0.09
38.04,0.0017,0.0003,0.0044,0.0021,0.09
38.06,0.0017,0.0003,0.0044,0.0021,0.09
38.08,0.0017,0.0003,0.0044,0.0021,0.09
38.10,0.0017,0.0003,0.0044,0.0021,0.09
38.12,0.0017,0.0003,0.0044,0.0021,0.09
38.14,0.0017,0.0003,0.0044,0.0021,0.09
38.16,0.0017,0.0003,0.0044,0.0021,0.09
38.18,0.0017,0.0003,0.0044,0.0021,0.09
38.20,0.0017,0.0003,0.0044,0.0021,0.09
38.22,0.0017,0.0003,0.0044,0.0021,0.09
38.24,0.0017,0.0003,0.0044,0.0021,0.09
38.26,0.0017,0.0003,0.0044,0.0021,0.09
38.28,0.0017,0.0003,0.0044,0.0021,0.09
38.30,0.0017,0.0003,0.0044,0.0021,0.09
38.32,0.0017,0.0003,0.0044,0.0021,0.09
38.34,0.0017,0.0003,0.0044,0.0021,0.09
38.36,0.0017,0.0003,0.0044,0.0021,0.09
38.38,0.0017,0.0003,0.0044,0.0021,0.09
38.40,0.0017,0.0003,0.0044,0.0021,0.09
38.42,0.0017,0.0003,0.0044,0.0021,0.09
38.44,0.0017,0.0003,0.0044,0.0021,0.09
38.46,0.0017,0.0003,0.0044,0.0021,0.09
38.48,0.0017,0.0003,0.0044,0.0021,0.09
38.50,0.0017,0.0003,0.0044,0.0021,0.09
38.52,0.0017,0.0003,0.0044,0.0021,0.09
38.54,0.0017,0.0003,0.0044,0.0021,0.09
38.56,0.0017,0.0003,0.0044,0.0021,0.09
38.58,0.0017,0.0003,0.0044,0.0021,0.09
38.60,0.0017,0.0003,0.0044,0.0021,0.09
38.62,0.0017,0.0003,0.0044,0.0021,0.09
38.64,0.0017,0.0003,0.0044,0.0021,0.09
38.66,0.0017,0.0003,0.0044,0.0021,0.09
38.68,0.0017,0.0003,0.0044,0.0021,0.09
38.70,0.0017,0.0003,0.0044,0.0021,0.09
38.72,0.0017,0.0003,0.0044,0.0021,0.09
38.74,0.0017,0.0003,0.0044,0.0021,0.09
38.76,0.0017,0.0003,0.0044,0.0021,0.09
38.78,0.0017,0.0003,0.0044,0.0021,0.09
38.80,0.0017,0.0003,0.0044,0.0021,0.09
38.82,0.0017,0.0003,0.0044,0.0021,0.09
38.84,0.0017,0.0003,0.0044,0.0021,0.09
38.86,0.0017,0.0003,0.0044,0.0021,0.09
38.88,0.0017,0.0003,0.0044,0.0021,0.09
38.90,0.0017,0.0003,0.0044,0.0021,0.09
38.92,0.0017,0.0003,0.0044,0.0021,0.09
38.94,0.0017,0.0003,0.0044,0.0021,0.09
38.96,0.0017,0.0003,0.0044,0.0021,0.09
38.98,0.0017,0.0003,0.0044,0.0021,0.09
39.00,0.0017,0.0002,0.0044,0.0021,0.09
39.02,0.0017,0.0002,0.0044,0.0021,0.09
39.04,0.0017,0.0002,0.0044,0.0021,0.09
39.06,0.0017,0.0002,0.0044,0.0021,0.09
39.08,0.0017,0.0002,0.0044,0.0021,0.09
39.10,0.0017,0.0002,0.0044,0.0021,0.09
39.12,0.0017,0.0002,0.0044,0.0021,0.09
39.14,0.0017,0.0002,0.0044,0.0021,0.09
39.16,0.0017,0.0002,0.0044,0.0021,0.09
39.18,0.0017,0.0002,0.0044,0.0021,0.09
39.20,0.0017,0.0002,0.0044,0.0021,0.09
39.22,0.0017,0.0002,0.0044,0.0021,0.09
39.24,0.0017,0.0002,0.0044,0.0021,0.09
39.26,0.0017,0.0002,0.0044,0.0021,0.09
39.28,0.0017,0.0002,0.0044,0.0021,0.09
39.30,0.0017,0.0002,0.0044,0.0021,0.09
39.32,0.0017,0.0002,0.0044,0.0021,0.09
39.34,0.0017,0.0002,0.0044,0.0021,0.09
39.36,0.0017,0.0002,0.0044,0.0021,0.09
39.38,0.0017,0.0002,0.0044,0.0021,0.09
39.40,0.0017,0.0002,0.0044,0.0021,0.09
39.42,0.0017,0.0002,0.0044,0.0021,0.09
39.44,0.0017,0.0002,0.0044,0.0021,0.09
39.46,0.0017,0.0002,0.0044,0.0021,0.09
39.48,0.0017,0.0002,0.0044,0.0021,0.09
39.50,0.0017,0.0002,0.0044,0.0021,0.09
39.52,0.0017,0.0002,0.0044,0.0021,0.09
39.54,0.0017,0.0002,0.0044,0.0021,0.09
39.56,0.0017,0.0002,0.0044,0.0021,0.09
39.58,0.0017,0.0002,0.0044,0.0021,0.09
39.60,0.0017,0.0002,0.0044,0.0021,0.09
39.62,0.0017,0.0002,0.0044,0.0021,0.09
39.64,0.0017,0.0002,0.0044,0.0021,0.09
39.66,0.0017,0.0002,0.0044,0.0021,0.09
39.68,0.0017,0.0002,0.0044,0.0021,0.09
39.70,0.0017,0.0002,0.0044,0.0021,0.09
39.72,0.0017,0.0002,0.0044,0.0021,0.09
39.74,0.0017,0.0002,0.0044,0.0021,0.09
39.76,0.0017,0.0002,0.0044,0.0021,0.09
39.78,0.0017,0.0002,0.0044,0.0021,0.09
39.80,0.0017,0.0002,0.0044,0.0021,0.09
39.82,0.0017,0.0002,0.0044,0.0021,0.09
39.84,0.0017,0.0002,0.0044,0.0021,0.09
39.86,0.0017,0.0002,0.0044,0.0021,0.09
39.88,0.0017,0.0002,0.0044,0.0021,0.09
39.90,0.0017,0.0002,0.0044,0.0021,0.09
39.92,0.0017,0.0002,0.0044,0.0021,0.09
39.94,0.0017,0.0002,0.0043,0.0021,0.09
39.96,0.0017,0.0002,0.0043,0.0020,0.09
39.98,0.0017,0.0002,0.0043,0.0020,0.09
40.00,0.0017,0.0005,0.0036,0.0020,0.09
40.02,0.0011,0.0005,0.0039,0.0015,0.09
