t,d01_err,d02_err,d12_err,o_error,o_error_deg
0.00,0.7000,0.7000,0.7000,0.0000,56.31
0.02,0.7000,0.7000,0.7000,0.0000,56.31
0.04,0.7000,0.7000,0.7000,0.0000,56.31
0.06,0.7000,0.7000,0.7000,0.0000,56.31
0.08,0.7000,0.7000,0.7000,0.0000,56.31
0.10,0.7000,0.7000,0.7000,0.0000,56.31
0.12,0.7000,0.7000,0.7000,0.0000,56.31
0.14,0.7000,0.7000,0.7000,0.0000,56.31
0.16,0.7000,0.7000,0.7000,0.0000,56.31
0.18,0.7000,0.7000,0.7000,0.0000,56.31
0.20,0.7000,0.7000,0.7000,0.0000,56.31
0.22,0.7000,0.7000,0.7000,0.0000,56.31
0.24,0.7000,0.7000,0.7000,0.0000,56.31
0.26,0.7000,0.7000,0.7000,0.0000,56.31
0.28,0.5000,0.5000,0.7000,0.2000,56.32
0.30,0.4180,0.7143,0.8000,1.1180,29.74
0.32,0.4180,0.7143,0.8000,1.1180,29.74
0.34,0.4180,0.7143,0.8000,1.1180,29.74
0.36,0.4180,0.7143,0.8000,1.1180,29.74
0.38,0.4180,0.7143,0.8000,1.1180,29.74
0.40,0.4180,0.7143,0.8000,1.1180,29.74
0.42,0.4180,0.7143,0.8000,1.1180,29.74
0.44,0.4180,0.7143,0.8000,1.1180,29.74
0.46,0.4180,0.7143,0.8000,1.1180,29.74
0.48,0.4180,0.7143,0.8000,1.1180,29.74
0.50,0.4180,0.7143,0.8000,1.1180,29.74
0.52,0.4180,0.7143,0.8000,1.1180,29.74
0.54,0.4180,0.7143,0.8000,1.1180,29.74
0.56,0.4180,0.7143,0.8000,1.1180,29.74
0.58,0.4180,0.7143,0.8000,1.1180,29.74
0.60,0.4180,0.7143,0.8000,1.1180,29.74
0.62,0.4180,0.7143,0.8000,1.1180,29.74
0.64,0.4180,0.7143,0.8000,1.1180,29.74
0.66,0.4180,0.7143,0.8000,1.1180,29.74
0.68,0.4180,0.7143,0.8000,1.1180,29.74
0.70,0.4180,0.7143,0.8000,1.1180,29.74
0.72,0.4180,0.7143,0.8000,1.1180,29.74
0.74,0.4180,0.7143,0.8000,1.1180,29.74
0.76,0.4180,0.7143,0.8000,1.1180,29.74
0.78,0.4180,0.7143,0.8000,1.1180,29.74
0.80,0.4180,0.7143,0.8000,1.1180,29.74
0.82,0.4180,0.7143,0.8000,1.1180,29.74
0.84,0.4180,0.7143,0.8000,1.1180,29.74
0.86,0.4180,0.7143,0.8000,1.1180,29.74
0.88,0.4180,0.7143,0.8000,1.1180,29.74
0.90,0.4180,0.7143,0.8000,1.1180,29.74
0.92,0.4180,0.7143,0.8000,1.1180,29.74
0.94,0.4180,0.7143,0.8000,1.1180,29.74
0.96,0.4180,0.7143,0.8000,1.1180,29.74
0.98,0.4180,0.7143,0.8000,1.1180,29.74
1.00,0.4180,0.7143,0.8000,1.1180,29.74
1.02,0.4180,0.7143,0.8000,1.1180,29.74
1.04,0.4180,0.7143,0.8000,1.1180,29.74
1.06,0.4180,0.7143,0.8000,1.1180,29.74
1.08,0.4180,0.7143,0.8000,1.1180,29.74
1.10,0.4180,0.7143,0.8000,1.1180,29.74
1.12,0.4180,0.7143,0.8000,1.1180,29.74
1.14,0.4180,0.7143,0.8000,1.1180,29.74
1.16,0.4180,0.7143,0.8000,1.1180,29.74
1.18,0.4180,0.7143,0.8000,1.1180,29.74
1.20,0.4180,0.7143,0.8000,1.1180,29.74
1.22,0.4180,0.7143,0.8000,1.1180,29.74
1.24,0.4180,0.7143,0.8000,1.1180,29.74
1.26,0.4180,0.7143,0.8000,1.1180,29.74
1.28,0.4180,0.7143,0.8000,1.1180,29.74
1.30,0.4180,0.7143,0.8000,1.1180,29.74
1.32,0.4180,0.7143,0.8000,1.1180,29.74
1.34,0.4180,0.7143,0.8000,1.1180,29.74
1.36,0.4180,0.7143,0.8000,1.1180,29.74
1.38,0.4180,0.7143,0.8000,1.1180,29.74
1.40,0.4180,0.7143,0.8000,1.1180,29.74
1.42,0.4180,0.7143,0.8000,1.1180,29.74
1.44,0.4180,0.7143,0.8000,1.1180,29.74
1.46,0.4180,0.7143,0.8000,1.1180,29.74
1.48,0.4180,0.7143,0.8000,1.1180,29.74
1.50,0.4180,0.7143,0.8000,1.1180,29.74
1.52,0.4180,0.7143,0.8000,1.1180,29.74
1.54,0.4180,0.7143,0.8000,1.1180,29.74
1.56,0.4180,0.7143,0.8000,1.1180,29.74
1.58,0.4180,0.7143,0.8000,1.1180,29.74
1.60,0.4180,0.7143,0.8000,1.1180,29.74
1.62,0.4180,0.7143,0.8000,1.1180,29.74
1.64,0.4180,0.7143,0.8000,1.1180,29.74
1.66,0.4180,0.7143,0.8000,1.1180,29.74
1.68,0.4180,0.7143,0.8000,1.1180,29.74
1.70,0.4180,0.7143,0.8000,1.1180,29.74
1.72,0.4180,0.7143,0.8000,1.1180,29.74
1.74,0.4180,0.7143,0.8000,1.1180,29.74
1.76,0.4180,0.7143,0.8000,1.1180,29.74
1.78,0.4180,0.7143,0.8000,1.1180,29.74
1.80,0.4180,0.7143,0.8000,1.1180,29.74
1.82,0.4180,0.7143,0.8000,1.1180,29.74
1.84,0.4180,0.7143,0.8000,1.1180,29.74
1.86,0.4180,0.7143,0.8000,1.1180,29.74
1.88,0.4180,0.7143,0.8000,1.1180,29.74
1.90,0.4180,0.7143,0.8000,1.1180,29.74
1.92,0.4180,0.7143,0.8000,1.1180,29.74
1.94,0.4180,0.7143,0.8000,1.1180,29.74
1.96,0.4180,0.7143,0.8000,1.1180,29.74
1.98,0.4180,0.7143,0.8000,1.1180,29.74
2.00,0.4180,0.7143,0.8000,1.1180,29.74
2.02,0.4180,0.7143,0.8000,1.1180,29.74
2.04,0.4180,0.7143,0.8000,1.1180,29.74
2.06,0.4180,0.7143,0.8000,1.1180,29.74
2.08,0.4180,0.7143,0.8000,1.1180,29.74
2.10,0.4180,0.7143,0.8000,1.1180,29.74
2.12,0.4180,0.7143,0.8000,1.1180,29.74
2.14,0.4180,0.7143,0.8000,1.1180,29.74
2.16,0.4180,0.7143,0.8000,1.1180,29.74
2.18,0.4180,0.7143,0.8000,1.1180,29.74
2.20,0.4180,0.7143,0.8000,1.1180,29.74
2.22,0.4180,0.7143,0.8000,1.1180,29.74
2.24,0.4180,0.7143,0.8000,1.1180,29.74
2.26,0.4180,0.7143,0.8000,1.1180,29.74
2.28,0.4180,0.7143,0.8000,1.1180,29.74
2.30,0.4180,0.7143,0.8000,1.1180,29.74
2.32,0.4180,0.7143,0.8000,1.1180,29.74
2.34,0.4180,0.7143,0.8000,1.1180,29.74
2.36,0.4180,0.7143,0.8000,1.1180,29.74
2.38,0.4180,0.7143,0.8000,1.1180,29.74
2.40,0.4180,0.7143,0.8000,1.1180,29.74
2.42,0.4180,0.7143,0.8000,1.1180,29.74
2.44,0.4180,0.7143,0.8000,1.1180,29.74
2.46,0.4180,0.7143,0.8000,1.1180,29.74
2.48,0.4180,0.7143,0.8000,1.1180,29.74
2.50,0.4180,0.7143,0.8000,1.1180,29.74
2.52,0.4180,0.7143,0.8000,1.1180,29.74
2.54,0.4180,0.7143,0.8000,1.1180,29.74
2.56,0.4180,0.7143,0.8000,1.1180,29.74
2.58,0.4180,0.7143,0.8000,1.1180,29.74
2.60,0.4180,0.7143,0.8000,1.1180,29.74
2.62,0.4180,0.7143,0.8000,1.1180,29.74
2.64,0.4180,0.7143,0.8000,1.1180,29.74
2.66,0.4180,0.7143,0.8000,1.1180,29.74
2.68,0.4180,0.7143,0.8000,1.1180,29.74
2.70,0.4180,0.7143,0.8000,1.1180,29.74
2.72,0.4180,0.7143,0.8000,1.1180,29.74
2.74,0.4180,0.7143,0.8000,1.1180,29.74
2.76,0.4180,0.7143,0.8000,1.1180,29.74
2.78,0.4180,0.7143,0.8000,1.1180,29.74
2.80,0.4180,0.7143,0.8000,1.1180,29.74
2.82,0.4180,0.7143,0.8000,1.1180,29.74
2.84,0.4180,0.7143,0.8000,1.1180,29.74
2.86,0.4180,0.7143,0.8000,1.1180,29.74
2.88,0.4180,0.7143,0.8000,1.1180,29.74
2.90,0.4180,0.7143,0.8000,1.1180,29.74
2.92,0.4180,0.7143,0.8000,1.1180,29.74
2.94,0.4180,0.7143,0.8000,1.1180,29.74
2.96,0.4180,0.7143,0.8000,1.1180,29.74
2.98,0.4180,0.7143,0.8000,1.1180,29.74
3.00,0.4180,0.7143,0.8000,1.1180,29.74
3.02,0.4180,0.7143,0.8000,1.1180,29.74
3.04,0.4180,0.7143,0.8000,1.1180,29.74
3.06,0.4180,0.7143,0.8000,1.1180,29.74
3.08,0.4180,0.7143,0.8000,1.1180,29.74
3.10,0.4180,0.7143,0.8000,1.1180,29.74
3.12,0.4180,0.7143,0.8000,1.1180,29.74
3.14,0.4180,0.7143,0.8000,1.1180,29.74
3.16,0.4180,0.7143,0.8000,1.1180,29.74
3.18,0.4180,0.7143,0.8000,1.1180,29.74
3.20,0.4180,0.7143,0.8000,1.1180,29.74
3.22,0.4180,0.7143,0.8000,1.1180,29.74
3.24,0.4180,0.7143,0.8000,1.1180,29.74
3.26,0.4180,0.7143,0.8000,1.1180,29.74
3.28,0.4180,0.7143,0.8000,1.1180,29.74
3.30,0.4180,0.7143,0.8000,1.1180,29.74
3.32,0.4180,0.7143,0.8000,1.1180,29.74
3.34,0.4180,0.7143,0.8000,1.1180,29.74
3.36,0.4180,0.7143,0.8000,1.1180,29.74
3.38,0.4180,0.7143,0.8000,1.1180,29.74
3.40,0.4180,0.7143,0.8000,1.1180,29.74
3.42,0.4180,0.7143,0.8000,1.1180,29.74
3.44,0.4180,0.7143,0.8000,1.1180,29.74
3.46,0.4180,0.7143,0.8000,1.1180,29.74
3.48,0.4180,0.7143,0.8000,1.1180,29.74
3.50,0.4180,0.7143,0.8000,1.1180,29.74
3.52,0.4180,0.7143,0.8000,1.1180,29.74
3.54,0.4180,0.7143,0.8000,1.1180,29.74
3.56,0.4180,0.7143,0.8000,1.1180,29.74
3.58,0.4180,0.7143,0.8000,1.1180,29.74
3.60,0.4180,0.7143,0.8000,1.1180,29.74
3.62,0.4180,0.7143,0.8000,1.1180,29.74
3.64,0.4180,0.7143,0.8000,1.1180,29.74
3.66,0.4180,0.7143,0.8000,1.1180,29.74
3.68,0.4180,0.7143,0.8000,1.1180,29.74
3.70,0.4180,0.7143,0.8000,1.1180,29.74
3.72,0.4180,0.7143,0.8000,1.1180,29.74
3.74,0.4180,0.7143,0.8000,1.1180,29.74
3.76,0.4180,0.7143,0.8000,1.1180,29.74
3.78,0.4180,0.7143,0.8000,1.1180,29.74
3.80,0.4180,0.7143,0.8000,1.1180,29.74
3.82,0.4180,0.7143,0.8000,1.1180,29.74
3.84,0.4180,0.7143,0.8000,1.1180,29.74
3.86,0.4180,0.7143,0.8000,1.1180,29.74
3.88,0.4180,0.7143,0.8000,1.1180,29.74
3.90,0.4180,0.7143,0.8000,1.1180,29.74
3.92,0.4180,0.7143,0.8000,1.1180,29.74
3.94,0.4180,0.7143,0.8000,1.1180,29.74
3.96,0.4180,0.7143,0.8000,1.1180,29.74
3.98,0.4180,0.7143,0.8000,1.1180,29.74
4.00,0.4180,0.7143,0.8000,1.1180,29.74
4.02,0.4180,0.7143,0.8000,1.1180,29.74
4.04,0.4180,0.7143,0.8000,1.1180,29.74
4.06,0.4180,0.7143,0.8000,1.1180,29.74
4.08,0.4180,0.7143,0.8000,1.1180,29.74
4.10,0.4180,0.7143,0.8000,1.1180,29.74
4.12,0.4180,0.7143,0.8000,1.1180,29.74
4.14,0.4180,0.7143,0.8000,1.1180,29.74
4.16,0.4180,0.7143,0.8000,1.1180,29.74
4.18,0.4180,0.7143,0.8000,1.1180,29.74
4.20,0.4180,0.7143,0.8000,1.1180,29.74
4.22,0.4180,0.7143,0.8000,1.1180,29.74
4.24,0.4180,0.7143,0.8000,1.1180,29.74
4.26,0.4180,0.7143,0.8000,1.1180,29.74
4.28,0.4180,0.7143,0.8000,1.1180,29.74
4.30,0.4180,0.7143,0.8000,1.1180,29.74
4.32,0.4180,0.7143,0.8000,1.1180,29.74
4.34,0.4180,0.7143,0.8000,1.1180,29.74
4.36,0.4180,0.7143,0.8000,1.1180,29.74
4.38,0.4180,0.7143,0.8000,1.1180,29.74
4.40,0.4180,0.7143,0.8000,1.1180,29.74
4.42,0.4180,0.7143,0.8000,1.1180,29.74
4.44,0.4180,0.7143,0.8000,1.1180,29.74
4.46,0.4180,0.7143,0.8000,1.1180,29.74
4.48,0.4180,0.7143,0.8000,1.1180,29.74
4.50,0.4180,0.7143,0.8000,1.1180,29.74
4.52,0.4180,0.7143,0.8000,1.1180,29.74
4.54,0.4180,0.7143,0.8000,1.1180,29.74
4.56,0.4180,0.7143,0.8000,1.1180,29.74
4.58,0.4180,0.7143,0.8000,1.1180,29.74
4.60,0.4180,0.7143,0.8000,1.1180,29.74
4.62,0.4180,0.7143,0.8000,1.1180,29.74
4.64,0.4180,0.7143,0.8000,1.1180,29.74
4.66,0.4180,0.7143,0.8000,1.1180,29.74
4.68,0.4180,0.7143,0.8000,1.1180,29.74
4.70,0.4180,0.7143,0.8000,1.1180,29.74
4.72,0.4180,0.7143,0.8000,1.1180,29.74
4.74,0.4180,0.7143,0.8000,1.1180,29.74
4.76,0.4180,0.7143,0.8000,1.1180,29.74
4.78,0.4180,0.7143,0.8000,1.1180,29.74
4.80,0.4180,0.7143,0.8000,1.1180,29.74
4.82,0.4180,0.7143,0.8000,1.1180,29.74
4.84,0.4180,0.7143,0.8000,1.1180,29.74
4.86,0.4180,0.7143,0.8000,1.1180,29.74
4.88,0.4180,0.7143,0.8000,1.1180,29.74
4.90,0.4180,0.7143,0.8000,1.1180,29.74
4.92,0.4180,0.7143,0.8000,1.1180,29.74
4.94,0.4180,0.7143,0.8000,1.1180,29.74
4.96,0.4180,0.7143,0.8000,1.1180,29.74
4.98,0.4180,0.7143,0.8000,1.1180,29.74
5.00,0.4180,0.7143,0.8000,1.1180,29.74
5.02,0.4180,0.7143,0.8000,0.5831,26.57
5.04,0.4180,0.7143,0.8000,0.5831,26.57
5.06,0.4180,0.7143,0.8000,0.5831,26.57
5.08,0.4180,0.7143,0.8000,0.5831,26.57
5.10,0.4180,0.7143,0.8000,0.5831,26.57
5.12,0.4180,0.7143,0.8000,0.5831,26.57
5.14,0.4180,0.7142,0.8001,0.5831,26.57
5.16,0.4180,0.7142,0.8001,0.5831,26.57
5.18,0.4180,0.7143,0.8001,0.5831,26.56
5.20,0.4171,0.7139,0.8001,0.5825,26.59
5.22,0.4171,0.7140,0.8001,0.5825,26.58
5.24,0.4171,0.7121,0.7996,0.5825,26.58
5.26,0.4152,0.7121,0.7998,0.5815,26.64
5.28,0.4152,0.7122,0.7998,0.5815,26.64
5.30,0.4116,0.7088,0.7983,0.5789,26.68
5.32,0.4116,0.7088,0.7983,0.5789,26.68
5.34,0.4116,0.7034,0.7967,0.5789,26.68
5.36,0.4063,0.7034,0.7953,0.5751,26.74
5.38,0.4065,0.7035,0.7953,0.5753,26.74
5.40,0.3993,0.6964,0.7917,0.5703,26.85
5.42,0.4005,0.6975,0.7917,0.5709,26.81
5.44,0.4005,0.6884,0.7886,0.5709,26.81
5.46,0.3913,0.6884,0.7866,0.5647,26.93
5.48,0.3936,0.6901,0.7866,0.5660,26.88
5.50,0.3827,0.6794,0.7803,0.5585,27.02
5.52,0.3858,0.6821,0.7803,0.5600,26.93
5.54,0.3858,0.6695,0.7757,0.5600,26.93
5.56,0.3730,0.6695,0.7724,0.5512,27.08
5.58,0.3772,0.6729,0.7724,0.5533,26.96
5.60,0.3626,0.6588,0.7630,0.5432,27.12
5.62,0.3677,0.6630,0.7630,0.5457,26.97
5.64,0.3677,0.6477,0.7569,0.5457,26.97
5.66,0.3516,0.6477,0.7519,0.5343,27.12
5.68,0.3575,0.6525,0.7519,0.5371,26.94
5.70,0.3403,0.6356,0.7396,0.5251,27.11
5.72,0.3467,0.6406,0.7396,0.5282,26.92
5.74,0.3467,0.6226,0.7314,0.5282,26.92
5.76,0.3284,0.6226,0.7254,0.5154,27.07
5.78,0.3353,0.6282,0.7254,0.5185,26.86
5.80,0.3159,0.6089,0.7091,0.5045,26.98
5.82,0.3231,0.6148,0.7091,0.5076,26.75
5.84,0.3231,0.5947,0.6992,0.5076,26.75
5.86,0.3026,0.5947,0.6909,0.4926,26.83
5.88,0.3102,0.6008,0.6909,0.4959,26.60
5.90,0.2889,0.5794,0.6709,0.4802,26.65
5.92,0.2966,0.5856,0.6709,0.4834,26.42
5.94,0.2966,0.5635,0.6590,0.4834,26.42
5.96,0.2746,0.5635,0.6497,0.4673,26.46
5.98,0.2827,0.5700,0.6497,0.4706,26.22
6.00,0.2606,0.5469,0.6268,0.4543,26.23
6.02,0.2688,0.5535,0.6268,0.4575,25.98
6.04,0.2688,0.5299,0.6128,0.4575,25.98
6.06,0.2458,0.5299,0.6020,0.4403,25.94
6.08,0.2543,0.5365,0.6020,0.4436,25.69
6.10,0.2311,0.5126,0.5759,0.4259,25.60
6.12,0.2398,0.5192,0.5759,0.4292,25.35
6.14,0.2398,0.4948,0.5603,0.4292,25.35
6.16,0.2162,0.4948,0.5479,0.4110,25.21
6.18,0.2249,0.5015,0.5479,0.4141,24.95
6.20,0.2010,0.4768,0.5184,0.3956,24.77
6.22,0.2099,0.4836,0.5184,0.3987,24.52
6.24,0.2099,0.4585,0.5008,0.3987,24.52
6.26,0.1860,0.4585,0.4873,0.3797,24.27
6.28,0.1950,0.4653,0.4873,0.3828,24.02
6.30,0.1709,0.4401,0.4547,0.3633,23.69
6.32,0.1797,0.4471,0.4547,0.3659,23.44
6.34,0.1797,0.4218,0.4359,0.3659,23.44
6.36,0.1559,0.4218,0.4215,0.3467,23.08
6.38,0.1648,0.4287,0.4215,0.3493,22.83
6.40,0.1409,0.4031,0.3878,0.3310,22.51
6.42,0.1503,0.4103,0.3878,0.3336,22.26
6.44,0.1503,0.3847,0.3669,0.3336,22.26
6.46,0.1503,0.3847,0.3669,0.3336,22.26
6.48,0.1359,0.3918,0.3542,0.3187,21.73
6.50,0.1125,0.3664,0.3202,0.3019,21.41
6.52,0.1218,0.3739,0.3202,0.3039,21.15
6.54,0.1218,0.3487,0.2980,0.3039,21.15
6.56,0.0988,0.3487,0.2864,0.2882,20.86
6.58,0.1083,0.3563,0.2864,0.2899,20.60
6.60,0.0856,0.3319,0.2533,0.2757,20.36
6.62,0.0952,0.3397,0.2533,0.2772,20.10
6.64,0.0952,0.3158,0.2302,0.2772,20.10
6.66,0.0728,0.3158,0.2202,0.2637,19.85
6.68,0.0823,0.3237,0.2202,0.2648,19.58
6.70,0.0608,0.2999,0.1876,0.2532,19.39
6.72,0.0702,0.3079,0.1876,0.2538,19.12
6.74,0.0702,0.2850,0.1634,0.2538,19.12
6.76,0.0493,0.2850,0.1550,0.2428,18.90
6.78,0.0589,0.2931,0.1550,0.2433,18.64
6.80,0.0386,0.2707,0.1232,0.2339,18.46
6.82,0.0482,0.2788,0.1232,0.2342,18.22
6.84,0.0482,0.2570,0.0982,0.2342,18.22
6.86,0.0285,0.2570,0.0920,0.2261,18.07
6.88,0.0382,0.2653,0.0920,0.2260,17.82
6.90,0.0190,0.2433,0.0620,0.2190,17.69
6.92,0.0285,0.2517,0.0620,0.2183,17.44
6.94,0.0285,0.2297,0.0382,0.2183,17.44
6.96,0.0103,0.2297,0.0333,0.2126,17.32
6.98,0.0200,0.2381,0.0333,0.2119,17.09
7.00,0.0023,0.2152,0.0066,0.2069,16.97
7.02,0.0120,0.2238,0.0066,0.2076,16.88
7.04,0.0120,0.2002,0.0149,0.2097,17.06
7.06,0.0048,0.2002,0.0190,0.2075,17.11
7.08,0.0049,0.2091,0.0190,0.2079,17.02
7.10,0.0113,0.1848,0.0427,0.2067,17.10
7.12,0.0018,0.1936,0.0427,0.2068,17.01
7.14,0.0018,0.1694,0.0618,0.2088,17.18
7.16,0.0171,0.1694,0.0662,0.2070,17.16
7.18,0.0075,0.1782,0.0662,0.2070,17.09
7.20,0.0224,0.1535,0.0900,0.2048,17.00
7.22,0.0128,0.1623,0.0900,0.2047,16.94
7.24,0.0128,0.1379,0.1077,0.2067,17.11
7.26,0.0264,0.1379,0.1150,0.2025,16.81
7.28,0.0168,0.1468,0.1150,0.2022,16.75
7.30,0.0294,0.1221,0.1411,0.1964,16.29
7.32,0.0198,0.1309,0.1411,0.1961,16.25
7.34,0.0198,0.1067,0.1573,0.1981,16.42
7.36,0.0315,0.1067,0.1674,0.1913,15.85
7.38,0.0219,0.1156,0.1674,0.1908,15.81
7.40,0.0329,0.0918,0.1922,0.1843,15.25
7.42,0.0234,0.1006,0.1922,0.1837,15.21
7.44,0.0234,0.0770,0.2054,0.1857,15.38
7.46,0.0336,0.0770,0.2154,0.1792,14.81
7.48,0.0240,0.0860,0.2154,0.1785,14.78
7.50,0.0338,0.0632,0.2354,0.1722,14.21
7.52,0.0242,0.0724,0.2354,0.1714,14.17
7.54,0.0242,0.0510,0.2429,0.1733,14.33
7.56,0.0335,0.0510,0.2525,0.1675,13.80
7.58,0.0238,0.0602,0.2525,0.1666,13.77
7.60,0.0328,0.0404,0.2679,0.1610,13.25
7.62,0.0228,0.0499,0.2679,0.1601,13.21
7.64,0.0228,0.0323,0.2738,0.1620,13.38
7.66,0.0314,0.0323,0.2832,0.1563,12.85
7.68,0.0216,0.0417,0.2832,0.1552,12.81
7.70,0.0299,0.0261,0.2990,0.1500,12.32
7.72,0.0201,0.0357,0.2990,0.1488,12.27
7.74,0.0201,0.0217,0.3063,0.1507,12.43
7.76,0.0282,0.0217,0.3149,0.1456,11.96
7.78,0.0183,0.0314,0.3149,0.1444,11.91
7.80,0.0265,0.0193,0.3293,0.1400,11.49
7.82,0.0167,0.0288,0.3293,0.1392,11.47
7.84,0.0167,0.0184,0.3347,0.1411,11.63
7.86,0.0246,0.0184,0.3425,0.1366,11.21
7.88,0.0145,0.0281,0.3425,0.1361,11.21
7.90,0.0224,0.0281,0.3498,0.1318,10.83
7.92,0.0124,0.0289,0.3544,0.1314,10.82
7.94,0.0124,0.0213,0.3583,0.1332,10.97
7.96,0.0202,0.0213,0.3652,0.1292,10.62
7.98,0.0102,0.0311,0.3652,0.1287,10.60
8.00,0.0181,0.0246,0.3750,0.1250,10.27
8.02,0.0082,0.0343,0.3750,0.1247,10.26
8.04,0.0082,0.0289,0.3778,0.1264,10.40
8.06,0.0161,0.0289,0.3839,0.1229,10.10
8.08,0.0061,0.0387,0.3839,0.1226,10.08
8.10,0.0141,0.0343,0.3921,0.1193,9.81
8.12,0.0043,0.0441,0.3921,0.1190,9.78
8.14,0.0043,0.0406,0.3941,0.1207,9.92
8.16,0.0125,0.0406,0.3993,0.1175,9.66
8.18,0.0028,0.0501,0.3993,0.1177,9.66
8.20,0.0110,0.0501,0.4042,0.1144,9.41
8.22,0.0010,0.0573,0.4059,0.1143,9.37
8.24,0.0010,0.0550,0.4073,0.1159,9.51
8.26,0.0094,0.0550,0.4119,0.1126,9.26
8.28,0.0003,0.0647,0.4119,0.1129,9.25
8.30,0.0081,0.0627,0.4171,0.1097,9.01
8.32,0.0017,0.0725,0.4171,0.1102,9.01
8.34,0.0017,0.0712,0.4179,0.1118,9.14
8.36,0.0069,0.0712,0.4211,0.1090,8.96
8.38,0.0029,0.0809,0.4211,0.1095,8.95
8.40,0.0062,0.0798,0.4250,0.1066,8.76
8.42,0.0036,0.0895,0.4250,0.1070,8.74
8.44,0.0036,0.0890,0.4253,0.1086,8.87
8.46,0.0054,0.0890,0.4276,0.1057,8.69
8.48,0.0042,0.0986,0.4276,0.1062,8.67
8.50,0.0051,0.0977,0.4294,0.1038,8.52
8.52,0.0045,0.1074,0.4294,0.1042,8.50
8.54,0.0045,0.1071,0.4292,0.1057,8.62
8.56,0.0050,0.1071,0.4302,0.1031,8.47
8.58,0.0048,0.1169,0.4302,0.1035,8.44
8.60,0.0052,0.1160,0.4314,0.1010,8.30
8.62,0.0046,0.1259,0.4314,0.1014,8.27
8.64,0.0046,0.1246,0.4319,0.1027,8.38
8.66,0.0054,0.1246,0.4314,0.1006,8.26
8.68,0.0043,0.1344,0.4314,0.1007,8.22
8.70,0.0059,0.1328,0.4316,0.0984,8.08
8.72,0.0039,0.1426,0.4316,0.0984,8.03
8.74,0.0039,0.1403,0.4329,0.0997,8.14
8.76,0.0061,0.1403,0.4317,0.0974,7.99
8.78,0.0037,0.1502,0.4317,0.0974,7.95
8.80,0.0065,0.1468,0.4316,0.0953,7.83
8.82,0.0035,0.1568,0.4316,0.0955,7.80
8.84,0.0035,0.1523,0.4343,0.0967,7.89
8.86,0.0067,0.1523,0.4321,0.0947,7.77
8.88,0.0033,0.1624,0.4321,0.0946,7.73
8.90,0.0067,0.1564,0.4335,0.0924,7.59
8.92,0.0035,0.1668,0.4335,0.0922,7.53
8.94,0.0035,0.1596,0.4382,0.0934,7.62
8.96,0.0066,0.1596,0.4355,0.0913,7.50
8.98,0.0036,0.1698,0.4355,0.0914,7.46
9.00,0.0067,0.1614,0.4375,0.0898,7.37
9.02,0.0036,0.1717,0.4375,0.0898,7.33
9.04,0.0036,0.1619,0.4438,0.0908,7.41
9.06,0.0068,0.1619,0.4405,0.0889,7.30
9.08,0.0034,0.1722,0.4405,0.0887,7.24
9.10,0.0072,0.1613,0.4438,0.0869,7.13
9.12,0.0028,0.1714,0.4438,0.0867,7.08
9.14,0.0028,0.1588,0.4522,0.0876,7.16
9.16,0.0078,0.1588,0.4485,0.0858,7.04
9.18,0.0022,0.1689,0.4485,0.0855,6.99
9.20,0.0084,0.1549,0.4537,0.0841,6.90
9.22,0.0016,0.1650,0.4537,0.0836,6.84
9.24,0.0016,0.1498,0.4635,0.0845,6.91
9.26,0.0090,0.1498,0.4598,0.0827,6.77
9.28,0.0013,0.1603,0.4598,0.0820,6.71
9.30,0.0092,0.1441,0.4664,0.0801,6.56
9.32,0.0009,0.1543,0.4664,0.0794,6.50
9.34,0.0009,0.1371,0.4772,0.0802,6.56
9.36,0.0096,0.1371,0.4736,0.0785,6.43
9.38,0.0004,0.1472,0.4736,0.0779,6.38
9.40,0.0101,0.1290,0.4806,0.0765,6.26
9.42,0.0000,0.1391,0.4806,0.0760,6.22
9.44,0.0000,0.1208,0.4904,0.0766,6.28
9.46,0.0103,0.1208,0.4872,0.0752,6.15
9.48,0.0002,0.1310,0.4872,0.0742,6.08
9.50,0.0105,0.1122,0.4925,0.0734,5.99
9.52,0.0004,0.1223,0.4925,0.0724,5.93
9.54,0.0004,0.1033,0.5003,0.0730,5.98
9.56,0.0109,0.1033,0.4969,0.0726,5.92
9.58,0.0008,0.1134,0.4969,0.0716,5.87
9.60,0.0112,0.0947,0.5003,0.0712,5.80
9.62,0.0011,0.1048,0.5003,0.0700,5.74
9.64,0.0011,0.0867,0.5048,0.0705,5.78
9.66,0.0115,0.0867,0.5020,0.0703,5.73
9.68,0.0015,0.0968,0.5020,0.0689,5.65
9.70,0.0120,0.0790,0.5019,0.0690,5.62
9.72,0.0019,0.0892,0.5019,0.0675,5.53
9.74,0.0019,0.0725,0.5026,0.0679,5.57
9.76,0.0123,0.0725,0.5004,0.0682,5.54
9.78,0.0023,0.0825,0.5004,0.0667,5.46
9.80,0.0023,0.0825,0.5004,0.0670,5.49
9.82,0.0025,0.0770,0.4971,0.0656,5.37
9.84,0.0025,0.0770,0.4971,0.0659,5.40
9.86,0.0128,0.0620,0.4929,0.0663,5.38
9.88,0.0025,0.0724,0.4929,0.0644,5.28
9.90,0.0128,0.0587,0.4866,0.0654,5.30
9.92,0.0023,0.0691,0.4866,0.0635,5.20
9.94,0.0023,0.0565,0.4814,0.0637,5.22
9.96,0.0023,0.0565,0.4814,0.0639,5.24
9.98,0.0021,0.0670,0.4799,0.0628,5.15
10.00,0.0124,0.0554,0.4723,0.0640,5.18
10.02,0.0019,0.0658,0.4723,0.0623,5.10
10.04,0.0019,0.0551,0.4655,0.0624,5.11
10.06,0.0121,0.0551,0.4640,0.0636,5.15
10.08,0.0016,0.0655,0.4640,0.0615,5.04
10.10,0.0121,0.0557,0.4555,0.0628,5.09
10.12,0.0019,0.0658,0.4555,0.0607,4.97
10.14,0.0019,0.0571,0.4477,0.0607,4.97
10.16,0.0121,0.0571,0.4463,0.0619,5.01
10.18,0.0019,0.0672,0.4463,0.0599,4.91
10.20,0.0122,0.0592,0.4372,0.0611,4.95
10.22,0.0020,0.0693,0.4372,0.0590,4.83
10.24,0.0020,0.0620,0.4292,0.0589,4.83
10.26,0.0121,0.0620,0.4278,0.0602,4.87
10.28,0.0019,0.0719,0.4278,0.0581,4.76
10.30,0.0123,0.0651,0.4187,0.0594,4.80
10.32,0.0021,0.0750,0.4187,0.0573,4.69
10.34,0.0021,0.0687,0.4106,0.0571,4.68
10.36,0.0122,0.0687,0.4092,0.0585,4.73
10.38,0.0021,0.0784,0.4092,0.0564,4.62
10.40,0.0122,0.0722,0.3998,0.0578,4.67
10.42,0.0022,0.0819,0.3998,0.0555,4.55
10.44,0.0022,0.0761,0.3916,0.0553,4.53
10.46,0.0125,0.0761,0.3899,0.0570,4.59
10.48,0.0024,0.0858,0.3899,0.0547,4.48
10.50,0.0129,0.0800,0.3798,0.0565,4.55
10.52,0.0030,0.0896,0.3798,0.0539,4.42
10.54,0.0030,0.0840,0.3709,0.0535,4.39
10.56,0.0133,0.0840,0.3693,0.0554,4.44
10.58,0.0031,0.0938,0.3693,0.0526,4.31
10.60,0.0132,0.0881,0.3584,0.0547,4.39
10.62,0.0033,0.0975,0.3584,0.0521,4.27
10.64,0.0033,0.0921,0.3488,0.0516,4.23
10.66,0.0033,0.0921,0.3488,0.0512,4.19
10.68,0.0035,0.1014,0.3467,0.0513,4.20
10.70,0.0139,0.0962,0.3345,0.0537,4.29
10.72,0.0039,0.1056,0.3345,0.0506,4.14
10.74,0.0039,0.1007,0.3237,0.0501,4.10
10.76,0.0039,0.1007,0.3237,0.0495,4.05
10.78,0.0041,0.1100,0.3219,0.0494,4.04
10.80,0.0144,0.1051,0.3087,0.0520,4.13
10.82,0.0043,0.1144,0.3087,0.0489,4.00
10.84,0.0043,0.1097,0.2971,0.0483,3.95
10.86,0.0145,0.1097,0.2947,0.0513,4.07
10.88,0.0041,0.1193,0.2947,0.0481,3.94
10.90,0.0144,0.1141,0.2806,0.0512,4.06
10.92,0.0037,0.1238,0.2806,0.0479,3.92
10.94,0.0037,0.1182,0.2689,0.0471,3.86
10.96,0.0142,0.1182,0.2663,0.0505,4.00
10.98,0.0033,0.1280,0.2663,0.0473,3.87
11.00,0.0136,0.1216,0.2529,0.0501,3.99
11.02,0.0029,0.1310,0.2529,0.0471,3.85
11.04,0.0029,0.1232,0.2424,0.0462,3.78
11.06,0.0131,0.1232,0.2406,0.0487,3.88
11.08,0.0025,0.1326,0.2406,0.0454,3.72
11.10,0.0127,0.1233,0.2292,0.0479,3.82
11.12,0.0020,0.1325,0.2292,0.0448,3.67
11.14,0.0020,0.1213,0.2211,0.0439,3.59
11.16,0.0122,0.1213,0.2199,0.0459,3.66
11.18,0.0017,0.1303,0.2199,0.0428,3.51
11.20,0.0116,0.1176,0.2109,0.0452,3.61
11.22,0.0008,0.1269,0.2109,0.0420,3.44
11.24,0.0008,0.1131,0.2040,0.0410,3.36
11.26,0.0108,0.1131,0.2030,0.0430,3.44
11.28,0.0000,0.1223,0.2030,0.0400,3.27
11.30,0.0101,0.1078,0.1954,0.0423,3.38
11.32,0.0004,0.1167,0.1954,0.0393,3.22
11.34,0.0004,0.1014,0.1891,0.0382,3.13
11.36,0.0099,0.1014,0.1885,0.0401,3.21
11.38,0.0005,0.1101,0.1885,0.0372,3.04
11.40,0.0096,0.0942,0.1814,0.0396,3.17
11.42,0.0008,0.1027,0.1814,0.0369,3.02
11.44,0.0008,0.0872,0.1745,0.0357,2.92
11.46,0.0095,0.0872,0.1743,0.0377,3.01
11.48,0.0007,0.0954,0.1743,0.0348,2.85
11.50,0.0097,0.0803,0.1660,0.0375,2.99
11.52,0.0005,0.0884,0.1660,0.0345,2.82
11.54,0.0005,0.0750,0.1566,0.0332,2.72
11.56,0.0005,0.0750,0.1566,0.0320,2.61
11.58,0.0002,0.0828,0.1567,0.0324,2.65
11.60,0.0102,0.0705,0.1456,0.0353,2.79
11.62,0.0002,0.0781,0.1456,0.0320,2.62
11.64,0.0002,0.0680,0.1326,0.0307,2.51
11.66,0.0107,0.0680,0.1328,0.0336,2.63
11.68,0.0009,0.0756,0.1328,0.0298,2.44
11.70,0.0111,0.0670,0.1183,0.0334,2.60
11.72,0.0014,0.0742,0.1183,0.0296,2.42
11.74,0.0014,0.0672,0.1034,0.0282,2.31
11.76,0.0116,0.0672,0.1026,0.0327,2.52
11.78,0.0017,0.0743,0.1026,0.0287,2.35
11.80,0.0017,0.0683,0.0873,0.0273,2.23
11.82,0.0082,0.0753,0.0873,0.0266,2.06
11.84,0.0082,0.0697,0.0721,0.0252,1.94
11.86,0.0082,0.0697,0.0721,0.0238,1.81
11.88,0.0184,0.0766,0.0721,0.0275,1.66
11.90,0.0184,0.0709,0.0576,0.0264,1.53
11.92,0.0287,0.0777,0.0576,0.0334,1.37
11.94,0.0287,0.0701,0.0452,0.0326,1.24
11.96,0.0287,0.0701,0.0452,0.0319,1.11
11.98,0.0390,0.0768,0.0452,0.0408,0.95
12.00,0.0128,0.0680,0.0379,0.0298,2.22
12.02,0.0025,0.0746,0.0379,0.0250,2.04
12.04,0.0025,0.0638,0.0308,0.0233,1.90
12.06,0.0131,0.0638,0.0327,0.0270,1.95
12.08,0.0028,0.0701,0.0327,0.0219,1.78
12.10,0.0130,0.0586,0.0296,0.0250,1.77
12.12,0.0028,0.0648,0.0296,0.0196,1.59
12.14,0.0028,0.0520,0.0262,0.0179,1.45
12.16,0.0131,0.0520,0.0292,0.0214,1.40
12.18,0.0029,0.0582,0.0292,0.0152,1.23
12.20,0.0131,0.0451,0.0302,0.0196,1.20
12.22,0.0028,0.0513,0.0302,0.0129,1.03
12.24,0.0028,0.0380,0.0298,0.0112,0.89
12.26,0.0132,0.0380,0.0329,0.0167,0.85
12.28,0.0028,0.0442,0.0329,0.0087,0.68
12.30,0.0131,0.0312,0.0358,0.0156,0.70
12.32,0.0026,0.0373,0.0358,0.0071,0.54
12.34,0.0026,0.0247,0.0369,0.0054,0.39
12.36,0.0130,0.0247,0.0400,0.0137,0.35
12.38,0.0025,0.0307,0.0400,0.0035,0.20
12.40,0.0134,0.0190,0.0445,0.0136,0.20
12.42,0.0032,0.0250,0.0445,0.0032,0.03
12.44,0.0032,0.0142,0.0456,0.0035,0.13
12.46,0.0139,0.0142,0.0493,0.0141,0.18
12.48,0.0036,0.0201,0.0493,0.0055,0.34
12.50,0.0147,0.0099,0.0544,0.0155,0.42
12.52,0.0045,0.0157,0.0544,0.0083,0.58
12.54,0.0045,0.0068,0.0547,0.0100,0.74
12.56,0.0158,0.0068,0.0597,0.0191,0.89
12.58,0.0055,0.0129,0.0597,0.0141,1.06
12.60,0.0167,0.0047,0.0648,0.0225,1.25
12.62,0.0066,0.0108,0.0648,0.0186,1.43
12.64,0.0066,0.0035,0.0643,0.0204,1.59
12.66,0.0178,0.0035,0.0692,0.0277,1.76
12.68,0.0076,0.0095,0.0692,0.0246,1.93
12.70,0.0183,0.0029,0.0724,0.0309,2.07
12.72,0.0082,0.0088,0.0724,0.0282,2.23
12.74,0.0082,0.0031,0.0706,0.0302,2.39
12.76,0.0187,0.0031,0.0745,0.0355,2.50
12.78,0.0086,0.0089,0.0745,0.0332,2.65
12.80,0.0185,0.0041,0.0746,0.0372,2.68
12.82,0.0083,0.0099,0.0746,0.0352,2.82
12.84,0.0083,0.0063,0.0708,0.0372,2.98
12.86,0.0182,0.0063,0.0736,0.0408,3.03
12.88,0.0082,0.0120,0.0736,0.0392,3.16
12.90,0.0175,0.0091,0.0708,0.0417,3.13
12.92,0.0073,0.0149,0.0708,0.0404,3.27
12.94,0.0073,0.0125,0.0657,0.0424,3.43
12.96,0.0163,0.0125,0.0674,0.0443,3.41
12.98,0.0062,0.0183,0.0674,0.0437,3.56
13.00,0.0148,0.0162,0.0630,0.0442,3.45
13.02,0.0048,0.0219,0.0630,0.0439,3.59
13.04,0.0048,0.0199,0.0580,0.0460,3.76
13.06,0.0132,0.0199,0.0588,0.0464,3.68
13.08,0.0033,0.0253,0.0588,0.0465,3.81
13.10,0.0109,0.0236,0.0535,0.0455,3.64
13.12,0.0010,0.0289,0.0535,0.0459,3.76
13.14,0.0010,0.0272,0.0488,0.0480,3.93
13.16,0.0084,0.0272,0.0481,0.0464,3.76
13.18,0.0015,0.0326,0.0481,0.0476,3.89
13.20,0.0055,0.0311,0.0418,0.0449,3.66
13.22,0.0046,0.0366,0.0418,0.0467,3.80
13.24,0.0046,0.0352,0.0373,0.0488,3.97
13.26,0.0022,0.0352,0.0354,0.0453,3.71
13.28,0.0079,0.0404,0.0354,0.0476,3.82
13.30,0.0010,0.0391,0.0288,0.0434,3.55
13.32,0.0109,0.0444,0.0288,0.0465,3.68
13.34,0.0109,0.0430,0.0244,0.0486,3.85
13.36,0.0039,0.0430,0.0221,0.0437,3.55
13.38,0.0139,0.0482,0.0221,0.0475,3.68
13.40,0.0063,0.0465,0.0164,0.0422,3.40
13.42,0.0163,0.0517,0.0164,0.0466,3.53
13.44,0.0163,0.0493,0.0129,0.0486,3.70
13.46,0.0088,0.0493,0.0110,0.0430,3.42
13.48,0.0190,0.0547,0.0110,0.0481,3.57
13.50,0.0109,0.0516,0.0071,0.0423,3.32
13.52,0.0209,0.0568,0.0071,0.0476,3.45
13.54,0.0209,0.0529,0.0054,0.0495,3.62
13.56,0.0121,0.0529,0.0051,0.0439,3.42
13.58,0.0222,0.0582,0.0051,0.0494,3.56
13.60,0.0128,0.0541,0.0039,0.0436,3.38
13.62,0.0228,0.0594,0.0039,0.0494,3.53
13.64,0.0228,0.0548,0.0036,0.0512,3.70
13.66,0.0125,0.0548,0.0049,0.0461,3.60
13.68,0.0225,0.0601,0.0049,0.0516,3.74
13.70,0.0117,0.0550,0.0069,0.0467,3.67
13.72,0.0216,0.0603,0.0069,0.0520,3.82
13.74,0.0216,0.0550,0.0073,0.0539,3.99
13.76,0.0106,0.0550,0.0095,0.0497,3.94
13.78,0.0204,0.0603,0.0095,0.0545,4.08
13.80,0.0088,0.0548,0.0131,0.0506,4.06
13.82,0.0186,0.0599,0.0131,0.0550,4.18
13.84,0.0186,0.0543,0.0143,0.0569,4.35
13.86,0.0068,0.0543,0.0170,0.0533,4.31
13.88,0.0168,0.0595,0.0170,0.0573,4.43
13.90,0.0045,0.0537,0.0214,0.0542,4.41
13.92,0.0143,0.0587,0.0214,0.0574,4.51
13.94,0.0143,0.0526,0.0232,0.0594,4.67
13.96,0.0022,0.0526,0.0259,0.0567,4.63
13.98,0.0120,0.0576,0.0259,0.0594,4.72
14.00,0.0005,0.0513,0.0307,0.0572,4.69
14.02,0.0094,0.0564,0.0307,0.0595,4.78
14.04,0.0094,0.0497,0.0328,0.0614,4.94
14.06,0.0029,0.0497,0.0352,0.0594,4.87
14.08,0.0073,0.0551,0.0352,0.0614,4.97
14.10,0.0050,0.0480,0.0401,0.0599,4.91
14.12,0.0051,0.0533,0.0401,0.0615,5.00
14.14,0.0051,0.0460,0.0428,0.0634,5.15
14.16,0.0067,0.0460,0.0437,0.0608,4.97
14.18,0.0033,0.0515,0.0437,0.0623,5.08
14.20,0.0085,0.0438,0.0474,0.0600,4.89
14.22,0.0014,0.0491,0.0474,0.0610,4.98
14.24,0.0014,0.0412,0.0500,0.0628,5.13
14.26,0.0099,0.0412,0.0498,0.0599,4.87
14.28,0.0001,0.0465,0.0498,0.0606,4.96
14.30,0.0112,0.0385,0.0520,0.0580,4.70
14.32,0.0012,0.0438,0.0520,0.0583,4.78
14.34,0.0012,0.0360,0.0537,0.0601,4.92
14.36,0.0122,0.0360,0.0530,0.0572,4.61
14.38,0.0021,0.0413,0.0530,0.0573,4.70
14.40,0.0129,0.0336,0.0533,0.0546,4.38
14.42,0.0029,0.0390,0.0533,0.0545,4.46
14.44,0.0029,0.0317,0.0532,0.0562,4.60
14.46,0.0134,0.0317,0.0524,0.0535,4.28
14.48,0.0035,0.0370,0.0524,0.0533,4.36
14.50,0.0141,0.0304,0.0505,0.0511,4.06
14.52,0.0040,0.0357,0.0505,0.0505,4.14
14.54,0.0040,0.0297,0.0478,0.0522,4.27
14.56,0.0140,0.0297,0.0473,0.0502,3.99
14.58,0.0041,0.0348,0.0473,0.0496,4.06
14.60,0.0143,0.0293,0.0435,0.0478,3.77
14.62,0.0043,0.0346,0.0435,0.0472,3.86
14.64,0.0043,0.0294,0.0397,0.0488,3.99
14.66,0.0143,0.0294,0.0397,0.0474,3.74
14.68,0.0042,0.0348,0.0397,0.0468,3.83
14.70,0.0140,0.0299,0.0354,0.0451,3.55
14.72,0.0039,0.0353,0.0354,0.0445,3.64
14.74,0.0039,0.0306,0.0315,0.0460,3.77
14.76,0.0142,0.0306,0.0323,0.0453,3.56
14.78,0.0042,0.0359,0.0323,0.0447,3.65
14.80,0.0140,0.0359,0.0330,0.0442,3.47
14.82,0.0041,0.0412,0.0330,0.0435,3.55
14.84,0.0041,0.0332,0.0250,0.0449,3.67
14.86,0.0140,0.0332,0.0263,0.0448,3.52
14.88,0.0040,0.0384,0.0263,0.0441,3.60
14.90,0.0136,0.0345,0.0240,0.0440,3.46
14.92,0.0035,0.0396,0.0240,0.0431,3.53
14.94,0.0035,0.0356,0.0209,0.0445,3.64
14.96,0.0035,0.0356,0.0209,0.0458,3.75
14.98,0.0030,0.0407,0.0225,0.0439,3.59
15.00,0.0123,0.0367,0.0213,0.0441,3.50
15.02,0.0023,0.0418,0.0213,0.0435,3.56
15.04,0.0023,0.0372,0.0200,0.0448,3.67
15.06,0.0114,0.0372,0.0216,0.0446,3.56
15.08,0.0012,0.0422,0.0216,0.0440,3.60
15.10,0.0101,0.0374,0.0221,0.0434,3.48
15.12,0.0001,0.0425,0.0221,0.0431,3.52
15.14,0.0001,0.0376,0.0216,0.0443,3.62
15.16,0.0090,0.0376,0.0230,0.0434,3.50
15.18,0.0014,0.0429,0.0230,0.0434,3.55
15.20,0.0075,0.0379,0.0245,0.0424,3.43
15.22,0.0027,0.0430,0.0245,0.0425,3.47
15.24,0.0027,0.0375,0.0254,0.0437,3.56
15.26,0.0065,0.0375,0.0270,0.0424,3.44
15.28,0.0037,0.0427,0.0270,0.0427,3.47
15.30,0.0054,0.0373,0.0293,0.0413,3.36
15.32,0.0047,0.0425,0.0293,0.0419,3.40
15.34,0.0047,0.0374,0.0299,0.0429,3.48
15.36,0.0047,0.0374,0.0317,0.0413,3.37
15.38,0.0054,0.0425,0.0317,0.0419,3.39
15.40,0.0039,0.0372,0.0340,0.0402,3.29
15.42,0.0064,0.0425,0.0340,0.0410,3.30
15.44,0.0064,0.0375,0.0337,0.0419,3.37
15.46,0.0030,0.0375,0.0357,0.0401,3.28
15.48,0.0072,0.0426,0.0357,0.0408,3.27
15.50,0.0023,0.0379,0.0369,0.0387,3.17
15.52,0.0079,0.0431,0.0369,0.0398,3.17
15.54,0.0079,0.0385,0.0359,0.0406,3.24
15.56,0.0017,0.0385,0.0378,0.0382,3.13
15.58,0.0084,0.0440,0.0378,0.0397,3.15
15.60,0.0014,0.0397,0.0385,0.0373,3.05
15.62,0.0087,0.0450,0.0385,0.0386,3.06
15.64,0.0087,0.0406,0.0371,0.0394,3.12
15.66,0.0011,0.0406,0.0395,0.0371,3.03
15.68,0.0090,0.0462,0.0395,0.0387,3.06
15.70,0.0011,0.0416,0.0407,0.0365,2.99
15.72,0.0091,0.0470,0.0407,0.0379,2.99
15.74,0.0091,0.0425,0.0390,0.0385,3.05
15.76,0.0011,0.0425,0.0416,0.0362,2.97
15.78,0.0090,0.0479,0.0416,0.0375,2.96
15.80,0.0013,0.0434,0.0426,0.0352,2.88
15.82,0.0086,0.0489,0.0426,0.0366,2.89
15.84,0.0086,0.0443,0.0404,0.0371,2.94
15.86,0.0017,0.0443,0.0435,0.0352,2.89
15.88,0.0082,0.0497,0.0435,0.0364,2.88
15.90,0.0026,0.0452,0.0446,0.0346,2.83
15.92,0.0072,0.0505,0.0446,0.0353,2.82
15.94,0.0072,0.0458,0.0423,0.0358,2.85
15.96,0.0035,0.0458,0.0456,0.0344,2.81
15.98,0.0067,0.0514,0.0456,0.0350,2.80
16.00,0.0038,0.0468,0.0463,0.0334,2.72
16.02,0.0062,0.0524,0.0463,0.0338,2.71
16.04,0.0062,0.0474,0.0443,0.0342,2.74
16.06,0.0044,0.0474,0.0476,0.0331,2.70
16.08,0.0058,0.0530,0.0476,0.0334,2.68
16.10,0.0050,0.0480,0.0491,0.0327,2.66
16.12,0.0053,0.0538,0.0491,0.0328,2.64
16.14,0.0053,0.0488,0.0464,0.0331,2.66
16.16,0.0052,0.0488,0.0502,0.0327,2.65
16.18,0.0052,0.0545,0.0502,0.0325,2.62
16.20,0.0055,0.0495,0.0517,0.0324,2.63
16.22,0.0051,0.0554,0.0517,0.0321,2.59
16.24,0.0051,0.0501,0.0493,0.0323,2.60
16.26,0.0055,0.0501,0.0532,0.0322,2.60
16.28,0.0048,0.0559,0.0532,0.0319,2.57
16.30,0.0057,0.0504,0.0548,0.0318,2.57
16.32,0.0046,0.0562,0.0548,0.0314,2.53
16.34,0.0046,0.0509,0.0521,0.0315,2.54
16.36,0.0059,0.0509,0.0560,0.0315,2.54
16.38,0.0044,0.0567,0.0560,0.0309,2.50
16.40,0.0063,0.0516,0.0573,0.0310,2.50
16.42,0.0041,0.0575,0.0573,0.0304,2.46
16.44,0.0041,0.0522,0.0544,0.0304,2.46
16.46,0.0065,0.0522,0.0582,0.0304,2.44
16.48,0.0039,0.0579,0.0582,0.0294,2.38
16.50,0.0067,0.0524,0.0591,0.0295,2.37
16.52,0.0038,0.0584,0.0591,0.0285,2.31
16.54,0.0038,0.0530,0.0562,0.0284,2.30
16.56,0.0066,0.0530,0.0605,0.0291,2.33
16.58,0.0039,0.0591,0.0605,0.0282,2.28
16.60,0.0064,0.0591,0.0646,0.0287,2.30
16.62,0.0040,0.0594,0.0622,0.0279,2.25
16.64,0.0040,0.0540,0.0591,0.0277,2.23
16.66,0.0065,0.0540,0.0632,0.0280,2.24
16.68,0.0039,0.0601,0.0632,0.0270,2.18
16.70,0.0064,0.0546,0.0642,0.0276,2.21
16.72,0.0041,0.0608,0.0642,0.0267,2.15
16.74,0.0041,0.0551,0.0606,0.0264,2.13
16.76,0.0063,0.0551,0.0653,0.0272,2.18
16.78,0.0043,0.0614,0.0653,0.0264,2.12
16.80,0.0060,0.0556,0.0667,0.0274,2.20
16.82,0.0044,0.0619,0.0667,0.0266,2.14
16.84,0.0044,0.0561,0.0630,0.0263,2.11
16.86,0.0057,0.0561,0.0676,0.0269,2.16
16.88,0.0044,0.0623,0.0676,0.0261,2.10
16.90,0.0059,0.0567,0.0678,0.0266,2.13
16.92,0.0043,0.0629,0.0678,0.0257,2.06
16.94,0.0043,0.0572,0.0635,0.0252,2.03
16.96,0.0060,0.0572,0.0682,0.0259,2.07
16.98,0.0043,0.0634,0.0682,0.0249,2.00
17.00,0.0062,0.0578,0.0690,0.0258,2.06
17.02,0.0042,0.0640,0.0690,0.0247,1.99
17.04,0.0042,0.0585,0.0647,0.0242,1.94
17.06,0.0060,0.0585,0.0697,0.0252,2.01
17.08,0.0043,0.0648,0.0697,0.0241,1.94
17.10,0.0058,0.0592,0.0705,0.0253,2.03
17.12,0.0046,0.0655,0.0705,0.0242,1.94
17.14,0.0046,0.0599,0.0660,0.0236,1.89
17.16,0.0055,0.0599,0.0712,0.0247,1.98
17.18,0.0048,0.0661,0.0712,0.0237,1.89
17.20,0.0055,0.0600,0.0722,0.0247,1.98
17.22,0.0049,0.0664,0.0722,0.0236,1.88
17.24,0.0049,0.0601,0.0680,0.0229,1.82
17.26,0.0053,0.0601,0.0734,0.0240,1.92
17.28,0.0049,0.0663,0.0734,0.0229,1.83
17.30,0.0054,0.0598,0.0751,0.0245,1.96
17.32,0.0047,0.0660,0.0751,0.0232,1.85
17.34,0.0047,0.0596,0.0707,0.0224,1.78
17.36,0.0054,0.0596,0.0761,0.0234,1.87
17.38,0.0046,0.0656,0.0761,0.0220,1.76
17.40,0.0057,0.0594,0.0769,0.0232,1.85
17.42,0.0047,0.0656,0.0769,0.0216,1.72
17.44,0.0047,0.0591,0.0722,0.0206,1.64
17.46,0.0053,0.0591,0.0778,0.0219,1.75
17.48,0.0050,0.0653,0.0778,0.0205,1.62
17.50,0.0052,0.0592,0.0782,0.0215,1.72
17.52,0.0052,0.0655,0.0782,0.0202,1.59
17.54,0.0052,0.0594,0.0731,0.0192,1.51
17.56,0.0051,0.0594,0.0787,0.0201,1.60
17.58,0.0052,0.0658,0.0787,0.0188,1.48
17.60,0.0049,0.0598,0.0789,0.0196,1.56
17.62,0.0054,0.0663,0.0789,0.0186,1.45
17.64,0.0054,0.0603,0.0734,0.0175,1.36
17.66,0.0048,0.0603,0.0793,0.0185,1.47
17.68,0.0056,0.0667,0.0793,0.0174,1.35
17.70,0.0047,0.0609,0.0795,0.0184,1.46
17.72,0.0057,0.0674,0.0795,0.0174,1.34
17.74,0.0057,0.0615,0.0739,0.0163,1.24
17.76,0.0045,0.0615,0.0797,0.0170,1.35
17.78,0.0059,0.0680,0.0797,0.0161,1.22
17.80,0.0042,0.0622,0.0798,0.0169,1.34
17.82,0.0060,0.0687,0.0798,0.0162,1.23
17.84,0.0060,0.0626,0.0743,0.0150,1.12
17.86,0.0042,0.0626,0.0799,0.0152,1.20
17.88,0.0059,0.0691,0.0799,0.0147,1.09
17.90,0.0045,0.0628,0.0803,0.0150,1.18
17.92,0.0057,0.0693,0.0803,0.0142,1.06
17.94,0.0057,0.0626,0.0749,0.0129,0.95
17.96,0.0043,0.0626,0.0807,0.0134,1.04
17.98,0.0059,0.0691,0.0807,0.0127,0.92
18.00,0.0043,0.0626,0.0816,0.0135,1.05
18.02,0.0059,0.0691,0.0816,0.0128,0.92
18.04,0.0059,0.0626,0.0764,0.0115,0.80
18.06,0.0046,0.0626,0.0823,0.0118,0.89
18.08,0.0055,0.0692,0.0823,0.0109,0.77
18.10,0.0049,0.0625,0.0828,0.0113,0.84
18.12,0.0054,0.0690,0.0828,0.0101,0.70
18.14,0.0054,0.0621,0.0777,0.0089,0.58
18.16,0.0048,0.0621,0.0832,0.0091,0.63
18.18,0.0055,0.0687,0.0832,0.0083,0.50
18.20,0.0049,0.0621,0.0835,0.0084,0.55
18.22,0.0054,0.0687,0.0835,0.0074,0.42
18.24,0.0054,0.0620,0.0781,0.0064,0.29
18.26,0.0052,0.0620,0.0835,0.0064,0.31
18.28,0.0051,0.0685,0.0835,0.0055,0.16
18.30,0.0054,0.0618,0.0828,0.0057,0.15
18.32,0.0049,0.0684,0.0828,0.0049,0.01
18.34,0.0049,0.0620,0.0769,0.0051,0.13
18.36,0.0055,0.0620,0.0814,0.0060,0.18
18.38,0.0046,0.0686,0.0814,0.0060,0.32
18.40,0.0060,0.0623,0.0796,0.0078,0.42
18.42,0.0044,0.0690,0.0796,0.0082,0.56
18.44,0.0044,0.0625,0.0739,0.0097,0.70
18.46,0.0062,0.0625,0.0774,0.0121,0.85
18.48,0.0039,0.0691,0.0774,0.0127,0.99
18.50,0.0069,0.0627,0.0747,0.0158,1.17
18.52,0.0034,0.0695,0.0747,0.0162,1.29
18.54,0.0034,0.0630,0.0690,0.0180,1.44
18.56,0.0072,0.0630,0.0723,0.0209,1.61
18.58,0.0030,0.0697,0.0723,0.0216,1.75
18.60,0.0075,0.0628,0.0709,0.0238,1.86
18.62,0.0027,0.0696,0.0709,0.0244,1.98
18.64,0.0027,0.0629,0.0655,0.0262,2.13
18.66,0.0075,0.0629,0.0704,0.0273,2.16
18.68,0.0026,0.0697,0.0704,0.0279,2.27
18.70,0.0075,0.0624,0.0716,0.0279,2.21
18.72,0.0027,0.0691,0.0716,0.0288,2.34
18.74,0.0027,0.0613,0.0674,0.0306,2.49
18.76,0.0072,0.0613,0.0740,0.0297,2.37
18.78,0.0030,0.0682,0.0740,0.0305,2.48
18.80,0.0068,0.0600,0.0774,0.0288,2.31
18.82,0.0033,0.0668,0.0774,0.0299,2.43
18.84,0.0033,0.0584,0.0739,0.0318,2.58
18.86,0.0059,0.0584,0.0811,0.0297,2.39
18.88,0.0040,0.0653,0.0811,0.0308,2.50
18.90,0.0053,0.0573,0.0845,0.0284,2.29
18.92,0.0046,0.0639,0.0845,0.0301,2.43
18.94,0.0046,0.0560,0.0804,0.0321,2.59
18.96,0.0046,0.0560,0.0879,0.0293,2.38
18.98,0.0054,0.0629,0.0879,0.0311,2.50
19.00,0.0039,0.0558,0.0906,0.0276,2.25
19.02,0.0061,0.0627,0.0906,0.0297,2.37
19.04,0.0061,0.0560,0.0851,0.0317,2.53
19.06,0.0029,0.0560,0.0928,0.0281,2.29
19.08,0.0070,0.0629,0.0928,0.0304,2.41
19.10,0.0023,0.0573,0.0936,0.0270,2.20
19.12,0.0077,0.0645,0.0936,0.0294,2.31
19.14,0.0077,0.0590,0.0866,0.0314,2.48
19.16,0.0077,0.0590,0.0866,0.0334,2.64
19.18,0.0088,0.0662,0.0944,0.0300,2.33
19.20,0.0003,0.0612,0.0948,0.0255,2.09
19.22,0.0100,0.0684,0.0948,0.0289,2.21
19.24,0.0100,0.0639,0.0870,0.0309,2.37
19.26,0.0100,0.0639,0.0870,0.0328,2.54
19.28,0.0110,0.0712,0.0949,0.0298,2.25
19.30,0.0016,0.0664,0.0951,0.0246,2.01
19.32,0.0118,0.0736,0.0951,0.0288,2.13
19.34,0.0118,0.0688,0.0875,0.0307,2.30
19.36,0.0018,0.0688,0.0944,0.0264,2.15
19.38,0.0120,0.0761,0.0944,0.0305,2.27
19.40,0.0014,0.0711,0.0935,0.0268,2.19
19.42,0.0115,0.0784,0.0935,0.0306,2.30
19.44,0.0115,0.0726,0.0866,0.0326,2.48
19.46,0.0004,0.0726,0.0929,0.0294,2.41
19.48,0.0105,0.0797,0.0929,0.0329,2.53
19.50,0.0011,0.0737,0.0922,0.0308,2.52
19.52,0.0088,0.0807,0.0922,0.0338,2.65
19.54,0.0088,0.0739,0.0865,0.0358,2.82
19.56,0.0029,0.0739,0.0928,0.0339,2.77
19.58,0.0072,0.0811,0.0928,0.0362,2.89
19.60,0.0042,0.0734,0.0937,0.0349,2.84
19.62,0.0057,0.0806,0.0937,0.0367,2.95
19.64,0.0057,0.0723,0.0890,0.0387,3.12
19.66,0.0057,0.0723,0.0960,0.0369,3.00
19.68,0.0042,0.0795,0.0960,0.0383,3.11
19.70,0.0064,0.0709,0.0995,0.0357,2.89
19.72,0.0035,0.0781,0.0995,0.0369,3.00
19.74,0.0035,0.0692,0.0954,0.0390,3.17
19.76,0.0070,0.0692,0.1041,0.0356,2.87
19.78,0.0030,0.0766,0.1041,0.0365,2.97
19.80,0.0072,0.0766,0.1123,0.0334,2.69
19.82,0.0027,0.0749,0.1082,0.0344,2.80
19.84,0.0027,0.0749,0.1082,0.0365,2.97
19.86,0.0072,0.0661,0.1125,0.0330,2.65
19.88,0.0028,0.0733,0.1125,0.0340,2.77
19.90,0.0069,0.0653,0.1155,0.0302,2.42
19.92,0.0030,0.0726,0.1155,0.0312,2.54
19.94,0.0030,0.0647,0.1093,0.0333,2.71
19.96,0.0065,0.0647,0.1181,0.0295,2.36
19.98,0.0035,0.0721,0.1181,0.0305,2.48
20.00,0.0061,0.0649,0.1194,0.0273,2.19
20.02,0.0039,0.0724,0.1194,0.0283,2.29
20.04,0.0039,0.0654,0.1123,0.0303,2.46
20.06,0.0057,0.0654,0.1205,0.0269,2.16
20.08,0.0042,0.0726,0.1205,0.0282,2.28
20.10,0.0054,0.0657,0.1209,0.0250,2.00
20.12,0.0045,0.0731,0.1209,0.0263,2.11
20.14,0.0045,0.0664,0.1133,0.0283,2.28
20.16,0.0048,0.0664,0.1210,0.0250,2.02
20.18,0.0051,0.0738,0.1210,0.0265,2.12
20.20,0.0045,0.0682,0.1194,0.0236,1.90
20.22,0.0056,0.0757,0.1194,0.0252,2.00
20.24,0.0056,0.0705,0.1102,0.0271,2.17
20.26,0.0037,0.0705,0.1177,0.0237,1.92
20.28,0.0063,0.0779,0.1177,0.0256,2.02
20.30,0.0035,0.0728,0.1152,0.0227,1.84
20.32,0.0065,0.0801,0.1152,0.0248,1.95
20.34,0.0065,0.0749,0.1058,0.0267,2.11
20.36,0.0030,0.0749,0.1132,0.0230,1.87
20.38,0.0070,0.0823,0.1132,0.0252,1.98
20.40,0.0030,0.0768,0.1107,0.0220,1.79
20.42,0.0069,0.0841,0.1107,0.0243,1.90
20.44,0.0069,0.0780,0.1020,0.0261,2.05
20.46,0.0030,0.0780,0.1092,0.0225,1.83
20.48,0.0069,0.0852,0.1092,0.0248,1.94
20.50,0.0034,0.0783,0.1079,0.0219,1.77
20.52,0.0065,0.0854,0.1079,0.0240,1.89
20.54,0.0065,0.0775,0.1009,0.0258,2.04
20.56,0.0043,0.0775,0.1067,0.0243,1.96
20.58,0.0056,0.0847,0.1067,0.0259,2.06
20.60,0.0056,0.0762,0.1001,0.0277,2.21
20.62,0.0040,0.0831,0.1053,0.0268,2.16
20.64,0.0040,0.0740,0.0995,0.0286,2.31
20.66,0.0069,0.0740,0.1049,0.0284,2.27
20.68,0.0030,0.0812,0.1049,0.0291,2.36
20.70,0.0080,0.0714,0.1048,0.0296,2.35
20.72,0.0017,0.0786,0.1048,0.0297,2.43
20.74,0.0017,0.0686,0.1000,0.0315,2.57
20.76,0.0090,0.0686,0.1056,0.0317,2.50
20.78,0.0007,0.0759,0.1056,0.0313,2.56
20.80,0.0101,0.0759,0.1116,0.0314,2.45
20.82,0.0003,0.0730,0.1068,0.0307,2.52
20.84,0.0003,0.0632,0.1015,0.0324,2.65
20.86,0.0108,0.0632,0.1081,0.0320,2.48
20.88,0.0010,0.0703,0.1081,0.0313,2.56
20.90,0.0115,0.0703,0.1147,0.0311,2.39
20.92,0.0016,0.0688,0.1084,0.0300,2.46
20.94,0.0016,0.0604,0.1016,0.0316,2.59
20.96,0.0119,0.0604,0.1083,0.0315,2.41
20.98,0.0021,0.0676,0.1083,0.0302,2.47
21.00,0.0021,0.0676,0.1083,0.0317,2.60
21.02,0.0021,0.0748,0.1149,0.0287,2.34
21.04,0.0021,0.0748,0.1149,0.0302,2.47
21.06,0.0122,0.0590,0.1066,0.0303,2.29
21.08,0.0024,0.0660,0.1066,0.0289,2.36
21.10,0.0120,0.0593,0.1047,0.0289,2.17
21.12,0.0022,0.0666,0.1047,0.0270,2.21
21.14,0.0022,0.0605,0.0955,0.0284,2.32
21.16,0.0119,0.0605,0.1013,0.0292,2.20
21.18,0.0021,0.0676,0.1013,0.0275,2.25
21.20,0.0118,0.0617,0.0980,0.0282,2.11
21.22,0.0018,0.0691,0.0980,0.0261,2.13
21.24,0.0018,0.0628,0.0892,0.0274,2.24
21.26,0.0115,0.0628,0.0949,0.0281,2.12
21.28,0.0016,0.0701,0.0949,0.0262,2.14
21.30,0.0111,0.0652,0.0906,0.0270,2.03
21.32,0.0011,0.0724,0.0906,0.0252,2.06
21.34,0.0011,0.0672,0.0813,0.0265,2.17
21.36,0.0108,0.0672,0.0861,0.0279,2.12
21.38,0.0008,0.0744,0.0861,0.0262,2.14
21.40,0.0104,0.0684,0.0820,0.0280,2.14
21.42,0.0002,0.0757,0.0820,0.0265,2.17
21.44,0.0002,0.0690,0.0742,0.0277,2.26
21.46,0.0099,0.0690,0.0783,0.0293,2.27
21.48,0.0003,0.0764,0.0783,0.0278,2.28
21.50,0.0090,0.0691,0.0759,0.0286,2.23
21.52,0.0009,0.0763,0.0759,0.0273,2.23
21.54,0.0009,0.0680,0.0700,0.0284,2.32
21.56,0.0086,0.0680,0.0744,0.0292,2.30
21.58,0.0013,0.0750,0.0744,0.0284,2.32
21.60,0.0080,0.0655,0.0748,0.0287,2.27
21.62,0.0018,0.0725,0.0748,0.0278,2.27
21.64,0.0018,0.0624,0.0713,0.0288,2.35
21.66,0.0074,0.0624,0.0759,0.0290,2.31
21.68,0.0026,0.0694,0.0759,0.0285,2.32
21.70,0.0067,0.0588,0.0780,0.0283,2.27
21.72,0.0031,0.0657,0.0780,0.0279,2.27
21.74,0.0031,0.0549,0.0757,0.0288,2.34
21.76,0.0031,0.0549,0.0757,0.0297,2.42
21.78,0.0036,0.0619,0.0805,0.0281,2.27
21.80,0.0056,0.0515,0.0827,0.0275,2.21
21.82,0.0043,0.0586,0.0827,0.0273,2.20
21.84,0.0043,0.0484,0.0797,0.0281,2.27
21.86,0.0051,0.0484,0.0845,0.0274,2.21
21.88,0.0049,0.0555,0.0845,0.0275,2.21
21.90,0.0047,0.0469,0.0847,0.0266,2.15
21.92,0.0055,0.0541,0.0847,0.0268,2.14
21.94,0.0055,0.0463,0.0792,0.0275,2.20
21.96,0.0040,0.0463,0.0839,0.0265,2.15
21.98,0.0064,0.0534,0.0839,0.0272,2.16
22.00,0.0029,0.0471,0.0817,0.0258,2.10
22.02,0.0076,0.0543,0.0817,0.0269,2.11
22.04,0.0076,0.0497,0.0732,0.0276,2.16
22.06,0.0022,0.0497,0.0779,0.0259,2.11
22.08,0.0084,0.0568,0.0779,0.0274,2.12
22.10,0.0013,0.0529,0.0733,0.0255,2.08
22.12,0.0093,0.0600,0.0733,0.0273,2.09
22.14,0.0093,0.0564,0.0644,0.0279,2.14
22.16,0.0006,0.0564,0.0691,0.0255,2.08
22.18,0.0100,0.0634,0.0691,0.0276,2.09
22.20,0.0001,0.0603,0.0647,0.0248,2.03
22.22,0.0108,0.0673,0.0647,0.0273,2.04
22.24,0.0108,0.0630,0.0570,0.0277,2.08
22.26,0.0006,0.0630,0.0619,0.0245,2.00
22.28,0.0111,0.0699,0.0619,0.0270,2.00
22.30,0.0009,0.0652,0.0594,0.0238,1.95
22.32,0.0115,0.0723,0.0594,0.0265,1.93
22.34,0.0115,0.0660,0.0540,0.0268,1.96
22.36,0.0011,0.0660,0.0579,0.0242,1.98
22.38,0.0115,0.0728,0.0579,0.0269,1.97
22.40,0.0011,0.0659,0.0573,0.0244,1.99
22.42,0.0115,0.0728,0.0573,0.0270,1.98
22.44,0.0115,0.0646,0.0543,0.0273,2.01
22.46,0.0014,0.0646,0.0581,0.0247,2.02
22.48,0.0119,0.0715,0.0581,0.0273,2.00
22.50,0.0011,0.0628,0.0601,0.0248,2.02
22.52,0.0113,0.0695,0.0601,0.0271,2.00
22.54,0.0113,0.0598,0.0594,0.0273,2.01
22.56,0.0005,0.0598,0.0630,0.0251,2.05
22.58,0.0106,0.0665,0.0630,0.0271,2.02
22.60,0.0000,0.0563,0.0663,0.0253,2.07
22.62,0.0103,0.0632,0.0663,0.0271,2.04
22.64,0.0103,0.0530,0.0663,0.0272,2.05
22.66,0.0003,0.0530,0.0698,0.0256,2.09
22.68,0.0101,0.0600,0.0698,0.0272,2.05
22.70,0.0006,0.0499,0.0734,0.0255,2.09
22.72,0.0098,0.0569,0.0734,0.0269,2.04
22.74,0.0098,0.0473,0.0725,0.0269,2.04
22.76,0.0008,0.0473,0.0760,0.0253,2.07
22.78,0.0094,0.0541,0.0760,0.0266,2.03
22.80,0.0014,0.0448,0.0782,0.0251,2.06
22.82,0.0091,0.0519,0.0782,0.0262,2.00
22.84,0.0091,0.0435,0.0756,0.0261,1.99
22.86,0.0017,0.0435,0.0791,0.0249,2.04
22.88,0.0088,0.0505,0.0791,0.0260,1.99
22.90,0.0018,0.0428,0.0786,0.0251,2.06
22.92,0.0088,0.0499,0.0786,0.0261,2.00
22.94,0.0088,0.0436,0.0736,0.0259,1.98
22.96,0.0018,0.0436,0.0766,0.0251,2.05
22.98,0.0088,0.0507,0.0766,0.0261,2.00
23.00,0.0015,0.0454,0.0734,0.0249,2.04
23.02,0.0090,0.0523,0.0734,0.0260,1.99
23.04,0.0090,0.0486,0.0653,0.0257,1.96
23.06,0.0014,0.0486,0.0686,0.0244,1.99
23.08,0.0092,0.0556,0.0686,0.0254,1.93
23.10,0.0011,0.0523,0.0636,0.0237,1.94
23.12,0.0094,0.0592,0.0636,0.0249,1.88
23.14,0.0094,0.0565,0.0549,0.0245,1.84
23.16,0.0011,0.0565,0.0579,0.0230,1.88
23.18,0.0094,0.0633,0.0579,0.0242,1.81
23.20,0.0013,0.0603,0.0530,0.0225,1.84
23.22,0.0092,0.0669,0.0530,0.0237,1.78
23.24,0.0092,0.0626,0.0464,0.0233,1.74
23.26,0.0014,0.0626,0.0493,0.0218,1.78
23.28,0.0092,0.0694,0.0493,0.0229,1.70
23.30,0.0015,0.0648,0.0464,0.0213,1.74
23.32,0.0091,0.0718,0.0464,0.0222,1.65
23.34,0.0091,0.0657,0.0424,0.0217,1.60
23.36,0.0091,0.0657,0.0424,0.0211,1.55
23.38,0.0093,0.0727,0.0453,0.0211,1.54
23.40,0.0011,0.0660,0.0449,0.0193,1.58
23.42,0.0096,0.0729,0.0449,0.0206,1.48
23.44,0.0096,0.0651,0.0429,0.0200,1.43
23.46,0.0096,0.0651,0.0429,0.0194,1.37
23.48,0.0099,0.0721,0.0451,0.0200,1.42
23.50,0.0006,0.0637,0.0466,0.0179,1.46
23.52,0.0098,0.0704,0.0466,0.0194,1.36
23.54,0.0098,0.0614,0.0465,0.0187,1.30
23.56,0.0098,0.0614,0.0465,0.0181,1.23
23.58,0.0099,0.0681,0.0492,0.0180,1.22
23.60,0.0005,0.0584,0.0528,0.0149,1.22
23.62,0.0099,0.0650,0.0528,0.0169,1.12
23.64,0.0099,0.0551,0.0536,0.0162,1.04
23.66,0.0005,0.0551,0.0564,0.0131,1.07
23.68,0.0096,0.0617,0.0564,0.0152,0.96
23.70,0.0004,0.0521,0.0603,0.0117,0.96
23.72,0.0097,0.0587,0.0603,0.0142,0.84
23.74,0.0097,0.0490,0.0613,0.0135,0.76
23.76,0.0005,0.0490,0.0645,0.0090,0.74
23.78,0.0096,0.0556,0.0645,0.0123,0.62
23.80,0.0004,0.0460,0.0685,0.0072,0.59
23.82,0.0097,0.0527,0.0685,0.0113,0.47
23.84,0.0097,0.0436,0.0683,0.0108,0.38
23.86,0.0001,0.0436,0.0703,0.0055,0.45
23.88,0.0100,0.0503,0.0703,0.0108,0.33
23.90,0.0001,0.0416,0.0718,0.0044,0.36
23.92,0.0102,0.0481,0.0718,0.0107,0.24
23.94,0.0102,0.0402,0.0697,0.0104,0.15
23.96,0.0006,0.0402,0.0716,0.0027,0.22
23.98,0.0107,0.0468,0.0716,0.0108,0.09
24.00,0.0009,0.0394,0.0709,0.0018,0.12
24.02,0.0111,0.0459,0.0709,0.0111,0.00
24.04,0.0111,0.0396,0.0660,0.0111,0.10
24.06,0.0015,0.0396,0.0679,0.0015,0.03
24.08,0.0116,0.0461,0.0679,0.0118,0.15
24.10,0.0019,0.0414,0.0638,0.0025,0.14
24.12,0.0121,0.0477,0.0638,0.0125,0.24
24.14,0.0121,0.0437,0.0565,0.0129,0.35
24.16,0.0023,0.0437,0.0584,0.0040,0.27
24.18,0.0125,0.0501,0.0584,0.0134,0.39
24.20,0.0026,0.0463,0.0534,0.0052,0.37
24.22,0.0129,0.0527,0.0534,0.0143,0.49
24.24,0.0129,0.0491,0.0463,0.0149,0.60
24.26,0.0025,0.0491,0.0500,0.0086,0.68
24.28,0.0131,0.0555,0.0500,0.0163,0.79
24.30,0.0026,0.0523,0.0469,0.0114,0.91
24.32,0.0132,0.0587,0.0469,0.0183,1.03
24.34,0.0132,0.0543,0.0411,0.0194,1.15
24.36,0.0028,0.0543,0.0450,0.0156,1.25
24.38,0.0135,0.0606,0.0450,0.0215,1.36
24.40,0.0026,0.0557,0.0442,0.0184,1.49
24.42,0.0132,0.0618,0.0442,0.0236,1.59
24.44,0.0132,0.0561,0.0406,0.0249,1.71
24.46,0.0024,0.0561,0.0436,0.0214,1.74
24.48,0.0129,0.0623,0.0436,0.0263,1.85
24.50,0.0021,0.0556,0.0448,0.0237,1.93
24.52,0.0125,0.0618,0.0448,0.0282,2.05
24.54,0.0125,0.0543,0.0438,0.0296,2.18
24.56,0.0017,0.0543,0.0460,0.0262,2.13
24.58,0.0121,0.0605,0.0460,0.0304,2.27
24.60,0.0015,0.0528,0.0467,0.0264,2.15
24.62,0.0119,0.0589,0.0467,0.0305,2.28
24.64,0.0119,0.0506,0.0467,0.0320,2.42
24.66,0.0010,0.0506,0.0470,0.0270,2.20
24.68,0.0113,0.0567,0.0470,0.0308,2.33
24.70,0.0005,0.0485,0.0475,0.0264,2.16
24.72,0.0106,0.0544,0.0475,0.0301,2.28
24.74,0.0106,0.0463,0.0468,0.0317,2.43
24.76,0.0001,0.0463,0.0470,0.0269,2.20
24.78,0.0101,0.0524,0.0470,0.0288,2.19
