t,d01_err,d02_err,d12_err,o_error,o_error_deg
0.00,0.7000,0.8000,1.0000,0.0000,56.31
0.02,0.7000,0.8000,1.0000,0.0000,56.31
0.04,0.7000,0.8000,1.0000,0.0000,56.31
0.06,0.7000,0.8000,1.0000,0.0000,56.31
0.08,0.7000,0.8000,1.0000,0.0000,56.31
0.10,0.7000,0.8000,1.0000,0.0000,56.31
0.12,0.7000,0.8000,1.0000,0.0000,56.31
0.14,0.7000,0.8000,1.0000,0.0000,56.31
0.16,0.7000,0.8000,1.0000,0.0000,56.31
0.18,0.7000,0.8000,1.0000,0.0000,56.31
0.20,0.7000,0.8000,1.0000,0.0000,56.31
0.22,0.5000,0.7806,0.4208,0.2000,56.29
0.24,1.0000,0.7806,0.7117,1.7000,28.24
0.26,1.0000,0.7806,0.7117,1.7000,28.24
0.28,1.0000,0.7806,0.7117,1.7000,28.24
0.30,1.0000,0.7806,0.7117,1.7000,28.24
0.32,1.0000,0.7806,0.7117,1.7000,28.24
0.34,1.0000,0.7806,0.7117,1.7000,28.24
0.36,1.0000,0.7806,0.7117,1.7000,28.24
0.38,1.0000,0.7806,0.7117,1.7000,28.24
0.40,1.0000,0.7806,0.7117,1.7000,28.24
0.42,1.0000,0.7806,0.7117,1.7000,28.24
0.44,1.0000,0.7806,0.7117,1.7000,28.24
0.46,1.0000,0.7806,0.7117,1.7000,28.24
0.48,1.0000,0.7806,0.7117,1.7000,28.24
0.50,1.0000,0.7806,0.7117,1.7000,28.24
0.52,1.0000,0.7806,0.7117,1.7000,28.24
0.54,1.0000,0.7806,0.7117,1.7000,28.24
0.56,1.0000,0.7806,0.7117,1.7000,28.24
0.58,1.0000,0.7806,0.7117,1.7000,28.24
0.60,1.0000,0.7806,0.7117,1.7000,28.24
0.62,1.0000,0.7806,0.7117,1.7000,28.24
0.64,1.0000,0.7806,0.7117,1.7000,28.24
0.66,1.0000,0.7806,0.7117,1.7000,28.24
0.68,1.0000,0.7806,0.7117,1.7000,28.24
0.70,1.0000,0.7806,0.7117,1.7000,28.24
0.72,1.0000,0.7806,0.7117,1.7000,28.24
0.74,1.0000,0.7806,0.7117,1.7000,28.24
0.76,1.0000,0.7806,0.7117,1.7000,28.24
0.78,1.0000,0.7806,0.7117,1.7000,28.24
0.80,1.0000,0.7806,0.7117,1.7000,28.24
0.82,1.0000,0.7806,0.7117,1.7000,28.24
0.84,1.0000,0.7806,0.7117,1.7000,28.24
0.86,1.0000,0.7806,0.7117,1.7000,28.24
0.88,1.0000,0.7806,0.7117,1.7000,28.24
0.90,1.0000,0.7806,0.7117,1.7000,28.24
0.92,1.0000,0.7806,0.7117,1.7000,28.24
0.94,1.0000,0.7806,0.7117,1.7000,28.24
0.96,1.0000,0.7806,0.7117,1.7000,28.24
0.98,1.0000,0.7806,0.7117,1.7000,28.24
1.00,1.0000,0.7806,0.7117,1.7000,28.24
1.02,1.0000,0.7806,0.7117,1.7000,28.24
1.04,1.0000,0.7806,0.7117,1.7000,28.24
1.06,1.0000,0.7806,0.7117,1.7000,28.24
1.08,1.0000,0.7806,0.7117,1.7000,28.24
1.10,1.0000,0.7806,0.7117,1.7000,28.24
1.12,1.0000,0.7806,0.7117,1.7000,28.24
1.14,1.0000,0.7806,0.7117,1.7000,28.24
1.16,1.0000,0.7806,0.7117,1.7000,28.24
1.18,1.0000,0.7806,0.7117,1.7000,28.24
1.20,1.0000,0.7806,0.7117,1.7000,28.24
1.22,1.0000,0.7806,0.7117,1.7000,28.24
1.24,1.0000,0.7806,0.7117,1.7000,28.24
1.26,1.0000,0.7806,0.7117,1.7000,28.24
1.28,1.0000,0.7806,0.7117,1.7000,28.24
1.30,1.0000,0.7806,0.7117,1.7000,28.24
1.32,1.0000,0.7806,0.7117,1.7000,28.24
1.34,1.0000,0.7806,0.7117,1.7000,28.24
1.36,1.0000,0.7806,0.7117,1.7000,28.24
1.38,1.0000,0.7806,0.7117,1.7000,28.24
1.40,1.0000,0.7806,0.7117,1.7000,28.24
1.42,1.0000,0.7806,0.7117,1.7000,28.24
1.44,1.0000,0.7806,0.7117,1.7000,28.24
1.46,1.0000,0.7806,0.7117,1.7000,28.24
1.48,1.0000,0.7806,0.7117,1.7000,28.24
1.50,1.0000,0.7806,0.7117,1.7000,28.24
1.52,1.0000,0.7806,0.7117,1.7000,28.24
1.54,1.0000,0.7806,0.7117,1.7000,28.24
1.56,1.0000,0.7806,0.7117,1.7000,28.24
1.58,1.0000,0.7806,0.7117,1.7000,28.24
1.60,1.0000,0.7806,0.7117,1.7000,28.24
1.62,1.0000,0.7806,0.7117,1.7000,28.24
1.64,1.0000,0.7806,0.7117,1.7000,28.24
1.66,1.0000,0.7806,0.7117,1.7000,28.24
1.68,1.0000,0.7806,0.7117,1.7000,28.24
1.70,1.0000,0.7806,0.7117,1.7000,28.24
1.72,1.0000,0.7806,0.7117,1.7000,28.24
1.74,1.0000,0.7806,0.7117,1.7000,28.24
1.76,1.0000,0.7806,0.7117,1.7000,28.24
1.78,1.0000,0.7806,0.7117,1.7000,28.24
1.80,1.0000,0.7806,0.7117,1.7000,28.24
1.82,1.0000,0.7806,0.7117,1.7000,28.24
1.84,1.0000,0.7806,0.7117,1.7000,28.24
1.86,1.0000,0.7806,0.7117,1.7000,28.24
1.88,1.0000,0.7806,0.7117,1.7000,28.24
1.90,1.0000,0.7806,0.7117,1.7000,28.24
1.92,1.0000,0.7806,0.7117,1.7000,28.24
1.94,1.0000,0.7806,0.7117,1.7000,28.24
1.96,1.0000,0.7806,0.7117,1.7000,28.24
1.98,1.0000,0.7806,0.7117,1.7000,28.24
2.00,1.0000,0.7806,0.7117,1.7000,28.24
2.02,1.0000,0.7806,0.7117,1.7000,28.24
2.04,1.0000,0.7806,0.7117,1.7000,28.24
2.06,1.0000,0.7806,0.7117,1.7000,28.24
2.08,1.0000,0.7806,0.7117,1.7000,28.24
2.10,1.0000,0.7806,0.7117,1.7000,28.24
2.12,1.0000,0.7806,0.7117,1.7000,28.24
2.14,1.0000,0.7806,0.7117,1.7000,28.24
2.16,1.0000,0.7806,0.7117,1.7000,28.24
2.18,1.0000,0.7806,0.7117,1.7000,28.24
2.20,1.0000,0.7806,0.7117,1.7000,28.24
2.22,1.0000,0.7806,0.7117,1.7000,28.24
2.24,1.0000,0.7806,0.7117,1.7000,28.24
2.26,1.0000,0.7806,0.7117,1.7000,28.24
2.28,1.0000,0.7806,0.7117,1.7000,28.24
2.30,1.0000,0.7806,0.7117,1.7000,28.24
2.32,1.0000,0.7806,0.7117,1.7000,28.24
2.34,1.0000,0.7806,0.7117,1.7000,28.24
2.36,1.0000,0.7806,0.7117,1.7000,28.24
2.38,1.0000,0.7806,0.7117,1.7000,28.24
2.40,1.0000,0.7806,0.7117,1.7000,28.24
2.42,1.0000,0.7806,0.7117,1.7000,28.24
2.44,1.0000,0.7806,0.7117,1.7000,28.24
2.46,1.0000,0.7806,0.7117,1.7000,28.24
2.48,1.0000,0.7806,0.7117,1.7000,28.24
2.50,1.0000,0.7806,0.7117,1.7000,28.24
2.52,1.0000,0.7806,0.7117,1.7000,28.24
2.54,1.0000,0.7806,0.7117,1.7000,28.24
2.56,1.0000,0.7806,0.7117,1.7000,28.24
2.58,1.0000,0.7806,0.7117,1.7000,28.24
2.60,1.0000,0.7806,0.7117,1.7000,28.24
2.62,1.0000,0.7806,0.7117,1.7000,28.24
2.64,1.0000,0.7806,0.7117,1.7000,28.24
2.66,1.0000,0.7806,0.7117,1.7000,28.24
2.68,1.0000,0.7806,0.7117,1.7000,28.24
2.70,1.0000,0.7806,0.7117,1.7000,28.24
2.72,1.0000,0.7806,0.7117,1.7000,28.24
2.74,1.0000,0.7806,0.7117,1.7000,28.24
2.76,1.0000,0.7806,0.7117,1.7000,28.24
2.78,1.0000,0.7806,0.7117,1.7000,28.24
2.80,1.0000,0.7806,0.7117,1.7000,28.24
2.82,1.0000,0.7806,0.7117,1.7000,28.24
2.84,1.0000,0.7806,0.7117,1.7000,28.24
2.86,1.0000,0.7806,0.7117,1.7000,28.24
2.88,1.0000,0.7806,0.7117,1.7000,28.24
2.90,1.0000,0.7806,0.7117,1.7000,28.24
2.92,1.0000,0.7806,0.7117,1.7000,28.24
2.94,1.0000,0.7806,0.7117,1.7000,28.24
2.96,1.0000,0.7806,0.7117,1.7000,28.24
2.98,1.0000,0.7806,0.7117,1.7000,28.24
3.00,1.0000,0.7806,0.7117,1.7000,28.24
3.02,1.0000,0.7806,0.7117,1.7000,28.24
3.04,1.0000,0.7806,0.7117,1.7000,28.24
3.06,1.0000,0.7806,0.7117,1.7000,28.24
3.08,1.0000,0.7806,0.7117,1.7000,28.24
3.10,1.0000,0.7806,0.7117,1.7000,28.24
3.12,1.0000,0.7806,0.7117,1.7000,28.24
3.14,1.0000,0.7806,0.7117,1.7000,28.24
3.16,1.0000,0.7806,0.7117,1.7000,28.24
3.18,1.0000,0.7806,0.7117,1.7000,28.24
3.20,1.0000,0.7806,0.7117,1.7000,28.24
3.22,1.0000,0.7806,0.7117,1.7000,28.24
3.24,1.0000,0.7806,0.7117,1.7000,28.24
3.26,1.0000,0.7806,0.7117,1.7000,28.24
3.28,1.0000,0.7806,0.7117,1.7000,28.24
3.30,1.0000,0.7806,0.7117,1.7000,28.24
3.32,1.0000,0.7806,0.7117,1.7000,28.24
3.34,1.0000,0.7806,0.7117,1.7000,28.24
3.36,1.0000,0.7806,0.7117,1.7000,28.24
3.38,1.0000,0.7806,0.7117,1.7000,28.24
3.40,1.0000,0.7806,0.7117,1.7000,28.24
3.42,1.0000,0.7806,0.7117,1.7000,28.24
3.44,1.0000,0.7806,0.7117,1.7000,28.24
3.46,1.0000,0.7806,0.7117,1.7000,28.24
3.48,1.0000,0.7806,0.7117,1.7000,28.24
3.50,1.0000,0.7806,0.7117,1.7000,28.24
3.52,1.0000,0.7806,0.7117,1.7000,28.24
3.54,1.0000,0.7806,0.7117,1.7000,28.24
3.56,1.0000,0.7806,0.7117,1.7000,28.24
3.58,1.0000,0.7806,0.7117,1.7000,28.24
3.60,1.0000,0.7806,0.7117,1.7000,28.24
3.62,1.0000,0.7806,0.7117,1.7000,28.24
3.64,1.0000,0.7806,0.7117,1.7000,28.24
3.66,1.0000,0.7806,0.7117,1.7000,28.24
3.68,1.0000,0.7806,0.7117,1.7000,28.24
3.70,1.0000,0.7806,0.7117,1.7000,28.24
3.72,1.0000,0.7806,0.7117,1.7000,28.24
3.74,1.0000,0.7806,0.7117,1.7000,28.24
3.76,1.0000,0.7806,0.7117,1.7000,28.24
3.78,1.0000,0.7806,0.7117,1.7000,28.24
3.80,1.0000,0.7806,0.7117,1.7000,28.24
3.82,1.0000,0.7806,0.7117,1.7000,28.24
3.84,1.0000,0.7806,0.7117,1.7000,28.24
3.86,1.0000,0.7806,0.7117,1.7000,28.24
3.88,1.0000,0.7806,0.7117,1.7000,28.24
3.90,1.0000,0.7806,0.7117,1.7000,28.24
3.92,1.0000,0.7806,0.7117,1.7000,28.24
3.94,1.0000,0.7806,0.7117,1.7000,28.24
3.96,1.0000,0.7806,0.7117,1.7000,28.24
3.98,1.0000,0.7806,0.7117,1.7000,28.24
4.00,1.0000,0.7806,0.7117,1.7000,28.24
4.02,1.0000,0.7806,0.7117,1.7000,28.24
4.04,1.0000,0.7806,0.7117,1.7000,28.24
4.06,1.0000,0.7806,0.7117,1.7000,28.24
4.08,1.0000,0.7806,0.7117,1.7000,28.24
4.10,1.0000,0.7806,0.7117,1.7000,28.24
4.12,1.0000,0.7806,0.7117,1.7000,28.24
4.14,1.0000,0.7806,0.7117,1.7000,28.24
4.16,1.0000,0.7806,0.7117,1.7000,28.24
4.18,1.0000,0.7806,0.7117,1.7000,28.24
4.20,1.0000,0.7806,0.7117,1.7000,28.24
4.22,1.0000,0.7806,0.7117,1.7000,28.24
4.24,1.0000,0.7806,0.7117,1.7000,28.24
4.26,1.0000,0.7806,0.7117,1.7000,28.24
4.28,1.0000,0.7806,0.7117,1.7000,28.24
4.30,1.0000,0.7806,0.7117,1.7000,28.24
4.32,1.0000,0.7806,0.7117,1.7000,28.24
4.34,1.0000,0.7806,0.7117,1.7000,28.24
4.36,1.0000,0.7806,0.7117,1.7000,28.24
4.38,1.0000,0.7806,0.7117,1.7000,28.24
4.40,1.0000,0.7806,0.7117,1.7000,28.24
4.42,1.0000,0.7806,0.7117,1.7000,28.24
4.44,1.0000,0.7806,0.7117,1.7000,28.24
4.46,1.0000,0.7806,0.7117,1.7000,28.24
4.48,1.0000,0.7806,0.7117,1.7000,28.24
4.50,1.0000,0.7806,0.7117,1.7000,28.24
4.52,1.0000,0.7806,0.7117,1.7000,28.24
4.54,1.0000,0.7806,0.7117,1.7000,28.24
4.56,1.0000,0.7806,0.7117,1.7000,28.24
4.58,1.0000,0.7806,0.7117,1.7000,28.24
4.60,1.0000,0.7806,0.7117,1.7000,28.24
4.62,1.0000,0.7806,0.7117,1.7000,28.24
4.64,1.0000,0.7806,0.7117,1.7000,28.24
4.66,1.0000,0.7806,0.7117,1.7000,28.24
4.68,1.0000,0.7806,0.7117,1.7000,28.24
4.70,1.0000,0.7806,0.7117,1.7000,28.24
4.72,1.0000,0.7806,0.7117,1.7000,28.24
4.74,1.0000,0.7806,0.7117,1.7000,28.24
4.76,1.0000,0.7806,0.7117,1.7000,28.24
4.78,1.0000,0.7806,0.7117,1.7000,28.24
4.80,1.0000,0.7806,0.7117,1.7000,28.24
4.82,1.0000,0.7806,0.7117,1.7000,28.24
4.84,1.0000,0.7806,0.7117,1.7000,28.24
4.86,1.0000,0.7806,0.7117,1.7000,28.24
4.88,1.0000,0.7806,0.7117,1.7000,28.24
4.90,1.0000,0.7806,0.7117,1.7000,28.24
4.92,1.0000,0.7806,0.7117,1.7000,28.24
4.94,1.0000,0.7806,0.7117,1.7000,28.24
4.96,1.0000,0.7806,0.7117,1.7000,28.24
4.98,1.0000,0.7806,0.7117,1.7000,28.24
5.00,1.0000,0.7806,0.7117,1.7000,28.24
5.02,1.0000,0.7806,0.7117,1.7000,28.24
5.04,1.0000,0.7806,0.7117,1.7000,28.24
5.06,1.0000,0.7806,0.7117,1.7000,28.24
5.08,1.0000,0.7806,0.7117,1.7000,28.24
5.10,1.0000,0.7806,0.7117,1.7000,28.24
5.12,1.0000,0.7806,0.7117,1.7000,28.24
5.14,1.0000,0.7806,0.7117,1.7000,28.24
5.16,1.0000,0.7806,0.7117,1.7000,28.24
5.18,1.0000,0.7806,0.7117,1.7000,28.24
5.20,1.0000,0.7806,0.7117,1.7000,28.24
5.22,1.0000,0.7806,0.7117,1.7000,28.24
5.24,1.0000,0.7806,0.7117,1.7000,28.24
5.26,1.0000,0.7806,0.7117,1.7000,28.24
5.28,1.0000,0.7806,0.7117,1.7000,28.24
5.30,1.0000,0.7806,0.7117,1.7000,28.24
5.32,1.0000,0.7806,0.7117,1.7000,28.24
5.34,1.0000,0.7806,0.7117,1.7000,28.24
5.36,1.0000,0.7806,0.7117,1.7000,28.24
5.38,1.0000,0.7806,0.7117,1.7000,28.24
5.40,1.0000,0.7806,0.7117,1.7000,28.24
5.42,1.0000,0.7806,0.7117,1.7000,28.24
5.44,1.0000,0.7806,0.7117,1.7000,28.24
5.46,1.0000,0.7806,0.7117,1.7000,28.24
5.48,1.0000,0.7806,0.7117,1.7000,28.24
5.50,1.0000,0.7806,0.7117,1.7000,28.24
5.52,1.0000,0.7806,0.7117,1.7000,28.24
5.54,1.0000,0.7806,0.7117,1.7000,28.24
5.56,1.0000,0.7806,0.7117,1.7000,28.24
5.58,1.0000,0.7806,0.7117,1.7000,28.24
5.60,1.0000,0.7806,0.7117,1.7000,28.24
5.62,1.0000,0.7806,0.7117,1.7000,28.24
5.64,1.0000,0.7806,0.7117,1.7000,28.24
5.66,1.0000,0.7806,0.7117,1.7000,28.24
5.68,1.0000,0.7806,0.7117,1.7000,28.24
5.70,1.0000,0.7806,0.7117,1.7000,28.24
5.72,1.0000,0.7806,0.7117,1.7000,28.24
5.74,1.0000,0.7806,0.7117,1.7000,28.24
5.76,1.0000,0.7806,0.7117,1.7000,28.24
5.78,1.0000,0.7806,0.7117,1.7000,28.24
5.80,1.0000,0.7806,0.7117,1.7000,28.24
5.82,1.0000,0.7806,0.7117,1.7000,28.24
5.84,1.0000,0.7806,0.7117,1.7000,28.24
5.86,1.0000,0.7806,0.7117,1.7000,28.24
5.88,1.0000,0.7806,0.7117,1.7000,28.24
5.90,1.0000,0.7806,0.7117,1.7000,28.24
5.92,1.0000,0.7806,0.7117,1.7000,28.24
5.94,1.0000,0.7806,0.7117,1.7000,28.24
5.96,1.0000,0.7806,0.7117,1.7000,28.24
5.98,1.0000,0.7806,0.7117,1.7000,28.24
6.00,1.0000,0.7806,0.7117,1.7000,28.24
6.02,1.0000,0.7806,0.7117,1.7000,28.24
6.04,1.0000,0.7806,0.7117,1.7000,28.24
6.06,1.0000,0.7806,0.7117,1.7000,28.24
6.08,1.0000,0.7806,0.7117,1.7000,28.24
6.10,1.0000,0.7806,0.7117,1.7000,28.24
6.12,1.0000,0.7806,0.7117,1.7000,28.24
6.14,1.0000,0.7806,0.7117,1.7000,28.24
6.16,1.0000,0.7806,0.7117,1.7000,28.24
6.18,1.0000,0.7806,0.7117,1.7000,28.24
6.20,1.0000,0.7806,0.7117,1.7000,28.24
6.22,1.0000,0.7806,0.7117,1.7000,28.24
6.24,1.0000,0.7806,0.7117,1.7000,28.24
6.26,1.0000,0.7806,0.7117,1.7000,28.24
6.28,1.0000,0.7806,0.7117,1.7000,28.24
6.30,1.0000,0.7806,0.7117,1.7000,28.24
6.32,1.0000,0.7806,0.7117,1.7000,28.24
6.34,1.0000,0.7806,0.7117,1.7000,28.24
6.36,1.0000,0.7806,0.7117,1.7000,28.24
6.38,1.0000,0.7806,0.7117,1.7000,28.24
6.40,1.0000,0.7806,0.7117,1.7000,28.24
6.42,1.0000,0.7806,0.7117,1.7000,28.24
6.44,1.0000,0.7806,0.7117,1.7000,28.24
6.46,1.0000,0.7806,0.7117,1.7000,28.24
6.48,1.0000,0.7806,0.7117,1.7000,28.24
6.50,1.0000,0.7806,0.7117,1.7000,28.24
6.52,1.0000,0.7806,0.7117,1.7000,28.24
6.54,1.0000,0.7806,0.7117,1.7000,28.24
6.56,1.0000,0.7806,0.7117,1.7000,28.24
6.58,1.0000,0.7806,0.7117,1.7000,28.24
6.60,1.0000,0.7806,0.7117,1.7000,28.24
6.62,1.0000,0.7806,0.7117,1.7000,28.24
6.64,1.0000,0.7806,0.7117,1.7000,28.24
6.66,1.0000,0.7806,0.7117,1.7000,28.24
6.68,1.0000,0.7806,0.7117,1.7000,28.24
6.70,1.0000,0.7806,0.7117,1.7000,28.24
6.72,1.0000,0.7806,0.7117,1.7000,28.24
6.74,1.0000,0.7806,0.7117,1.7000,28.24
6.76,1.0000,0.7806,0.7117,1.7000,28.24
6.78,1.0000,0.7806,0.7117,1.7000,28.24
6.80,1.0000,0.7806,0.7117,1.7000,28.24
6.82,1.0000,0.7806,0.7117,1.7000,28.24
6.84,1.0000,0.7806,0.7117,1.7000,28.24
6.86,1.0000,0.7806,0.7117,1.7000,28.24
6.88,1.0000,0.7806,0.7117,1.7000,28.24
6.90,1.0000,0.7806,0.7117,1.7000,28.24
6.92,1.0000,0.7806,0.7117,1.7000,28.24
6.94,1.0000,0.7806,0.7117,1.7000,28.24
6.96,1.0000,0.7806,0.7117,1.7000,28.24
6.98,1.0000,0.7806,0.7117,1.7000,28.24
7.00,1.0000,0.7806,0.7117,1.7000,28.24
7.02,1.0000,0.7806,0.7117,1.7000,28.24
7.04,1.0000,0.7806,0.7117,1.7000,28.24
7.06,1.0000,0.7806,0.7117,1.7000,28.24
7.08,1.0000,0.7806,0.7117,1.7000,28.24
7.10,1.0000,0.7806,0.7117,1.7000,28.24
7.12,1.0000,0.7806,0.7117,1.7000,28.24
7.14,1.0000,0.7806,0.7117,1.7000,28.24
7.16,1.0000,0.7806,0.7117,1.7000,28.24
7.18,1.0000,0.7806,0.7117,1.7000,28.24
7.20,1.0000,0.7806,0.7117,1.7000,28.24
7.22,1.0000,0.7806,0.7117,1.7000,28.24
7.24,1.0000,0.7806,0.7117,1.7000,28.24
7.26,1.0000,0.7806,0.7117,1.7000,28.24
7.28,1.0000,0.7806,0.7117,1.7000,28.24
7.30,1.0000,0.7806,0.7117,1.7000,28.24
7.32,1.0000,0.7806,0.7117,1.7000,28.24
7.34,1.0000,0.7806,0.7117,1.7000,28.24
7.36,1.0000,0.7806,0.7117,1.7000,28.24
7.38,1.0000,0.7806,0.7117,1.7000,28.24
7.40,1.0000,0.7806,0.7117,1.7000,28.24
7.42,1.0000,0.7806,0.7117,1.7000,28.24
7.44,1.0000,0.7806,0.7117,1.7000,28.24
7.46,1.0000,0.7806,0.7117,1.7000,28.24
7.48,1.0000,0.7806,0.7117,1.7000,28.24
7.50,1.0000,0.7806,0.7117,1.7000,28.24
7.52,1.0000,0.7806,0.7117,1.7000,28.24
7.54,1.0000,0.7806,0.7117,1.7000,28.24
7.56,1.0000,0.7806,0.7117,1.7000,28.24
7.58,1.0000,0.7806,0.7117,1.7000,28.24
7.60,1.0000,0.7806,0.7117,1.7000,28.24
7.62,1.0000,0.7806,0.7117,1.7000,28.24
7.64,1.0000,0.7806,0.7117,1.7000,28.24
7.66,1.0000,0.7806,0.7117,1.7000,28.24
7.68,1.0000,0.7806,0.7117,1.7000,28.24
7.70,1.0000,0.7806,0.7117,1.7000,28.24
7.72,1.0000,0.7806,0.7117,1.7000,28.24
7.74,1.0000,0.7806,0.7117,1.7000,28.24
7.76,1.0000,0.7806,0.7117,1.7000,28.24
7.78,1.0000,0.7806,0.7117,1.7000,28.24
7.80,1.0000,0.7806,0.7117,1.7000,28.24
7.82,1.0000,0.7806,0.7117,1.7000,28.24
7.84,1.0000,0.7806,0.7117,1.7000,28.24
7.86,1.0000,0.7806,0.7117,1.7000,28.24
7.88,1.0000,0.7806,0.7117,1.7000,28.24
7.90,1.0000,0.7806,0.7117,1.7000,28.24
7.92,1.0000,0.7806,0.7117,1.7000,28.24
7.94,1.0000,0.7806,0.7117,1.7000,28.24
7.96,1.0000,0.7806,0.7117,1.7000,28.24
7.98,1.0000,0.7806,0.7117,1.7000,28.24
8.00,1.0000,0.7806,0.7117,1.7000,28.24
8.02,1.0000,0.7806,0.7117,1.1313,28.07
8.04,1.0000,0.7806,0.7117,1.1313,28.07
8.06,1.0000,0.7806,0.7117,1.1313,28.07
8.08,1.0000,0.7806,0.7117,1.1313,28.07
8.10,1.0000,0.7806,0.7117,1.1313,28.07
8.12,1.0000,0.7806,0.7117,1.1313,28.07
8.14,0.9999,0.7806,0.7117,1.1313,28.07
8.16,0.9993,0.7807,0.7119,1.1309,28.09
8.18,0.9993,0.7807,0.7119,1.1309,28.09
8.20,0.9993,0.7807,0.7119,1.1309,28.09
8.22,0.9993,0.7802,0.7118,1.1309,28.09
8.24,0.9971,0.7791,0.7122,1.1291,28.12
8.26,0.9939,0.7795,0.7113,1.1263,28.17
8.28,0.9939,0.7795,0.7113,1.1263,28.17
8.30,0.9939,0.7758,0.7106,1.1263,28.17
8.32,0.9949,0.7769,0.7106,1.1271,28.14
8.34,0.9890,0.7715,0.7078,1.1219,28.19
8.36,0.9830,0.7731,0.7048,1.1165,28.23
8.38,0.9830,0.7731,0.7048,1.1165,28.23
8.40,0.9830,0.7654,0.7030,1.1165,28.23
8.42,0.9858,0.7683,0.7030,1.1186,28.17
8.44,0.9755,0.7582,0.6964,1.1095,28.25
8.46,0.9670,0.7617,0.6915,1.1015,28.26
8.48,0.9670,0.7617,0.6915,1.1015,28.26
8.50,0.9670,0.7617,0.6915,1.1015,28.26
8.52,0.9714,0.7539,0.6879,1.1049,28.18
8.54,0.9574,0.7401,0.6775,1.0923,28.26
8.56,0.9471,0.7452,0.6706,1.0823,28.24
8.58,0.9471,0.7452,0.6706,1.0823,28.24
8.60,0.9471,0.7298,0.6653,1.0823,28.24
8.62,0.9529,0.7354,0.6653,1.0869,28.12
8.64,0.9362,0.7184,0.6512,1.0715,28.20
8.66,0.9244,0.7245,0.6425,1.0599,28.13
8.68,0.9244,0.7245,0.6425,1.0599,28.13
8.70,0.9244,0.7061,0.6346,1.0599,28.13
8.72,0.9312,0.7128,0.6346,1.0650,27.99
8.74,0.9118,0.6930,0.6160,1.0470,28.04
8.76,0.8983,0.6996,0.6051,1.0332,27.93
8.78,0.8983,0.6996,0.6051,1.0332,27.93
8.80,0.8983,0.6996,0.6051,1.0332,27.93
8.82,0.9052,0.6857,0.5950,1.0385,27.78
8.84,0.8840,0.6641,0.5717,1.0183,27.78
8.86,0.8691,0.6712,0.5588,1.0027,27.61
8.88,0.8691,0.6712,0.5588,1.0027,27.61
8.90,0.8691,0.6486,0.5461,1.0027,27.61
8.92,0.8764,0.6558,0.5461,1.0083,27.46
8.94,0.8537,0.6328,0.5185,0.9864,27.41
8.96,0.8386,0.6404,0.5030,0.9697,27.13
8.98,0.8386,0.6404,0.5030,0.9697,27.13
9.00,0.8386,0.6169,0.4877,0.9697,27.13
9.02,0.8468,0.6247,0.4877,0.9759,26.96
9.04,0.8232,0.6011,0.4548,0.9523,26.81
9.06,0.8076,0.6092,0.4380,0.9346,26.47
9.08,0.8076,0.6092,0.4380,0.9346,26.47
9.10,0.8076,0.6092,0.4380,0.9346,26.47
9.12,0.8159,0.5935,0.4203,0.9410,26.30
9.14,0.7919,0.5701,0.3836,0.9164,26.08
9.16,0.7767,0.5784,0.3658,0.8985,25.67
9.18,0.7767,0.5784,0.3658,0.8985,25.67
9.20,0.7767,0.5784,0.3658,0.8985,25.67
9.22,0.7853,0.5639,0.3462,0.9051,25.50
9.24,0.7616,0.5419,0.3066,0.8802,25.20
9.26,0.7470,0.5503,0.2869,0.8620,24.68
9.28,0.7470,0.5503,0.2869,0.8620,24.68
9.30,0.7470,0.5503,0.2869,0.8620,24.68
9.32,0.7558,0.5373,0.2653,0.8688,24.50
9.34,0.7324,0.5164,0.2227,0.8435,24.12
9.36,0.7182,0.5251,0.2030,0.8255,23.58
9.38,0.7182,0.5251,0.2030,0.8255,23.58
9.40,0.7182,0.5051,0.1798,0.8255,23.58
9.42,0.7272,0.5142,0.1798,0.8326,23.41
9.44,0.7034,0.4953,0.1393,0.8084,23.20
9.46,0.6883,0.5044,0.1248,0.7917,22.90
9.48,0.6883,0.5044,0.1248,0.7917,22.90
9.50,0.6883,0.5044,0.1248,0.7917,22.90
9.52,0.6975,0.4958,0.1002,0.7990,22.73
9.54,0.6728,0.4786,0.0647,0.7761,22.76
9.56,0.6576,0.4879,0.0567,0.7617,22.75
9.58,0.6576,0.4879,0.0567,0.7617,22.75
9.60,0.6576,0.4701,0.0332,0.7617,22.75
9.62,0.6668,0.4795,0.0332,0.7690,22.58
9.64,0.6425,0.4611,0.0046,0.7484,22.84
9.66,0.6275,0.4705,0.0003,0.7356,22.97
9.68,0.6275,0.4705,0.0003,0.7356,22.97
9.70,0.6275,0.4705,0.0003,0.7356,22.97
9.72,0.6367,0.4601,0.0205,0.7427,22.80
9.74,0.6127,0.4387,0.0436,0.7233,23.14
9.76,0.5979,0.4483,0.0460,0.7114,23.34
9.78,0.5979,0.4483,0.0460,0.7114,23.34
9.80,0.5979,0.4251,0.0636,0.7114,23.34
9.82,0.6071,0.4345,0.0636,0.7183,23.16
9.84,0.5833,0.4107,0.0844,0.6992,23.46
9.86,0.5680,0.4200,0.0896,0.6858,23.54
9.88,0.5680,0.4200,0.0896,0.6858,23.54
9.90,0.5680,0.3960,0.1060,0.6858,23.54
9.92,0.5770,0.4053,0.1060,0.6924,23.36
9.94,0.5524,0.3809,0.1294,0.6712,23.50
9.96,0.5360,0.3901,0.1391,0.6551,23.36
9.98,0.5360,0.3901,0.1391,0.6551,23.36
10.00,0.5360,0.3660,0.1544,0.6551,23.36
10.02,0.5451,0.3754,0.1544,0.6636,23.39
10.04,0.5200,0.3508,0.1812,0.6420,23.51
10.06,0.5034,0.3603,0.1957,0.6256,23.34
10.08,0.5034,0.3603,0.1957,0.6277,23.57
10.10,0.5034,0.3355,0.2094,0.6299,23.80
10.12,0.5125,0.3452,0.2094,0.6383,23.84
10.14,0.4870,0.3201,0.2379,0.6150,23.77
10.16,0.4708,0.3296,0.2546,0.5976,23.46
10.18,0.4708,0.3296,0.2546,0.5998,23.68
10.20,0.4708,0.3296,0.2546,0.6020,23.91
10.22,0.4799,0.3138,0.2670,0.6104,23.95
10.24,0.4551,0.2886,0.2952,0.5868,23.78
10.26,0.4394,0.2983,0.3120,0.5696,23.41
10.28,0.4394,0.2983,0.3120,0.5718,23.64
10.30,0.4394,0.2726,0.3217,0.5740,23.86
10.32,0.4485,0.2822,0.3217,0.5823,23.90
10.34,0.4236,0.2565,0.3447,0.5601,23.85
10.36,0.4079,0.2664,0.3582,0.5446,23.64
10.38,0.4079,0.2664,0.3582,0.5468,23.87
10.40,0.4079,0.2403,0.3658,0.5491,24.09
10.42,0.4171,0.2500,0.3658,0.5572,24.12
10.44,0.3920,0.2245,0.3843,0.5369,24.22
10.46,0.3759,0.2344,0.3941,0.5233,24.21
10.48,0.3759,0.2344,0.3941,0.5256,24.44
10.50,0.3759,0.2088,0.4008,0.5278,24.66
10.52,0.3852,0.2187,0.4008,0.5357,24.67
10.54,0.3600,0.1929,0.4154,0.5175,24.93
10.56,0.3436,0.2028,0.4234,0.5049,25.00
10.58,0.3436,0.2028,0.4234,0.5072,25.22
10.60,0.3436,0.1772,0.4284,0.5096,25.44
10.62,0.3529,0.1874,0.4284,0.5170,25.42
10.64,0.3279,0.1874,0.4361,0.5000,25.72
10.66,0.3116,0.1718,0.4487,0.4875,25.74
10.68,0.3116,0.1718,0.4487,0.4899,25.95
10.70,0.3116,0.1718,0.4487,0.4922,26.17
10.72,0.3206,0.1561,0.4515,0.4988,26.13
10.74,0.2954,0.1309,0.4619,0.4816,26.34
10.76,0.2797,0.1411,0.4712,0.4690,26.28
10.78,0.2797,0.1411,0.4712,0.4714,26.49
10.80,0.2797,0.1161,0.4709,0.4737,26.69
10.82,0.2887,0.1261,0.4709,0.4799,26.64
10.84,0.2637,0.1027,0.4786,0.4631,26.81
10.86,0.2474,0.1127,0.4889,0.4496,26.65
10.88,0.2474,0.1127,0.4889,0.4520,26.86
10.90,0.2474,0.1127,0.4889,0.4543,27.06
10.92,0.2562,0.0998,0.4858,0.4596,26.98
10.94,0.2313,0.0785,0.4916,0.4426,27.03
10.96,0.2147,0.0882,0.5033,0.4280,26.76
10.98,0.2147,0.0882,0.5033,0.4303,26.95
11.00,0.2147,0.0882,0.5033,0.4326,27.15
11.02,0.2235,0.0780,0.4974,0.4376,27.06
11.04,0.1987,0.0592,0.5024,0.4206,27.03
11.06,0.1825,0.0693,0.5145,0.4058,26.66
11.08,0.1825,0.0693,0.5145,0.4080,26.85
11.10,0.1825,0.0520,0.5072,0.4103,27.03
11.12,0.1912,0.0618,0.5072,0.4145,26.92
11.14,0.1667,0.0458,0.5126,0.3978,26.81
11.16,0.1505,0.0557,0.5246,0.3827,26.36
11.18,0.1505,0.0557,0.5246,0.3849,26.54
11.20,0.1505,0.0557,0.5246,0.3871,26.72
11.22,0.1593,0.0508,0.5175,0.3906,26.59
11.24,0.1347,0.0377,0.5219,0.3743,26.41
11.26,0.1191,0.0478,0.5336,0.3591,25.86
11.28,0.1191,0.0478,0.5336,0.3613,26.03
11.30,0.1191,0.0359,0.5260,0.3634,26.20
11.32,0.1280,0.0460,0.5260,0.3662,26.05
11.34,0.1039,0.0351,0.5302,0.3503,25.77
11.36,0.0891,0.0451,0.5412,0.3354,25.13
11.38,0.0891,0.0451,0.5412,0.3375,25.30
11.40,0.0891,0.0353,0.5339,0.3395,25.46
11.42,0.0983,0.0456,0.5339,0.3416,25.28
11.44,0.0752,0.0368,0.5378,0.3268,24.93
11.46,0.0614,0.0470,0.5480,0.3121,24.20
11.48,0.0614,0.0470,0.5480,0.3141,24.36
11.50,0.0614,0.0470,0.5480,0.3160,24.51
11.52,0.0707,0.0495,0.5415,0.3173,24.31
11.54,0.0485,0.0424,0.5447,0.3033,23.87
11.56,0.0361,0.0529,0.5536,0.2892,23.06
11.58,0.0361,0.0529,0.5536,0.2910,23.21
11.60,0.0361,0.0462,0.5473,0.2928,23.36
11.62,0.0452,0.0563,0.5473,0.2935,23.16
11.64,0.0242,0.0500,0.5496,0.2810,22.68
11.66,0.0334,0.0602,0.5496,0.2812,22.47
11.68,0.0132,0.0602,0.5573,0.2695,21.96
11.70,0.0132,0.0602,0.5573,0.2712,22.10
11.72,0.0224,0.0646,0.5511,0.2710,21.89
11.74,0.0028,0.0593,0.5522,0.2598,21.34
11.76,0.0064,0.0696,0.5593,0.2466,20.38
11.78,0.0064,0.0696,0.5593,0.2482,20.51
11.80,0.0064,0.0696,0.5593,0.2498,20.64
11.82,0.0029,0.0747,0.5530,0.2489,20.44
11.84,0.0149,0.0701,0.5530,0.2388,19.82
11.86,0.0222,0.0801,0.5594,0.2265,18.84
11.88,0.0222,0.0801,0.5594,0.2280,18.96
11.90,0.0222,0.0801,0.5594,0.2294,19.08
11.92,0.0127,0.0860,0.5527,0.2280,18.89
11.94,0.0286,0.0818,0.5522,0.2188,18.21
11.96,0.0338,0.0920,0.5578,0.2073,17.22
11.98,0.0338,0.0920,0.5578,0.2086,17.34
12.00,0.0338,0.0920,0.5578,0.2099,17.45
12.02,0.0241,0.0985,0.5509,0.2080,17.27
12.04,0.0382,0.0955,0.5486,0.2001,16.59
12.06,0.0417,0.1057,0.5530,0.1897,15.67
12.08,0.0417,0.1057,0.5530,0.1909,15.77
12.10,0.0417,0.1057,0.5530,0.1921,15.87
12.12,0.0317,0.1135,0.5450,0.1896,15.71
12.14,0.0444,0.1115,0.5397,0.1839,15.13
12.16,0.0469,0.1217,0.5426,0.1750,14.32
12.18,0.0469,0.1217,0.5426,0.1760,14.42
12.20,0.0469,0.1217,0.5426,0.1771,14.51
12.22,0.0368,0.1308,0.5333,0.1739,14.33
12.24,0.0487,0.1299,0.5256,0.1698,13.84
12.26,0.0501,0.1401,0.5269,0.1626,13.16
12.28,0.0501,0.1401,0.5269,0.1635,13.25
12.30,0.0501,0.1401,0.5269,0.1644,13.33
12.32,0.0401,0.1495,0.5168,0.1612,13.19
12.34,0.0515,0.1490,0.5069,0.1589,12.81
12.36,0.0525,0.1593,0.5066,0.1530,12.26
12.38,0.0525,0.1593,0.5066,0.1538,12.33
12.40,0.0525,0.1593,0.5066,0.1547,12.41
12.42,0.0421,0.1697,0.4956,0.1508,12.25
12.44,0.0529,0.1701,0.4830,0.1504,12.00
12.46,0.0529,0.1806,0.4817,0.1455,11.56
12.48,0.0529,0.1806,0.4817,0.1462,11.63
12.50,0.0529,0.1820,0.4690,0.1469,11.69
12.52,0.0423,0.1923,0.4690,0.1429,11.54
12.54,0.0528,0.1946,0.4531,0.1439,11.41
12.56,0.0527,0.2049,0.4508,0.1401,11.06
12.58,0.0527,0.2049,0.4508,0.1407,11.12
12.60,0.0527,0.2049,0.4508,0.1413,11.17
12.62,0.0424,0.2183,0.4363,0.1368,11.00
12.64,0.0521,0.2211,0.4195,0.1383,10.91
12.66,0.0513,0.2311,0.4169,0.1351,10.64
12.68,0.0513,0.2311,0.4169,0.1356,10.69
12.70,0.0513,0.2311,0.4169,0.1361,10.74
12.72,0.0409,0.2431,0.4031,0.1315,10.56
12.74,0.0502,0.2432,0.3878,0.1335,10.53
12.76,0.0494,0.2531,0.3850,0.1306,10.28
12.78,0.0494,0.2531,0.3850,0.1310,10.32
12.80,0.0494,0.2515,0.3736,0.1314,10.35
12.82,0.0393,0.2611,0.3736,0.1271,10.20
12.84,0.0483,0.2564,0.3618,0.1293,10.19
12.86,0.0471,0.2661,0.3591,0.1268,9.99
12.88,0.0471,0.2661,0.3591,0.1271,10.02
12.90,0.0471,0.2661,0.3591,0.1274,10.04
12.92,0.0367,0.2692,0.3517,0.1230,9.89
12.94,0.0455,0.2610,0.3429,0.1253,9.89
12.96,0.0437,0.2707,0.3402,0.1229,9.72
12.98,0.0437,0.2707,0.3402,0.1231,9.74
13.00,0.0437,0.2612,0.3351,0.1232,9.75
13.02,0.0334,0.2707,0.3351,0.1190,9.59
13.04,0.0423,0.2604,0.3279,0.1213,9.61
13.06,0.0409,0.2698,0.3250,0.1195,9.48
13.08,0.0409,0.2698,0.3250,0.1195,9.49
13.10,0.0409,0.2585,0.3211,0.1196,9.49
13.12,0.0303,0.2681,0.3211,0.1153,9.32
13.14,0.0394,0.2564,0.3144,0.1180,9.38
13.16,0.0380,0.2658,0.3116,0.1163,9.26
13.18,0.0380,0.2658,0.3116,0.1163,9.26
13.20,0.0380,0.2529,0.3085,0.1162,9.25
13.22,0.0275,0.2623,0.3085,0.1121,9.08
13.24,0.0363,0.2485,0.3039,0.1142,9.11
13.26,0.0348,0.2577,0.3013,0.1126,9.00
13.28,0.0348,0.2577,0.3013,0.1125,8.99
13.30,0.0348,0.2577,0.3013,0.1123,8.98
13.32,0.0244,0.2524,0.2993,0.1083,8.80
13.34,0.0334,0.2372,0.2957,0.1105,8.84
13.36,0.0319,0.2462,0.2935,0.1090,8.74
13.38,0.0319,0.2462,0.2935,0.1087,8.72
13.40,0.0319,0.2462,0.2935,0.1085,8.70
13.42,0.0213,0.2392,0.2928,0.1046,8.52
13.44,0.0303,0.2227,0.2905,0.1069,8.59
13.46,0.0284,0.2321,0.2884,0.1052,8.48
13.48,0.0284,0.2321,0.2884,0.1049,8.44
13.50,0.0284,0.2321,0.2884,0.1045,8.41
13.52,0.0177,0.2238,0.2889,0.1007,8.22
13.54,0.0268,0.2056,0.2882,0.1027,8.28
13.56,0.0254,0.2146,0.2862,0.1016,8.21
13.58,0.0254,0.2146,0.2862,0.1011,8.16
13.60,0.0254,0.1956,0.2881,0.1006,8.12
13.62,0.0147,0.2046,0.2881,0.0965,7.90
13.64,0.0241,0.1852,0.2887,0.0987,7.98
13.66,0.0230,0.1939,0.2868,0.0977,7.91
13.68,0.0230,0.1939,0.2868,0.0971,7.86
13.70,0.0230,0.1734,0.2902,0.0965,7.81
13.72,0.0126,0.1819,0.2902,0.0928,7.60
13.74,0.0221,0.1625,0.2901,0.0951,7.70
13.76,0.0210,0.1710,0.2885,0.0943,7.65
13.78,0.0210,0.1710,0.2885,0.0936,7.59
13.80,0.0210,0.1710,0.2885,0.0929,7.52
13.82,0.0104,0.1605,0.2891,0.0893,7.32
13.84,0.0199,0.1441,0.2853,0.0914,7.42
13.86,0.0187,0.1523,0.2840,0.0910,7.40
13.88,0.0187,0.1523,0.2840,0.0902,7.33
13.90,0.0187,0.1380,0.2788,0.0893,7.25
13.92,0.0079,0.1462,0.2788,0.0859,7.05
13.94,0.0174,0.1360,0.2676,0.0879,7.15
13.96,0.0166,0.1438,0.2665,0.0875,7.12
13.98,0.0166,0.1438,0.2665,0.0866,7.04
14.00,0.0166,0.1362,0.2536,0.0856,6.96
14.02,0.0059,0.1440,0.2536,0.0823,6.75
14.04,0.0155,0.1382,0.2378,0.0844,6.87
14.06,0.0146,0.1458,0.2365,0.0846,6.90
14.08,0.0146,0.1458,0.2365,0.0836,6.81
14.10,0.0146,0.1415,0.2207,0.0825,6.72
14.12,0.0043,0.1487,0.2207,0.0793,6.50
14.14,0.0144,0.1460,0.2027,0.0815,6.64
14.16,0.0139,0.1531,0.2016,0.0818,6.67
14.18,0.0139,0.1531,0.2016,0.0806,6.57
14.20,0.0139,0.1522,0.1835,0.0794,6.46
14.22,0.0036,0.1591,0.1835,0.0761,6.24
14.24,0.0134,0.1588,0.1641,0.0785,6.39
14.26,0.0129,0.1654,0.1628,0.0793,6.47
14.28,0.0129,0.1654,0.1628,0.0780,6.36
14.30,0.0129,0.1670,0.1434,0.0766,6.24
14.32,0.0025,0.1736,0.1434,0.0732,6.01
14.34,0.0124,0.1732,0.1244,0.0761,6.21
14.36,0.0120,0.1795,0.1230,0.0773,6.31
14.38,0.0120,0.1795,0.1230,0.0759,6.19
14.40,0.0120,0.1776,0.1069,0.0744,6.07
14.42,0.0012,0.1840,0.1069,0.0710,5.82
14.44,0.0113,0.1790,0.0928,0.0737,6.01
14.46,0.0111,0.1852,0.0918,0.0745,6.08
14.48,0.0111,0.1852,0.0918,0.0729,5.95
14.50,0.0111,0.1782,0.0807,0.0714,5.82
14.52,0.0005,0.1841,0.0807,0.0680,5.57
14.54,0.0106,0.1743,0.0710,0.0713,5.82
14.56,0.0104,0.1803,0.0694,0.0729,5.95
14.58,0.0104,0.1803,0.0694,0.0713,5.82
14.60,0.0104,0.1803,0.0694,0.0696,5.68
14.62,0.0001,0.1744,0.0632,0.0661,5.41
14.64,0.0104,0.1609,0.0595,0.0686,5.60
14.66,0.0105,0.1663,0.0587,0.0698,5.70
14.68,0.0105,0.1663,0.0587,0.0681,5.55
14.70,0.0105,0.1512,0.0572,0.0663,5.40
14.72,0.0000,0.1565,0.0572,0.0627,5.14
14.74,0.0105,0.1404,0.0574,0.0656,5.34
14.76,0.0104,0.1455,0.0573,0.0666,5.42
14.78,0.0104,0.1455,0.0573,0.0647,5.27
14.80,0.0104,0.1287,0.0593,0.0628,5.11
14.82,0.0002,0.1336,0.0593,0.0593,4.86
14.84,0.0104,0.1169,0.0622,0.0622,5.06
14.86,0.0101,0.1218,0.0625,0.0631,5.13
14.88,0.0101,0.1218,0.0625,0.0611,4.97
14.90,0.0101,0.1218,0.0625,0.0592,4.81
14.92,0.0004,0.1094,0.0668,0.0555,4.54
14.94,0.0102,0.0922,0.0722,0.0581,4.72
14.96,0.0104,0.0969,0.0728,0.0592,4.81
14.98,0.0104,0.0969,0.0728,0.0572,4.64
15.00,0.0104,0.0793,0.0785,0.0551,4.47
15.02,0.0001,0.0838,0.0785,0.0514,4.21
15.04,0.0001,0.0664,0.0846,0.0492,4.03
15.06,0.0100,0.0708,0.0849,0.0564,4.57
15.08,0.0100,0.0708,0.0849,0.0542,4.39
15.10,0.0100,0.0533,0.0920,0.0521,4.21
15.12,0.0003,0.0577,0.0920,0.0481,3.94
15.14,0.0096,0.0406,0.0987,0.0519,4.20
15.16,0.0098,0.0446,0.0990,0.0539,4.37
15.18,0.0098,0.0446,0.0990,0.0516,4.18
15.20,0.0098,0.0277,0.1060,0.0494,3.99
15.22,0.0003,0.0317,0.1060,0.0456,3.74
15.24,0.0099,0.0160,0.1122,0.0496,4.01
15.26,0.0097,0.0200,0.1124,0.0517,4.18
15.28,0.0097,0.0200,0.1124,0.0494,3.99
15.30,0.0097,0.0056,0.1178,0.0471,3.80
15.32,0.0005,0.0097,0.1178,0.0431,3.53
15.34,0.0093,0.0034,0.1216,0.0474,3.83
15.36,0.0090,0.0008,0.1216,0.0498,4.04
15.38,0.0090,0.0008,0.1216,0.0475,3.84
15.40,0.0090,0.0110,0.1245,0.0451,3.64
15.42,0.0014,0.0069,0.1245,0.0412,3.37
15.44,0.0087,0.0171,0.1257,0.0456,3.68
15.46,0.0087,0.0131,0.1259,0.0479,3.88
15.48,0.0087,0.0131,0.1259,0.0455,3.68
15.50,0.0087,0.0218,0.1263,0.0430,3.47
15.52,0.0014,0.0179,0.1263,0.0391,3.19
15.54,0.0084,0.0259,0.1266,0.0437,3.53
15.56,0.0087,0.0218,0.1269,0.0461,3.73
15.58,0.0087,0.0218,0.1269,0.0436,3.52
15.60,0.0087,0.0294,0.1288,0.0411,3.31
15.62,0.0014,0.0255,0.1288,0.0370,3.02
15.64,0.0086,0.0322,0.1311,0.0414,3.33
15.66,0.0089,0.0280,0.1316,0.0437,3.53
15.68,0.0089,0.0280,0.1316,0.0411,3.31
15.70,0.0089,0.0336,0.1340,0.0386,3.09
15.72,0.0012,0.0297,0.1340,0.0343,2.80
15.74,0.0095,0.0340,0.1377,0.0375,2.99
15.76,0.0105,0.0301,0.1394,0.0392,3.11
15.78,0.0105,0.0301,0.1394,0.0366,2.89
15.80,0.0105,0.0330,0.1411,0.0341,2.67
15.82,0.0001,0.0288,0.1411,0.0290,2.38
15.84,0.0115,0.0301,0.1439,0.0329,2.54
15.86,0.0012,0.0261,0.1439,0.0276,2.26
15.88,0.0129,0.0261,0.1457,0.0322,2.44
15.90,0.0129,0.0262,0.1458,0.0298,2.22
15.92,0.0024,0.0220,0.1458,0.0236,1.92
15.94,0.0132,0.0219,0.1463,0.0294,2.17
15.96,0.0142,0.0179,0.1473,0.0315,2.32
15.98,0.0142,0.0179,0.1473,0.0291,2.10
16.00,0.0142,0.0179,0.1473,0.0267,1.87
16.02,0.0038,0.0139,0.1473,0.0199,1.60
16.04,0.0147,0.0139,0.1477,0.0268,1.85
16.06,0.0160,0.0097,0.1488,0.0290,2.00
16.08,0.0160,0.0097,0.1488,0.0267,1.77
16.10,0.0160,0.0097,0.1488,0.0246,1.54
16.12,0.0060,0.0057,0.1487,0.0166,1.27
16.14,0.0171,0.0057,0.1493,0.0249,1.50
16.16,0.0187,0.0018,0.1506,0.0271,1.63
16.18,0.0187,0.0018,0.1506,0.0252,1.40
16.20,0.0187,0.0017,0.1505,0.0235,1.17
16.22,0.0090,0.0022,0.1505,0.0142,0.90
16.24,0.0216,0.0023,0.1536,0.0244,0.94
16.26,0.0244,0.0061,0.1571,0.0267,0.90
16.28,0.0244,0.0061,0.1571,0.0257,0.67
16.30,0.0244,0.0064,0.1569,0.0250,0.44
16.32,0.0145,0.0104,0.1569,0.0146,0.19
16.34,0.0271,0.0113,0.1596,0.0272,0.18
16.36,0.0302,0.0152,0.1637,0.0302,0.07
16.38,0.0302,0.0152,0.1637,0.0302,0.16
16.40,0.0302,0.0166,0.1625,0.0305,0.39
16.42,0.0203,0.0206,0.1625,0.0217,0.63
16.44,0.0329,0.0224,0.1649,0.0341,0.76
16.46,0.0353,0.0265,0.1697,0.0371,0.96
16.48,0.0353,0.0265,0.1697,0.0380,1.19
16.50,0.0353,0.0265,0.1697,0.0391,1.42
16.52,0.0255,0.0332,0.1673,0.0324,1.67
16.54,0.0378,0.0363,0.1691,0.0440,1.90
16.56,0.0397,0.0403,0.1741,0.0472,2.16
16.58,0.0397,0.0403,0.1741,0.0487,2.38
16.60,0.0397,0.0437,0.1706,0.0503,2.61
16.62,0.0295,0.0480,0.1706,0.0450,2.84
16.64,0.0411,0.0517,0.1716,0.0552,3.11
16.66,0.0423,0.0556,0.1764,0.0582,3.38
16.68,0.0423,0.0556,0.1764,0.0601,3.60
16.70,0.0423,0.0595,0.1724,0.0620,3.83
16.72,0.0322,0.0636,0.1724,0.0578,4.02
16.74,0.0427,0.0676,0.1723,0.0661,4.26
16.76,0.0428,0.0717,0.1756,0.0679,4.45
16.78,0.0428,0.0717,0.1756,0.0699,4.67
16.80,0.0428,0.0757,0.1714,0.0720,4.89
16.82,0.0328,0.0797,0.1714,0.0687,5.06
16.84,0.0424,0.0839,0.1694,0.0748,5.21
16.86,0.0413,0.0878,0.1708,0.0747,5.26
16.88,0.0413,0.0878,0.1708,0.0769,5.47
16.90,0.0413,0.0917,0.1668,0.0790,5.69
16.92,0.0314,0.0955,0.1668,0.0763,5.83
16.94,0.0394,0.0991,0.1634,0.0796,5.84
16.96,0.0366,0.1030,0.1630,0.0775,5.74
16.98,0.0366,0.1030,0.1630,0.0797,5.95
17.00,0.0366,0.1061,0.1598,0.0819,6.17
17.02,0.0265,0.1100,0.1598,0.0799,6.30
17.04,0.0333,0.1122,0.1561,0.0812,6.22
17.06,0.0297,0.1164,0.1545,0.0783,6.06
17.08,0.0297,0.1164,0.1545,0.0806,6.27
17.10,0.0297,0.1180,0.1528,0.0829,6.48
17.12,0.0196,0.1220,0.1528,0.0819,6.61
17.14,0.0252,0.1227,0.1494,0.0812,6.44
17.16,0.0206,0.1266,0.1467,0.0773,6.20
17.18,0.0206,0.1266,0.1467,0.0797,6.40
17.20,0.0206,0.1267,0.1465,0.0820,6.60
17.22,0.0109,0.1307,0.1465,0.0824,6.74
17.24,0.0159,0.1307,0.1432,0.0806,6.54
17.26,0.0110,0.1347,0.1398,0.0766,6.26
17.28,0.0110,0.1347,0.1398,0.0789,6.45
17.30,0.0110,0.1347,0.1397,0.0813,6.65
17.32,0.0013,0.1386,0.1397,0.0826,6.77
17.34,0.0063,0.1381,0.1361,0.0798,6.55
17.36,0.0017,0.1418,0.1325,0.0759,6.22
17.38,0.0017,0.1418,0.1325,0.0782,6.41
17.40,0.0017,0.1408,0.1324,0.0804,6.59
17.42,0.0078,0.1444,0.1324,0.0826,6.70
17.44,0.0020,0.1433,0.1285,0.0790,6.46
17.46,0.0058,0.1469,0.1250,0.0752,6.12
17.48,0.0058,0.1469,0.1250,0.0774,6.30
17.50,0.0058,0.1450,0.1244,0.0796,6.48
17.52,0.0157,0.1488,0.1244,0.0827,6.58
17.54,0.0095,0.1451,0.1204,0.0781,6.31
17.56,0.0192,0.1488,0.1204,0.0816,6.41
17.58,0.0124,0.1488,0.1173,0.0767,6.14
17.60,0.0124,0.1488,0.1173,0.0788,6.32
17.62,0.0221,0.1480,0.1161,0.0828,6.43
17.64,0.0145,0.1415,0.1136,0.0781,6.22
17.66,0.0160,0.1453,0.1121,0.0755,5.98
17.68,0.0160,0.1453,0.1121,0.0775,6.14
17.70,0.0160,0.1453,0.1121,0.0795,6.31
17.72,0.0257,0.1420,0.1110,0.0836,6.40
17.74,0.0168,0.1342,0.1085,0.0789,6.24
17.76,0.0167,0.1379,0.1084,0.0765,6.04
17.78,0.0167,0.1379,0.1084,0.0784,6.20
17.80,0.0167,0.1294,0.1063,0.0803,6.35
17.82,0.0266,0.1331,0.1063,0.0846,6.45
17.84,0.0162,0.1243,0.1044,0.0800,6.34
17.86,0.0151,0.1278,0.1053,0.0777,6.18
17.88,0.0151,0.1278,0.1053,0.0795,6.32
17.90,0.0151,0.1189,0.1023,0.0813,6.47
17.92,0.0249,0.1223,0.1023,0.0851,6.55
17.94,0.0133,0.1133,0.1001,0.0809,6.48
17.96,0.0112,0.1166,0.1018,0.0783,6.29
17.98,0.0112,0.1166,0.1018,0.0800,6.43
18.00,0.0112,0.1081,0.0969,0.0817,6.57
18.02,0.0214,0.1112,0.0969,0.0848,6.62
18.04,0.0089,0.1029,0.0935,0.0807,6.53
18.06,0.0064,0.1059,0.0960,0.0782,6.35
18.08,0.0064,0.1059,0.0960,0.0798,6.49
18.10,0.0064,0.0984,0.0895,0.0814,6.62
18.12,0.0167,0.1012,0.0895,0.0838,6.64
18.14,0.0040,0.0940,0.0850,0.0803,6.55
18.16,0.0019,0.0968,0.0873,0.0773,6.32
18.18,0.0019,0.0968,0.0873,0.0788,6.44
18.20,0.0019,0.0903,0.0797,0.0802,6.56
18.22,0.0124,0.0930,0.0797,0.0821,6.59
18.24,0.0004,0.0873,0.0737,0.0785,6.43
18.26,0.0025,0.0898,0.0760,0.0752,6.17
18.28,0.0025,0.0898,0.0760,0.0766,6.28
18.30,0.0025,0.0851,0.0668,0.0779,6.39
18.32,0.0077,0.0874,0.0668,0.0791,6.42
18.34,0.0050,0.0834,0.0598,0.0762,6.25
18.36,0.0073,0.0855,0.0624,0.0729,5.97
18.38,0.0073,0.0855,0.0624,0.0742,6.08
18.40,0.0073,0.0816,0.0533,0.0754,6.18
18.42,0.0028,0.0834,0.0533,0.0755,6.17
18.44,0.0098,0.0797,0.0473,0.0734,6.00
18.46,0.0116,0.0812,0.0498,0.0698,5.68
18.48,0.0116,0.0812,0.0498,0.0709,5.78
18.50,0.0116,0.0771,0.0420,0.0720,5.87
18.52,0.0013,0.0786,0.0420,0.0714,5.85
18.54,0.0134,0.0735,0.0385,0.0695,5.64
18.56,0.0147,0.0749,0.0413,0.0660,5.33
18.58,0.0147,0.0749,0.0413,0.0670,5.41
18.60,0.0147,0.0684,0.0372,0.0680,5.49
18.62,0.0041,0.0695,0.0372,0.0663,5.43
18.64,0.0156,0.0624,0.0372,0.0654,5.26
18.66,0.0165,0.0638,0.0403,0.0624,4.98
18.68,0.0165,0.0638,0.0403,0.0632,5.06
18.70,0.0165,0.0557,0.0388,0.0641,5.13
18.72,0.0058,0.0571,0.0388,0.0624,5.11
18.74,0.0170,0.0484,0.0417,0.0620,4.94
18.76,0.0177,0.0499,0.0452,0.0594,4.70
18.78,0.0177,0.0499,0.0452,0.0601,4.77
18.80,0.0177,0.0412,0.0457,0.0609,4.83
18.82,0.0071,0.0426,0.0457,0.0587,4.80
18.84,0.0185,0.0346,0.0497,0.0590,4.65
18.86,0.0188,0.0360,0.0534,0.0564,4.41
18.88,0.0188,0.0360,0.0534,0.0570,4.47
18.90,0.0188,0.0291,0.0527,0.0576,4.52
18.92,0.0083,0.0306,0.0527,0.0552,4.49
18.94,0.0193,0.0245,0.0550,0.0557,4.34
18.96,0.0196,0.0260,0.0588,0.0535,4.14
18.98,0.0196,0.0260,0.0588,0.0540,4.18
19.00,0.0196,0.0210,0.0563,0.0545,4.22
19.02,0.0091,0.0224,0.0563,0.0515,4.18
19.04,0.0197,0.0184,0.0567,0.0527,4.06
19.06,0.0199,0.0199,0.0609,0.0507,3.88
19.08,0.0199,0.0199,0.0609,0.0511,3.91
19.10,0.0199,0.0175,0.0558,0.0515,3.95
19.12,0.0092,0.0190,0.0558,0.0483,3.91
19.14,0.0197,0.0173,0.0546,0.0500,3.81
19.16,0.0192,0.0187,0.0589,0.0479,3.64
19.18,0.0192,0.0187,0.0589,0.0482,3.67
19.20,0.0192,0.0176,0.0528,0.0485,3.69
19.22,0.0085,0.0190,0.0528,0.0450,3.64
19.24,0.0185,0.0182,0.0511,0.0468,3.56
19.26,0.0185,0.0199,0.0558,0.0455,3.45
19.28,0.0185,0.0199,0.0558,0.0457,3.46
19.30,0.0185,0.0197,0.0494,0.0458,3.48
19.32,0.0081,0.0211,0.0494,0.0423,3.42
19.34,0.0181,0.0206,0.0483,0.0445,3.37
19.36,0.0176,0.0222,0.0530,0.0430,3.25
19.38,0.0176,0.0222,0.0530,0.0430,3.26
19.40,0.0176,0.0222,0.0471,0.0431,3.26
19.42,0.0071,0.0238,0.0471,0.0396,3.20
19.44,0.0173,0.0236,0.0470,0.0423,3.20
19.46,0.0169,0.0249,0.0522,0.0409,3.09
19.48,0.0169,0.0249,0.0522,0.0409,3.08
19.50,0.0169,0.0249,0.0522,0.0408,3.08
19.52,0.0063,0.0266,0.0465,0.0369,2.99
19.54,0.0162,0.0269,0.0464,0.0396,3.00
19.56,0.0155,0.0285,0.0520,0.0387,2.94
19.58,0.0155,0.0285,0.0520,0.0386,2.92
19.60,0.0155,0.0286,0.0467,0.0384,2.91
19.62,0.0045,0.0302,0.0467,0.0346,2.82
19.64,0.0143,0.0306,0.0471,0.0370,2.82
19.66,0.0133,0.0324,0.0525,0.0362,2.78
19.68,0.0133,0.0324,0.0525,0.0359,2.75
19.70,0.0133,0.0329,0.0470,0.0356,2.73
19.72,0.0025,0.0348,0.0470,0.0323,2.64
19.74,0.0123,0.0350,0.0475,0.0344,2.65
19.76,0.0114,0.0369,0.0533,0.0339,2.63
19.78,0.0114,0.0369,0.0533,0.0335,2.60
19.80,0.0114,0.0374,0.0480,0.0331,2.56
19.82,0.0008,0.0393,0.0480,0.0302,2.47
19.84,0.0107,0.0397,0.0485,0.0320,2.49
19.86,0.0102,0.0418,0.0544,0.0317,2.48
19.88,0.0102,0.0418,0.0544,0.0312,2.43
19.90,0.0102,0.0426,0.0489,0.0307,2.39
19.92,0.0001,0.0447,0.0489,0.0281,2.30
19.94,0.0102,0.0456,0.0491,0.0301,2.33
19.96,0.0101,0.0478,0.0553,0.0301,2.34
19.98,0.0101,0.0478,0.0553,0.0295,2.29
20.00,0.0101,0.0486,0.0495,0.0289,2.23
20.02,0.0003,0.0507,0.0495,0.0261,2.13
20.04,0.0099,0.0521,0.0495,0.0283,2.18
20.06,0.0097,0.0545,0.0559,0.0286,2.22
20.08,0.0097,0.0545,0.0559,0.0279,2.15
20.10,0.0097,0.0555,0.0497,0.0271,2.09
20.12,0.0009,0.0580,0.0497,0.0244,1.99
20.14,0.0093,0.0590,0.0500,0.0268,2.07
20.16,0.0090,0.0616,0.0566,0.0274,2.13
20.18,0.0090,0.0616,0.0566,0.0266,2.06
20.20,0.0090,0.0618,0.0511,0.0257,1.99
20.22,0.0015,0.0644,0.0511,0.0230,1.88
20.24,0.0088,0.0647,0.0520,0.0254,1.96
20.26,0.0088,0.0675,0.0589,0.0264,2.05
20.28,0.0088,0.0675,0.0589,0.0254,1.97
20.30,0.0088,0.0668,0.0540,0.0245,1.88
20.32,0.0018,0.0695,0.0540,0.0218,1.77
20.34,0.0087,0.0685,0.0561,0.0240,1.84
20.36,0.0085,0.0712,0.0633,0.0250,1.94
20.38,0.0085,0.0712,0.0633,0.0239,1.84
20.40,0.0085,0.0697,0.0590,0.0229,1.75
20.42,0.0022,0.0722,0.0590,0.0197,1.60
20.44,0.0081,0.0706,0.0620,0.0224,1.72
20.46,0.0074,0.0732,0.0692,0.0231,1.80
20.48,0.0074,0.0732,0.0692,0.0219,1.70
20.50,0.0074,0.0711,0.0654,0.0207,1.59
20.52,0.0032,0.0738,0.0654,0.0178,1.43
20.54,0.0073,0.0716,0.0689,0.0204,1.57
20.56,0.0069,0.0746,0.0759,0.0211,1.64
20.58,0.0069,0.0746,0.0759,0.0198,1.53
20.60,0.0069,0.0723,0.0718,0.0185,1.41
20.62,0.0038,0.0753,0.0718,0.0158,1.25
20.64,0.0067,0.0732,0.0747,0.0183,1.40
20.66,0.0063,0.0764,0.0820,0.0192,1.49
20.68,0.0063,0.0764,0.0820,0.0178,1.37
20.70,0.0063,0.0746,0.0768,0.0165,1.25
20.72,0.0045,0.0778,0.0768,0.0141,1.09
20.74,0.0059,0.0761,0.0789,0.0163,1.25
20.76,0.0057,0.0792,0.0861,0.0172,1.33
20.78,0.0057,0.0792,0.0861,0.0157,1.20
20.80,0.0057,0.0776,0.0800,0.0142,1.07
20.82,0.0049,0.0810,0.0800,0.0123,0.92
20.84,0.0054,0.0798,0.0807,0.0140,1.06
20.86,0.0054,0.0831,0.0880,0.0152,1.17
20.88,0.0054,0.0831,0.0880,0.0136,1.03
20.90,0.0054,0.0820,0.0808,0.0121,0.89
20.92,0.0050,0.0854,0.0808,0.0103,0.73
20.94,0.0051,0.0843,0.0809,0.0116,0.86
20.96,0.0052,0.0876,0.0882,0.0127,0.95
20.98,0.0052,0.0876,0.0882,0.0111,0.80
21.00,0.0052,0.0863,0.0806,0.0095,0.65
21.02,0.0052,0.0895,0.0806,0.0077,0.47
21.04,0.0051,0.0885,0.0801,0.0087,0.57
21.06,0.0049,0.0921,0.0872,0.0094,0.66
21.08,0.0049,0.0921,0.0872,0.0079,0.51
21.10,0.0049,0.0904,0.0797,0.0065,0.35
21.12,0.0054,0.0940,0.0797,0.0059,0.18
21.14,0.0049,0.0921,0.0792,0.0059,0.26
21.16,0.0049,0.0956,0.0854,0.0059,0.27
21.18,0.0049,0.0956,0.0854,0.0051,0.11
21.20,0.0049,0.0929,0.0786,0.0050,0.06
21.22,0.0053,0.0967,0.0786,0.0059,0.21
21.24,0.0049,0.0932,0.0783,0.0057,0.23
21.26,0.0051,0.0971,0.0838,0.0061,0.26
21.28,0.0051,0.0971,0.0838,0.0074,0.43
21.30,0.0051,0.0925,0.0785,0.0090,0.61
21.32,0.0051,0.0963,0.0785,0.0106,0.76
21.34,0.0054,0.0914,0.0780,0.0125,0.93
21.36,0.0058,0.0951,0.0824,0.0144,1.08
21.38,0.0058,0.0951,0.0824,0.0164,1.26
21.40,0.0058,0.0895,0.0779,0.0185,1.44
21.42,0.0043,0.0934,0.0779,0.0200,1.59
21.44,0.0062,0.0876,0.0783,0.0223,1.76
21.46,0.0062,0.0914,0.0832,0.0236,1.87
21.48,0.0062,0.0914,0.0832,0.0258,2.06
21.50,0.0062,0.0854,0.0790,0.0280,2.25
21.52,0.0042,0.0894,0.0790,0.0297,2.40
21.54,0.0060,0.0833,0.0803,0.0307,2.47
21.56,0.0054,0.0874,0.0868,0.0299,2.41
21.58,0.0054,0.0874,0.0868,0.0322,2.61
21.60,0.0054,0.0818,0.0820,0.0345,2.80
21.62,0.0050,0.0858,0.0820,0.0366,2.96
21.64,0.0045,0.0807,0.0845,0.0344,2.80
21.66,0.0032,0.0850,0.0930,0.0310,2.53
21.68,0.0032,0.0850,0.0930,0.0334,2.73
21.70,0.0032,0.0808,0.0866,0.0358,2.93
21.72,0.0072,0.0850,0.0866,0.0385,3.08
21.74,0.0021,0.0816,0.0881,0.0351,2.87
21.76,0.0008,0.0858,0.0968,0.0315,2.58
21.78,0.0008,0.0858,0.0968,0.0340,2.78
21.80,0.0008,0.0858,0.0968,0.0365,2.99
21.82,0.0094,0.0873,0.0888,0.0397,3.14
21.84,0.0007,0.0851,0.0884,0.0357,2.92
21.86,0.0017,0.0893,0.0976,0.0317,2.59
21.88,0.0017,0.0893,0.0976,0.0343,2.80
21.90,0.0017,0.0893,0.0976,0.0369,3.01
21.92,0.0116,0.0918,0.0883,0.0407,3.17
21.94,0.0023,0.0908,0.0872,0.0359,2.93
21.96,0.0033,0.0948,0.0967,0.0319,2.59
21.98,0.0033,0.0948,0.0967,0.0346,2.81
22.00,0.0033,0.0948,0.0967,0.0372,3.03
22.02,0.0135,0.0982,0.0867,0.0417,3.20
22.04,0.0040,0.0972,0.0855,0.0364,2.96
22.06,0.0045,0.1015,0.0951,0.0326,2.63
22.08,0.0045,0.1015,0.0951,0.0352,2.85
22.10,0.0045,0.1005,0.0848,0.0379,3.07
22.12,0.0148,0.1052,0.0848,0.0424,3.22
22.14,0.0044,0.1035,0.0844,0.0371,3.00
22.16,0.0042,0.1081,0.0941,0.0328,2.65
22.18,0.0042,0.1081,0.0941,0.0355,2.87
22.20,0.0042,0.1081,0.0941,0.0382,3.10
22.22,0.0140,0.1102,0.0852,0.0425,3.25
22.24,0.0035,0.1069,0.0864,0.0372,3.02
22.26,0.0025,0.1116,0.0963,0.0327,2.66
22.28,0.0025,0.1116,0.0963,0.0355,2.89
22.30,0.0025,0.1062,0.0897,0.0382,3.12
22.32,0.0123,0.1107,0.0897,0.0422,3.28
22.34,0.0010,0.1040,0.0934,0.0373,3.05
22.36,0.0003,0.1087,0.1031,0.0334,2.73
22.38,0.0003,0.1087,0.1031,0.0362,2.96
22.40,0.0003,0.1013,0.0982,0.0390,3.19
22.42,0.0097,0.1058,0.0982,0.0425,3.36
22.44,0.0020,0.0983,0.1037,0.0382,3.13
22.46,0.0034,0.1030,0.1141,0.0339,2.76
22.48,0.0034,0.1030,0.1141,0.0366,2.99
22.50,0.0034,0.0947,0.1104,0.0394,3.22
22.52,0.0067,0.0998,0.1104,0.0419,3.37
22.54,0.0053,0.0916,0.1161,0.0384,3.12
22.56,0.0068,0.0965,0.1264,0.0342,2.75
22.58,0.0068,0.0965,0.1264,0.0369,2.98
22.60,0.0068,0.0894,0.1209,0.0396,3.21
22.62,0.0035,0.0945,0.1209,0.0414,3.37
22.64,0.0084,0.0885,0.1245,0.0385,3.09
22.66,0.0091,0.0936,0.1355,0.0333,2.64
22.68,0.0091,0.0936,0.1355,0.0360,2.87
22.70,0.0091,0.0893,0.1271,0.0387,3.10
22.72,0.0011,0.0943,0.1271,0.0398,3.26
22.74,0.0100,0.0927,0.1263,0.0367,2.91
22.76,0.0101,0.0977,0.1371,0.0313,2.45
22.78,0.0101,0.0977,0.1371,0.0340,2.67
22.80,0.0101,0.0975,0.1246,0.0366,2.90
22.82,0.0002,0.1024,0.1246,0.0375,3.07
22.84,0.0099,0.1035,0.1224,0.0333,2.62
22.86,0.0093,0.1083,0.1336,0.0272,2.10
22.88,0.0093,0.1083,0.1336,0.0298,2.33
22.90,0.0093,0.1104,0.1192,0.0324,2.55
22.92,0.0009,0.1152,0.1192,0.0335,2.74
22.94,0.0086,0.1173,0.1155,0.0290,2.28
22.96,0.0076,0.1220,0.1264,0.0229,1.78
22.98,0.0076,0.1220,0.1264,0.0255,2.00
23.00,0.0076,0.1236,0.1121,0.0281,2.23
23.02,0.0026,0.1284,0.1121,0.0296,2.41
23.04,0.0064,0.1280,0.1100,0.0247,1.96
23.06,0.0049,0.1327,0.1204,0.0190,1.50
23.08,0.0049,0.1327,0.1204,0.0215,1.72
23.10,0.0049,0.1327,0.1204,0.0241,1.94
23.12,0.0051,0.1358,0.1085,0.0266,2.13
23.14,0.0038,0.1319,0.1085,0.0214,1.73
23.16,0.0024,0.1366,0.1181,0.0164,1.33
23.18,0.0024,0.1366,0.1181,0.0190,1.55
23.20,0.0024,0.1311,0.1093,0.0216,1.76
23.22,0.0077,0.1359,0.1093,0.0251,1.94
23.24,0.0012,0.1282,0.1118,0.0194,1.59
23.26,0.0004,0.1331,0.1214,0.0144,1.17
23.28,0.0004,0.1331,0.1214,0.0169,1.39
23.30,0.0004,0.1331,0.1214,0.0195,1.60
23.32,0.0103,0.1286,0.1158,0.0242,1.78
23.34,0.0011,0.1178,0.1205,0.0181,1.48
23.36,0.0018,0.1227,0.1298,0.0136,1.11
23.38,0.0018,0.1227,0.1298,0.0161,1.31
23.40,0.0018,0.1109,0.1269,0.0186,1.52
23.42,0.0117,0.1157,0.1269,0.0238,1.68
23.44,0.0018,0.1030,0.1334,0.0172,1.40
23.46,0.0017,0.1081,0.1423,0.0132,1.07
23.48,0.0017,0.1081,0.1423,0.0157,1.27
23.50,0.0017,0.0956,0.1401,0.0181,1.47
23.52,0.0117,0.1005,0.1401,0.0232,1.63
23.54,0.0009,0.0880,0.1460,0.0173,1.41
23.56,0.0001,0.0930,0.1539,0.0147,1.20
23.58,0.0001,0.0930,0.1539,0.0170,1.39
23.60,0.0001,0.0814,0.1503,0.0194,1.59
23.62,0.0102,0.0864,0.1503,0.0235,1.72
23.64,0.0015,0.0757,0.1530,0.0198,1.62
23.66,0.0030,0.0808,0.1609,0.0176,1.42
23.68,0.0030,0.0808,0.1609,0.0199,1.61
23.70,0.0030,0.0710,0.1547,0.0221,1.80
23.72,0.0071,0.0760,0.1547,0.0247,1.93
23.74,0.0050,0.0686,0.1537,0.0230,1.84
23.76,0.0068,0.0737,0.1613,0.0215,1.68
23.78,0.0068,0.0737,0.1613,0.0236,1.86
23.80,0.0068,0.0681,0.1508,0.0257,2.04
23.82,0.0034,0.0731,0.1508,0.0267,2.16
23.84,0.0086,0.0712,0.1443,0.0267,2.08
23.86,0.0102,0.0762,0.1515,0.0259,1.96
23.88,0.0102,0.0762,0.1515,0.0278,2.13
23.90,0.0102,0.0761,0.1361,0.0297,2.30
23.92,0.0002,0.0811,0.1361,0.0295,2.41
23.94,0.0117,0.0831,0.1259,0.0312,2.39
23.96,0.0134,0.0881,0.1328,0.0304,2.26
23.98,0.0134,0.0881,0.1328,0.0322,2.43
24.00,0.0134,0.0910,0.1152,0.0340,2.59
24.02,0.0032,0.0959,0.1152,0.0328,2.68
24.04,0.0145,0.0996,0.1046,0.0344,2.58
24.06,0.0149,0.1046,0.1118,0.0322,2.36
24.08,0.0149,0.1046,0.1118,0.0338,2.51
24.10,0.0149,0.1093,0.0938,0.0355,2.67
24.12,0.0046,0.1142,0.0938,0.0336,2.73
24.14,0.0152,0.1195,0.0828,0.0349,2.60
24.16,0.0153,0.1242,0.0895,0.0330,2.42
24.18,0.0153,0.1242,0.0895,0.0346,2.57
24.20,0.0153,0.1282,0.0727,0.0362,2.71
24.22,0.0050,0.1329,0.0727,0.0343,2.79
24.24,0.0151,0.1341,0.0647,0.0358,2.68
24.26,0.0148,0.1388,0.0707,0.0338,2.52
24.28,0.0148,0.1388,0.0707,0.0353,2.66
24.30,0.0148,0.1382,0.0583,0.0368,2.79
24.32,0.0047,0.1426,0.0583,0.0352,2.86
24.34,0.0140,0.1394,0.0547,0.0358,2.72
24.36,0.0131,0.1441,0.0607,0.0334,2.54
24.38,0.0131,0.1441,0.0607,0.0348,2.67
24.40,0.0131,0.1396,0.0522,0.0363,2.80
24.42,0.0030,0.1439,0.0522,0.0349,2.86
24.44,0.0119,0.1377,0.0521,0.0351,2.72
24.46,0.0017,0.1422,0.0521,0.0338,2.76
24.48,0.0108,0.1422,0.0579,0.0341,2.67
24.50,0.0108,0.1351,0.0529,0.0355,2.79
24.52,0.0005,0.1398,0.0529,0.0344,2.82
24.54,0.0097,0.1312,0.0555,0.0344,2.72
24.56,0.0088,0.1357,0.0612,0.0324,2.57
24.58,0.0088,0.1357,0.0612,0.0337,2.68
24.60,0.0088,0.1266,0.0593,0.0350,2.79
24.62,0.0014,0.1312,0.0593,0.0343,2.80
24.64,0.0073,0.1218,0.0641,0.0334,2.68
24.66,0.0064,0.1264,0.0700,0.0309,2.48
24.68,0.0064,0.1264,0.0700,0.0321,2.58
24.70,0.0064,0.1264,0.0700,0.0333,2.68
24.72,0.0039,0.1214,0.0697,0.0333,2.70
24.74,0.0051,0.1118,0.0756,0.0318,2.58
24.76,0.0037,0.1163,0.0815,0.0295,2.40
24.78,0.0037,0.1163,0.0815,0.0306,2.49
24.80,0.0037,0.1063,0.0820,0.0317,2.58
24.82,0.0068,0.1109,0.0820,0.0327,2.60
24.84,0.0023,0.1006,0.0883,0.0305,2.49
24.86,0.0008,0.1055,0.0941,0.0282,2.31
24.88,0.0008,0.1055,0.0941,0.0292,2.39
24.90,0.0008,0.0949,0.0951,0.0302,2.47
24.92,0.0097,0.0998,0.0951,0.0319,2.47
24.94,0.0005,0.0890,0.1017,0.0292,2.39
24.96,0.0017,0.0940,0.1074,0.0271,2.21
24.98,0.0017,0.0940,0.1074,0.0280,2.29
25.00,0.0017,0.0829,0.1087,0.0289,2.36
25.02,0.0122,0.0878,0.1087,0.0314,2.35
25.04,0.0025,0.0767,0.1146,0.0283,2.30
25.06,0.0031,0.0815,0.1200,0.0268,2.18
25.08,0.0031,0.0815,0.1200,0.0276,2.24
25.10,0.0031,0.0704,0.1204,0.0283,2.30
25.12,0.0135,0.0753,0.1204,0.0314,2.30
25.14,0.0032,0.0650,0.1246,0.0281,2.28
25.16,0.0032,0.0697,0.1298,0.0272,2.21
25.18,0.0032,0.0697,0.1298,0.0279,2.26
25.20,0.0032,0.0601,0.1279,0.0285,2.31
25.22,0.0136,0.0648,0.1279,0.0311,2.26
25.24,0.0034,0.0561,0.1289,0.0278,2.25
25.26,0.0030,0.0607,0.1338,0.0268,2.17
25.28,0.0030,0.0607,0.1338,0.0268,2.17
25.30,0.0030,0.0532,0.1288,0.0268,2.17
25.32,0.0133,0.0577,0.1288,0.0294,2.13
25.34,0.0027,0.0522,0.1263,0.0258,2.10
25.36,0.0024,0.0565,0.1308,0.0252,2.05
25.38,0.0024,0.0565,0.1308,0.0252,2.05
25.40,0.0024,0.0529,0.1213,0.0252,2.05
25.42,0.0117,0.0564,0.1213,0.0278,2.05
25.44,0.0024,0.0558,0.1140,0.0240,1.95
25.46,0.0023,0.0591,0.1194,0.0221,1.79
25.48,0.0023,0.0591,0.1194,0.0221,1.79
25.50,0.0023,0.0599,0.1060,0.0221,1.79
25.52,0.0101,0.0629,0.1060,0.0241,1.78
25.54,0.0027,0.0640,0.0988,0.0188,1.52
25.56,0.0034,0.0664,0.1049,0.0154,1.23
25.58,0.0035,0.0664,0.1049,0.0154,1.23
25.60,0.0035,0.0684,0.0911,0.0154,1.23
25.62,0.0096,0.0706,0.0911,0.0178,1.22
25.64,0.0042,0.0729,0.0835,0.0115,0.87
25.66,0.0051,0.0745,0.0895,0.0083,0.54
25.68,0.0051,0.0745,0.0895,0.0083,0.54
25.70,0.0051,0.0779,0.0752,0.0083,0.54
25.72,0.0097,0.0792,0.0752,0.0118,0.56
25.74,0.0060,0.0832,0.0660,0.0067,0.24
25.76,0.0067,0.0844,0.0708,0.0067,0.05
25.78,0.0067,0.0844,0.0708,0.0067,0.05
25.80,0.0067,0.0881,0.0568,0.0067,0.05
25.82,0.0103,0.0892,0.0568,0.0103,0.04
25.84,0.0071,0.0919,0.0477,0.0078,0.26
25.86,0.0071,0.0929,0.0509,0.0089,0.44
25.88,0.0071,0.0929,0.0509,0.0089,0.44
25.90,0.0071,0.0946,0.0394,0.0089,0.44
25.92,0.0097,0.0950,0.0394,0.0109,0.41
25.94,0.0070,0.0947,0.0324,0.0097,0.55
25.96,0.0068,0.0954,0.0343,0.0103,0.63
25.98,0.0068,0.0954,0.0343,0.0103,0.63
26.00,0.0068,0.0954,0.0343,0.0103,0.63
26.02,0.0085,0.0941,0.0262,0.0115,0.63
26.04,0.0065,0.0909,0.0209,0.0103,0.65
26.06,0.0061,0.0912,0.0217,0.0099,0.64
26.08,0.0061,0.0912,0.0217,0.0099,0.64
26.10,0.0061,0.0912,0.0217,0.0099,0.64
26.12,0.0073,0.0875,0.0163,0.0106,0.62
26.14,0.0055,0.0826,0.0131,0.0093,0.61
26.16,0.0050,0.0831,0.0138,0.0092,0.63
26.18,0.0050,0.0831,0.0138,0.0092,0.63
26.20,0.0050,0.0831,0.0138,0.0092,0.63
26.22,0.0058,0.0779,0.0107,0.0094,0.60
26.24,0.0045,0.0724,0.0090,0.0083,0.57
26.26,0.0042,0.0724,0.0091,0.0077,0.53
26.28,0.0042,0.0724,0.0091,0.0077,0.53
26.30,0.0042,0.0672,0.0074,0.0077,0.53
26.32,0.0047,0.0676,0.0074,0.0083,0.56
26.34,0.0042,0.0623,0.0063,0.0075,0.50
26.36,0.0044,0.0622,0.0063,0.0075,0.50
26.38,0.0044,0.0622,0.0063,0.0075,0.50
26.40,0.0044,0.0574,0.0055,0.0075,0.50
26.42,0.0045,0.0573,0.0055,0.0075,0.49
26.44,0.0046,0.0529,0.0050,0.0078,0.52
26.46,0.0046,0.0529,0.0050,0.0078,0.52
26.48,0.0046,0.0529,0.0050,0.0078,0.52
26.50,0.0046,0.0490,0.0043,0.0078,0.52
26.52,0.0046,0.0490,0.0043,0.0078,0.52
26.54,0.0046,0.0453,0.0039,0.0078,0.52
26.56,0.0046,0.0453,0.0039,0.0078,0.52
26.58,0.0046,0.0453,0.0039,0.0078,0.52
26.60,0.0046,0.0420,0.0036,0.0078,0.52
26.62,0.0046,0.0420,0.0036,0.0078,0.52
26.64,0.0046,0.0387,0.0034,0.0078,0.52
26.66,0.0046,0.0387,0.0034,0.0078,0.52
26.68,0.0046,0.0387,0.0034,0.0078,0.52
26.70,0.0046,0.0358,0.0031,0.0078,0.52
26.72,0.0046,0.0358,0.0031,0.0078,0.52
26.74,0.0043,0.0330,0.0031,0.0076,0.51
26.76,0.0041,0.0330,0.0030,0.0074,0.50
26.78,0.0041,0.0330,0.0030,0.0074,0.50
26.80,0.0041,0.0302,0.0028,0.0074,0.50
26.82,0.0041,0.0302,0.0028,0.0074,0.50
26.84,0.0041,0.0278,0.0026,0.0074,0.50
26.86,0.0041,0.0278,0.0026,0.0074,0.50
26.88,0.0041,0.0278,0.0026,0.0074,0.50
26.90,0.0041,0.0255,0.0026,0.0074,0.50
26.92,0.0041,0.0255,0.0026,0.0074,0.50
26.94,0.0041,0.0235,0.0025,0.0074,0.50
26.96,0.0041,0.0235,0.0025,0.0074,0.50
26.98,0.0041,0.0235,0.0025,0.0074,0.50
27.00,0.0041,0.0215,0.0026,0.0074,0.50
27.02,0.0041,0.0215,0.0026,0.0074,0.50
27.04,0.0041,0.0196,0.0026,0.0074,0.50
27.06,0.0041,0.0196,0.0026,0.0074,0.50
27.08,0.0041,0.0196,0.0026,0.0074,0.50
27.10,0.0041,0.0179,0.0025,0.0074,0.50
27.12,0.0041,0.0179,0.0025,0.0074,0.50
27.14,0.0041,0.0165,0.0024,0.0074,0.50
27.16,0.0041,0.0165,0.0024,0.0074,0.50
27.18,0.0041,0.0165,0.0024,0.0074,0.50
27.20,0.0041,0.0155,0.0021,0.0074,0.50
27.22,0.0041,0.0155,0.0021,0.0074,0.50
27.24,0.0041,0.0151,0.0014,0.0074,0.50
27.26,0.0041,0.0151,0.0014,0.0074,0.50
27.28,0.0041,0.0151,0.0014,0.0074,0.50
27.30,0.0041,0.0147,0.0013,0.0074,0.50
27.32,0.0041,0.0147,0.0013,0.0074,0.50
27.34,0.0041,0.0146,0.0007,0.0074,0.50
27.36,0.0041,0.0146,0.0007,0.0074,0.50
27.38,0.0041,0.0146,0.0007,0.0074,0.50
27.40,0.0041,0.0143,0.0003,0.0074,0.50
27.42,0.0041,0.0143,0.0003,0.0074,0.50
27.44,0.0041,0.0140,0.0003,0.0074,0.50
27.46,0.0041,0.0140,0.0003,0.0074,0.50
27.48,0.0041,0.0140,0.0003,0.0074,0.50
27.50,0.0041,0.0138,0.0008,0.0074,0.50
27.52,0.0041,0.0138,0.0008,0.0074,0.50
27.54,0.0041,0.0136,0.0013,0.0074,0.50
27.56,0.0041,0.0136,0.0013,0.0074,0.50
27.58,0.0041,0.0136,0.0013,0.0074,0.50
27.60,0.0041,0.0135,0.0017,0.0074,0.50
27.62,0.0041,0.0135,0.0017,0.0074,0.50
27.64,0.0041,0.0133,0.0021,0.0074,0.50
27.66,0.0041,0.0133,0.0021,0.0074,0.50
27.68,0.0041,0.0133,0.0021,0.0074,0.50
27.70,0.0041,0.0131,0.0025,0.0074,0.50
27.72,0.0041,0.0131,0.0025,0.0074,0.50
27.74,0.0041,0.0130,0.0028,0.0074,0.50
27.76,0.0041,0.0130,0.0028,0.0074,0.50
27.78,0.0041,0.0130,0.0028,0.0074,0.50
27.80,0.0041,0.0130,0.0028,0.0074,0.50
27.82,0.0041,0.0130,0.0028,0.0074,0.50
27.84,0.0041,0.0130,0.0028,0.0074,0.50
27.86,0.0041,0.0130,0.0028,0.0074,0.50
27.88,0.0041,0.0130,0.0028,0.0074,0.50
27.90,0.0041,0.0130,0.0028,0.0074,0.50
27.92,0.0041,0.0130,0.0028,0.0074,0.50
27.94,0.0041,0.0130,0.0028,0.0074,0.50
27.96,0.0041,0.0130,0.0028,0.0074,0.50
27.98,0.0041,0.0130,0.0028,0.0074,0.50
28.00,0.0041,0.0130,0.0028,0.0074,0.50
28.02,0.0041,0.0130,0.0028,0.0074,0.50
28.04,0.0041,0.0130,0.0028,0.0074,0.50
28.06,0.0041,0.0130,0.0028,0.0074,0.50
28.08,0.0041,0.0130,0.0028,0.0074,0.50
28.10,0.0041,0.0130,0.0028,0.0074,0.50
28.12,0.0041,0.0130,0.0028,0.0074,0.50
28.14,0.0041,0.0130,0.0028,0.0074,0.50
28.16,0.0041,0.0130,0.0028,0.0074,0.50
28.18,0.0041,0.0130,0.0028,0.0074,0.50
28.20,0.0041,0.0130,0.0028,0.0074,0.50
28.22,0.0041,0.0130,0.0028,0.0074,0.50
28.24,0.0041,0.0130,0.0028,0.0074,0.50
28.26,0.0041,0.0130,0.0028,0.0074,0.50
28.28,0.0041,0.0130,0.0028,0.0074,0.50
28.30,0.0041,0.0130,0.0028,0.0074,0.50
28.32,0.0041,0.0130,0.0028,0.0074,0.50
28.34,0.0041,0.0130,0.0028,0.0074,0.50
28.36,0.0041,0.0130,0.0028,0.0074,0.50
28.38,0.0041,0.0130,0.0028,0.0074,0.50
28.40,0.0041,0.0130,0.0028,0.0074,0.50
28.42,0.0041,0.0130,0.0028,0.0074,0.50
28.44,0.0041,0.0130,0.0028,0.0074,0.50
28.46,0.0041,0.0130,0.0028,0.0074,0.50
28.48,0.0041,0.0130,0.0028,0.0074,0.50
28.50,0.0041,0.0130,0.0028,0.0074,0.50
28.52,0.0041,0.0130,0.0028,0.0074,0.50
28.54,0.0041,0.0130,0.0028,0.0074,0.50
28.56,0.0041,0.0130,0.0028,0.0074,0.50
28.58,0.0041,0.0130,0.0028,0.0074,0.50
28.60,0.0041,0.0130,0.0028,0.0074,0.50
28.62,0.0041,0.0130,0.0028,0.0074,0.50
28.64,0.0041,0.0130,0.0028,0.0074,0.50
28.66,0.0041,0.0130,0.0028,0.0074,0.50
28.68,0.0041,0.0130,0.0028,0.0074,0.50
28.70,0.0041,0.0130,0.0028,0.0074,0.50
28.72,0.0041,0.0130,0.0028,0.0074,0.50
28.74,0.0041,0.0130,0.0028,0.0074,0.50
28.76,0.0041,0.0130,0.0028,0.0074,0.50
28.78,0.0041,0.0130,0.0028,0.0074,0.50
28.80,0.0041,0.0130,0.0028,0.0074,0.50
28.82,0.0041,0.0130,0.0028,0.0074,0.50
28.84,0.0041,0.0130,0.0028,0.0074,0.50
28.86,0.0041,0.0130,0.0028,0.0074,0.50
28.88,0.0041,0.0130,0.0028,0.0074,0.50
28.90,0.0041,0.0130,0.0028,0.0074,0.50
28.92,0.0041,0.0130,0.0028,0.0074,0.50
28.94,0.0041,0.0130,0.0028,0.0074,0.50
28.96,0.0041,0.0130,0.0028,0.0074,0.50
28.98,0.0041,0.0130,0.0028,0.0074,0.50
29.00,0.0041,0.0130,0.0028,0.0074,0.50
29.02,0.0041,0.0130,0.0028,0.0074,0.50
29.04,0.0041,0.0130,0.0028,0.0074,0.50
29.06,0.0041,0.0130,0.0028,0.0074,0.50
29.08,0.0041,0.0130,0.0028,0.0074,0.50
29.10,0.0041,0.0130,0.0028,0.0074,0.50
29.12,0.0041,0.0130,0.0028,0.0074,0.50
29.14,0.0041,0.0130,0.0028,0.0074,0.50
29.16,0.0041,0.0130,0.0028,0.0074,0.50
29.18,0.0041,0.0130,0.0028,0.0074,0.50
29.20,0.0041,0.0130,0.0028,0.0074,0.50
29.22,0.0041,0.0130,0.0028,0.0074,0.50
29.24,0.0041,0.0130,0.0028,0.0074,0.50
29.26,0.0041,0.0130,0.0028,0.0074,0.50
29.28,0.0041,0.0130,0.0028,0.0074,0.50
29.30,0.0041,0.0130,0.0028,0.0074,0.50
29.32,0.0041,0.0130,0.0028,0.0074,0.50
29.34,0.0041,0.0130,0.0028,0.0074,0.50
29.36,0.0041,0.0130,0.0028,0.0074,0.50
29.38,0.0041,0.0130,0.0028,0.0074,0.50
29.40,0.0041,0.0130,0.0028,0.0074,0.50
29.42,0.0041,0.0130,0.0028,0.0074,0.50
29.44,0.0041,0.0130,0.0028,0.0074,0.50
29.46,0.0041,0.0130,0.0028,0.0074,0.50
29.48,0.0041,0.0130,0.0028,0.0074,0.50
29.50,0.0041,0.0130,0.0028,0.0074,0.50
29.52,0.0041,0.0130,0.0028,0.0074,0.50
29.54,0.0041,0.0130,0.0028,0.0074,0.50
29.56,0.0041,0.0130,0.0028,0.0074,0.50
29.58,0.0041,0.0130,0.0028,0.0074,0.50
29.60,0.0041,0.0130,0.0028,0.0074,0.50
29.62,0.0041,0.0130,0.0028,0.0074,0.50
29.64,0.0041,0.0130,0.0028,0.0074,0.50
29.66,0.0041,0.0130,0.0028,0.0074,0.50
29.68,0.0041,0.0130,0.0028,0.0074,0.50
29.70,0.0041,0.0130,0.0028,0.0074,0.50
29.72,0.0041,0.0130,0.0028,0.0074,0.50
29.74,0.0041,0.0130,0.0028,0.0074,0.50
29.76,0.0041,0.0130,0.0028,0.0074,0.50
29.78,0.0041,0.0130,0.0028,0.0074,0.50
29.80,0.0041,0.0130,0.0028,0.0074,0.50
29.82,0.0041,0.0130,0.0028,0.0074,0.50
29.84,0.0041,0.0130,0.0028,0.0074,0.50
29.86,0.0041,0.0130,0.0028,0.0074,0.50
29.88,0.0041,0.0130,0.0028,0.0074,0.50
29.90,0.0041,0.0130,0.0028,0.0074,0.50
29.92,0.0041,0.0130,0.0028,0.0074,0.50
29.94,0.0041,0.0130,0.0028,0.0074,0.50
29.96,0.0041,0.0130,0.0028,0.0074,0.50
29.98,0.0041,0.0130,0.0028,0.0074,0.50
30.00,0.0041,0.0130,0.0028,0.0074,0.50
30.02,0.0041,0.0130,0.0028,0.0074,0.50
30.04,0.0041,0.0130,0.0028,0.0074,0.50
30.06,0.0041,0.0130,0.0028,0.0074,0.50
30.08,0.0041,0.0130,0.0028,0.0074,0.50
30.10,0.0041,0.0130,0.0028,0.0074,0.50
30.12,0.0041,0.0130,0.0028,0.0074,0.50
30.14,0.0041,0.0130,0.0028,0.0074,0.50
30.16,0.0041,0.0130,0.0028,0.0074,0.50
30.18,0.0041,0.0130,0.0028,0.0074,0.50
30.20,0.0041,0.0130,0.0028,0.0074,0.50
30.22,0.0041,0.0130,0.0028,0.0074,0.50
30.24,0.0041,0.0130,0.0028,0.0074,0.50
30.26,0.0041,0.0130,0.0028,0.0074,0.50
30.28,0.0041,0.0130,0.0028,0.0074,0.50
30.30,0.0041,0.0130,0.0028,0.0074,0.50
30.32,0.0041,0.0130,0.0028,0.0074,0.50
30.34,0.0041,0.0130,0.0028,0.0074,0.50
30.36,0.0041,0.0130,0.0028,0.0074,0.50
30.38,0.0041,0.0130,0.0028,0.0074,0.50
30.40,0.0041,0.0130,0.0028,0.0074,0.50
30.42,0.0041,0.0130,0.0028,0.0074,0.50
30.44,0.0041,0.0130,0.0028,0.0074,0.50
30.46,0.0041,0.0130,0.0028,0.0074,0.50
30.48,0.0041,0.0130,0.0028,0.0074,0.50
30.50,0.0041,0.0130,0.0028,0.0074,0.50
30.52,0.0041,0.0130,0.0028,0.0074,0.50
30.54,0.0041,0.0130,0.0028,0.0074,0.50
30.56,0.0041,0.0130,0.0028,0.0074,0.50
30.58,0.0041,0.0130,0.0028,0.0074,0.50
30.60,0.0041,0.0130,0.0028,0.0074,0.50
30.62,0.0041,0.0130,0.0028,0.0074,0.50
30.64,0.0041,0.0130,0.0028,0.0074,0.50
30.66,0.0041,0.0130,0.0028,0.0074,0.50
30.68,0.0041,0.0130,0.0028,0.0074,0.50
30.70,0.0041,0.0130,0.0028,0.0074,0.50
30.72,0.0041,0.0130,0.0028,0.0074,0.50
30.74,0.0041,0.0130,0.0028,0.0074,0.50
30.76,0.0041,0.0130,0.0028,0.0074,0.50
30.78,0.0041,0.0130,0.0028,0.0074,0.50
30.80,0.0041,0.0130,0.0028,0.0074,0.50
30.82,0.0041,0.0130,0.0028,0.0074,0.50
30.84,0.0041,0.0130,0.0028,0.0074,0.50
30.86,0.0041,0.0130,0.0028,0.0074,0.50
30.88,0.0041,0.0130,0.0028,0.0074,0.50
30.90,0.0041,0.0130,0.0028,0.0074,0.50
30.92,0.0041,0.0130,0.0028,0.0074,0.50
30.94,0.0041,0.0130,0.0028,0.0074,0.50
30.96,0.0041,0.0130,0.0028,0.0074,0.50
30.98,0.0041,0.0130,0.0028,0.0074,0.50
31.00,0.0041,0.0130,0.0028,0.0074,0.50
31.02,0.0041,0.0130,0.0028,0.0074,0.50
31.04,0.0041,0.0130,0.0028,0.0074,0.50
31.06,0.0041,0.0130,0.0028,0.0074,0.50
31.08,0.0041,0.0130,0.0028,0.0074,0.50
31.10,0.0041,0.0130,0.0028,0.0074,0.50
31.12,0.0041,0.0130,0.0028,0.0074,0.50
31.14,0.0041,0.0130,0.0028,0.0074,0.50
31.16,0.0041,0.0130,0.0028,0.0074,0.50
31.18,0.0041,0.0130,0.0028,0.0074,0.50
31.20,0.0041,0.0130,0.0028,0.0074,0.50
31.22,0.0041,0.0130,0.0028,0.0074,0.50
31.24,0.0041,0.0130,0.0028,0.0074,0.50
31.26,0.0041,0.0130,0.0028,0.0074,0.50
31.28,0.0041,0.0130,0.0028,0.0074,0.50
31.30,0.0041,0.0130,0.0028,0.0074,0.50
31.32,0.0041,0.0130,0.0028,0.0074,0.50
31.34,0.0041,0.0130,0.0028,0.0074,0.50
31.36,0.0041,0.0130,0.0028,0.0074,0.50
31.38,0.0041,0.0130,0.0028,0.0074,0.50
31.40,0.0041,0.0130,0.0028,0.0074,0.50
31.42,0.0041,0.0130,0.0028,0.0074,0.50
31.44,0.0041,0.0130,0.0028,0.0074,0.50
31.46,0.0041,0.0130,0.0028,0.0074,0.50
31.48,0.0041,0.0130,0.0028,0.0074,0.50
31.50,0.0041,0.0130,0.0028,0.0074,0.50
31.52,0.0041,0.0130,0.0028,0.0074,0.50
31.54,0.0041,0.0130,0.0028,0.0074,0.50
31.56,0.0041,0.0130,0.0028,0.0074,0.50
31.58,0.0041,0.0130,0.0028,0.0074,0.50
31.60,0.0041,0.0130,0.0028,0.0074,0.50
31.62,0.0041,0.0130,0.0028,0.0074,0.50
31.64,0.0041,0.0130,0.0028,0.0074,0.50
31.66,0.0041,0.0130,0.0028,0.0074,0.50
31.68,0.0041,0.0130,0.0028,0.0074,0.50
31.70,0.0041,0.0130,0.0028,0.0074,0.50
31.72,0.0041,0.0130,0.0028,0.0074,0.50
31.74,0.0041,0.0130,0.0028,0.0074,0.50
31.76,0.0041,0.0130,0.0028,0.0074,0.50
31.78,0.0041,0.0130,0.0028,0.0074,0.50
31.80,0.0041,0.0130,0.0028,0.0074,0.50
31.82,0.0041,0.0130,0.0028,0.0074,0.50
31.84,0.0041,0.0130,0.0028,0.0074,0.50
31.86,0.0041,0.0130,0.0028,0.0074,0.50
31.88,0.0041,0.0130,0.0028,0.0074,0.50
31.90,0.0041,0.0130,0.0028,0.0074,0.50
31.92,0.0041,0.0130,0.0028,0.0074,0.50
31.94,0.0041,0.0130,0.0028,0.0074,0.50
31.96,0.0041,0.0130,0.0028,0.0074,0.50
31.98,0.0041,0.0130,0.0028,0.0074,0.50
32.00,0.0041,0.0130,0.0028,0.0074,0.50
32.02,0.0041,0.0130,0.0028,0.0074,0.50
32.04,0.0041,0.0130,0.0028,0.0074,0.50
32.06,0.0041,0.0130,0.0028,0.0074,0.50
32.08,0.0041,0.0130,0.0028,0.0074,0.50
32.10,0.0041,0.0130,0.0028,0.0074,0.50
32.12,0.0041,0.0130,0.0028,0.0074,0.50
32.14,0.0041,0.0130,0.0028,0.0074,0.50
32.16,0.0041,0.0130,0.0028,0.0074,0.50
32.18,0.0041,0.0130,0.0028,0.0074,0.50
32.20,0.0041,0.0130,0.0028,0.0074,0.50
32.22,0.0041,0.0130,0.0028,0.0074,0.50
32.24,0.0041,0.0130,0.0028,0.0074,0.50
32.26,0.0041,0.0130,0.0028,0.0074,0.50
32.28,0.0041,0.0130,0.0028,0.0074,0.50
32.30,0.0041,0.0130,0.0028,0.0074,0.50
32.32,0.0041,0.0130,0.0028,0.0074,0.50
32.34,0.0041,0.0130,0.0028,0.0074,0.50
32.36,0.0041,0.0130,0.0028,0.0074,0.50
32.38,0.0041,0.0130,0.0028,0.0074,0.50
32.40,0.0041,0.0130,0.0028,0.0074,0.50
32.42,0.0041,0.0130,0.0028,0.0074,0.50
32.44,0.0041,0.0130,0.0028,0.0074,0.50
32.46,0.0041,0.0130,0.0028,0.0074,0.50
32.48,0.0041,0.0130,0.0028,0.0074,0.50
32.50,0.0041,0.0130,0.0028,0.0074,0.50
32.52,0.0041,0.0130,0.0028,0.0074,0.50
32.54,0.0041,0.0130,0.0028,0.0074,0.50
32.56,0.0041,0.0130,0.0028,0.0074,0.50
32.58,0.0041,0.0130,0.0028,0.0074,0.50
32.60,0.0041,0.0130,0.0028,0.0074,0.50
32.62,0.0041,0.0130,0.0028,0.0074,0.50
32.64,0.0041,0.0130,0.0028,0.0074,0.50
32.66,0.0041,0.0130,0.0028,0.0074,0.50
32.68,0.0041,0.0130,0.0028,0.0074,0.50
32.70,0.0041,0.0130,0.0028,0.0074,0.50
32.72,0.0041,0.0130,0.0028,0.0074,0.50
32.74,0.0041,0.0130,0.0028,0.0074,0.50
32.76,0.0041,0.0130,0.0028,0.0074,0.50
32.78,0.0041,0.0130,0.0028,0.0074,0.50
32.80,0.0041,0.0130,0.0028,0.0074,0.50
32.82,0.0041,0.0130,0.0028,0.0074,0.50
32.84,0.0041,0.0130,0.0028,0.0074,0.50
32.86,0.0041,0.0130,0.0028,0.0074,0.50
32.88,0.0041,0.0130,0.0028,0.0074,0.50
32.90,0.0041,0.0130,0.0028,0.0074,0.50
32.92,0.0041,0.0130,0.0028,0.0074,0.50
32.94,0.0041,0.0130,0.0028,0.0074,0.50
32.96,0.0041,0.0130,0.0028,0.0074,0.50
32.98,0.0041,0.0130,0.0028,0.0074,0.50
33.00,0.0041,0.0130,0.0028,0.0074,0.50
33.02,0.0041,0.0130,0.0028,0.0074,0.50
33.04,0.0041,0.0130,0.0028,0.0074,0.50
33.06,0.0041,0.0130,0.0028,0.0074,0.50
33.08,0.0041,0.0130,0.0028,0.0074,0.50
33.10,0.0041,0.0130,0.0028,0.0074,0.50
33.12,0.0041,0.0130,0.0028,0.0074,0.50
33.14,0.0041,0.0130,0.0028,0.0074,0.50
33.16,0.0041,0.0130,0.0028,0.0074,0.50
33.18,0.0041,0.0130,0.0028,0.0074,0.50
33.20,0.0041,0.0129,0.0029,0.0074,0.50
33.22,0.0041,0.0129,0.0029,0.0074,0.50
33.24,0.0041,0.0125,0.0025,0.0074,0.50
33.26,0.0041,0.0125,0.0025,0.0074,0.50
33.28,0.0041,0.0125,0.0025,0.0074,0.50
33.30,0.0041,0.0123,0.0028,0.0074,0.50
33.32,0.0041,0.0123,0.0028,0.0074,0.50
33.34,0.0041,0.0121,0.0028,0.0074,0.50
33.36,0.0041,0.0121,0.0028,0.0074,0.50
33.38,0.0041,0.0121,0.0028,0.0074,0.50
33.40,0.0041,0.0120,0.0029,0.0074,0.50
33.42,0.0041,0.0120,0.0029,0.0074,0.50
33.44,0.0041,0.0120,0.0031,0.0074,0.50
33.46,0.0041,0.0120,0.0031,0.0074,0.50
33.48,0.0041,0.0120,0.0031,0.0074,0.50
33.50,0.0041,0.0120,0.0031,0.0074,0.50
33.52,0.0041,0.0120,0.0031,0.0074,0.50
33.54,0.0041,0.0120,0.0031,0.0074,0.50
33.56,0.0041,0.0120,0.0031,0.0074,0.50
33.58,0.0041,0.0120,0.0031,0.0074,0.50
33.60,0.0041,0.0120,0.0031,0.0074,0.50
33.62,0.0041,0.0120,0.0031,0.0074,0.50
33.64,0.0041,0.0119,0.0031,0.0074,0.50
33.66,0.0041,0.0119,0.0031,0.0074,0.50
33.68,0.0041,0.0119,0.0031,0.0074,0.50
33.70,0.0041,0.0119,0.0031,0.0074,0.50
33.72,0.0041,0.0119,0.0031,0.0074,0.50
33.74,0.0041,0.0119,0.0031,0.0074,0.50
33.76,0.0041,0.0119,0.0031,0.0074,0.50
33.78,0.0041,0.0119,0.0031,0.0074,0.50
33.80,0.0041,0.0120,0.0031,0.0074,0.50
33.82,0.0041,0.0120,0.0031,0.0074,0.50
33.84,0.0041,0.0119,0.0031,0.0074,0.50
33.86,0.0041,0.0119,0.0031,0.0074,0.50
33.88,0.0041,0.0119,0.0031,0.0074,0.50
33.90,0.0041,0.0120,0.0032,0.0074,0.50
33.92,0.0041,0.0120,0.0032,0.0074,0.50
33.94,0.0041,0.0121,0.0034,0.0074,0.50
33.96,0.0041,0.0121,0.0034,0.0073,0.50
33.98,0.0041,0.0121,0.0034,0.0073,0.50
34.00,0.0041,0.0121,0.0034,0.0073,0.50
34.02,0.0041,0.0122,0.0040,0.0073,0.50
34.04,0.0041,0.0120,0.0048,0.0073,0.50
34.06,0.0041,0.0120,0.0048,0.0073,0.50
34.08,0.0041,0.0120,0.0048,0.0073,0.50
34.10,0.0041,0.0115,0.0055,0.0073,0.50
34.12,0.0041,0.0115,0.0055,0.0073,0.50
34.14,0.0041,0.0117,0.0074,0.0073,0.50
34.16,0.0041,0.0117,0.0074,0.0073,0.50
34.18,0.0041,0.0117,0.0074,0.0073,0.50
34.20,0.0041,0.0115,0.0092,0.0073,0.50
34.22,0.0041,0.0115,0.0092,0.0073,0.50
34.24,0.0041,0.0121,0.0117,0.0073,0.50
34.26,0.0041,0.0121,0.0117,0.0073,0.50
34.28,0.0041,0.0121,0.0117,0.0073,0.50
34.30,0.0041,0.0129,0.0142,0.0073,0.50
34.32,0.0041,0.0129,0.0142,0.0073,0.50
34.34,0.0041,0.0135,0.0163,0.0073,0.50
34.36,0.0041,0.0135,0.0163,0.0073,0.50
34.38,0.0041,0.0135,0.0163,0.0073,0.50
34.40,0.0041,0.0143,0.0184,0.0073,0.50
34.42,0.0041,0.0143,0.0184,0.0073,0.50
34.44,0.0041,0.0148,0.0200,0.0073,0.50
34.46,0.0041,0.0148,0.0200,0.0073,0.50
34.48,0.0041,0.0148,0.0200,0.0073,0.50
34.50,0.0041,0.0154,0.0215,0.0073,0.50
34.52,0.0041,0.0154,0.0215,0.0073,0.50
34.54,0.0041,0.0159,0.0225,0.0073,0.50
34.56,0.0041,0.0159,0.0225,0.0073,0.50
34.58,0.0041,0.0159,0.0225,0.0073,0.50
34.60,0.0041,0.0159,0.0225,0.0073,0.50
34.62,0.0041,0.0158,0.0227,0.0073,0.50
34.64,0.0041,0.0158,0.0227,0.0073,0.50
34.66,0.0041,0.0158,0.0227,0.0073,0.50
34.68,0.0041,0.0158,0.0227,0.0073,0.50
34.70,0.0041,0.0158,0.0227,0.0073,0.50
34.72,0.0041,0.0158,0.0227,0.0073,0.50
34.74,0.0041,0.0158,0.0227,0.0073,0.50
34.76,0.0041,0.0158,0.0227,0.0073,0.50
34.78,0.0041,0.0158,0.0227,0.0073,0.50
34.80,0.0041,0.0158,0.0227,0.0073,0.50
34.82,0.0041,0.0158,0.0227,0.0073,0.50
34.84,0.0041,0.0158,0.0227,0.0073,0.50
34.86,0.0041,0.0158,0.0227,0.0073,0.50
34.88,0.0041,0.0158,0.0227,0.0073,0.50
34.90,0.0041,0.0158,0.0227,0.0073,0.50
34.92,0.0041,0.0158,0.0227,0.0073,0.50
34.94,0.0041,0.0158,0.0227,0.0073,0.50
34.96,0.0041,0.0158,0.0227,0.0073,0.50
34.98,0.0041,0.0158,0.0227,0.0073,0.50
35.00,0.0041,0.0158,0.0227,0.0073,0.50
35.02,0.0041,0.0158,0.0227,0.0073,0.50
35.04,0.0041,0.0158,0.0227,0.0073,0.50
35.06,0.0041,0.0158,0.0227,0.0073,0.50
35.08,0.0041,0.0158,0.0227,0.0073,0.50
35.10,0.0041,0.0158,0.0227,0.0073,0.50
35.12,0.0041,0.0158,0.0227,0.0073,0.50
35.14,0.0041,0.0158,0.0227,0.0073,0.50
35.16,0.0041,0.0158,0.0227,0.0073,0.50
35.18,0.0041,0.0158,0.0227,0.0073,0.50
35.20,0.0041,0.0158,0.0227,0.0073,0.50
35.22,0.0041,0.0158,0.0227,0.0073,0.50
35.24,0.0041,0.0158,0.0228,0.0073,0.50
35.26,0.0041,0.0158,0.0228,0.0073,0.50
35.28,0.0041,0.0158,0.0228,0.0073,0.50
35.30,0.0041,0.0158,0.0228,0.0073,0.50
35.32,0.0041,0.0158,0.0228,0.0073,0.50
35.34,0.0041,0.0158,0.0228,0.0073,0.50
35.36,0.0041,0.0158,0.0228,0.0073,0.50
35.38,0.0041,0.0158,0.0228,0.0073,0.50
35.40,0.0041,0.0158,0.0227,0.0073,0.50
35.42,0.0041,0.0158,0.0227,0.0073,0.50
35.44,0.0041,0.0158,0.0226,0.0073,0.50
35.46,0.0041,0.0158,0.0226,0.0073,0.50
35.48,0.0041,0.0158,0.0226,0.0073,0.50
35.50,0.0041,0.0156,0.0219,0.0073,0.50
35.52,0.0041,0.0156,0.0219,0.0073,0.50
35.54,0.0041,0.0153,0.0212,0.0073,0.50
35.56,0.0041,0.0153,0.0212,0.0073,0.50
35.58,0.0041,0.0153,0.0212,0.0073,0.50
35.60,0.0041,0.0157,0.0209,0.0073,0.50
35.62,0.0041,0.0157,0.0209,0.0073,0.50
35.64,0.0041,0.0156,0.0199,0.0073,0.50
35.66,0.0041,0.0156,0.0199,0.0073,0.50
35.68,0.0041,0.0156,0.0199,0.0073,0.50
35.70,0.0041,0.0150,0.0183,0.0073,0.50
35.72,0.0041,0.0150,0.0183,0.0073,0.50
35.74,0.0041,0.0145,0.0170,0.0073,0.50
35.76,0.0041,0.0145,0.0170,0.0073,0.50
35.78,0.0041,0.0145,0.0170,0.0073,0.50
35.80,0.0041,0.0143,0.0155,0.0073,0.50
35.82,0.0041,0.0143,0.0155,0.0073,0.50
35.84,0.0041,0.0137,0.0136,0.0073,0.50
35.86,0.0041,0.0137,0.0136,0.0073,0.50
35.88,0.0041,0.0137,0.0136,0.0073,0.50
35.90,0.0041,0.0131,0.0116,0.0073,0.50
35.92,0.0041,0.0131,0.0116,0.0073,0.50
35.94,0.0041,0.0127,0.0099,0.0073,0.50
35.96,0.0041,0.0127,0.0099,0.0073,0.50
35.98,0.0041,0.0127,0.0099,0.0073,0.50
36.00,0.0041,0.0123,0.0082,0.0073,0.50
36.02,0.0041,0.0123,0.0082,0.0073,0.50
36.04,0.0041,0.0119,0.0067,0.0073,0.50
36.06,0.0041,0.0119,0.0067,0.0073,0.50
36.08,0.0041,0.0119,0.0067,0.0073,0.50
36.10,0.0041,0.0116,0.0053,0.0073,0.50
36.12,0.0041,0.0116,0.0053,0.0073,0.50
36.14,0.0041,0.0113,0.0038,0.0073,0.50
36.16,0.0041,0.0113,0.0038,0.0073,0.50
36.18,0.0041,0.0113,0.0038,0.0073,0.50
36.20,0.0041,0.0110,0.0022,0.0073,0.50
36.22,0.0041,0.0110,0.0022,0.0073,0.50
36.24,0.0041,0.0105,0.0004,0.0073,0.50
36.26,0.0041,0.0105,0.0004,0.0073,0.50
36.28,0.0041,0.0105,0.0004,0.0073,0.50
36.30,0.0041,0.0102,0.0012,0.0073,0.50
36.32,0.0041,0.0102,0.0012,0.0073,0.50
36.34,0.0041,0.0100,0.0027,0.0073,0.50
36.36,0.0041,0.0100,0.0027,0.0073,0.50
36.38,0.0041,0.0100,0.0027,0.0073,0.50
36.40,0.0041,0.0097,0.0042,0.0073,0.50
36.42,0.0041,0.0097,0.0042,0.0073,0.50
36.44,0.0041,0.0097,0.0052,0.0073,0.50
36.46,0.0041,0.0097,0.0052,0.0073,0.50
36.48,0.0041,0.0097,0.0052,0.0073,0.50
36.50,0.0041,0.0101,0.0059,0.0073,0.50
36.52,0.0041,0.0101,0.0059,0.0073,0.50
36.54,0.0041,0.0105,0.0065,0.0073,0.50
36.56,0.0041,0.0105,0.0065,0.0073,0.50
36.58,0.0041,0.0105,0.0065,0.0073,0.50
36.60,0.0041,0.0110,0.0067,0.0073,0.50
36.62,0.0041,0.0110,0.0067,0.0073,0.50
36.64,0.0041,0.0114,0.0064,0.0073,0.50
36.66,0.0041,0.0114,0.0064,0.0073,0.50
36.68,0.0041,0.0114,0.0064,0.0073,0.50
36.70,0.0041,0.0114,0.0067,0.0073,0.50
36.72,0.0041,0.0114,0.0067,0.0073,0.50
36.74,0.0041,0.0116,0.0066,0.0073,0.50
36.76,0.0041,0.0116,0.0066,0.0073,0.50
36.78,0.0041,0.0116,0.0066,0.0073,0.50
36.80,0.0041,0.0116,0.0066,0.0073,0.50
36.82,0.0041,0.0116,0.0066,0.0073,0.50
36.84,0.0041,0.0116,0.0066,0.0073,0.50
36.86,0.0041,0.0116,0.0066,0.0073,0.50
36.88,0.0041,0.0116,0.0066,0.0073,0.50
36.90,0.0041,0.0116,0.0066,0.0073,0.50
36.92,0.0041,0.0116,0.0066,0.0073,0.50
36.94,0.0041,0.0116,0.0066,0.0073,0.50
36.96,0.0041,0.0116,0.0066,0.0073,0.50
36.98,0.0041,0.0116,0.0066,0.0073,0.50
37.00,0.0041,0.0116,0.0066,0.0073,0.50
37.02,0.0041,0.0116,0.0066,0.0073,0.50
37.04,0.0041,0.0116,0.0066,0.0073,0.50
37.06,0.0041,0.0116,0.0066,0.0073,0.50
37.08,0.0041,0.0116,0.0066,0.0073,0.50
37.10,0.0041,0.0116,0.0066,0.0073,0.50
37.12,0.0041,0.0116,0.0066,0.0073,0.50
37.14,0.0041,0.0115,0.0066,0.0073,0.50
37.16,0.0041,0.0115,0.0066,0.0073,0.50
37.18,0.0041,0.0115,0.0066,0.0073,0.50
37.20,0.0041,0.0115,0.0066,0.0073,0.50
37.22,0.0041,0.0115,0.0066,0.0073,0.50
37.24,0.0041,0.0115,0.0066,0.0073,0.50
37.26,0.0041,0.0115,0.0066,0.0073,0.50
37.28,0.0041,0.0115,0.0066,0.0073,0.50
37.30,0.0041,0.0115,0.0066,0.0073,0.50
37.32,0.0041,0.0115,0.0066,0.0073,0.50
37.34,0.0041,0.0115,0.0066,0.0073,0.50
37.36,0.0041,0.0115,0.0066,0.0073,0.50
37.38,0.0041,0.0115,0.0066,0.0073,0.50
37.40,0.0041,0.0115,0.0066,0.0073,0.50
37.42,0.0041,0.0115,0.0066,0.0073,0.50
37.44,0.0041,0.0115,0.0066,0.0073,0.50
37.46,0.0041,0.0115,0.0066,0.0073,0.49
37.48,0.0041,0.0115,0.0066,0.0073,0.49
37.50,0.0041,0.0115,0.0066,0.0073,0.49
37.52,0.0041,0.0115,0.0066,0.0073,0.49
37.54,0.0041,0.0115,0.0066,0.0073,0.49
37.56,0.0041,0.0115,0.0066,0.0073,0.49
37.58,0.0041,0.0115,0.0066,0.0073,0.49
37.60,0.0041,0.0115,0.0066,0.0073,0.49
37.62,0.0041,0.0115,0.0066,0.0073,0.49
37.64,0.0041,0.0115,0.0066,0.0073,0.49
37.66,0.0041,0.0115,0.0066,0.0073,0.49
37.68,0.0041,0.0115,0.0066,0.0073,0.49
37.70,0.0041,0.0115,0.0066,0.0073,0.49
37.72,0.0041,0.0115,0.0066,0.0073,0.49
37.74,0.0041,0.0115,0.0066,0.0073,0.49
37.76,0.0041,0.0115,0.0066,0.0073,0.49
37.78,0.0041,0.0115,0.0066,0.0073,0.49
37.80,0.0041,0.0115,0.0066,0.0073,0.49
37.82,0.0041,0.0115,0.0066,0.0073,0.49
37.84,0.0041,0.0115,0.0066,0.0073,0.49
37.86,0.0041,0.0115,0.0066,0.0073,0.49
37.88,0.0041,0.0115,0.0066,0.0073,0.49
37.90,0.0041,0.0115,0.0066,0.0073,0.49
37.92,0.0041,0.0115,0.0066,0.0073,0.49
37.94,0.0041,0.0115,0.0066,0.0073,0.49
37.96,0.0041,0.0115,0.0066,0.0073,0.49
37.98,0.0041,0.0115,0.0066,0.0073,0.49
38.00,0.0041,0.0115,0.0066,0.0073,0.49
38.02,0.0041,0.0115,0.0066,0.0073,0.49
38.04,0.0041,0.0115,0.0066,0.0073,0.49
38.06,0.0041,0.0115,0.0066,0.0073,0.49
38.08,0.0041,0.0115,0.0066,0.0073,0.49
38.10,0.0041,0.0115,0.0066,0.0073,0.49
38.12,0.0041,0.0115,0.0066,0.0073,0.49
38.14,0.0041,0.0115,0.0066,0.0073,0.49
38.16,0.0041,0.0115,0.0066,0.0073,0.49
38.18,0.0041,0.0115,0.0066,0.0073,0.49
38.20,0.0041,0.0115,0.0066,0.0073,0.49
38.22,0.0041,0.0115,0.0066,0.0073,0.49
38.24,0.0041,0.0115,0.0066,0.0073,0.49
38.26,0.0041,0.0115,0.0066,0.0073,0.49
38.28,0.0041,0.0115,0.0066,0.0073,0.49
38.30,0.0041,0.0115,0.0067,0.0073,0.49
38.32,0.0041,0.0115,0.0067,0.0073,0.49
38.34,0.0041,0.0115,0.0067,0.0073,0.49
38.36,0.0041,0.0115,0.0067,0.0073,0.49
38.38,0.0041,0.0115,0.0067,0.0073,0.49
38.40,0.0041,0.0114,0.0067,0.0073,0.49
38.42,0.0041,0.0114,0.0067,0.0073,0.49
38.44,0.0041,0.0114,0.0067,0.0073,0.49
38.46,0.0041,0.0114,0.0067,0.0073,0.49
38.48,0.0041,0.0114,0.0067,0.0073,0.49
38.50,0.0041,0.0114,0.0067,0.0073,0.49
38.52,0.0041,0.0114,0.0067,0.0073,0.49
38.54,0.0041,0.0114,0.0067,0.0073,0.49
38.56,0.0041,0.0114,0.0067,0.0073,0.49
38.58,0.0041,0.0114,0.0067,0.0073,0.49
38.60,0.0041,0.0114,0.0067,0.0073,0.49
38.62,0.0041,0.0114,0.0067,0.0073,0.49
38.64,0.0041,0.0114,0.0066,0.0073,0.49
38.66,0.0041,0.0114,0.0066,0.0073,0.49
38.68,0.0041,0.0114,0.0066,0.0073,0.49
38.70,0.0041,0.0113,0.0065,0.0073,0.49
38.72,0.0041,0.0113,0.0065,0.0073,0.49
38.74,0.0041,0.0110,0.0065,0.0073,0.49
38.76,0.0041,0.0110,0.0065,0.0073,0.49
38.78,0.0041,0.0110,0.0065,0.0073,0.49
38.80,0.0041,0.0110,0.0065,0.0073,0.49
38.82,0.0041,0.0107,0.0063,0.0073,0.49
38.84,0.0041,0.0107,0.0058,0.0073,0.49
38.86,0.0041,0.0107,0.0058,0.0073,0.49
38.88,0.0041,0.0107,0.0058,0.0073,0.49
38.90,0.0041,0.0107,0.0058,0.0073,0.49
38.92,0.0041,0.0102,0.0058,0.0073,0.49
38.94,0.0041,0.0098,0.0053,0.0073,0.49
38.96,0.0041,0.0098,0.0053,0.0073,0.49
38.98,0.0041,0.0098,0.0053,0.0073,0.49
39.00,0.0041,0.0098,0.0053,0.0073,0.49
39.02,0.0041,0.0088,0.0054,0.0073,0.49
39.04,0.0041,0.0084,0.0050,0.0073,0.49
39.06,0.0041,0.0084,0.0050,0.0073,0.49
39.08,0.0041,0.0084,0.0050,0.0073,0.49
39.10,0.0041,0.0078,0.0050,0.0073,0.49
39.12,0.0041,0.0078,0.0050,0.0073,0.49
39.14,0.0041,0.0068,0.0057,0.0073,0.49
39.16,0.0041,0.0068,0.0057,0.0073,0.49
39.18,0.0041,0.0068,0.0057,0.0073,0.49
39.20,0.0041,0.0064,0.0058,0.0073,0.49
39.22,0.0041,0.0064,0.0058,0.0073,0.49
39.24,0.0041,0.0061,0.0059,0.0073,0.49
39.26,0.0041,0.0061,0.0059,0.0073,0.49
39.28,0.0041,0.0061,0.0059,0.0073,0.49
39.30,0.0041,0.0057,0.0061,0.0073,0.49
39.32,0.0041,0.0057,0.0061,0.0073,0.49
39.34,0.0041,0.0058,0.0055,0.0073,0.49
39.36,0.0041,0.0058,0.0055,0.0073,0.49
39.38,0.0041,0.0058,0.0055,0.0073,0.49
39.40,0.0041,0.0056,0.0052,0.0073,0.49
39.42,0.0041,0.0056,0.0052,0.0073,0.49
39.44,0.0041,0.0053,0.0049,0.0073,0.49
39.46,0.0041,0.0053,0.0049,0.0073,0.49
39.48,0.0041,0.0053,0.0049,0.0073,0.49
39.50,0.0041,0.0049,0.0048,0.0073,0.49
39.52,0.0041,0.0049,0.0048,0.0073,0.49
39.54,0.0041,0.0046,0.0046,0.0073,0.49
39.56,0.0041,0.0046,0.0046,0.0073,0.49
39.58,0.0041,0.0046,0.0046,0.0073,0.49
39.60,0.0041,0.0049,0.0038,0.0073,0.49
39.62,0.0041,0.0049,0.0038,0.0073,0.49
39.64,0.0041,0.0044,0.0035,0.0073,0.49
39.66,0.0041,0.0044,0.0035,0.0073,0.49
39.68,0.0041,0.0044,0.0035,0.0073,0.49
39.70,0.0041,0.0044,0.0026,0.0073,0.49
39.72,0.0041,0.0044,0.0026,0.0073,0.49
39.74,0.0041,0.0040,0.0018,0.0073,0.49
39.76,0.0041,0.0040,0.0018,0.0073,0.49
39.78,0.0041,0.0040,0.0018,0.0073,0.49
39.80,0.0041,0.0040,0.0004,0.0073,0.49
39.82,0.0041,0.0040,0.0004,0.0073,0.49
39.84,0.0041,0.0036,0.0007,0.0073,0.49
39.86,0.0041,0.0036,0.0007,0.0073,0.49
39.88,0.0041,0.0036,0.0007,0.0073,0.49
39.90,0.0041,0.0030,0.0017,0.0073,0.49
39.92,0.0041,0.0030,0.0017,0.0073,0.49
39.94,0.0041,0.0023,0.0021,0.0073,0.49
39.96,0.0041,0.0023,0.0021,0.0073,0.49
39.98,0.0041,0.0023,0.0021,0.0073,0.49
40.00,0.0041,0.0015,0.0024,0.0073,0.49
40.02,0.0041,0.0015,0.0024,0.0073,0.49
