t,d01_err,d02_err,d12_err,o_error,o_error_deg
0.00,0.7000,0.8000,1.0000,0.0000,56.31
0.02,0.7000,0.8000,1.0000,0.0000,56.31
0.04,0.7000,0.8000,1.0000,0.0000,56.31
0.06,0.7000,0.8000,1.0000,0.0000,56.31
0.08,0.7000,0.8000,1.0000,0.0000,56.31
0.10,0.7000,0.8000,1.0000,0.0000,56.31
0.12,0.7000,0.8000,1.0000,0.0000,56.31
0.14,0.7000,0.8000,1.0000,0.0000,56.31
0.16,0.7000,0.8000,1.0000,0.0000,56.31
0.18,0.7000,0.8000,1.0000,0.0000,56.31
0.20,0.7000,0.8000,1.0000,0.0000,56.31
0.22,0.4965,0.5965,1.0000,0.2035,56.13
0.24,1.0019,0.7893,0.7171,1.7019,28.15
0.26,1.0019,0.7893,0.7171,1.7019,28.15
0.28,1.0019,0.7893,0.7171,1.7019,28.15
0.30,1.0019,0.7893,0.7171,1.7019,28.15
0.32,1.0019,0.7893,0.7171,1.7019,28.15
0.34,1.0019,0.7893,0.7171,1.7019,28.15
0.36,1.0019,0.7893,0.7171,1.7019,28.15
0.38,1.0019,0.7893,0.7171,1.7019,28.15
0.40,1.0019,0.7893,0.7171,1.7019,28.15
0.42,1.0019,0.7893,0.7171,1.7019,28.15
0.44,1.0019,0.7893,0.7171,1.7019,28.15
0.46,1.0019,0.7893,0.7171,1.7019,28.15
0.48,1.0019,0.7893,0.7171,1.7019,28.15
0.50,1.0019,0.7893,0.7171,1.7019,28.15
0.52,1.0019,0.7893,0.7171,1.7019,28.15
0.54,1.0019,0.7893,0.7171,1.7019,28.15
0.56,1.0019,0.7893,0.7171,1.7019,28.15
0.58,1.0019,0.7893,0.7171,1.7019,28.15
0.60,1.0019,0.7893,0.7171,1.7019,28.15
0.62,1.0019,0.7893,0.7171,1.7019,28.15
0.64,1.0019,0.7893,0.7171,1.7019,28.15
0.66,1.0019,0.7893,0.7171,1.7019,28.15
0.68,1.0019,0.7893,0.7171,1.7019,28.15
0.70,1.0019,0.7893,0.7171,1.7019,28.15
0.72,1.0019,0.7893,0.7171,1.7019,28.15
0.74,1.0019,0.7893,0.7171,1.7019,28.15
0.76,1.0019,0.7893,0.7171,1.7019,28.15
0.78,1.0019,0.7893,0.7171,1.7019,28.15
0.80,1.0019,0.7893,0.7171,1.7019,28.15
0.82,1.0019,0.7893,0.7171,1.7019,28.15
0.84,1.0019,0.7893,0.7171,1.7019,28.15
0.86,1.0019,0.7893,0.7171,1.7019,28.15
0.88,1.0019,0.7893,0.7171,1.7019,28.15
0.90,1.0019,0.7893,0.7171,1.7019,28.15
0.92,1.0019,0.7893,0.7171,1.7019,28.15
0.94,1.0019,0.7893,0.7171,1.7019,28.15
0.96,1.0019,0.7893,0.7171,1.7019,28.15
0.98,1.0019,0.7893,0.7171,1.7019,28.15
1.00,1.0019,0.7893,0.7171,1.7019,28.15
1.02,1.0019,0.7893,0.7171,1.7019,28.15
1.04,1.0019,0.7893,0.7171,1.7019,28.15
1.06,1.0019,0.7893,0.7171,1.7019,28.15
1.08,1.0019,0.7893,0.7171,1.7019,28.15
1.10,1.0019,0.7893,0.7171,1.7019,28.15
1.12,1.0019,0.7893,0.7171,1.7019,28.15
1.14,1.0019,0.7893,0.7171,1.7019,28.15
1.16,1.0019,0.7893,0.7171,1.7019,28.15
1.18,1.0019,0.7893,0.7171,1.7019,28.15
1.20,1.0019,0.7893,0.7171,1.7019,28.15
1.22,1.0019,0.7893,0.7171,1.7019,28.15
1.24,1.0019,0.7893,0.7171,1.7019,28.15
1.26,1.0019,0.7893,0.7171,1.7019,28.15
1.28,1.0019,0.7893,0.7171,1.7019,28.15
1.30,1.0019,0.7893,0.7171,1.7019,28.15
1.32,1.0019,0.7893,0.7171,1.7019,28.15
1.34,1.0019,0.7893,0.7171,1.7019,28.15
1.36,1.0019,0.7893,0.7171,1.7019,28.15
1.38,1.0019,0.7893,0.7171,1.7019,28.15
1.40,1.0019,0.7893,0.7171,1.7019,28.15
1.42,1.0019,0.7893,0.7171,1.7019,28.15
1.44,1.0019,0.7893,0.7171,1.7019,28.15
1.46,1.0019,0.7893,0.7171,1.7019,28.15
1.48,1.0019,0.7893,0.7171,1.7019,28.15
1.50,1.0019,0.7893,0.7171,1.7019,28.15
1.52,1.0019,0.7893,0.7171,1.7019,28.15
1.54,1.0019,0.7893,0.7171,1.7019,28.15
1.56,1.0019,0.7893,0.7171,1.7019,28.15
1.58,1.0019,0.7893,0.7171,1.7019,28.15
1.60,1.0019,0.7893,0.7171,1.7019,28.15
1.62,1.0019,0.7893,0.7171,1.7019,28.15
1.64,1.0019,0.7893,0.7171,1.7019,28.15
1.66,1.0019,0.7893,0.7171,1.7019,28.15
1.68,1.0019,0.7893,0.7171,1.7019,28.15
1.70,1.0019,0.7893,0.7171,1.7019,28.15
1.72,1.0019,0.7893,0.7171,1.7019,28.15
1.74,1.0019,0.7893,0.7171,1.7019,28.15
1.76,1.0019,0.7893,0.7171,1.7019,28.15
1.78,1.0019,0.7893,0.7171,1.7019,28.15
1.80,1.0019,0.7893,0.7171,1.7019,28.15
1.82,1.0019,0.7893,0.7171,1.7019,28.15
1.84,1.0019,0.7893,0.7171,1.7019,28.15
1.86,1.0019,0.7893,0.7171,1.7019,28.15
1.88,1.0019,0.7893,0.7171,1.7019,28.15
1.90,1.0019,0.7893,0.7171,1.7019,28.15
1.92,1.0019,0.7893,0.7171,1.7019,28.15
1.94,1.0019,0.7893,0.7171,1.7019,28.15
1.96,1.0019,0.7893,0.7171,1.7019,28.15
1.98,1.0019,0.7893,0.7171,1.7019,28.15
2.00,1.0019,0.7893,0.7171,1.7019,28.15
2.02,1.0019,0.7893,0.7171,1.7019,28.15
2.04,1.0019,0.7893,0.7171,1.7019,28.15
2.06,1.0019,0.7893,0.7171,1.7019,28.15
2.08,1.0019,0.7893,0.7171,1.7019,28.15
2.10,1.0019,0.7893,0.7171,1.7019,28.15
2.12,1.0019,0.7893,0.7171,1.7019,28.15
2.14,1.0019,0.7893,0.7171,1.7019,28.15
2.16,1.0019,0.7893,0.7171,1.7019,28.15
2.18,1.0019,0.7893,0.7171,1.7019,28.15
2.20,1.0019,0.7893,0.7171,1.7019,28.15
2.22,1.0019,0.7893,0.7171,1.7019,28.15
2.24,1.0019,0.7893,0.7171,1.7019,28.15
2.26,1.0019,0.7893,0.7171,1.7019,28.15
2.28,1.0019,0.7893,0.7171,1.7019,28.15
2.30,1.0019,0.7893,0.7171,1.7019,28.15
2.32,1.0019,0.7893,0.7171,1.7019,28.15
2.34,1.0019,0.7893,0.7171,1.7019,28.15
2.36,1.0019,0.7893,0.7171,1.7019,28.15
2.38,1.0019,0.7893,0.7171,1.7019,28.15
2.40,1.0019,0.7893,0.7171,1.7019,28.15
2.42,1.0019,0.7893,0.7171,1.7019,28.15
2.44,1.0019,0.7893,0.7171,1.7019,28.15
2.46,1.0019,0.7893,0.7171,1.7019,28.15
2.48,1.0019,0.7893,0.7171,1.7019,28.15
2.50,1.0019,0.7893,0.7171,1.7019,28.15
2.52,1.0019,0.7893,0.7171,1.7019,28.15
2.54,1.0019,0.7893,0.7171,1.7019,28.15
2.56,1.0019,0.7893,0.7171,1.7019,28.15
2.58,1.0019,0.7893,0.7171,1.7019,28.15
2.60,1.0019,0.7893,0.7171,1.7019,28.15
2.62,1.0019,0.7893,0.7171,1.7019,28.15
2.64,1.0019,0.7893,0.7171,1.7019,28.15
2.66,1.0019,0.7893,0.7171,1.7019,28.15
2.68,1.0019,0.7893,0.7171,1.7019,28.15
2.70,1.0019,0.7893,0.7171,1.7019,28.15
2.72,1.0019,0.7893,0.7171,1.7019,28.15
2.74,1.0019,0.7893,0.7171,1.7019,28.15
2.76,1.0019,0.7893,0.7171,1.7019,28.15
2.78,1.0019,0.7893,0.7171,1.7019,28.15
2.80,1.0019,0.7893,0.7171,1.7019,28.15
2.82,1.0019,0.7893,0.7171,1.7019,28.15
2.84,1.0019,0.7893,0.7171,1.7019,28.15
2.86,1.0019,0.7893,0.7171,1.7019,28.15
2.88,1.0019,0.7893,0.7171,1.7019,28.15
2.90,1.0019,0.7893,0.7171,1.7019,28.15
2.92,1.0019,0.7893,0.7171,1.7019,28.15
2.94,1.0019,0.7893,0.7171,1.7019,28.15
2.96,1.0019,0.7893,0.7171,1.7019,28.15
2.98,1.0019,0.7893,0.7171,1.7019,28.15
3.00,1.0019,0.7893,0.7171,1.7019,28.15
3.02,1.0019,0.7893,0.7171,1.7019,28.15
3.04,1.0019,0.7893,0.7171,1.7019,28.15
3.06,1.0019,0.7893,0.7171,1.7019,28.15
3.08,1.0019,0.7893,0.7171,1.7019,28.15
3.10,1.0019,0.7893,0.7171,1.7019,28.15
3.12,1.0019,0.7893,0.7171,1.7019,28.15
3.14,1.0019,0.7893,0.7171,1.7019,28.15
3.16,1.0019,0.7893,0.7171,1.7019,28.15
3.18,1.0019,0.7893,0.7171,1.7019,28.15
3.20,1.0019,0.7893,0.7171,1.7019,28.15
3.22,1.0019,0.7893,0.7171,1.7019,28.15
3.24,1.0019,0.7893,0.7171,1.7019,28.15
3.26,1.0019,0.7893,0.7171,1.7019,28.15
3.28,1.0019,0.7893,0.7171,1.7019,28.15
3.30,1.0019,0.7893,0.7171,1.7019,28.15
3.32,1.0019,0.7893,0.7171,1.7019,28.15
3.34,1.0019,0.7893,0.7171,1.7019,28.15
3.36,1.0019,0.7893,0.7171,1.7019,28.15
3.38,1.0019,0.7893,0.7171,1.7019,28.15
3.40,1.0019,0.7893,0.7171,1.7019,28.15
3.42,1.0019,0.7893,0.7171,1.7019,28.15
3.44,1.0019,0.7893,0.7171,1.7019,28.15
3.46,1.0019,0.7893,0.7171,1.7019,28.15
3.48,1.0019,0.7893,0.7171,1.7019,28.15
3.50,1.0019,0.7893,0.7171,1.7019,28.15
3.52,1.0019,0.7893,0.7171,1.7019,28.15
3.54,1.0019,0.7893,0.7171,1.7019,28.15
3.56,1.0019,0.7893,0.7171,1.7019,28.15
3.58,1.0019,0.7893,0.7171,1.7019,28.15
3.60,1.0019,0.7893,0.7171,1.7019,28.15
3.62,1.0019,0.7893,0.7171,1.7019,28.15
3.64,1.0019,0.7893,0.7171,1.7019,28.15
3.66,1.0019,0.7893,0.7171,1.7019,28.15
3.68,1.0019,0.7893,0.7171,1.7019,28.15
3.70,1.0019,0.7893,0.7171,1.7019,28.15
3.72,1.0019,0.7893,0.7171,1.7019,28.15
3.74,1.0019,0.7893,0.7171,1.7019,28.15
3.76,1.0019,0.7893,0.7171,1.7019,28.15
3.78,1.0019,0.7893,0.7171,1.7019,28.15
3.80,1.0019,0.7893,0.7171,1.7019,28.15
3.82,1.0019,0.7893,0.7171,1.7019,28.15
3.84,1.0019,0.7893,0.7171,1.7019,28.15
3.86,1.0019,0.7893,0.7171,1.7019,28.15
3.88,1.0019,0.7893,0.7171,1.7019,28.15
3.90,1.0019,0.7893,0.7171,1.7019,28.15
3.92,1.0019,0.7893,0.7171,1.7019,28.15
3.94,1.0019,0.7893,0.7171,1.7019,28.15
3.96,1.0019,0.7893,0.7171,1.7019,28.15
3.98,1.0019,0.7893,0.7171,1.7019,28.15
4.00,1.0019,0.7893,0.7171,1.7019,28.15
4.02,1.0019,0.7893,0.7171,1.7019,28.15
4.04,1.0019,0.7893,0.7171,1.7019,28.15
4.06,1.0019,0.7893,0.7171,1.7019,28.15
4.08,1.0019,0.7893,0.7171,1.7019,28.15
4.10,1.0019,0.7893,0.7171,1.7019,28.15
4.12,1.0019,0.7893,0.7171,1.7019,28.15
4.14,1.0019,0.7893,0.7171,1.7019,28.15
4.16,1.0019,0.7893,0.7171,1.7019,28.15
4.18,1.0019,0.7893,0.7171,1.7019,28.15
4.20,1.0019,0.7893,0.7171,1.7019,28.15
4.22,1.0019,0.7893,0.7171,1.7019,28.15
4.24,1.0019,0.7893,0.7171,1.7019,28.15
4.26,1.0019,0.7893,0.7171,1.7019,28.15
4.28,1.0019,0.7893,0.7171,1.7019,28.15
4.30,1.0019,0.7893,0.7171,1.7019,28.15
4.32,1.0019,0.7893,0.7171,1.7019,28.15
4.34,1.0019,0.7893,0.7171,1.7019,28.15
4.36,1.0019,0.7893,0.7171,1.7019,28.15
4.38,1.0019,0.7893,0.7171,1.7019,28.15
4.40,1.0019,0.7893,0.7171,1.7019,28.15
4.42,1.0019,0.7893,0.7171,1.7019,28.15
4.44,1.0019,0.7893,0.7171,1.7019,28.15
4.46,1.0019,0.7893,0.7171,1.7019,28.15
4.48,1.0019,0.7893,0.7171,1.7019,28.15
4.50,1.0019,0.7893,0.7171,1.7019,28.15
4.52,1.0019,0.7893,0.7171,1.7019,28.15
4.54,1.0019,0.7893,0.7171,1.7019,28.15
4.56,1.0019,0.7893,0.7171,1.7019,28.15
4.58,1.0019,0.7893,0.7171,1.7019,28.15
4.60,1.0019,0.7893,0.7171,1.7019,28.15
4.62,1.0019,0.7893,0.7171,1.7019,28.15
4.64,1.0019,0.7893,0.7171,1.7019,28.15
4.66,1.0019,0.7893,0.7171,1.7019,28.15
4.68,1.0019,0.7893,0.7171,1.7019,28.15
4.70,1.0019,0.7893,0.7171,1.7019,28.15
4.72,1.0019,0.7893,0.7171,1.7019,28.15
4.74,1.0019,0.7893,0.7171,1.7019,28.15
4.76,1.0019,0.7893,0.7171,1.7019,28.15
4.78,1.0019,0.7893,0.7171,1.7019,28.15
4.80,1.0019,0.7893,0.7171,1.7019,28.15
4.82,1.0019,0.7893,0.7171,1.7019,28.15
4.84,1.0019,0.7893,0.7171,1.7019,28.15
4.86,1.0019,0.7893,0.7171,1.7019,28.15
4.88,1.0019,0.7893,0.7171,1.7019,28.15
4.90,1.0019,0.7893,0.7171,1.7019,28.15
4.92,1.0019,0.7893,0.7171,1.7019,28.15
4.94,1.0019,0.7893,0.7171,1.7019,28.15
4.96,1.0019,0.7893,0.7171,1.7019,28.15
4.98,1.0019,0.7893,0.7171,1.7019,28.15
5.00,1.0019,0.7893,0.7171,1.7019,28.15
5.02,1.0019,0.7893,0.7171,1.7019,28.15
5.04,1.0019,0.7893,0.7171,1.7019,28.15
5.06,1.0019,0.7893,0.7171,1.7019,28.15
5.08,1.0019,0.7893,0.7171,1.7019,28.15
5.10,1.0019,0.7893,0.7171,1.7019,28.15
5.12,1.0019,0.7893,0.7171,1.7019,28.15
5.14,1.0019,0.7893,0.7171,1.7019,28.15
5.16,1.0019,0.7893,0.7171,1.7019,28.15
5.18,1.0019,0.7893,0.7171,1.7019,28.15
5.20,1.0019,0.7893,0.7171,1.7019,28.15
5.22,1.0019,0.7893,0.7171,1.7019,28.15
5.24,1.0019,0.7893,0.7171,1.7019,28.15
5.26,1.0019,0.7893,0.7171,1.7019,28.15
5.28,1.0019,0.7893,0.7171,1.7019,28.15
5.30,1.0019,0.7893,0.7171,1.7019,28.15
5.32,1.0019,0.7893,0.7171,1.7019,28.15
5.34,1.0019,0.7893,0.7171,1.7019,28.15
5.36,1.0019,0.7893,0.7171,1.7019,28.15
5.38,1.0019,0.7893,0.7171,1.7019,28.15
5.40,1.0019,0.7893,0.7171,1.7019,28.15
5.42,1.0019,0.7893,0.7171,1.7019,28.15
5.44,1.0019,0.7893,0.7171,1.7019,28.15
5.46,1.0019,0.7893,0.7171,1.7019,28.15
5.48,1.0019,0.7893,0.7171,1.7019,28.15
5.50,1.0019,0.7893,0.7171,1.7019,28.15
5.52,1.0019,0.7893,0.7171,1.7019,28.15
5.54,1.0019,0.7893,0.7171,1.7019,28.15
5.56,1.0019,0.7893,0.7171,1.7019,28.15
5.58,1.0019,0.7893,0.7171,1.7019,28.15
5.60,1.0019,0.7893,0.7171,1.7019,28.15
5.62,1.0019,0.7893,0.7171,1.7019,28.15
5.64,1.0019,0.7893,0.7171,1.7019,28.15
5.66,1.0019,0.7893,0.7171,1.7019,28.15
5.68,1.0019,0.7893,0.7171,1.7019,28.15
5.70,1.0019,0.7893,0.7171,1.7019,28.15
5.72,1.0019,0.7893,0.7171,1.7019,28.15
5.74,1.0019,0.7893,0.7171,1.7019,28.15
5.76,1.0019,0.7893,0.7171,1.7019,28.15
5.78,1.0019,0.7893,0.7171,1.7019,28.15
5.80,1.0019,0.7893,0.7171,1.7019,28.15
5.82,1.0019,0.7893,0.7171,1.7019,28.15
5.84,1.0019,0.7893,0.7171,1.7019,28.15
5.86,1.0019,0.7893,0.7171,1.7019,28.15
5.88,1.0019,0.7893,0.7171,1.7019,28.15
5.90,1.0019,0.7893,0.7171,1.7019,28.15
5.92,1.0019,0.7893,0.7171,1.7019,28.15
5.94,1.0019,0.7893,0.7171,1.7019,28.15
5.96,1.0019,0.7893,0.7171,1.7019,28.15
5.98,1.0019,0.7893,0.7171,1.7019,28.15
6.00,1.0019,0.7893,0.7171,1.7019,28.15
6.02,1.0019,0.7893,0.7171,1.7019,28.15
6.04,1.0019,0.7893,0.7171,1.7019,28.15
6.06,1.0019,0.7893,0.7171,1.7019,28.15
6.08,1.0019,0.7893,0.7171,1.7019,28.15
6.10,1.0019,0.7893,0.7171,1.7019,28.15
6.12,1.0019,0.7893,0.7171,1.7019,28.15
6.14,1.0019,0.7893,0.7171,1.7019,28.15
6.16,1.0019,0.7893,0.7171,1.7019,28.15
6.18,1.0019,0.7893,0.7171,1.7019,28.15
6.20,1.0019,0.7893,0.7171,1.7019,28.15
6.22,1.0019,0.7893,0.7171,1.7019,28.15
6.24,1.0019,0.7893,0.7171,1.7019,28.15
6.26,1.0019,0.7893,0.7171,1.7019,28.15
6.28,1.0019,0.7893,0.7171,1.7019,28.15
6.30,1.0019,0.7893,0.7171,1.7019,28.15
6.32,1.0019,0.7893,0.7171,1.7019,28.15
6.34,1.0019,0.7893,0.7171,1.7019,28.15
6.36,1.0019,0.7893,0.7171,1.7019,28.15
6.38,1.0019,0.7893,0.7171,1.7019,28.15
6.40,1.0019,0.7893,0.7171,1.7019,28.15
6.42,1.0019,0.7893,0.7171,1.7019,28.15
6.44,1.0019,0.7893,0.7171,1.7019,28.15
6.46,1.0019,0.7893,0.7171,1.7019,28.15
6.48,1.0019,0.7893,0.7171,1.7019,28.15
6.50,1.0019,0.7893,0.7171,1.7019,28.15
6.52,1.0019,0.7893,0.7171,1.7019,28.15
6.54,1.0019,0.7893,0.7171,1.7019,28.15
6.56,1.0019,0.7893,0.7171,1.7019,28.15
6.58,1.0019,0.7893,0.7171,1.7019,28.15
6.60,1.0019,0.7893,0.7171,1.7019,28.15
6.62,1.0019,0.7893,0.7171,1.7019,28.15
6.64,1.0019,0.7893,0.7171,1.7019,28.15
6.66,1.0019,0.7893,0.7171,1.7019,28.15
6.68,1.0019,0.7893,0.7171,1.7019,28.15
6.70,1.0019,0.7893,0.7171,1.7019,28.15
6.72,1.0019,0.7893,0.7171,1.7019,28.15
6.74,1.0019,0.7893,0.7171,1.7019,28.15
6.76,1.0019,0.7893,0.7171,1.7019,28.15
6.78,1.0019,0.7893,0.7171,1.7019,28.15
6.80,1.0019,0.7893,0.7171,1.7019,28.15
6.82,1.0019,0.7893,0.7171,1.7019,28.15
6.84,1.0019,0.7893,0.7171,1.7019,28.15
6.86,1.0019,0.7893,0.7171,1.7019,28.15
6.88,1.0019,0.7893,0.7171,1.7019,28.15
6.90,1.0019,0.7893,0.7171,1.7019,28.15
6.92,1.0019,0.7893,0.7171,1.7019,28.15
6.94,1.0019,0.7893,0.7171,1.7019,28.15
6.96,1.0019,0.7893,0.7171,1.7019,28.15
6.98,1.0019,0.7893,0.7171,1.7019,28.15
7.00,1.0019,0.7893,0.7171,1.7019,28.15
7.02,1.0019,0.7893,0.7171,1.7019,28.15
7.04,1.0019,0.7893,0.7171,1.7019,28.15
7.06,1.0019,0.7893,0.7171,1.7019,28.15
7.08,1.0019,0.7893,0.7171,1.7019,28.15
7.10,1.0019,0.7893,0.7171,1.7019,28.15
7.12,1.0019,0.7893,0.7171,1.7019,28.15
7.14,1.0019,0.7893,0.7171,1.7019,28.15
7.16,1.0019,0.7893,0.7171,1.7019,28.15
7.18,1.0019,0.7893,0.7171,1.7019,28.15
7.20,1.0019,0.7893,0.7171,1.7019,28.15
7.22,1.0019,0.7893,0.7171,1.7019,28.15
7.24,1.0019,0.7893,0.7171,1.7019,28.15
7.26,1.0019,0.7893,0.7171,1.7019,28.15
7.28,1.0019,0.7893,0.7171,1.7019,28.15
7.30,1.0019,0.7893,0.7171,1.7019,28.15
7.32,1.0019,0.7893,0.7171,1.7019,28.15
7.34,1.0019,0.7893,0.7171,1.7019,28.15
7.36,1.0019,0.7893,0.7171,1.7019,28.15
7.38,1.0019,0.7893,0.7171,1.7019,28.15
7.40,1.0019,0.7893,0.7171,1.7019,28.15
7.42,1.0019,0.7893,0.7171,1.7019,28.15
7.44,1.0019,0.7893,0.7171,1.7019,28.15
7.46,1.0019,0.7893,0.7171,1.7019,28.15
7.48,1.0019,0.7893,0.7171,1.7019,28.15
7.50,1.0019,0.7893,0.7171,1.7019,28.15
7.52,1.0019,0.7893,0.7171,1.7019,28.15
7.54,1.0019,0.7893,0.7171,1.7019,28.15
7.56,1.0019,0.7893,0.7171,1.7019,28.15
7.58,1.0019,0.7893,0.7171,1.7019,28.15
7.60,1.0019,0.7893,0.7171,1.7019,28.15
7.62,1.0019,0.7893,0.7171,1.7019,28.15
7.64,1.0019,0.7893,0.7171,1.7019,28.15
7.66,1.0019,0.7893,0.7171,1.7019,28.15
7.68,1.0019,0.7893,0.7171,1.7019,28.15
7.70,1.0019,0.7893,0.7171,1.7019,28.15
7.72,1.0019,0.7893,0.7171,1.7019,28.15
7.74,1.0019,0.7893,0.7171,1.7019,28.15
7.76,1.0019,0.7893,0.7171,1.7019,28.15
7.78,1.0019,0.7893,0.7171,1.7019,28.15
7.80,1.0019,0.7893,0.7171,1.7019,28.15
7.82,1.0019,0.7893,0.7171,1.7019,28.15
7.84,1.0019,0.7893,0.7171,1.7019,28.15
7.86,1.0019,0.7893,0.7171,1.7019,28.15
7.88,1.0019,0.7893,0.7171,1.7019,28.15
7.90,1.0019,0.7893,0.7171,1.7019,28.15
7.92,1.0019,0.7893,0.7171,1.7019,28.15
7.94,1.0019,0.7893,0.7171,1.7019,28.15
7.96,1.0019,0.7893,0.7171,1.7019,28.15
7.98,1.0019,0.7893,0.7171,1.7019,28.15
8.00,1.0019,0.7893,0.7171,1.7019,28.15
8.02,1.0019,0.7893,0.7171,1.1339,28.16
8.04,1.0019,0.7893,0.7171,1.1339,28.16
8.06,1.0019,0.7893,0.7171,1.1339,28.16
8.08,1.0019,0.7893,0.7171,1.1339,28.16
8.10,1.0019,0.7893,0.7171,1.1339,28.16
8.12,1.0018,0.7894,0.7171,1.1339,28.16
8.14,1.0018,0.7894,0.7171,1.1339,28.16
8.16,1.0018,0.7891,0.7172,1.1339,28.16
8.18,1.0008,0.7891,0.7172,1.1331,28.19
8.20,1.0008,0.7891,0.7172,1.1331,28.19
8.22,1.0010,0.7892,0.7172,1.1333,28.18
8.24,0.9986,0.7888,0.7167,1.1313,28.22
8.26,0.9995,0.7880,0.7168,1.1320,28.21
8.28,0.9954,0.7880,0.7155,1.1285,28.25
8.30,0.9954,0.7880,0.7155,1.1285,28.25
8.32,0.9971,0.7895,0.7155,1.1299,28.22
8.34,0.9913,0.7863,0.7131,1.1247,28.27
8.36,0.9938,0.7833,0.7118,1.1267,28.22
8.38,0.9859,0.7833,0.7087,1.1197,28.27
8.40,0.9859,0.7833,0.7087,1.1197,28.27
8.42,0.9887,0.7861,0.7087,1.1219,28.22
8.44,0.9788,0.7786,0.7027,1.1130,28.29
8.46,0.9824,0.7725,0.7001,1.1158,28.22
8.48,0.9706,0.7725,0.6953,1.1052,28.30
8.50,0.9706,0.7725,0.6953,1.1052,28.30
8.52,0.9749,0.7765,0.6953,1.1087,28.23
8.54,0.9614,0.7650,0.6866,1.0966,28.32
8.56,0.9665,0.7563,0.6822,1.1007,28.22
8.58,0.9513,0.7563,0.6758,1.0870,28.31
8.60,0.9513,0.7563,0.6758,1.0870,28.31
8.62,0.9566,0.7613,0.6758,1.0911,28.21
8.64,0.9401,0.7462,0.6632,1.0761,28.29
8.66,0.9459,0.7345,0.6566,1.0807,28.18
8.68,0.9280,0.7345,0.6481,1.0643,28.25
8.70,0.9280,0.7345,0.6481,1.0643,28.25
8.72,0.9342,0.7403,0.6481,1.0692,28.14
8.74,0.9152,0.7222,0.6310,1.0515,28.18
8.76,0.9217,0.7089,0.6223,1.0566,28.06
8.78,0.9017,0.7089,0.6117,1.0378,28.09
8.80,0.9017,0.7089,0.6117,1.0378,28.09
8.82,0.9087,0.7154,0.6117,1.0434,27.96
8.84,0.8876,0.6951,0.5900,1.0234,27.96
8.86,0.8949,0.6805,0.5790,1.0290,27.81
8.88,0.8731,0.6805,0.5664,1.0081,27.80
8.90,0.8731,0.6805,0.5664,1.0081,27.80
8.92,0.8809,0.6877,0.5664,1.0142,27.65
8.94,0.8586,0.6654,0.5409,0.9929,27.62
8.96,0.8666,0.6501,0.5273,0.9990,27.46
8.98,0.8436,0.6501,0.5127,0.9766,27.38
9.00,0.8436,0.6501,0.5127,0.9766,27.38
9.02,0.8518,0.6579,0.5127,0.9830,27.22
9.04,0.8284,0.6345,0.4823,0.9599,27.11
9.06,0.8369,0.6191,0.4663,0.9665,26.95
9.08,0.8132,0.6191,0.4503,0.9429,26.82
9.10,0.8132,0.6191,0.4503,0.9429,26.82
9.12,0.8217,0.6271,0.4503,0.9496,26.66
9.14,0.8217,0.6033,0.4330,0.9496,26.66
9.16,0.8063,0.5878,0.3973,0.9320,26.31
9.18,0.7823,0.5878,0.3793,0.9073,26.08
9.20,0.7823,0.5878,0.3793,0.9073,26.08
9.22,0.7910,0.5962,0.3793,0.9141,25.91
9.24,0.7910,0.5730,0.3599,0.9141,25.91
9.26,0.7758,0.5585,0.3206,0.8959,25.48
9.28,0.7523,0.5585,0.3010,0.8710,25.14
9.30,0.7523,0.5585,0.3010,0.8710,25.14
9.32,0.7614,0.5674,0.3010,0.8780,24.97
9.34,0.7614,0.5454,0.2797,0.8780,24.97
9.36,0.7470,0.5333,0.2377,0.8602,24.46
9.38,0.7235,0.5333,0.2202,0.8359,24.20
9.40,0.7235,0.5333,0.2202,0.8359,24.20
9.42,0.7328,0.5424,0.2202,0.8432,24.03
9.44,0.7091,0.5224,0.1811,0.8192,23.84
9.46,0.7186,0.5127,0.1572,0.8268,23.68
9.48,0.6940,0.5127,0.1441,0.8033,23.63
9.50,0.6940,0.5127,0.1441,0.8033,23.63
9.52,0.7034,0.5219,0.1441,0.8107,23.46
9.54,0.6792,0.5042,0.1089,0.7885,23.51
9.56,0.6887,0.4957,0.0842,0.7958,23.34
9.58,0.6643,0.4957,0.0771,0.7748,23.54
9.60,0.6643,0.4957,0.0771,0.7748,23.54
9.62,0.6737,0.5049,0.0771,0.7821,23.37
9.64,0.6737,0.4867,0.0537,0.7821,23.37
9.66,0.6590,0.4773,0.0261,0.7693,23.48
9.68,0.6356,0.4773,0.0227,0.7505,23.82
9.70,0.6356,0.4773,0.0227,0.7505,23.82
9.72,0.6448,0.4866,0.0227,0.7576,23.65
9.74,0.6212,0.4662,0.0009,0.7389,24.01
9.76,0.6301,0.4536,0.0199,0.7456,23.84
9.78,0.6064,0.4536,0.0237,0.7266,24.16
9.80,0.6064,0.4536,0.0237,0.7266,24.16
9.82,0.6153,0.4627,0.0237,0.7333,23.99
9.84,0.5915,0.4397,0.0456,0.7138,24.26
9.86,0.6004,0.4251,0.0623,0.7204,24.09
9.88,0.5757,0.4251,0.0700,0.6991,24.23
9.90,0.5757,0.4251,0.0700,0.6991,24.23
9.92,0.5847,0.4344,0.0700,0.7057,24.05
9.94,0.5597,0.4107,0.0962,0.6832,24.08
9.96,0.5688,0.3959,0.1118,0.6898,23.90
9.98,0.5435,0.3959,0.1260,0.6651,23.72
10.00,0.5435,0.3959,0.1260,0.6651,23.72
10.02,0.5526,0.4053,0.1260,0.6736,23.74
10.04,0.5272,0.3811,0.1567,0.6503,23.70
10.06,0.5363,0.3905,0.1567,0.6590,23.75
10.08,0.5111,0.3660,0.1879,0.6353,23.65
10.10,0.5111,0.3660,0.1879,0.6374,23.87
10.12,0.5201,0.3753,0.1879,0.6460,23.93
10.14,0.4952,0.3506,0.2193,0.6220,23.75
10.16,0.5043,0.3601,0.2193,0.6305,23.79
10.18,0.4797,0.3351,0.2495,0.6071,23.63
10.20,0.4797,0.3351,0.2495,0.6093,23.86
10.22,0.4886,0.3444,0.2495,0.6177,23.91
10.24,0.4637,0.3194,0.2769,0.5948,23.82
10.26,0.4728,0.3038,0.2874,0.6032,23.86
10.28,0.4480,0.3038,0.3011,0.5814,23.85
10.30,0.4480,0.3038,0.3011,0.5836,24.08
10.32,0.4570,0.3132,0.3011,0.5918,24.12
10.34,0.4318,0.2876,0.3231,0.5707,24.20
10.36,0.4409,0.2718,0.3321,0.5790,24.24
10.38,0.4156,0.2718,0.3421,0.5592,24.44
10.40,0.4156,0.2718,0.3421,0.5614,24.66
10.42,0.4248,0.2814,0.3421,0.5696,24.70
10.44,0.3994,0.2558,0.3590,0.5508,24.97
10.46,0.4085,0.2399,0.3663,0.5587,24.99
10.48,0.3836,0.2399,0.3734,0.5413,25.33
10.50,0.3836,0.2399,0.3734,0.5436,25.55
10.52,0.3928,0.2499,0.3734,0.5513,25.56
10.54,0.3678,0.2241,0.3881,0.5344,25.91
10.56,0.3769,0.2081,0.3944,0.5417,25.90
10.58,0.3520,0.2081,0.4018,0.5248,26.22
10.60,0.3520,0.2081,0.4018,0.5272,26.44
10.62,0.3612,0.2183,0.4018,0.5343,26.41
10.64,0.3360,0.1926,0.4154,0.5172,26.69
10.66,0.3451,0.1772,0.4196,0.5240,26.65
10.68,0.3200,0.1772,0.4287,0.5066,26.88
10.70,0.3200,0.1772,0.4287,0.5090,27.09
10.72,0.3292,0.1875,0.4287,0.5156,27.04
10.74,0.3039,0.1624,0.4411,0.4981,27.23
10.76,0.3129,0.1476,0.4424,0.5042,27.16
10.78,0.2877,0.1476,0.4536,0.4861,27.25
10.80,0.2877,0.1476,0.4536,0.4884,27.46
10.82,0.2965,0.1575,0.4536,0.4943,27.40
10.84,0.2711,0.1334,0.4651,0.4759,27.44
10.86,0.2798,0.1197,0.4632,0.4815,27.37
10.88,0.2548,0.1197,0.4753,0.4633,27.38
10.90,0.2548,0.1197,0.4753,0.4656,27.58
10.92,0.2636,0.1296,0.4753,0.4710,27.50
10.94,0.2387,0.1073,0.4843,0.4528,27.46
10.96,0.2475,0.0961,0.4797,0.4579,27.37
10.98,0.2227,0.0961,0.4922,0.4400,27.31
11.00,0.2227,0.0961,0.4922,0.4423,27.51
11.02,0.2315,0.1060,0.4922,0.4473,27.42
11.04,0.2066,0.0860,0.4994,0.4292,27.32
11.06,0.2155,0.0776,0.4929,0.4340,27.21
11.08,0.1906,0.0776,0.5054,0.4164,27.11
11.10,0.1906,0.0776,0.5054,0.4186,27.30
11.12,0.1995,0.0876,0.5054,0.4229,27.18
11.14,0.1747,0.0706,0.5114,0.4054,27.04
11.16,0.1834,0.0806,0.5114,0.4092,26.90
11.18,0.1588,0.0649,0.5168,0.3920,26.73
11.20,0.1588,0.0649,0.5168,0.3942,26.91
11.22,0.1676,0.0750,0.5168,0.3978,26.76
11.24,0.1430,0.0609,0.5219,0.3807,26.55
11.26,0.1517,0.0582,0.5147,0.3838,26.39
11.28,0.1274,0.0582,0.5265,0.3673,26.16
11.30,0.1274,0.0582,0.5265,0.3694,26.33
11.32,0.1363,0.0683,0.5265,0.3723,26.17
11.34,0.1124,0.0566,0.5309,0.3563,25.91
11.36,0.1215,0.0561,0.5240,0.3589,25.74
11.38,0.0979,0.0561,0.5347,0.3436,25.46
11.40,0.0979,0.0561,0.5347,0.3456,25.62
11.42,0.1069,0.0663,0.5347,0.3477,25.43
11.44,0.0836,0.0566,0.5385,0.3328,25.12
11.46,0.0929,0.0585,0.5319,0.3348,24.93
11.48,0.0697,0.0585,0.5412,0.3206,24.61
11.50,0.0697,0.0585,0.5412,0.3225,24.77
11.52,0.0789,0.0688,0.5412,0.3240,24.58
11.54,0.0560,0.0608,0.5440,0.3103,24.22
11.56,0.0652,0.0639,0.5379,0.3114,24.01
11.58,0.0429,0.0639,0.5461,0.2982,23.61
11.60,0.0429,0.0639,0.5461,0.3000,23.76
11.62,0.0521,0.0741,0.5461,0.3008,23.56
11.64,0.0303,0.0672,0.5481,0.2884,23.14
11.66,0.0395,0.0714,0.5426,0.2888,22.93
11.68,0.0183,0.0714,0.5491,0.2773,22.50
11.70,0.0183,0.0714,0.5491,0.2790,22.64
11.72,0.0275,0.0815,0.5491,0.2791,22.44
11.74,0.0072,0.0761,0.5491,0.2688,22.02
11.76,0.0164,0.0807,0.5437,0.2684,21.81
11.78,0.0029,0.0807,0.5500,0.2576,21.25
11.80,0.0029,0.0807,0.5500,0.2592,21.38
11.82,0.0063,0.0907,0.5500,0.2585,21.17
11.84,0.0120,0.0857,0.5504,0.2484,20.60
11.86,0.0026,0.0913,0.5447,0.2474,20.40
11.88,0.0200,0.0913,0.5501,0.2380,19.79
11.90,0.0200,0.0913,0.5501,0.2394,19.91
11.92,0.0105,0.1015,0.5501,0.2381,19.71
11.94,0.0275,0.0972,0.5493,0.2295,19.11
11.96,0.0179,0.1035,0.5437,0.2278,18.92
11.98,0.0336,0.1035,0.5483,0.2196,18.28
12.00,0.0336,0.1035,0.5483,0.2209,18.39
12.02,0.0239,0.1137,0.5483,0.2189,18.20
12.04,0.0390,0.1099,0.5466,0.2115,17.58
12.06,0.0293,0.1168,0.5408,0.2093,17.39
12.08,0.0437,0.1168,0.5440,0.2027,16.80
12.10,0.0437,0.1168,0.5440,0.2039,16.90
12.12,0.0338,0.1271,0.5440,0.2013,16.70
12.14,0.0338,0.1241,0.5382,0.2024,16.80
12.16,0.0374,0.1320,0.5354,0.1919,15.88
12.18,0.0504,0.1320,0.5379,0.1864,15.29
12.20,0.0504,0.1320,0.5379,0.1874,15.38
12.22,0.0404,0.1424,0.5379,0.1842,15.20
12.24,0.0530,0.1405,0.5324,0.1800,14.68
12.26,0.0429,0.1490,0.5255,0.1766,14.51
12.28,0.0549,0.1490,0.5263,0.1732,14.04
12.30,0.0549,0.1490,0.5263,0.1741,14.13
12.32,0.0447,0.1595,0.5263,0.1705,13.96
12.34,0.0560,0.1582,0.5195,0.1677,13.52
12.36,0.0458,0.1683,0.5112,0.1637,13.34
12.38,0.0570,0.1683,0.5108,0.1618,12.96
12.40,0.0570,0.1683,0.5108,0.1626,13.04
12.42,0.0466,0.1788,0.5108,0.1584,12.86
12.44,0.0576,0.1782,0.5016,0.1574,12.55
12.46,0.0472,0.1888,0.4929,0.1529,12.35
12.48,0.0577,0.1888,0.4910,0.1530,12.13
12.50,0.0577,0.1888,0.4910,0.1537,12.19
12.52,0.0473,0.1993,0.4910,0.1492,12.01
12.54,0.0578,0.1999,0.4791,0.1498,11.83
12.56,0.0474,0.2110,0.4692,0.1454,11.67
12.58,0.0577,0.2110,0.4666,0.1463,11.51
12.60,0.0577,0.2110,0.4666,0.1469,11.57
12.62,0.0474,0.2213,0.4666,0.1424,11.40
12.64,0.0575,0.2222,0.4532,0.1440,11.30
12.66,0.0475,0.2329,0.4432,0.1394,11.13
12.68,0.0572,0.2329,0.4398,0.1414,11.06
12.70,0.0572,0.2329,0.4398,0.1419,11.11
12.72,0.0470,0.2430,0.4398,0.1371,10.93
12.74,0.0567,0.2422,0.4270,0.1395,10.90
12.76,0.0465,0.2502,0.4192,0.1348,10.73
12.78,0.0559,0.2502,0.4153,0.1375,10.74
12.80,0.0559,0.2502,0.4153,0.1379,10.77
12.82,0.0456,0.2604,0.4153,0.1331,10.60
12.84,0.0549,0.2559,0.4052,0.1359,10.62
12.86,0.0445,0.2602,0.4004,0.1311,10.44
12.88,0.0536,0.2602,0.3967,0.1337,10.45
12.90,0.0536,0.2602,0.3967,0.1340,10.47
12.92,0.0433,0.2702,0.3967,0.1292,10.30
12.94,0.0520,0.2620,0.3901,0.1319,10.32
12.96,0.0417,0.2621,0.3884,0.1272,10.15
12.98,0.0505,0.2621,0.3849,0.1297,10.16
13.00,0.0505,0.2621,0.3849,0.1299,10.18
13.02,0.0402,0.2719,0.3849,0.1252,10.01
13.04,0.0491,0.2606,0.3808,0.1279,10.04
13.06,0.0389,0.2581,0.3809,0.1234,9.88
13.08,0.0475,0.2581,0.3773,0.1261,9.92
13.10,0.0475,0.2581,0.3773,0.1262,9.92
13.12,0.0370,0.2680,0.3773,0.1216,9.75
13.14,0.0457,0.2551,0.3740,0.1243,9.80
13.16,0.0353,0.2511,0.3745,0.1198,9.63
13.18,0.0440,0.2511,0.3711,0.1224,9.67
13.20,0.0440,0.2511,0.3711,0.1224,9.67
13.22,0.0336,0.2608,0.3711,0.1179,9.49
13.24,0.0423,0.2460,0.3692,0.1205,9.54
13.26,0.0317,0.2403,0.3708,0.1161,9.37
13.28,0.0403,0.2403,0.3675,0.1187,9.43
13.30,0.0403,0.2403,0.3675,0.1186,9.41
13.32,0.0298,0.2500,0.3675,0.1141,9.22
13.34,0.0386,0.2340,0.3663,0.1166,9.27
13.36,0.0278,0.2271,0.3688,0.1121,9.08
13.38,0.0367,0.2271,0.3659,0.1145,9.13
13.40,0.0367,0.2271,0.3659,0.1142,9.10
13.42,0.0260,0.2368,0.3659,0.1098,8.91
13.44,0.0348,0.2192,0.3659,0.1122,8.97
13.46,0.0240,0.2110,0.3689,0.1079,8.77
13.48,0.0327,0.2110,0.3665,0.1099,8.80
13.50,0.0327,0.2110,0.3665,0.1095,8.77
13.52,0.0220,0.2206,0.3665,0.1053,8.57
13.54,0.0220,0.2018,0.3700,0.1048,8.53
13.56,0.0202,0.1928,0.3699,0.1032,8.41
13.58,0.0292,0.1928,0.3675,0.1052,8.46
13.60,0.0292,0.1928,0.3675,0.1047,8.41
13.62,0.0186,0.2023,0.3675,0.1006,8.21
13.64,0.0279,0.1847,0.3663,0.1025,8.25
13.66,0.0173,0.1775,0.3652,0.0986,8.05
13.68,0.0267,0.1775,0.3630,0.1006,8.10
13.70,0.0267,0.1775,0.3630,0.1000,8.05
13.72,0.0163,0.1865,0.3630,0.0962,7.86
13.74,0.0163,0.1728,0.3583,0.0955,7.80
13.76,0.0150,0.1705,0.3485,0.0945,7.73
13.78,0.0243,0.1705,0.3461,0.0969,7.82
13.80,0.0243,0.1705,0.3461,0.0962,7.76
13.82,0.0139,0.1794,0.3461,0.0923,7.55
13.84,0.0232,0.1711,0.3328,0.0948,7.65
13.86,0.0129,0.1736,0.3198,0.0909,7.44
13.88,0.0224,0.1736,0.3176,0.0933,7.54
13.90,0.0224,0.1736,0.3176,0.0924,7.46
13.92,0.0119,0.1822,0.3176,0.0886,7.25
13.94,0.0214,0.1778,0.3005,0.0911,7.36
13.96,0.0110,0.1830,0.2845,0.0874,7.16
13.98,0.0208,0.1830,0.2825,0.0897,7.25
14.00,0.0208,0.1830,0.2825,0.0887,7.17
14.02,0.0103,0.1913,0.2825,0.0849,6.96
14.04,0.0200,0.1904,0.2627,0.0876,7.08
14.06,0.0093,0.1986,0.2447,0.0838,6.87
14.08,0.0193,0.1986,0.2425,0.0865,7.00
14.10,0.0193,0.1986,0.2425,0.0854,6.91
14.12,0.0088,0.2065,0.2425,0.0816,6.69
14.14,0.0188,0.2063,0.2223,0.0846,6.84
14.16,0.0084,0.2129,0.2058,0.0809,6.63
14.18,0.0181,0.2129,0.2029,0.0843,6.83
14.20,0.0181,0.2129,0.2029,0.0831,6.73
14.22,0.0076,0.2206,0.2029,0.0793,6.50
14.24,0.0176,0.2175,0.1856,0.0826,6.69
14.26,0.0071,0.2197,0.1733,0.0790,6.47
14.28,0.0171,0.2197,0.1707,0.0822,6.67
14.30,0.0171,0.2197,0.1707,0.0809,6.56
14.32,0.0063,0.2273,0.1707,0.0770,6.32
14.34,0.0063,0.2191,0.1609,0.0756,6.20
14.36,0.0054,0.2263,0.1582,0.0769,6.31
14.38,0.0155,0.2161,0.1487,0.0795,6.46
14.40,0.0155,0.2161,0.1487,0.0781,6.34
14.42,0.0048,0.2236,0.1487,0.0740,6.07
14.44,0.0151,0.2109,0.1411,0.0770,6.25
14.46,0.0045,0.2034,0.1379,0.0733,6.01
14.48,0.0147,0.2034,0.1363,0.0760,6.17
14.50,0.0147,0.2034,0.1363,0.0744,6.04
14.52,0.0042,0.2102,0.1363,0.0706,5.79
14.54,0.0145,0.1945,0.1329,0.0737,5.98
14.56,0.0040,0.1843,0.1329,0.0699,5.73
14.58,0.0145,0.1843,0.1316,0.0727,5.89
14.60,0.0145,0.1843,0.1316,0.0710,5.75
14.62,0.0041,0.1909,0.1316,0.0670,5.50
14.64,0.0148,0.1739,0.1310,0.0702,5.68
14.66,0.0044,0.1803,0.1310,0.0661,5.42
14.68,0.0148,0.1628,0.1316,0.0693,5.60
14.70,0.0148,0.1628,0.1316,0.0675,5.45
14.72,0.0043,0.1691,0.1316,0.0634,5.20
14.74,0.0149,0.1509,0.1339,0.0663,5.35
14.76,0.0045,0.1386,0.1377,0.0621,5.08
14.78,0.0151,0.1386,0.1372,0.0651,5.24
14.80,0.0151,0.1386,0.1372,0.0633,5.09
14.82,0.0046,0.1448,0.1372,0.0588,4.82
14.84,0.0153,0.1259,0.1417,0.0618,4.96
14.86,0.0046,0.1132,0.1462,0.0574,4.70
14.88,0.0153,0.1132,0.1460,0.0606,4.86
14.90,0.0153,0.1132,0.1460,0.0587,4.69
14.92,0.0049,0.1189,0.1460,0.0543,4.44
14.94,0.0153,0.1004,0.1495,0.0582,4.65
14.96,0.0051,0.0886,0.1529,0.0537,4.39
14.98,0.0156,0.0886,0.1526,0.0574,4.57
15.00,0.0156,0.0886,0.1526,0.0553,4.40
15.02,0.0051,0.0942,0.1526,0.0507,4.14
15.04,0.0155,0.0780,0.1540,0.0547,4.34
15.06,0.0051,0.0688,0.1544,0.0500,4.09
15.08,0.0159,0.0688,0.1542,0.0542,4.29
15.10,0.0159,0.0688,0.1542,0.0521,4.11
15.12,0.0055,0.0739,0.1542,0.0473,3.86
15.14,0.0160,0.0609,0.1520,0.0521,4.11
15.16,0.0056,0.0557,0.1471,0.0473,3.86
15.18,0.0164,0.0557,0.1473,0.0515,4.05
15.20,0.0164,0.0557,0.1473,0.0494,3.86
15.22,0.0060,0.0605,0.1473,0.0444,3.61
15.24,0.0165,0.0528,0.1397,0.0495,3.86
15.26,0.0061,0.0526,0.1299,0.0441,3.59
15.28,0.0171,0.0526,0.1306,0.0485,3.77
15.30,0.0171,0.0526,0.1306,0.0463,3.57
15.32,0.0066,0.0571,0.1306,0.0410,3.33
15.34,0.0176,0.0531,0.1208,0.0462,3.54
15.36,0.0070,0.0548,0.1106,0.0405,3.28
15.38,0.0180,0.0548,0.1115,0.0453,3.44
15.40,0.0180,0.0548,0.1115,0.0431,3.24
15.42,0.0075,0.0593,0.1115,0.0368,2.97
15.44,0.0187,0.0572,0.1017,0.0427,3.18
15.46,0.0085,0.0613,0.1017,0.0365,2.92
15.48,0.0199,0.0601,0.0927,0.0419,3.06
15.50,0.0199,0.0601,0.0927,0.0397,2.85
15.52,0.0098,0.0642,0.0927,0.0327,2.57
15.54,0.0211,0.0637,0.0831,0.0394,2.76
15.56,0.0110,0.0679,0.0728,0.0319,2.47
15.58,0.0226,0.0679,0.0746,0.0384,2.58
15.60,0.0226,0.0679,0.0746,0.0363,2.37
15.62,0.0126,0.0717,0.0746,0.0283,2.09
15.64,0.0242,0.0720,0.0663,0.0362,2.23
15.66,0.0142,0.0765,0.0566,0.0277,1.97
15.68,0.0263,0.0765,0.0598,0.0353,1.97
15.70,0.0263,0.0765,0.0598,0.0336,1.75
15.72,0.0162,0.0800,0.0598,0.0241,1.48
15.74,0.0290,0.0812,0.0544,0.0336,1.42
15.76,0.0189,0.0853,0.0457,0.0235,1.16
15.78,0.0315,0.0853,0.0501,0.0339,1.05
15.80,0.0315,0.0853,0.0501,0.0331,0.83
15.82,0.0214,0.0886,0.0501,0.0225,0.58
15.84,0.0339,0.0890,0.0468,0.0344,0.46
15.86,0.0238,0.0909,0.0406,0.0239,0.22
15.88,0.0366,0.0909,0.0457,0.0366,0.06
15.90,0.0366,0.0909,0.0457,0.0366,0.16
15.92,0.0266,0.0939,0.0457,0.0271,0.41
15.94,0.0392,0.0916,0.0459,0.0398,0.59
15.96,0.0292,0.0913,0.0423,0.0308,0.82
15.98,0.0414,0.0913,0.0476,0.0432,1.04
16.00,0.0414,0.0913,0.0476,0.0440,1.26
16.02,0.0317,0.0941,0.0476,0.0363,1.49
16.04,0.0435,0.0899,0.0507,0.0481,1.73
16.06,0.0337,0.0877,0.0492,0.0409,1.95
16.08,0.0452,0.0877,0.0546,0.0522,2.21
16.10,0.0452,0.0877,0.0546,0.0536,2.44
16.12,0.0354,0.0904,0.0546,0.0474,2.66
16.14,0.0465,0.0847,0.0596,0.0579,2.93
16.16,0.0366,0.0813,0.0597,0.0522,3.13
16.18,0.0471,0.0813,0.0649,0.0620,3.42
16.20,0.0471,0.0813,0.0649,0.0638,3.65
16.22,0.0372,0.0838,0.0649,0.0589,3.84
16.24,0.0473,0.0774,0.0702,0.0674,4.08
16.26,0.0374,0.0728,0.0715,0.0628,4.25
16.28,0.0470,0.0728,0.0753,0.0704,4.44
16.30,0.0470,0.0728,0.0753,0.0724,4.67
16.32,0.0370,0.0751,0.0753,0.0684,4.84
16.34,0.0459,0.0681,0.0797,0.0743,4.95
16.36,0.0358,0.0637,0.0809,0.0705,5.10
16.38,0.0444,0.0637,0.0832,0.0757,5.19
16.40,0.0444,0.0637,0.0832,0.0779,5.42
16.42,0.0342,0.0659,0.0832,0.0746,5.57
16.44,0.0419,0.0594,0.0855,0.0783,5.59
16.46,0.0319,0.0553,0.0861,0.0756,5.74
16.48,0.0392,0.0553,0.0865,0.0781,5.69
16.50,0.0392,0.0553,0.0865,0.0804,5.92
16.52,0.0294,0.0575,0.0865,0.0784,6.08
16.54,0.0359,0.0513,0.0866,0.0799,6.00
16.56,0.0261,0.0478,0.0860,0.0783,6.16
16.58,0.0320,0.0478,0.0851,0.0788,6.04
16.60,0.0320,0.0478,0.0851,0.0813,6.26
16.62,0.0220,0.0500,0.0851,0.0803,6.43
16.64,0.0274,0.0448,0.0824,0.0799,6.27
16.66,0.0175,0.0424,0.0805,0.0796,6.44
16.68,0.0226,0.0424,0.0788,0.0785,6.26
16.70,0.0226,0.0424,0.0788,0.0811,6.49
16.72,0.0128,0.0446,0.0788,0.0815,6.65
16.74,0.0175,0.0407,0.0735,0.0796,6.44
16.76,0.0076,0.0404,0.0688,0.0805,6.60
16.78,0.0121,0.0404,0.0666,0.0783,6.39
16.80,0.0121,0.0404,0.0666,0.0809,6.61
16.82,0.0020,0.0421,0.0666,0.0822,6.74
16.84,0.0062,0.0406,0.0583,0.0792,6.49
16.86,0.0039,0.0417,0.0520,0.0813,6.63
16.88,0.0004,0.0417,0.0495,0.0781,6.40
16.90,0.0004,0.0417,0.0495,0.0807,6.61
16.92,0.0098,0.0432,0.0495,0.0833,6.73
16.94,0.0049,0.0425,0.0409,0.0795,6.47
16.96,0.0151,0.0437,0.0347,0.0830,6.61
16.98,0.0100,0.0437,0.0323,0.0786,6.34
17.00,0.0100,0.0437,0.0323,0.0812,6.55
17.02,0.0200,0.0451,0.0323,0.0851,6.68
17.04,0.0144,0.0449,0.0236,0.0799,6.37
17.06,0.0244,0.0460,0.0179,0.0843,6.50
17.08,0.0180,0.0460,0.0162,0.0789,6.21
17.10,0.0180,0.0460,0.0162,0.0814,6.41
17.12,0.0280,0.0474,0.0162,0.0863,6.55
17.14,0.0206,0.0475,0.0091,0.0802,6.25
17.16,0.0306,0.0483,0.0038,0.0853,6.39
17.18,0.0222,0.0483,0.0038,0.0795,6.15
17.20,0.0222,0.0483,0.0038,0.0818,6.35
17.22,0.0322,0.0495,0.0038,0.0871,6.48
17.24,0.0227,0.0481,0.0013,0.0816,6.32
17.26,0.0327,0.0470,0.0012,0.0870,6.45
17.28,0.0224,0.0470,0.0011,0.0815,6.32
17.30,0.0224,0.0470,0.0011,0.0838,6.51
17.32,0.0323,0.0481,0.0011,0.0889,6.63
17.34,0.0211,0.0453,0.0024,0.0836,6.53
17.36,0.0310,0.0431,0.0014,0.0884,6.63
17.38,0.0191,0.0431,0.0052,0.0833,6.55
17.40,0.0191,0.0431,0.0052,0.0856,6.74
17.42,0.0291,0.0442,0.0052,0.0902,6.85
17.44,0.0168,0.0406,0.0093,0.0855,6.79
17.46,0.0266,0.0382,0.0094,0.0897,6.89
17.48,0.0139,0.0382,0.0139,0.0852,6.82
17.50,0.0139,0.0382,0.0139,0.0874,7.00
17.52,0.0236,0.0391,0.0139,0.0911,7.09
17.54,0.0236,0.0357,0.0144,0.0932,7.27
17.56,0.0204,0.0335,0.0197,0.0903,7.10
17.58,0.0070,0.0335,0.0243,0.0863,7.01
17.60,0.0070,0.0335,0.0243,0.0884,7.18
17.62,0.0167,0.0346,0.0243,0.0915,7.28
17.64,0.0034,0.0314,0.0298,0.0879,7.18
17.66,0.0130,0.0297,0.0305,0.0905,7.27
17.68,0.0002,0.0297,0.0345,0.0871,7.13
17.70,0.0002,0.0297,0.0345,0.0891,7.30
17.72,0.0094,0.0309,0.0345,0.0913,7.39
17.74,0.0094,0.0276,0.0356,0.0933,7.55
17.76,0.0058,0.0257,0.0405,0.0898,7.31
17.78,0.0071,0.0257,0.0438,0.0866,7.11
17.80,0.0071,0.0257,0.0438,0.0885,7.26
17.82,0.0027,0.0268,0.0438,0.0897,7.33
17.84,0.0101,0.0240,0.0476,0.0868,7.11
17.86,0.0002,0.0223,0.0481,0.0875,7.17
17.88,0.0126,0.0223,0.0505,0.0844,6.89
17.90,0.0126,0.0223,0.0505,0.0861,7.04
17.92,0.0025,0.0233,0.0505,0.0863,7.08
17.94,0.0151,0.0203,0.0536,0.0835,6.80
17.96,0.0049,0.0190,0.0538,0.0835,6.85
17.98,0.0167,0.0190,0.0551,0.0801,6.50
18.00,0.0167,0.0190,0.0551,0.0818,6.64
18.02,0.0065,0.0202,0.0551,0.0814,6.68
18.04,0.0065,0.0174,0.0551,0.0830,6.81
18.06,0.0076,0.0160,0.0561,0.0776,6.36
18.08,0.0189,0.0160,0.0572,0.0747,6.00
18.10,0.0189,0.0160,0.0572,0.0762,6.13
18.12,0.0086,0.0172,0.0572,0.0752,6.16
18.14,0.0200,0.0151,0.0580,0.0731,5.84
18.16,0.0097,0.0148,0.0564,0.0720,5.88
18.18,0.0207,0.0148,0.0581,0.0704,5.59
18.20,0.0207,0.0148,0.0581,0.0718,5.71
18.22,0.0104,0.0159,0.0581,0.0702,5.73
18.24,0.0211,0.0144,0.0581,0.0690,5.46
18.26,0.0109,0.0147,0.0554,0.0674,5.49
18.28,0.0216,0.0147,0.0575,0.0666,5.24
18.30,0.0216,0.0147,0.0575,0.0678,5.35
18.32,0.0113,0.0157,0.0575,0.0658,5.35
18.34,0.0219,0.0148,0.0569,0.0652,5.11
18.36,0.0116,0.0150,0.0538,0.0628,5.10
18.38,0.0220,0.0150,0.0562,0.0626,4.88
18.40,0.0220,0.0150,0.0562,0.0638,4.98
18.42,0.0117,0.0159,0.0562,0.0612,4.96
18.44,0.0219,0.0149,0.0561,0.0613,4.76
18.46,0.0115,0.0152,0.0536,0.0588,4.76
18.48,0.0216,0.0152,0.0563,0.0591,4.58
18.50,0.0216,0.0152,0.0563,0.0602,4.67
18.52,0.0111,0.0163,0.0563,0.0575,4.66
18.54,0.0212,0.0157,0.0566,0.0582,4.50
18.56,0.0106,0.0170,0.0566,0.0555,4.49
18.58,0.0205,0.0162,0.0575,0.0564,4.36
18.60,0.0205,0.0162,0.0575,0.0573,4.45
18.62,0.0098,0.0177,0.0575,0.0549,4.45
18.64,0.0195,0.0171,0.0584,0.0556,4.33
18.66,0.0091,0.0185,0.0584,0.0532,4.32
18.68,0.0184,0.0177,0.0594,0.0538,4.20
18.70,0.0184,0.0177,0.0594,0.0546,4.27
18.72,0.0080,0.0191,0.0594,0.0523,4.25
18.74,0.0174,0.0184,0.0602,0.0524,4.09
18.76,0.0071,0.0193,0.0581,0.0501,4.08
18.78,0.0167,0.0193,0.0617,0.0510,3.99
18.80,0.0167,0.0193,0.0617,0.0517,4.05
18.82,0.0065,0.0208,0.0617,0.0495,4.04
18.84,0.0160,0.0203,0.0633,0.0504,3.96
18.86,0.0057,0.0220,0.0633,0.0483,3.94
18.88,0.0153,0.0212,0.0652,0.0490,3.85
18.90,0.0153,0.0212,0.0652,0.0496,3.90
18.92,0.0050,0.0228,0.0652,0.0475,3.88
18.94,0.0144,0.0221,0.0666,0.0479,3.78
18.96,0.0040,0.0230,0.0648,0.0458,3.74
18.98,0.0132,0.0230,0.0685,0.0465,3.68
19.00,0.0132,0.0230,0.0685,0.0470,3.73
19.02,0.0026,0.0250,0.0685,0.0453,3.71
19.04,0.0121,0.0243,0.0705,0.0458,3.64
19.06,0.0014,0.0255,0.0688,0.0442,3.62
19.08,0.0104,0.0255,0.0725,0.0444,3.56
19.10,0.0104,0.0255,0.0725,0.0448,3.60
19.12,0.0005,0.0275,0.0725,0.0434,3.55
19.14,0.0088,0.0271,0.0741,0.0433,3.49
19.16,0.0020,0.0284,0.0726,0.0422,3.45
19.18,0.0073,0.0284,0.0763,0.0418,3.39
19.20,0.0073,0.0284,0.0763,0.0421,3.41
19.22,0.0036,0.0305,0.0763,0.0412,3.35
19.24,0.0057,0.0298,0.0781,0.0404,3.29
19.26,0.0053,0.0311,0.0762,0.0399,3.23
19.28,0.0040,0.0311,0.0802,0.0390,3.19
19.30,0.0040,0.0311,0.0802,0.0392,3.20
19.32,0.0070,0.0334,0.0802,0.0392,3.14
19.34,0.0025,0.0327,0.0823,0.0379,3.11
19.36,0.0084,0.0339,0.0806,0.0381,3.02
19.38,0.0012,0.0339,0.0849,0.0365,2.99
19.40,0.0012,0.0339,0.0849,0.0365,2.99
19.42,0.0096,0.0363,0.0849,0.0371,2.91
19.44,0.0001,0.0353,0.0870,0.0350,2.86
19.46,0.0109,0.0367,0.0851,0.0361,2.80
19.48,0.0009,0.0367,0.0897,0.0339,2.77
19.50,0.0009,0.0367,0.0897,0.0339,2.77
19.52,0.0117,0.0396,0.0897,0.0354,2.72
19.54,0.0014,0.0386,0.0922,0.0331,2.71
19.56,0.0120,0.0402,0.0897,0.0348,2.65
19.58,0.0018,0.0402,0.0945,0.0322,2.62
19.60,0.0018,0.0402,0.0945,0.0320,2.61
19.62,0.0124,0.0430,0.0945,0.0337,2.54
19.64,0.0020,0.0419,0.0964,0.0308,2.51
19.66,0.0126,0.0438,0.0933,0.0326,2.44
19.68,0.0024,0.0438,0.0983,0.0298,2.43
19.70,0.0024,0.0438,0.0983,0.0295,2.40
19.72,0.0127,0.0468,0.0983,0.0315,2.34
19.74,0.0023,0.0455,0.1006,0.0286,2.33
19.76,0.0126,0.0471,0.0978,0.0306,2.26
19.78,0.0022,0.0471,0.1030,0.0277,2.26
19.80,0.0022,0.0471,0.1030,0.0273,2.22
19.82,0.0124,0.0502,0.1030,0.0292,2.14
19.84,0.0021,0.0490,0.1055,0.0266,2.17
19.86,0.0124,0.0511,0.1020,0.0286,2.09
19.88,0.0020,0.0511,0.1074,0.0259,2.11
19.90,0.0020,0.0511,0.1074,0.0254,2.07
19.92,0.0124,0.0543,0.1074,0.0274,1.98
19.94,0.0021,0.0529,0.1094,0.0246,2.00
19.96,0.0124,0.0550,0.1056,0.0267,1.92
19.98,0.0019,0.0550,0.1113,0.0239,1.95
20.00,0.0019,0.0550,0.1113,0.0233,1.90
20.02,0.0124,0.0584,0.1113,0.0254,1.80
20.04,0.0022,0.0573,0.1130,0.0229,1.86
20.06,0.0128,0.0597,0.1088,0.0253,1.77
20.08,0.0025,0.0597,0.1146,0.0224,1.82
20.10,0.0025,0.0597,0.1146,0.0216,1.75
20.12,0.0131,0.0635,0.1146,0.0243,1.66
20.14,0.0025,0.0624,0.1158,0.0211,1.71
20.16,0.0134,0.0650,0.1111,0.0240,1.61
20.18,0.0030,0.0650,0.1170,0.0206,1.67
20.20,0.0030,0.0650,0.1170,0.0197,1.59
20.22,0.0139,0.0688,0.1170,0.0229,1.48
20.24,0.0034,0.0678,0.1178,0.0193,1.55
20.26,0.0143,0.0703,0.1126,0.0226,1.43
20.28,0.0041,0.0703,0.1188,0.0191,1.52
20.30,0.0041,0.0703,0.1188,0.0180,1.43
20.32,0.0151,0.0740,0.1188,0.0219,1.29
20.34,0.0050,0.0728,0.1194,0.0174,1.36
20.36,0.0158,0.0754,0.1138,0.0219,1.23
20.38,0.0055,0.0754,0.1201,0.0170,1.31
20.40,0.0055,0.0754,0.1201,0.0159,1.22
20.42,0.0164,0.0794,0.1201,0.0211,1.08
20.44,0.0059,0.0784,0.1201,0.0151,1.13
20.46,0.0167,0.0817,0.1137,0.0207,0.99
20.48,0.0068,0.0817,0.1199,0.0150,1.09
20.50,0.0068,0.0817,0.1199,0.0139,0.98
20.52,0.0175,0.0856,0.1199,0.0204,0.84
20.54,0.0074,0.0852,0.1191,0.0135,0.92
20.56,0.0180,0.0890,0.1118,0.0205,0.79
20.58,0.0080,0.0890,0.1174,0.0129,0.82
20.60,0.0080,0.0890,0.1174,0.0118,0.71
20.62,0.0185,0.0931,0.1174,0.0198,0.57
20.64,0.0084,0.0930,0.1151,0.0110,0.58
20.66,0.0186,0.0977,0.1066,0.0194,0.45
20.68,0.0084,0.0977,0.1120,0.0101,0.46
20.70,0.0084,0.0977,0.1120,0.0094,0.34
20.72,0.0185,0.1018,0.1120,0.0187,0.21
20.74,0.0084,0.1023,0.1085,0.0087,0.17
20.76,0.0184,0.1070,0.0996,0.0184,0.04
20.78,0.0084,0.1070,0.1043,0.0084,0.02
20.80,0.0084,0.1070,0.1043,0.0086,0.15
20.82,0.0184,0.1111,0.1043,0.0188,0.29
20.84,0.0083,0.1117,0.0998,0.0096,0.39
20.86,0.0182,0.1155,0.0915,0.0193,0.54
20.88,0.0082,0.1155,0.0958,0.0113,0.62
20.90,0.0082,0.1155,0.0958,0.0125,0.77
20.92,0.0182,0.1197,0.0958,0.0213,0.90
20.94,0.0080,0.1188,0.0925,0.0146,0.99
20.96,0.0182,0.1215,0.0855,0.0229,1.12
20.98,0.0081,0.1215,0.0899,0.0170,1.22
21.00,0.0081,0.1215,0.0899,0.0187,1.37
21.02,0.0183,0.1259,0.0899,0.0261,1.50
21.04,0.0079,0.1230,0.0884,0.0214,1.62
21.06,0.0182,0.1234,0.0835,0.0282,1.74
21.08,0.0079,0.1234,0.0883,0.0237,1.82
21.10,0.0079,0.1234,0.0883,0.0255,1.97
21.12,0.0184,0.1280,0.0883,0.0319,2.10
21.14,0.0079,0.1225,0.0896,0.0279,2.18
21.16,0.0183,0.1205,0.0868,0.0340,2.31
21.18,0.0075,0.1205,0.0923,0.0298,2.35
21.20,0.0075,0.1205,0.0923,0.0318,2.51
21.22,0.0182,0.1253,0.0923,0.0374,2.64
21.24,0.0072,0.1175,0.0963,0.0336,2.67
21.26,0.0178,0.1139,0.0952,0.0390,2.81
21.28,0.0065,0.1139,0.1020,0.0345,2.76
21.30,0.0065,0.1139,0.1020,0.0366,2.94
21.32,0.0171,0.1187,0.1020,0.0416,3.06
21.34,0.0058,0.1097,0.1082,0.0379,3.06
21.36,0.0163,0.1055,0.1083,0.0428,3.20
21.38,0.0044,0.1055,0.1159,0.0383,3.11
21.40,0.0044,0.1055,0.1159,0.0405,3.29
21.42,0.0151,0.1105,0.1159,0.0449,3.42
21.44,0.0030,0.1013,0.1235,0.0412,3.36
21.46,0.0136,0.0971,0.1233,0.0450,3.48
21.48,0.0019,0.0971,0.1316,0.0406,3.32
21.50,0.0019,0.0971,0.1316,0.0429,3.51
21.52,0.0124,0.1024,0.1316,0.0464,3.63
21.54,0.0004,0.0938,0.1389,0.0423,3.46
21.56,0.0108,0.0909,0.1370,0.0455,3.59
21.58,0.0011,0.0909,0.1460,0.0412,3.38
21.60,0.0011,0.0909,0.1460,0.0436,3.57
21.62,0.0092,0.0963,0.1460,0.0464,3.70
21.64,0.0027,0.0889,0.1522,0.0423,3.46
21.66,0.0074,0.0876,0.1476,0.0447,3.59
21.68,0.0043,0.0876,0.1573,0.0405,3.31
21.70,0.0043,0.0876,0.1573,0.0430,3.51
21.72,0.0056,0.0928,0.1573,0.0452,3.66
21.74,0.0061,0.0881,0.1600,0.0418,3.40
21.76,0.0038,0.0903,0.1514,0.0436,3.54
21.78,0.0073,0.0903,0.1611,0.0400,3.24
21.80,0.0073,0.0903,0.1611,0.0425,3.44
21.82,0.0025,0.0955,0.1611,0.0440,3.59
21.84,0.0086,0.0946,0.1605,0.0403,3.24
21.86,0.0010,0.0997,0.1489,0.0416,3.40
21.88,0.0095,0.0997,0.1596,0.0375,2.99
21.90,0.0095,0.0997,0.1596,0.0400,3.20
21.92,0.0002,0.1049,0.1596,0.0411,3.36
21.94,0.0102,0.1056,0.1577,0.0374,2.97
21.96,0.0003,0.1108,0.1577,0.0383,3.13
21.98,0.0103,0.1122,0.1555,0.0344,2.71
22.00,0.0103,0.1122,0.1555,0.0369,2.92
22.02,0.0004,0.1176,0.1555,0.0376,3.08
22.04,0.0004,0.1197,0.1422,0.0403,3.30
22.06,0.0001,0.1276,0.1392,0.0341,2.79
22.08,0.0093,0.1276,0.1494,0.0303,2.37
22.10,0.0093,0.1276,0.1494,0.0328,2.59
22.12,0.0007,0.1331,0.1494,0.0337,2.76
22.14,0.0083,0.1356,0.1462,0.0293,2.32
22.16,0.0018,0.1437,0.1328,0.0304,2.48
22.18,0.0069,0.1437,0.1426,0.0262,2.08
22.20,0.0069,0.1437,0.1426,0.0288,2.30
22.22,0.0034,0.1492,0.1426,0.0306,2.48
22.24,0.0051,0.1507,0.1398,0.0259,2.08
22.26,0.0051,0.1563,0.1398,0.0281,2.25
22.28,0.0033,0.1568,0.1375,0.0229,1.86
22.30,0.0033,0.1568,0.1375,0.0256,2.09
22.32,0.0069,0.1624,0.1375,0.0286,2.26
22.34,0.0069,0.1606,0.1276,0.0313,2.49
22.36,0.0084,0.1631,0.1279,0.0270,2.09
22.38,0.0002,0.1631,0.1370,0.0211,1.73
22.40,0.0002,0.1631,0.1370,0.0239,1.96
22.42,0.0104,0.1688,0.1370,0.0283,2.13
22.44,0.0018,0.1637,0.1386,0.0223,1.82
22.46,0.0122,0.1628,0.1323,0.0276,2.01
22.48,0.0037,0.1628,0.1414,0.0207,1.67
22.50,0.0037,0.1628,0.1414,0.0235,1.89
22.52,0.0140,0.1686,0.1414,0.0292,2.08
22.54,0.0050,0.1606,0.1455,0.0218,1.73
22.56,0.0153,0.1573,0.1413,0.0281,1.91
22.58,0.0061,0.1573,0.1505,0.0202,1.57
22.60,0.0061,0.1573,0.1505,0.0229,1.80
22.62,0.0162,0.1632,0.1505,0.0292,1.96
22.64,0.0065,0.1528,0.1558,0.0217,1.69
22.66,0.0166,0.1478,0.1531,0.0285,1.87
22.68,0.0062,0.1478,0.1611,0.0212,1.65
22.70,0.0062,0.1478,0.1611,0.0239,1.88
22.72,0.0165,0.1537,0.1611,0.0304,2.06
22.74,0.0053,0.1426,0.1666,0.0242,1.93
22.76,0.0155,0.1368,0.1653,0.0305,2.12
22.78,0.0036,0.1368,0.1718,0.0257,2.08
22.80,0.0036,0.1368,0.1718,0.0284,2.30
22.82,0.0137,0.1427,0.1718,0.0334,2.47
22.84,0.0011,0.1309,0.1765,0.0305,2.49
22.86,0.0111,0.1367,0.1765,0.0346,2.67
22.88,0.0013,0.1249,0.1814,0.0328,2.68
22.90,0.0013,0.1249,0.1814,0.0355,2.91
22.92,0.0086,0.1307,0.1814,0.0388,3.08
22.94,0.0042,0.1188,0.1853,0.0386,3.15
22.96,0.0057,0.1245,0.1853,0.0411,3.32
22.98,0.0069,0.1130,0.1888,0.0412,3.34
23.00,0.0069,0.1130,0.1888,0.0439,3.57
23.02,0.0028,0.1188,0.1888,0.0457,3.72
23.04,0.0099,0.1083,0.1911,0.0464,3.74
23.06,0.0001,0.1045,0.1861,0.0475,3.89
23.08,0.0126,0.1045,0.1929,0.0480,3.83
23.10,0.0126,0.1045,0.1929,0.0506,4.05
23.12,0.0027,0.1104,0.1929,0.0512,4.19
23.14,0.0147,0.1035,0.1923,0.0512,4.06
23.16,0.0048,0.1043,0.1822,0.0513,4.20
23.18,0.0157,0.1043,0.1913,0.0496,3.90
23.20,0.0157,0.1043,0.1913,0.0521,4.11
23.22,0.0057,0.1101,0.1913,0.0522,4.27
23.24,0.0154,0.1082,0.1877,0.0493,3.88
23.26,0.0055,0.1141,0.1729,0.0491,4.01
23.28,0.0146,0.1141,0.1830,0.0457,3.58
23.30,0.0146,0.1141,0.1830,0.0481,3.79
23.32,0.0045,0.1200,0.1830,0.0480,3.92
23.34,0.0133,0.1206,0.1780,0.0441,3.47
23.36,0.0033,0.1283,0.1620,0.0441,3.61
23.38,0.0119,0.1283,0.1714,0.0406,3.20
23.40,0.0119,0.1283,0.1714,0.0429,3.41
23.42,0.0018,0.1341,0.1714,0.0433,3.55
23.44,0.0101,0.1370,0.1643,0.0395,3.15
23.46,0.0000,0.1462,0.1476,0.0401,3.28
23.48,0.0082,0.1462,0.1563,0.0364,2.92
23.50,0.0082,0.1462,0.1563,0.0388,3.12
23.52,0.0020,0.1522,0.1563,0.0398,3.25
23.54,0.0057,0.1555,0.1484,0.0356,2.89
23.56,0.0046,0.1636,0.1332,0.0373,3.02
23.58,0.0033,0.1636,0.1413,0.0331,2.70
23.60,0.0033,0.1636,0.1413,0.0354,2.89
23.62,0.0069,0.1695,0.1413,0.0377,3.02
23.64,0.0011,0.1695,0.1356,0.0333,2.73
23.66,0.0092,0.1738,0.1238,0.0361,2.84
23.68,0.0013,0.1738,0.1316,0.0311,2.54
23.70,0.0013,0.1738,0.1316,0.0334,2.73
23.72,0.0117,0.1797,0.1316,0.0369,2.85
23.74,0.0039,0.1759,0.1292,0.0314,2.54
23.76,0.0141,0.1763,0.1204,0.0357,2.66
23.78,0.0062,0.1763,0.1277,0.0301,2.40
23.80,0.0062,0.1763,0.1277,0.0323,2.58
23.82,0.0164,0.1821,0.1277,0.0371,2.69
23.84,0.0078,0.1748,0.1279,0.0311,2.45
23.86,0.0180,0.1721,0.1221,0.0365,2.56
23.88,0.0089,0.1721,0.1291,0.0303,2.35
23.90,0.0089,0.1721,0.1291,0.0323,2.52
23.92,0.0190,0.1779,0.1291,0.0377,2.63
23.94,0.0094,0.1678,0.1317,0.0317,2.46
23.96,0.0194,0.1626,0.1286,0.0370,2.54
23.98,0.0089,0.1626,0.1348,0.0312,2.43
24.00,0.0089,0.1626,0.1348,0.0331,2.60
24.02,0.0190,0.1685,0.1348,0.0383,2.68
24.04,0.0077,0.1570,0.1382,0.0333,2.64
24.06,0.0178,0.1509,0.1371,0.0381,2.72
24.08,0.0061,0.1509,0.1419,0.0344,2.76
24.10,0.0061,0.1509,0.1419,0.0363,2.91
24.12,0.0162,0.1569,0.1419,0.0401,2.97
24.14,0.0042,0.1445,0.1457,0.0378,3.07
24.16,0.0141,0.1374,0.1464,0.0410,3.12
24.18,0.0021,0.1374,0.1507,0.0392,3.20
24.20,0.0021,0.1374,0.1507,0.0409,3.34
24.22,0.0121,0.1434,0.1507,0.0435,3.39
24.24,0.0000,0.1298,0.1552,0.0431,3.53
24.26,0.0102,0.1224,0.1558,0.0450,3.57
24.28,0.0024,0.1224,0.1594,0.0454,3.72
24.30,0.0024,0.1224,0.1594,0.0470,3.85
24.32,0.0077,0.1284,0.1594,0.0484,3.89
24.34,0.0050,0.1150,0.1636,0.0492,4.02
24.36,0.0052,0.1081,0.1636,0.0496,4.02
24.38,0.0075,0.1081,0.1681,0.0504,4.10
24.40,0.0075,0.1081,0.1681,0.0520,4.23
24.42,0.0027,0.1143,0.1681,0.0521,4.25
24.44,0.0095,0.1022,0.1715,0.0527,4.27
24.46,0.0009,0.0971,0.1689,0.0523,4.28
24.48,0.0111,0.0971,0.1753,0.0518,4.18
24.50,0.0111,0.0971,0.1753,0.0532,4.29
24.52,0.0007,0.1034,0.1753,0.0524,4.29
24.54,0.0121,0.0940,0.1777,0.0509,4.09
24.56,0.0018,0.0919,0.1714,0.0500,4.09
24.58,0.0130,0.0919,0.1789,0.0485,3.86
24.60,0.0130,0.0919,0.1789,0.0498,3.97
24.62,0.0026,0.0979,0.1789,0.0487,3.99
24.64,0.0135,0.0929,0.1766,0.0474,3.75
24.66,0.0030,0.0962,0.1647,0.0461,3.77
24.68,0.0138,0.0962,0.1720,0.0449,3.53
24.70,0.0138,0.0962,0.1720,0.0460,3.63
24.72,0.0033,0.1022,0.1720,0.0445,3.64
24.74,0.0033,0.1010,0.1592,0.0456,3.73
24.76,0.0034,0.1070,0.1525,0.0419,3.43
24.78,0.0140,0.1070,0.1594,0.0413,3.22
24.80,0.0140,0.1070,0.1594,0.0424,3.31
24.82,0.0034,0.1129,0.1594,0.0406,3.32
24.84,0.0140,0.1137,0.1517,0.0404,3.14
24.86,0.0035,0.1210,0.1374,0.0384,3.13
24.88,0.0141,0.1210,0.1435,0.0386,2.97
24.90,0.0141,0.1210,0.1435,0.0395,3.05
24.92,0.0037,0.1266,0.1435,0.0374,3.05
24.94,0.0139,0.1290,0.1345,0.0378,2.90
24.96,0.0033,0.1372,0.1197,0.0356,2.91
24.98,0.0133,0.1372,0.1248,0.0364,2.80
25.00,0.0133,0.1372,0.1248,0.0372,2.87
25.02,0.0028,0.1428,0.1248,0.0350,2.86
25.04,0.0130,0.1446,0.1165,0.0355,2.73
25.06,0.0026,0.1510,0.1037,0.0333,2.72
25.08,0.0127,0.1510,0.1083,0.0345,2.65
25.10,0.0127,0.1510,0.1083,0.0352,2.71
25.12,0.0023,0.1562,0.1083,0.0333,2.72
25.14,0.0124,0.1551,0.1018,0.0344,2.65
25.16,0.0021,0.1572,0.0927,0.0323,2.65
25.18,0.0121,0.1572,0.0968,0.0339,2.61
25.20,0.0121,0.1572,0.0968,0.0344,2.66
25.22,0.0015,0.1627,0.0968,0.0316,2.59
25.24,0.0115,0.1580,0.0931,0.0325,2.51
25.26,0.0011,0.1565,0.0875,0.0297,2.43
25.28,0.0112,0.1565,0.0915,0.0308,2.37
25.30,0.0112,0.1565,0.0915,0.0308,2.37
25.32,0.0009,0.1617,0.0915,0.0282,2.30
25.34,0.0109,0.1537,0.0905,0.0298,2.29
25.36,0.0009,0.1492,0.0878,0.0271,2.22
25.38,0.0105,0.1492,0.0907,0.0290,2.23
25.40,0.0105,0.1492,0.0907,0.0290,2.23
25.42,0.0011,0.1535,0.0907,0.0269,2.21
25.44,0.0099,0.1430,0.0928,0.0281,2.17
25.46,0.0013,0.1356,0.0925,0.0261,2.14
25.48,0.0091,0.1356,0.0950,0.0276,2.15
25.50,0.0091,0.1356,0.0950,0.0276,2.15
25.52,0.0014,0.1389,0.0950,0.0262,2.15
25.54,0.0085,0.1270,0.0984,0.0274,2.15
25.56,0.0018,0.1177,0.0997,0.0261,2.13
25.58,0.0082,0.1177,0.1020,0.0271,2.13
25.60,0.0082,0.1177,0.1020,0.0271,2.13
25.62,0.0021,0.1202,0.1020,0.0260,2.12
25.64,0.0075,0.1077,0.1059,0.0266,2.10
25.66,0.0020,0.0974,0.1078,0.0257,2.10
25.68,0.0068,0.0974,0.1096,0.0264,2.10
25.70,0.0068,0.0974,0.1096,0.0264,2.10
25.72,0.0021,0.0993,0.1096,0.0257,2.10
25.74,0.0062,0.0865,0.1135,0.0263,2.10
25.76,0.0022,0.0758,0.1156,0.0255,2.08
25.78,0.0060,0.0758,0.1171,0.0261,2.09
25.80,0.0060,0.0758,0.1171,0.0261,2.09
25.82,0.0027,0.0771,0.1171,0.0255,2.08
25.84,0.0061,0.0650,0.1203,0.0261,2.09
25.86,0.0033,0.0545,0.1217,0.0257,2.09
25.88,0.0059,0.0545,0.1225,0.0264,2.12
25.90,0.0059,0.0545,0.1225,0.0264,2.12
25.92,0.0037,0.0554,0.1225,0.0259,2.10
25.94,0.0060,0.0445,0.1240,0.0265,2.13
25.96,0.0042,0.0351,0.1238,0.0263,2.13
25.98,0.0059,0.0351,0.1241,0.0270,2.17
26.00,0.0059,0.0351,0.1241,0.0270,2.17
26.02,0.0042,0.0356,0.1241,0.0269,2.18
26.04,0.0056,0.0265,0.1233,0.0273,2.20
26.06,0.0043,0.0195,0.1202,0.0270,2.19
26.08,0.0054,0.0195,0.1206,0.0273,2.20
26.10,0.0054,0.0195,0.1206,0.0273,2.20
26.12,0.0046,0.0198,0.1206,0.0272,2.20
26.14,0.0054,0.0135,0.1163,0.0276,2.22
26.16,0.0049,0.0098,0.1094,0.0276,2.23
26.18,0.0052,0.0098,0.1091,0.0282,2.27
26.20,0.0052,0.0098,0.1091,0.0282,2.27
26.22,0.0044,0.0099,0.1091,0.0282,2.29
26.24,0.0044,0.0075,0.1011,0.0282,2.29
26.26,0.0047,0.0070,0.0922,0.0279,2.26
26.28,0.0050,0.0070,0.0922,0.0282,2.28
26.30,0.0050,0.0070,0.0922,0.0282,2.28
26.32,0.0050,0.0069,0.0922,0.0283,2.29
26.34,0.0050,0.0070,0.0828,0.0283,2.29
26.36,0.0050,0.0077,0.0734,0.0285,2.31
26.38,0.0050,0.0077,0.0734,0.0285,2.31
26.40,0.0050,0.0077,0.0734,0.0285,2.31
26.42,0.0049,0.0078,0.0734,0.0284,2.30
26.44,0.0049,0.0091,0.0639,0.0284,2.30
26.46,0.0044,0.0106,0.0550,0.0283,2.29
26.48,0.0044,0.0106,0.0550,0.0283,2.29
26.50,0.0044,0.0106,0.0550,0.0283,2.29
26.52,0.0043,0.0108,0.0550,0.0281,2.28
26.54,0.0043,0.0128,0.0460,0.0281,2.28
26.56,0.0043,0.0148,0.0376,0.0281,2.28
26.58,0.0043,0.0148,0.0376,0.0281,2.28
26.60,0.0043,0.0148,0.0376,0.0281,2.28
26.62,0.0043,0.0148,0.0376,0.0281,2.28
26.64,0.0043,0.0171,0.0293,0.0281,2.28
26.66,0.0043,0.0194,0.0216,0.0281,2.28
26.68,0.0043,0.0194,0.0216,0.0281,2.28
26.70,0.0043,0.0194,0.0216,0.0281,2.28
26.72,0.0043,0.0194,0.0216,0.0281,2.28
26.74,0.0043,0.0220,0.0140,0.0281,2.28
26.76,0.0043,0.0242,0.0072,0.0281,2.28
26.78,0.0043,0.0242,0.0072,0.0281,2.28
26.80,0.0043,0.0242,0.0072,0.0281,2.28
26.82,0.0043,0.0242,0.0072,0.0281,2.28
26.84,0.0043,0.0263,0.0007,0.0281,2.28
26.86,0.0043,0.0285,0.0055,0.0281,2.28
26.88,0.0043,0.0285,0.0055,0.0281,2.28
26.90,0.0043,0.0285,0.0055,0.0281,2.28
26.92,0.0043,0.0285,0.0055,0.0281,2.28
26.94,0.0043,0.0303,0.0110,0.0281,2.28
26.96,0.0043,0.0309,0.0151,0.0280,2.28
26.98,0.0043,0.0309,0.0150,0.0280,2.27
27.00,0.0043,0.0309,0.0150,0.0280,2.27
27.02,0.0043,0.0309,0.0150,0.0280,2.27
27.04,0.0043,0.0308,0.0182,0.0280,2.27
27.06,0.0043,0.0308,0.0182,0.0280,2.27
27.08,0.0043,0.0315,0.0215,0.0280,2.27
27.10,0.0043,0.0315,0.0215,0.0280,2.27
27.12,0.0043,0.0315,0.0215,0.0280,2.27
27.14,0.0043,0.0324,0.0244,0.0280,2.27
27.16,0.0043,0.0324,0.0244,0.0280,2.27
27.18,0.0043,0.0337,0.0273,0.0280,2.27
27.20,0.0043,0.0337,0.0273,0.0280,2.27
27.22,0.0043,0.0337,0.0273,0.0280,2.27
27.24,0.0043,0.0347,0.0296,0.0280,2.27
27.26,0.0043,0.0354,0.0311,0.0280,2.27
27.28,0.0043,0.0354,0.0311,0.0280,2.27
27.30,0.0043,0.0354,0.0311,0.0280,2.27
27.32,0.0043,0.0354,0.0311,0.0280,2.27
27.34,0.0043,0.0360,0.0322,0.0280,2.27
27.36,0.0043,0.0358,0.0323,0.0280,2.27
27.38,0.0043,0.0358,0.0323,0.0280,2.27
27.40,0.0043,0.0358,0.0323,0.0280,2.27
27.42,0.0043,0.0358,0.0323,0.0280,2.27
27.44,0.0043,0.0363,0.0326,0.0280,2.27
27.46,0.0043,0.0363,0.0326,0.0280,2.27
27.48,0.0043,0.0363,0.0326,0.0280,2.27
27.50,0.0043,0.0363,0.0326,0.0280,2.27
27.52,0.0043,0.0363,0.0326,0.0280,2.27
27.54,0.0043,0.0363,0.0326,0.0280,2.27
27.56,0.0043,0.0363,0.0326,0.0280,2.27
27.58,0.0043,0.0363,0.0326,0.0280,2.27
27.60,0.0043,0.0363,0.0326,0.0280,2.27
27.62,0.0043,0.0363,0.0326,0.0280,2.27
27.64,0.0043,0.0363,0.0326,0.0280,2.27
27.66,0.0043,0.0363,0.0326,0.0280,2.27
27.68,0.0043,0.0363,0.0326,0.0280,2.27
27.70,0.0043,0.0363,0.0326,0.0280,2.27
27.72,0.0043,0.0363,0.0326,0.0280,2.27
27.74,0.0043,0.0363,0.0326,0.0280,2.27
27.76,0.0043,0.0363,0.0326,0.0280,2.27
27.78,0.0043,0.0363,0.0326,0.0280,2.27
27.80,0.0043,0.0363,0.0326,0.0280,2.27
27.82,0.0043,0.0363,0.0326,0.0280,2.27
27.84,0.0043,0.0363,0.0326,0.0280,2.27
27.86,0.0043,0.0363,0.0326,0.0280,2.27
27.88,0.0043,0.0363,0.0326,0.0280,2.27
27.90,0.0043,0.0363,0.0326,0.0280,2.27
27.92,0.0043,0.0363,0.0326,0.0280,2.27
27.94,0.0043,0.0362,0.0325,0.0280,2.27
27.96,0.0043,0.0362,0.0325,0.0280,2.27
27.98,0.0043,0.0362,0.0325,0.0280,2.27
28.00,0.0043,0.0362,0.0325,0.0280,2.27
28.02,0.0043,0.0362,0.0325,0.0280,2.27
28.04,0.0043,0.0361,0.0319,0.0280,2.27
28.06,0.0043,0.0355,0.0308,0.0280,2.27
28.08,0.0043,0.0355,0.0308,0.0280,2.27
28.10,0.0043,0.0355,0.0308,0.0280,2.27
28.12,0.0043,0.0355,0.0308,0.0280,2.27
28.14,0.0043,0.0354,0.0295,0.0280,2.27
28.16,0.0043,0.0345,0.0274,0.0280,2.27
28.18,0.0043,0.0345,0.0274,0.0280,2.27
28.20,0.0043,0.0345,0.0274,0.0280,2.27
28.22,0.0043,0.0345,0.0274,0.0280,2.27
28.24,0.0043,0.0335,0.0247,0.0280,2.27
28.26,0.0043,0.0325,0.0219,0.0280,2.27
28.28,0.0043,0.0325,0.0219,0.0280,2.27
28.30,0.0043,0.0325,0.0219,0.0280,2.27
28.32,0.0043,0.0325,0.0219,0.0280,2.27
28.34,0.0043,0.0312,0.0187,0.0280,2.27
28.36,0.0043,0.0300,0.0156,0.0280,2.27
28.38,0.0043,0.0300,0.0156,0.0280,2.27
28.40,0.0043,0.0300,0.0156,0.0280,2.27
28.42,0.0043,0.0300,0.0156,0.0280,2.27
28.44,0.0043,0.0285,0.0118,0.0280,2.27
28.46,0.0043,0.0285,0.0118,0.0280,2.27
28.48,0.0043,0.0270,0.0081,0.0280,2.27
28.50,0.0043,0.0270,0.0081,0.0280,2.27
28.52,0.0043,0.0270,0.0081,0.0280,2.27
28.54,0.0043,0.0259,0.0049,0.0280,2.27
28.56,0.0043,0.0246,0.0015,0.0280,2.27
28.58,0.0043,0.0246,0.0015,0.0280,2.27
28.60,0.0043,0.0246,0.0015,0.0280,2.27
28.62,0.0043,0.0246,0.0015,0.0280,2.27
28.64,0.0043,0.0237,0.0016,0.0280,2.27
28.66,0.0043,0.0227,0.0046,0.0280,2.27
28.68,0.0043,0.0227,0.0046,0.0280,2.27
28.70,0.0043,0.0227,0.0046,0.0280,2.27
28.72,0.0043,0.0227,0.0046,0.0280,2.27
28.74,0.0043,0.0215,0.0076,0.0280,2.27
28.76,0.0043,0.0208,0.0102,0.0280,2.27
28.78,0.0043,0.0208,0.0102,0.0280,2.27
28.80,0.0043,0.0208,0.0102,0.0280,2.27
28.82,0.0043,0.0208,0.0102,0.0280,2.27
28.84,0.0043,0.0206,0.0122,0.0280,2.27
28.86,0.0043,0.0209,0.0138,0.0280,2.27
28.88,0.0043,0.0209,0.0138,0.0280,2.27
28.90,0.0043,0.0209,0.0138,0.0280,2.27
28.92,0.0043,0.0209,0.0138,0.0280,2.27
28.94,0.0043,0.0212,0.0151,0.0280,2.27
28.96,0.0043,0.0219,0.0159,0.0280,2.27
28.98,0.0043,0.0219,0.0159,0.0280,2.27
29.00,0.0043,0.0219,0.0159,0.0280,2.27
29.02,0.0043,0.0219,0.0159,0.0280,2.27
29.04,0.0043,0.0227,0.0163,0.0280,2.27
29.06,0.0043,0.0233,0.0167,0.0280,2.27
29.08,0.0043,0.0233,0.0167,0.0280,2.27
29.10,0.0043,0.0233,0.0167,0.0280,2.27
29.12,0.0043,0.0233,0.0167,0.0280,2.27
29.14,0.0043,0.0241,0.0169,0.0280,2.27
29.16,0.0043,0.0243,0.0169,0.0280,2.27
29.18,0.0043,0.0243,0.0169,0.0280,2.27
29.20,0.0043,0.0243,0.0169,0.0280,2.27
29.22,0.0043,0.0243,0.0169,0.0280,2.27
29.24,0.0043,0.0243,0.0169,0.0280,2.27
29.26,0.0043,0.0243,0.0169,0.0280,2.27
29.28,0.0043,0.0243,0.0169,0.0280,2.27
29.30,0.0043,0.0243,0.0169,0.0280,2.27
29.32,0.0043,0.0243,0.0169,0.0280,2.27
29.34,0.0043,0.0243,0.0169,0.0280,2.27
29.36,0.0043,0.0243,0.0169,0.0280,2.27
29.38,0.0043,0.0243,0.0169,0.0280,2.27
29.40,0.0043,0.0243,0.0169,0.0280,2.27
29.42,0.0043,0.0243,0.0169,0.0280,2.27
29.44,0.0043,0.0243,0.0169,0.0280,2.27
29.46,0.0043,0.0243,0.0169,0.0280,2.27
29.48,0.0043,0.0243,0.0169,0.0280,2.27
29.50,0.0043,0.0243,0.0169,0.0280,2.27
29.52,0.0043,0.0243,0.0169,0.0280,2.27
29.54,0.0043,0.0243,0.0169,0.0280,2.27
29.56,0.0043,0.0243,0.0169,0.0280,2.27
29.58,0.0043,0.0243,0.0169,0.0280,2.27
29.60,0.0043,0.0243,0.0169,0.0280,2.27
29.62,0.0043,0.0243,0.0169,0.0280,2.27
29.64,0.0043,0.0243,0.0169,0.0280,2.27
29.66,0.0043,0.0243,0.0169,0.0280,2.27
29.68,0.0043,0.0243,0.0169,0.0280,2.27
29.70,0.0043,0.0243,0.0169,0.0280,2.27
29.72,0.0043,0.0243,0.0169,0.0280,2.27
29.74,0.0043,0.0243,0.0169,0.0280,2.27
29.76,0.0043,0.0243,0.0169,0.0280,2.27
29.78,0.0043,0.0243,0.0169,0.0280,2.27
29.80,0.0043,0.0243,0.0169,0.0280,2.27
29.82,0.0043,0.0243,0.0169,0.0280,2.27
29.84,0.0043,0.0243,0.0169,0.0280,2.27
29.86,0.0043,0.0243,0.0169,0.0280,2.27
29.88,0.0043,0.0243,0.0169,0.0280,2.27
29.90,0.0043,0.0243,0.0169,0.0280,2.27
29.92,0.0043,0.0243,0.0169,0.0280,2.27
29.94,0.0043,0.0243,0.0169,0.0280,2.27
29.96,0.0043,0.0243,0.0169,0.0280,2.27
29.98,0.0043,0.0243,0.0169,0.0280,2.27
30.00,0.0043,0.0243,0.0169,0.0280,2.27
30.02,0.0043,0.0243,0.0169,0.0280,2.27
30.04,0.0043,0.0243,0.0169,0.0280,2.27
30.06,0.0043,0.0243,0.0169,0.0280,2.27
30.08,0.0043,0.0243,0.0169,0.0280,2.27
30.10,0.0043,0.0243,0.0169,0.0280,2.27
30.12,0.0043,0.0243,0.0169,0.0280,2.27
30.14,0.0043,0.0243,0.0169,0.0280,2.27
30.16,0.0043,0.0243,0.0169,0.0280,2.27
30.18,0.0043,0.0243,0.0169,0.0280,2.27
30.20,0.0043,0.0243,0.0169,0.0280,2.27
30.22,0.0043,0.0243,0.0169,0.0280,2.27
30.24,0.0043,0.0243,0.0169,0.0280,2.27
30.26,0.0043,0.0243,0.0169,0.0280,2.27
30.28,0.0043,0.0243,0.0169,0.0280,2.27
30.30,0.0043,0.0243,0.0169,0.0280,2.27
30.32,0.0043,0.0243,0.0169,0.0280,2.27
30.34,0.0043,0.0243,0.0169,0.0280,2.27
30.36,0.0043,0.0243,0.0169,0.0280,2.27
30.38,0.0043,0.0243,0.0169,0.0280,2.27
30.40,0.0043,0.0243,0.0169,0.0280,2.27
30.42,0.0043,0.0243,0.0169,0.0280,2.27
30.44,0.0043,0.0241,0.0168,0.0280,2.27
30.46,0.0043,0.0241,0.0168,0.0280,2.27
30.48,0.0043,0.0237,0.0168,0.0280,2.27
30.50,0.0043,0.0237,0.0168,0.0280,2.27
30.52,0.0043,0.0237,0.0168,0.0280,2.27
30.54,0.0043,0.0231,0.0168,0.0280,2.27
30.56,0.0043,0.0224,0.0166,0.0280,2.27
30.58,0.0043,0.0224,0.0166,0.0280,2.27
30.60,0.0043,0.0224,0.0166,0.0280,2.27
30.62,0.0043,0.0224,0.0166,0.0280,2.27
30.64,0.0043,0.0214,0.0164,0.0280,2.27
30.66,0.0043,0.0207,0.0155,0.0280,2.27
30.68,0.0043,0.0207,0.0155,0.0280,2.27
30.70,0.0043,0.0207,0.0155,0.0280,2.27
30.72,0.0043,0.0207,0.0155,0.0280,2.27
30.74,0.0043,0.0199,0.0148,0.0280,2.27
30.76,0.0043,0.0189,0.0141,0.0280,2.27
30.78,0.0043,0.0189,0.0141,0.0280,2.27
30.80,0.0043,0.0189,0.0141,0.0280,2.27
30.82,0.0043,0.0189,0.0141,0.0280,2.27
30.84,0.0043,0.0180,0.0131,0.0280,2.27
30.86,0.0043,0.0173,0.0121,0.0280,2.27
30.88,0.0043,0.0173,0.0121,0.0280,2.27
30.90,0.0043,0.0173,0.0121,0.0280,2.27
30.92,0.0043,0.0173,0.0121,0.0280,2.27
30.94,0.0043,0.0165,0.0111,0.0280,2.27
30.96,0.0043,0.0156,0.0101,0.0280,2.27
30.98,0.0043,0.0156,0.0101,0.0280,2.27
31.00,0.0043,0.0156,0.0101,0.0280,2.27
31.02,0.0043,0.0156,0.0101,0.0280,2.27
31.04,0.0043,0.0148,0.0092,0.0280,2.27
31.06,0.0043,0.0139,0.0082,0.0280,2.27
31.08,0.0043,0.0139,0.0082,0.0280,2.27
31.10,0.0043,0.0139,0.0082,0.0280,2.27
31.12,0.0043,0.0139,0.0082,0.0280,2.27
31.14,0.0043,0.0128,0.0074,0.0280,2.27
31.16,0.0043,0.0117,0.0068,0.0280,2.27
31.18,0.0043,0.0117,0.0068,0.0280,2.27
31.20,0.0043,0.0117,0.0068,0.0280,2.27
31.22,0.0043,0.0117,0.0068,0.0280,2.27
31.24,0.0043,0.0104,0.0062,0.0280,2.27
31.26,0.0043,0.0090,0.0060,0.0280,2.27
31.28,0.0043,0.0090,0.0060,0.0280,2.27
31.30,0.0043,0.0090,0.0060,0.0280,2.27
31.32,0.0043,0.0090,0.0060,0.0280,2.27
31.34,0.0043,0.0076,0.0058,0.0280,2.27
31.36,0.0043,0.0076,0.0058,0.0280,2.27
31.38,0.0043,0.0062,0.0057,0.0280,2.27
31.40,0.0043,0.0062,0.0057,0.0280,2.27
31.42,0.0043,0.0062,0.0057,0.0280,2.27
31.44,0.0043,0.0053,0.0054,0.0280,2.27
31.46,0.0043,0.0053,0.0054,0.0280,2.27
31.48,0.0043,0.0042,0.0053,0.0280,2.27
31.50,0.0043,0.0042,0.0053,0.0280,2.27
31.52,0.0043,0.0042,0.0053,0.0280,2.27
31.54,0.0043,0.0032,0.0051,0.0280,2.27
31.56,0.0043,0.0021,0.0049,0.0280,2.27
31.58,0.0043,0.0021,0.0049,0.0280,2.27
31.60,0.0043,0.0021,0.0049,0.0280,2.27
31.62,0.0043,0.0021,0.0049,0.0280,2.27
31.64,0.0043,0.0016,0.0042,0.0280,2.27
31.66,0.0043,0.0011,0.0037,0.0280,2.27
31.68,0.0043,0.0011,0.0037,0.0280,2.27
31.70,0.0043,0.0011,0.0037,0.0280,2.27
31.72,0.0043,0.0011,0.0037,0.0280,2.27
31.74,0.0043,0.0009,0.0029,0.0280,2.27
31.76,0.0043,0.0009,0.0029,0.0280,2.27
31.78,0.0043,0.0010,0.0017,0.0280,2.27
31.80,0.0043,0.0010,0.0017,0.0280,2.27
31.82,0.0043,0.0010,0.0017,0.0280,2.27
31.84,0.0043,0.0010,0.0006,0.0280,2.27
31.86,0.0043,0.0013,0.0007,0.0280,2.27
31.88,0.0043,0.0013,0.0007,0.0280,2.27
31.90,0.0043,0.0013,0.0007,0.0280,2.27
31.92,0.0043,0.0013,0.0007,0.0280,2.27
31.94,0.0043,0.0019,0.0019,0.0280,2.27
31.96,0.0043,0.0025,0.0026,0.0280,2.27
31.98,0.0043,0.0025,0.0026,0.0280,2.27
32.00,0.0043,0.0025,0.0026,0.0280,2.27
32.02,0.0043,0.0025,0.0026,0.0280,2.27
32.04,0.0043,0.0030,0.0032,0.0280,2.27
32.06,0.0043,0.0028,0.0033,0.0280,2.27
32.08,0.0043,0.0028,0.0033,0.0280,2.27
32.10,0.0043,0.0028,0.0033,0.0280,2.27
32.12,0.0043,0.0028,0.0033,0.0280,2.27
32.14,0.0043,0.0028,0.0033,0.0280,2.27
32.16,0.0043,0.0028,0.0033,0.0280,2.27
32.18,0.0043,0.0028,0.0033,0.0280,2.27
32.20,0.0043,0.0028,0.0033,0.0280,2.27
32.22,0.0043,0.0028,0.0033,0.0280,2.27
32.24,0.0043,0.0028,0.0033,0.0280,2.27
32.26,0.0043,0.0028,0.0033,0.0280,2.27
32.28,0.0043,0.0028,0.0033,0.0280,2.27
32.30,0.0043,0.0028,0.0033,0.0280,2.27
32.32,0.0043,0.0028,0.0033,0.0280,2.27
32.34,0.0043,0.0028,0.0033,0.0280,2.27
32.36,0.0043,0.0028,0.0033,0.0280,2.27
32.38,0.0043,0.0028,0.0033,0.0280,2.27
32.40,0.0043,0.0028,0.0033,0.0280,2.27
32.42,0.0043,0.0028,0.0033,0.0280,2.27
32.44,0.0043,0.0028,0.0033,0.0280,2.27
32.46,0.0043,0.0028,0.0033,0.0280,2.27
32.48,0.0043,0.0028,0.0033,0.0280,2.27
32.50,0.0043,0.0028,0.0033,0.0280,2.27
32.52,0.0043,0.0028,0.0033,0.0280,2.27
32.54,0.0043,0.0028,0.0033,0.0280,2.27
32.56,0.0043,0.0028,0.0033,0.0280,2.27
32.58,0.0043,0.0028,0.0033,0.0280,2.27
32.60,0.0043,0.0028,0.0033,0.0280,2.27
32.62,0.0043,0.0028,0.0033,0.0280,2.27
32.64,0.0043,0.0028,0.0033,0.0280,2.27
32.66,0.0043,0.0028,0.0033,0.0280,2.27
32.68,0.0043,0.0028,0.0033,0.0280,2.27
32.70,0.0043,0.0028,0.0033,0.0280,2.27
32.72,0.0043,0.0028,0.0033,0.0280,2.27
32.74,0.0043,0.0028,0.0033,0.0280,2.27
32.76,0.0043,0.0028,0.0033,0.0280,2.27
32.78,0.0043,0.0028,0.0033,0.0280,2.27
32.80,0.0043,0.0028,0.0033,0.0280,2.27
32.82,0.0043,0.0028,0.0033,0.0280,2.27
32.84,0.0043,0.0028,0.0033,0.0280,2.27
32.86,0.0043,0.0028,0.0033,0.0280,2.27
32.88,0.0043,0.0028,0.0033,0.0280,2.27
32.90,0.0043,0.0028,0.0033,0.0280,2.27
32.92,0.0043,0.0028,0.0033,0.0280,2.27
32.94,0.0043,0.0028,0.0033,0.0280,2.27
32.96,0.0043,0.0028,0.0033,0.0280,2.27
32.98,0.0043,0.0028,0.0033,0.0280,2.27
33.00,0.0043,0.0028,0.0033,0.0280,2.27
33.02,0.0043,0.0028,0.0033,0.0280,2.27
33.04,0.0043,0.0028,0.0033,0.0280,2.27
33.06,0.0043,0.0028,0.0033,0.0280,2.27
33.08,0.0043,0.0028,0.0033,0.0280,2.27
33.10,0.0043,0.0028,0.0033,0.0280,2.27
33.12,0.0043,0.0028,0.0033,0.0280,2.27
33.14,0.0043,0.0028,0.0033,0.0280,2.27
33.16,0.0043,0.0028,0.0033,0.0280,2.27
33.18,0.0043,0.0028,0.0033,0.0280,2.27
33.20,0.0043,0.0028,0.0033,0.0280,2.27
33.22,0.0043,0.0028,0.0033,0.0280,2.27
33.24,0.0043,0.0028,0.0033,0.0280,2.27
33.26,0.0043,0.0028,0.0033,0.0280,2.27
33.28,0.0043,0.0028,0.0033,0.0280,2.27
33.30,0.0043,0.0028,0.0033,0.0280,2.27
33.32,0.0043,0.0028,0.0033,0.0280,2.27
33.34,0.0043,0.0028,0.0033,0.0280,2.27
33.36,0.0043,0.0028,0.0033,0.0280,2.27
33.38,0.0043,0.0028,0.0033,0.0280,2.27
33.40,0.0043,0.0028,0.0033,0.0280,2.27
33.42,0.0043,0.0028,0.0033,0.0280,2.27
33.44,0.0043,0.0028,0.0033,0.0280,2.27
33.46,0.0043,0.0028,0.0033,0.0280,2.27
33.48,0.0043,0.0028,0.0033,0.0280,2.27
33.50,0.0043,0.0028,0.0033,0.0280,2.27
33.52,0.0043,0.0028,0.0033,0.0280,2.27
33.54,0.0043,0.0028,0.0033,0.0280,2.27
33.56,0.0043,0.0028,0.0033,0.0280,2.27
33.58,0.0043,0.0028,0.0033,0.0280,2.27
33.60,0.0043,0.0028,0.0033,0.0280,2.27
33.62,0.0043,0.0028,0.0033,0.0280,2.27
33.64,0.0043,0.0028,0.0033,0.0280,2.27
33.66,0.0043,0.0028,0.0033,0.0280,2.27
33.68,0.0043,0.0028,0.0033,0.0280,2.27
33.70,0.0043,0.0028,0.0033,0.0280,2.27
33.72,0.0043,0.0028,0.0033,0.0280,2.27
33.74,0.0043,0.0028,0.0033,0.0280,2.27
33.76,0.0043,0.0028,0.0033,0.0280,2.27
33.78,0.0043,0.0028,0.0033,0.0280,2.27
33.80,0.0043,0.0028,0.0033,0.0280,2.27
33.82,0.0043,0.0028,0.0033,0.0280,2.27
33.84,0.0043,0.0029,0.0033,0.0280,2.27
33.86,0.0043,0.0029,0.0033,0.0280,2.27
33.88,0.0043,0.0029,0.0033,0.0280,2.27
33.90,0.0043,0.0029,0.0033,0.0280,2.27
33.92,0.0043,0.0029,0.0033,0.0280,2.27
33.94,0.0043,0.0029,0.0033,0.0280,2.27
33.96,0.0043,0.0029,0.0033,0.0280,2.27
33.98,0.0043,0.0029,0.0033,0.0280,2.27
34.00,0.0043,0.0029,0.0033,0.0280,2.27
34.02,0.0043,0.0029,0.0033,0.0280,2.27
34.04,0.0043,0.0029,0.0033,0.0280,2.27
34.06,0.0043,0.0029,0.0034,0.0280,2.27
34.08,0.0043,0.0029,0.0034,0.0280,2.27
34.10,0.0043,0.0029,0.0034,0.0280,2.27
34.12,0.0043,0.0029,0.0034,0.0280,2.27
34.14,0.0043,0.0029,0.0034,0.0280,2.27
34.16,0.0043,0.0029,0.0034,0.0280,2.27
34.18,0.0043,0.0029,0.0034,0.0280,2.27
34.20,0.0043,0.0029,0.0034,0.0280,2.27
34.22,0.0043,0.0029,0.0034,0.0280,2.27
34.24,0.0043,0.0029,0.0034,0.0280,2.27
34.26,0.0043,0.0029,0.0034,0.0280,2.27
34.28,0.0043,0.0029,0.0034,0.0280,2.27
34.30,0.0043,0.0029,0.0034,0.0280,2.27
34.32,0.0043,0.0029,0.0034,0.0280,2.27
34.34,0.0043,0.0029,0.0034,0.0280,2.27
34.36,0.0043,0.0029,0.0034,0.0280,2.27
34.38,0.0043,0.0029,0.0034,0.0280,2.27
34.40,0.0043,0.0029,0.0034,0.0280,2.27
34.42,0.0043,0.0029,0.0034,0.0280,2.27
34.44,0.0043,0.0029,0.0034,0.0280,2.27
34.46,0.0043,0.0029,0.0034,0.0280,2.27
34.48,0.0043,0.0029,0.0034,0.0280,2.27
34.50,0.0043,0.0029,0.0034,0.0280,2.27
34.52,0.0043,0.0029,0.0034,0.0280,2.27
34.54,0.0043,0.0029,0.0034,0.0280,2.27
34.56,0.0043,0.0029,0.0034,0.0280,2.27
34.58,0.0043,0.0029,0.0034,0.0280,2.27
34.60,0.0043,0.0029,0.0034,0.0280,2.27
34.62,0.0043,0.0029,0.0034,0.0280,2.27
34.64,0.0043,0.0029,0.0034,0.0280,2.27
34.66,0.0043,0.0029,0.0034,0.0280,2.27
34.68,0.0043,0.0029,0.0034,0.0280,2.27
34.70,0.0043,0.0029,0.0034,0.0280,2.27
34.72,0.0043,0.0029,0.0034,0.0280,2.27
34.74,0.0043,0.0029,0.0034,0.0280,2.27
34.76,0.0043,0.0029,0.0034,0.0280,2.27
34.78,0.0043,0.0029,0.0034,0.0280,2.27
34.80,0.0043,0.0029,0.0034,0.0280,2.27
34.82,0.0043,0.0029,0.0034,0.0280,2.27
34.84,0.0043,0.0029,0.0034,0.0280,2.27
34.86,0.0043,0.0029,0.0034,0.0280,2.27
34.88,0.0043,0.0029,0.0034,0.0280,2.27
34.90,0.0043,0.0029,0.0034,0.0280,2.27
34.92,0.0043,0.0029,0.0034,0.0280,2.27
34.94,0.0043,0.0030,0.0034,0.0280,2.27
34.96,0.0043,0.0030,0.0034,0.0280,2.27
34.98,0.0043,0.0030,0.0034,0.0280,2.27
35.00,0.0043,0.0030,0.0034,0.0280,2.27
35.02,0.0043,0.0030,0.0034,0.0280,2.27
35.04,0.0043,0.0030,0.0034,0.0280,2.27
35.06,0.0043,0.0030,0.0034,0.0280,2.27
35.08,0.0043,0.0030,0.0034,0.0280,2.27
35.10,0.0043,0.0030,0.0034,0.0280,2.27
35.12,0.0043,0.0030,0.0034,0.0280,2.27
35.14,0.0043,0.0030,0.0034,0.0280,2.27
35.16,0.0043,0.0030,0.0034,0.0280,2.27
35.18,0.0043,0.0030,0.0034,0.0280,2.27
35.20,0.0043,0.0030,0.0034,0.0280,2.27
35.22,0.0043,0.0030,0.0034,0.0280,2.27
35.24,0.0043,0.0030,0.0034,0.0280,2.27
35.26,0.0043,0.0030,0.0034,0.0280,2.27
35.28,0.0043,0.0030,0.0034,0.0280,2.27
35.30,0.0043,0.0030,0.0034,0.0280,2.27
35.32,0.0043,0.0030,0.0034,0.0280,2.27
35.34,0.0043,0.0030,0.0034,0.0280,2.27
35.36,0.0043,0.0030,0.0034,0.0280,2.27
35.38,0.0043,0.0030,0.0034,0.0280,2.27
35.40,0.0043,0.0030,0.0034,0.0280,2.27
35.42,0.0043,0.0030,0.0034,0.0280,2.27
35.44,0.0043,0.0030,0.0034,0.0280,2.27
35.46,0.0043,0.0030,0.0034,0.0280,2.27
35.48,0.0043,0.0030,0.0034,0.0280,2.27
35.50,0.0043,0.0030,0.0034,0.0280,2.27
35.52,0.0043,0.0030,0.0034,0.0280,2.27
35.54,0.0043,0.0030,0.0034,0.0280,2.27
35.56,0.0043,0.0030,0.0034,0.0280,2.27
35.58,0.0043,0.0030,0.0034,0.0280,2.27
35.60,0.0043,0.0030,0.0034,0.0280,2.27
35.62,0.0043,0.0030,0.0034,0.0280,2.27
35.64,0.0043,0.0030,0.0034,0.0280,2.27
35.66,0.0043,0.0030,0.0034,0.0280,2.27
35.68,0.0043,0.0030,0.0034,0.0280,2.27
35.70,0.0043,0.0030,0.0034,0.0280,2.27
35.72,0.0043,0.0030,0.0034,0.0280,2.27
35.74,0.0043,0.0030,0.0034,0.0280,2.27
35.76,0.0043,0.0030,0.0035,0.0280,2.27
35.78,0.0043,0.0030,0.0035,0.0280,2.27
35.80,0.0043,0.0030,0.0035,0.0280,2.27
35.82,0.0043,0.0030,0.0035,0.0280,2.27
35.84,0.0043,0.0030,0.0035,0.0280,2.27
35.86,0.0043,0.0030,0.0035,0.0280,2.27
35.88,0.0043,0.0030,0.0035,0.0280,2.27
35.90,0.0043,0.0030,0.0035,0.0280,2.27
35.92,0.0043,0.0030,0.0035,0.0280,2.27
35.94,0.0043,0.0030,0.0035,0.0280,2.27
35.96,0.0043,0.0030,0.0035,0.0280,2.27
35.98,0.0043,0.0030,0.0035,0.0280,2.27
36.00,0.0043,0.0030,0.0035,0.0280,2.27
36.02,0.0043,0.0030,0.0035,0.0280,2.27
36.04,0.0043,0.0030,0.0035,0.0280,2.27
36.06,0.0043,0.0030,0.0035,0.0280,2.27
36.08,0.0043,0.0030,0.0035,0.0280,2.27
36.10,0.0043,0.0030,0.0035,0.0280,2.27
36.12,0.0043,0.0030,0.0035,0.0280,2.27
36.14,0.0043,0.0031,0.0035,0.0280,2.27
36.16,0.0043,0.0031,0.0035,0.0280,2.27
36.18,0.0043,0.0031,0.0035,0.0280,2.27
36.20,0.0043,0.0031,0.0035,0.0280,2.27
36.22,0.0043,0.0031,0.0035,0.0280,2.27
36.24,0.0043,0.0031,0.0035,0.0280,2.27
36.26,0.0043,0.0031,0.0035,0.0280,2.27
36.28,0.0043,0.0031,0.0035,0.0280,2.27
36.30,0.0043,0.0031,0.0035,0.0280,2.27
36.32,0.0043,0.0031,0.0035,0.0280,2.27
36.34,0.0043,0.0031,0.0035,0.0280,2.27
36.36,0.0043,0.0031,0.0035,0.0280,2.27
36.38,0.0043,0.0031,0.0035,0.0280,2.27
36.40,0.0043,0.0031,0.0035,0.0280,2.27
36.42,0.0043,0.0031,0.0035,0.0280,2.27
36.44,0.0043,0.0031,0.0035,0.0280,2.27
36.46,0.0043,0.0031,0.0035,0.0280,2.27
36.48,0.0043,0.0031,0.0035,0.0280,2.27
36.50,0.0043,0.0031,0.0035,0.0280,2.27
36.52,0.0043,0.0031,0.0035,0.0280,2.27
36.54,0.0043,0.0031,0.0035,0.0280,2.27
36.56,0.0043,0.0031,0.0035,0.0280,2.27
36.58,0.0043,0.0031,0.0035,0.0280,2.27
36.60,0.0043,0.0031,0.0035,0.0280,2.27
36.62,0.0043,0.0031,0.0035,0.0280,2.27
36.64,0.0043,0.0031,0.0035,0.0280,2.27
36.66,0.0043,0.0031,0.0035,0.0280,2.27
36.68,0.0043,0.0031,0.0035,0.0280,2.27
36.70,0.0043,0.0031,0.0035,0.0280,2.27
36.72,0.0043,0.0031,0.0035,0.0280,2.27
36.74,0.0043,0.0031,0.0035,0.0280,2.27
36.76,0.0043,0.0031,0.0035,0.0280,2.27
36.78,0.0043,0.0031,0.0035,0.0280,2.27
36.80,0.0043,0.0031,0.0035,0.0280,2.27
36.82,0.0043,0.0031,0.0035,0.0280,2.27
36.84,0.0043,0.0031,0.0035,0.0280,2.27
36.86,0.0043,0.0031,0.0035,0.0280,2.27
36.88,0.0043,0.0031,0.0035,0.0280,2.27
36.90,0.0043,0.0031,0.0035,0.0280,2.27
36.92,0.0043,0.0031,0.0035,0.0280,2.27
36.94,0.0043,0.0031,0.0035,0.0280,2.27
36.96,0.0043,0.0031,0.0035,0.0280,2.27
36.98,0.0043,0.0031,0.0035,0.0280,2.27
37.00,0.0043,0.0031,0.0035,0.0280,2.27
37.02,0.0043,0.0031,0.0035,0.0280,2.27
37.04,0.0043,0.0031,0.0035,0.0280,2.27
37.06,0.0043,0.0031,0.0036,0.0280,2.27
37.08,0.0043,0.0031,0.0036,0.0280,2.27
37.10,0.0043,0.0031,0.0036,0.0280,2.27
37.12,0.0043,0.0031,0.0036,0.0280,2.27
37.14,0.0043,0.0031,0.0036,0.0280,2.27
37.16,0.0043,0.0031,0.0036,0.0280,2.27
37.18,0.0043,0.0031,0.0036,0.0280,2.27
37.20,0.0043,0.0031,0.0036,0.0280,2.27
37.22,0.0043,0.0031,0.0036,0.0280,2.27
37.24,0.0043,0.0031,0.0036,0.0280,2.27
37.26,0.0043,0.0031,0.0036,0.0280,2.27
37.28,0.0043,0.0031,0.0036,0.0280,2.27
37.30,0.0043,0.0031,0.0036,0.0280,2.27
37.32,0.0043,0.0031,0.0036,0.0280,2.27
37.34,0.0043,0.0031,0.0036,0.0280,2.27
37.36,0.0043,0.0031,0.0036,0.0280,2.27
37.38,0.0043,0.0031,0.0036,0.0280,2.27
37.40,0.0043,0.0031,0.0036,0.0280,2.27
37.42,0.0043,0.0031,0.0036,0.0280,2.27
37.44,0.0043,0.0031,0.0036,0.0280,2.27
37.46,0.0043,0.0031,0.0036,0.0280,2.27
37.48,0.0043,0.0031,0.0036,0.0280,2.27
37.50,0.0043,0.0031,0.0036,0.0280,2.27
37.52,0.0043,0.0031,0.0036,0.0280,2.27
37.54,0.0043,0.0032,0.0036,0.0280,2.27
37.56,0.0043,0.0032,0.0036,0.0280,2.27
37.58,0.0043,0.0032,0.0036,0.0280,2.27
37.60,0.0043,0.0032,0.0036,0.0280,2.27
37.62,0.0043,0.0032,0.0036,0.0280,2.27
37.64,0.0043,0.0032,0.0036,0.0280,2.27
37.66,0.0043,0.0032,0.0036,0.0280,2.27
37.68,0.0043,0.0032,0.0036,0.0280,2.27
37.70,0.0043,0.0032,0.0036,0.0280,2.27
37.72,0.0043,0.0032,0.0036,0.0280,2.27
37.74,0.0043,0.0032,0.0036,0.0280,2.27
37.76,0.0043,0.0032,0.0036,0.0280,2.27
37.78,0.0043,0.0032,0.0036,0.0280,2.27
37.80,0.0043,0.0032,0.0036,0.0280,2.27
37.82,0.0043,0.0032,0.0036,0.0280,2.27
37.84,0.0043,0.0032,0.0036,0.0280,2.27
37.86,0.0043,0.0032,0.0036,0.0280,2.27
37.88,0.0043,0.0032,0.0036,0.0280,2.27
37.90,0.0043,0.0032,0.0036,0.0280,2.27
37.92,0.0043,0.0032,0.0036,0.0280,2.27
37.94,0.0043,0.0032,0.0036,0.0280,2.27
37.96,0.0043,0.0032,0.0036,0.0280,2.27
37.98,0.0043,0.0032,0.0036,0.0280,2.27
38.00,0.0043,0.0032,0.0036,0.0280,2.27
38.02,0.0043,0.0032,0.0036,0.0280,2.27
38.04,0.0043,0.0032,0.0036,0.0280,2.27
38.06,0.0043,0.0032,0.0036,0.0280,2.27
38.08,0.0043,0.0032,0.0036,0.0280,2.27
38.10,0.0043,0.0032,0.0036,0.0280,2.27
38.12,0.0043,0.0032,0.0036,0.0280,2.27
38.14,0.0043,0.0033,0.0036,0.0280,2.27
38.16,0.0043,0.0033,0.0036,0.0280,2.27
38.18,0.0043,0.0033,0.0036,0.0280,2.27
38.20,0.0043,0.0033,0.0036,0.0280,2.27
38.22,0.0043,0.0033,0.0036,0.0280,2.27
38.24,0.0043,0.0033,0.0037,0.0280,2.27
38.26,0.0043,0.0033,0.0037,0.0280,2.27
38.28,0.0043,0.0033,0.0037,0.0280,2.27
38.30,0.0043,0.0033,0.0037,0.0280,2.27
38.32,0.0043,0.0033,0.0037,0.0280,2.27
38.34,0.0043,0.0033,0.0037,0.0280,2.27
38.36,0.0043,0.0033,0.0037,0.0280,2.27
38.38,0.0043,0.0033,0.0037,0.0280,2.27
38.40,0.0043,0.0033,0.0037,0.0280,2.27
38.42,0.0043,0.0033,0.0037,0.0280,2.27
38.44,0.0043,0.0033,0.0037,0.0280,2.27
38.46,0.0043,0.0033,0.0037,0.0280,2.27
38.48,0.0043,0.0033,0.0037,0.0280,2.27
38.50,0.0043,0.0033,0.0037,0.0280,2.27
38.52,0.0043,0.0033,0.0037,0.0280,2.27
38.54,0.0043,0.0033,0.0037,0.0280,2.27
38.56,0.0043,0.0033,0.0037,0.0280,2.27
38.58,0.0043,0.0033,0.0037,0.0280,2.27
38.60,0.0043,0.0033,0.0037,0.0280,2.27
38.62,0.0043,0.0033,0.0037,0.0280,2.27
38.64,0.0043,0.0033,0.0037,0.0280,2.27
38.66,0.0043,0.0033,0.0037,0.0280,2.27
38.68,0.0043,0.0033,0.0037,0.0280,2.27
38.70,0.0043,0.0033,0.0037,0.0280,2.27
38.72,0.0043,0.0033,0.0037,0.0280,2.27
38.74,0.0043,0.0033,0.0037,0.0280,2.27
38.76,0.0043,0.0033,0.0037,0.0280,2.27
38.78,0.0043,0.0033,0.0037,0.0280,2.27
38.80,0.0043,0.0033,0.0037,0.0280,2.27
38.82,0.0043,0.0033,0.0037,0.0280,2.27
38.84,0.0043,0.0033,0.0037,0.0280,2.27
38.86,0.0043,0.0033,0.0037,0.0280,2.27
38.88,0.0043,0.0033,0.0037,0.0280,2.27
38.90,0.0043,0.0033,0.0037,0.0280,2.27
38.92,0.0043,0.0033,0.0037,0.0280,2.27
38.94,0.0043,0.0033,0.0037,0.0280,2.27
38.96,0.0043,0.0033,0.0037,0.0280,2.27
38.98,0.0043,0.0033,0.0037,0.0280,2.27
39.00,0.0043,0.0033,0.0037,0.0280,2.27
39.02,0.0043,0.0033,0.0037,0.0280,2.27
39.04,0.0043,0.0033,0.0037,0.0280,2.27
39.06,0.0043,0.0033,0.0037,0.0280,2.27
39.08,0.0043,0.0033,0.0037,0.0280,2.27
39.10,0.0043,0.0033,0.0037,0.0280,2.27
39.12,0.0043,0.0033,0.0037,0.0280,2.27
39.14,0.0043,0.0033,0.0037,0.0280,2.27
39.16,0.0043,0.0033,0.0037,0.0280,2.27
39.18,0.0043,0.0033,0.0037,0.0280,2.27
39.20,0.0043,0.0033,0.0037,0.0280,2.27
39.22,0.0043,0.0033,0.0037,0.0280,2.27
39.24,0.0043,0.0033,0.0037,0.0280,2.27
39.26,0.0043,0.0033,0.0037,0.0280,2.27
39.28,0.0043,0.0033,0.0037,0.0280,2.27
39.30,0.0043,0.0033,0.0037,0.0280,2.27
39.32,0.0043,0.0033,0.0037,0.0280,2.27
39.34,0.0043,0.0033,0.0037,0.0280,2.27
39.36,0.0043,0.0033,0.0037,0.0280,2.27
39.38,0.0043,0.0033,0.0037,0.0280,2.27
39.40,0.0043,0.0033,0.0037,0.0280,2.27
39.42,0.0043,0.0033,0.0037,0.0280,2.27
39.44,0.0043,0.0033,0.0037,0.0280,2.27
39.46,0.0043,0.0033,0.0037,0.0280,2.27
39.48,0.0043,0.0033,0.0037,0.0280,2.27
39.50,0.0043,0.0033,0.0037,0.0280,2.27
39.52,0.0043,0.0033,0.0037,0.0280,2.27
39.54,0.0043,0.0034,0.0037,0.0280,2.27
39.56,0.0043,0.0034,0.0037,0.0280,2.27
39.58,0.0043,0.0034,0.0037,0.0280,2.27
39.60,0.0043,0.0034,0.0037,0.0280,2.27
39.62,0.0043,0.0034,0.0037,0.0280,2.27
39.64,0.0043,0.0034,0.0037,0.0280,2.27
39.66,0.0043,0.0034,0.0037,0.0280,2.27
39.68,0.0043,0.0034,0.0037,0.0280,2.27
39.70,0.0043,0.0034,0.0037,0.0280,2.27
39.72,0.0043,0.0034,0.0037,0.0280,2.27
39.74,0.0043,0.0034,0.0038,0.0280,2.27
39.76,0.0043,0.0034,0.0038,0.0280,2.27
39.78,0.0043,0.0034,0.0038,0.0280,2.27
39.80,0.0043,0.0034,0.0038,0.0280,2.27
39.82,0.0043,0.0034,0.0038,0.0280,2.27
39.84,0.0043,0.0034,0.0038,0.0280,2.27
39.86,0.0043,0.0034,0.0038,0.0280,2.27
39.88,0.0043,0.0034,0.0038,0.0280,2.27
39.90,0.0043,0.0034,0.0038,0.0280,2.27
39.92,0.0043,0.0034,0.0038,0.0280,2.27
39.94,0.0043,0.0034,0.0038,0.0280,2.27
39.96,0.0043,0.0034,0.0038,0.0280,2.27
39.98,0.0043,0.0034,0.0038,0.0280,2.27
40.00,0.0043,0.0034,0.0038,0.0280,2.27
40.02,0.0043,0.0034,0.0038,0.0280,2.27
