t,d01_err,d02_err,d12_err,o_error,o_error_deg
0.00,0.7000,0.7000,0.7000,0.0000,56.31
0.02,0.7000,0.7000,0.7000,0.0000,56.31
0.04,0.7000,0.7000,0.7000,0.0000,56.31
0.06,0.7000,0.7000,0.7000,0.0000,56.31
0.08,0.7000,0.7000,0.7000,0.0000,56.31
0.10,0.7000,0.7000,0.7000,0.0000,56.31
0.12,0.7000,0.7000,0.7000,0.0000,56.31
0.14,0.7000,0.7000,0.7000,0.0000,56.31
0.16,0.7000,0.7000,0.7000,0.0000,56.31
0.18,0.7000,0.7000,0.7000,0.0000,56.31
0.20,0.7000,0.7000,0.7000,0.0000,56.31
0.22,0.2434,0.7000,0.2434,0.9434,24.30
0.24,0.2434,0.7000,0.2434,0.9434,24.30
0.26,0.4225,0.7146,0.8001,1.1225,29.81
0.28,0.4225,0.7146,0.8001,1.1225,29.81
0.30,0.4225,0.7146,0.8001,1.1225,29.81
0.32,0.4225,0.7146,0.8001,1.1225,29.81
0.34,0.4225,0.7146,0.8001,1.1225,29.81
0.36,0.4225,0.7146,0.8001,1.1225,29.81
0.38,0.4225,0.7146,0.8001,1.1225,29.81
0.40,0.4225,0.7146,0.8001,1.1225,29.81
0.42,0.4225,0.7146,0.8001,1.1225,29.81
0.44,0.4225,0.7146,0.8001,1.1225,29.81
0.46,0.4225,0.7146,0.8001,1.1225,29.81
0.48,0.4225,0.7146,0.8001,1.1225,29.81
0.50,0.4225,0.7146,0.8001,1.1225,29.81
0.52,0.4225,0.7146,0.8001,1.1225,29.81
0.54,0.4225,0.7146,0.8001,1.1225,29.81
0.56,0.4225,0.7146,0.8001,1.1225,29.81
0.58,0.4225,0.7146,0.8001,1.1225,29.81
0.60,0.4225,0.7146,0.8001,1.1225,29.81
0.62,0.4225,0.7146,0.8001,1.1225,29.81
0.64,0.4225,0.7146,0.8001,1.1225,29.81
0.66,0.4225,0.7146,0.8001,1.1225,29.81
0.68,0.4225,0.7146,0.8001,1.1225,29.81
0.70,0.4225,0.7146,0.8001,1.1225,29.81
0.72,0.4225,0.7146,0.8001,1.1225,29.81
0.74,0.4225,0.7146,0.8001,1.1225,29.81
0.76,0.4225,0.7146,0.8001,1.1225,29.81
0.78,0.4225,0.7146,0.8001,1.1225,29.81
0.80,0.4225,0.7146,0.8001,1.1225,29.81
0.82,0.4225,0.7146,0.8001,1.1225,29.81
0.84,0.4225,0.7146,0.8001,1.1225,29.81
0.86,0.4225,0.7146,0.8001,1.1225,29.81
0.88,0.4225,0.7146,0.8001,1.1225,29.81
0.90,0.4225,0.7146,0.8001,1.1225,29.81
0.92,0.4225,0.7146,0.8001,1.1225,29.81
0.94,0.4225,0.7146,0.8001,1.1225,29.81
0.96,0.4225,0.7146,0.8001,1.1225,29.81
0.98,0.4225,0.7146,0.8001,1.1225,29.81
1.00,0.4225,0.7146,0.8001,1.1225,29.81
1.02,0.4225,0.7146,0.8001,1.1225,29.81
1.04,0.4225,0.7146,0.8001,1.1225,29.81
1.06,0.4225,0.7146,0.8001,1.1225,29.81
1.08,0.4225,0.7146,0.8001,1.1225,29.81
1.10,0.4225,0.7146,0.8001,1.1225,29.81
1.12,0.4225,0.7146,0.8001,1.1225,29.81
1.14,0.4225,0.7146,0.8001,1.1225,29.81
1.16,0.4225,0.7146,0.8001,1.1225,29.81
1.18,0.4225,0.7146,0.8001,1.1225,29.81
1.20,0.4225,0.7146,0.8001,1.1225,29.81
1.22,0.4225,0.7146,0.8001,1.1225,29.81
1.24,0.4225,0.7146,0.8001,1.1225,29.81
1.26,0.4225,0.7146,0.8001,1.1225,29.81
1.28,0.4225,0.7146,0.8001,1.1225,29.81
1.30,0.4225,0.7146,0.8001,1.1225,29.81
1.32,0.4225,0.7146,0.8001,1.1225,29.81
1.34,0.4225,0.7146,0.8001,1.1225,29.81
1.36,0.4225,0.7146,0.8001,1.1225,29.81
1.38,0.4225,0.7146,0.8001,1.1225,29.81
1.40,0.4225,0.7146,0.8001,1.1225,29.81
1.42,0.4225,0.7146,0.8001,1.1225,29.81
1.44,0.4225,0.7146,0.8001,1.1225,29.81
1.46,0.4225,0.7146,0.8001,1.1225,29.81
1.48,0.4225,0.7146,0.8001,1.1225,29.81
1.50,0.4225,0.7146,0.8001,1.1225,29.81
1.52,0.4225,0.7146,0.8001,1.1225,29.81
1.54,0.4225,0.7146,0.8001,1.1225,29.81
1.56,0.4225,0.7146,0.8001,1.1225,29.81
1.58,0.4225,0.7146,0.8001,1.1225,29.81
1.60,0.4225,0.7146,0.8001,1.1225,29.81
1.62,0.4225,0.7146,0.8001,1.1225,29.81
1.64,0.4225,0.7146,0.8001,1.1225,29.81
1.66,0.4225,0.7146,0.8001,1.1225,29.81
1.68,0.4225,0.7146,0.8001,1.1225,29.81
1.70,0.4225,0.7146,0.8001,1.1225,29.81
1.72,0.4225,0.7146,0.8001,1.1225,29.81
1.74,0.4225,0.7146,0.8001,1.1225,29.81
1.76,0.4225,0.7146,0.8001,1.1225,29.81
1.78,0.4225,0.7146,0.8001,1.1225,29.81
1.80,0.4225,0.7146,0.8001,1.1225,29.81
1.82,0.4225,0.7146,0.8001,1.1225,29.81
1.84,0.4225,0.7146,0.8001,1.1225,29.81
1.86,0.4225,0.7146,0.8001,1.1225,29.81
1.88,0.4225,0.7146,0.8001,1.1225,29.81
1.90,0.4225,0.7146,0.8001,1.1225,29.81
1.92,0.4225,0.7146,0.8001,1.1225,29.81
1.94,0.4225,0.7146,0.8001,1.1225,29.81
1.96,0.4225,0.7146,0.8001,1.1225,29.81
1.98,0.4225,0.7146,0.8001,1.1225,29.81
2.00,0.4225,0.7146,0.8001,1.1225,29.81
2.02,0.4225,0.7146,0.8001,1.1225,29.81
2.04,0.4225,0.7146,0.8001,1.1225,29.81
2.06,0.4225,0.7146,0.8001,1.1225,29.81
2.08,0.4225,0.7146,0.8001,1.1225,29.81
2.10,0.4225,0.7146,0.8001,1.1225,29.81
2.12,0.4225,0.7146,0.8001,1.1225,29.81
2.14,0.4225,0.7146,0.8001,1.1225,29.81
2.16,0.4225,0.7146,0.8001,1.1225,29.81
2.18,0.4225,0.7146,0.8001,1.1225,29.81
2.20,0.4225,0.7146,0.8001,1.1225,29.81
2.22,0.4225,0.7146,0.8001,1.1225,29.81
2.24,0.4225,0.7146,0.8001,1.1225,29.81
2.26,0.4225,0.7146,0.8001,1.1225,29.81
2.28,0.4225,0.7146,0.8001,1.1225,29.81
2.30,0.4225,0.7146,0.8001,1.1225,29.81
2.32,0.4225,0.7146,0.8001,1.1225,29.81
2.34,0.4225,0.7146,0.8001,1.1225,29.81
2.36,0.4225,0.7146,0.8001,1.1225,29.81
2.38,0.4225,0.7146,0.8001,1.1225,29.81
2.40,0.4225,0.7146,0.8001,1.1225,29.81
2.42,0.4225,0.7146,0.8001,1.1225,29.81
2.44,0.4225,0.7146,0.8001,1.1225,29.81
2.46,0.4225,0.7146,0.8001,1.1225,29.81
2.48,0.4225,0.7146,0.8001,1.1225,29.81
2.50,0.4225,0.7146,0.8001,1.1225,29.81
2.52,0.4225,0.7146,0.8001,1.1225,29.81
2.54,0.4225,0.7146,0.8001,1.1225,29.81
2.56,0.4225,0.7146,0.8001,1.1225,29.81
2.58,0.4225,0.7146,0.8001,1.1225,29.81
2.60,0.4225,0.7146,0.8001,1.1225,29.81
2.62,0.4225,0.7146,0.8001,1.1225,29.81
2.64,0.4225,0.7146,0.8001,1.1225,29.81
2.66,0.4225,0.7146,0.8001,1.1225,29.81
2.68,0.4225,0.7146,0.8001,1.1225,29.81
2.70,0.4225,0.7146,0.8001,1.1225,29.81
2.72,0.4225,0.7146,0.8001,1.1225,29.81
2.74,0.4225,0.7146,0.8001,1.1225,29.81
2.76,0.4225,0.7146,0.8001,1.1225,29.81
2.78,0.4225,0.7146,0.8001,1.1225,29.81
2.80,0.4225,0.7146,0.8001,1.1225,29.81
2.82,0.4225,0.7146,0.8001,1.1225,29.81
2.84,0.4225,0.7146,0.8001,1.1225,29.81
2.86,0.4225,0.7146,0.8001,1.1225,29.81
2.88,0.4225,0.7146,0.8001,1.1225,29.81
2.90,0.4225,0.7146,0.8001,1.1225,29.81
2.92,0.4225,0.7146,0.8001,1.1225,29.81
2.94,0.4225,0.7146,0.8001,1.1225,29.81
2.96,0.4225,0.7146,0.8001,1.1225,29.81
2.98,0.4225,0.7146,0.8001,1.1225,29.81
3.00,0.4225,0.7146,0.8001,1.1225,29.81
3.02,0.4225,0.7146,0.8001,1.1225,29.81
3.04,0.4225,0.7146,0.8001,1.1225,29.81
3.06,0.4225,0.7146,0.8001,1.1225,29.81
3.08,0.4225,0.7146,0.8001,1.1225,29.81
3.10,0.4225,0.7146,0.8001,1.1225,29.81
3.12,0.4225,0.7146,0.8001,1.1225,29.81
3.14,0.4225,0.7146,0.8001,1.1225,29.81
3.16,0.4225,0.7146,0.8001,1.1225,29.81
3.18,0.4225,0.7146,0.8001,1.1225,29.81
3.20,0.4225,0.7146,0.8001,1.1225,29.81
3.22,0.4225,0.7146,0.8001,1.1225,29.81
3.24,0.4225,0.7146,0.8001,1.1225,29.81
3.26,0.4225,0.7146,0.8001,1.1225,29.81
3.28,0.4225,0.7146,0.8001,1.1225,29.81
3.30,0.4225,0.7146,0.8001,1.1225,29.81
3.32,0.4225,0.7146,0.8001,1.1225,29.81
3.34,0.4225,0.7146,0.8001,1.1225,29.81
3.36,0.4225,0.7146,0.8001,1.1225,29.81
3.38,0.4225,0.7146,0.8001,1.1225,29.81
3.40,0.4225,0.7146,0.8001,1.1225,29.81
3.42,0.4225,0.7146,0.8001,1.1225,29.81
3.44,0.4225,0.7146,0.8001,1.1225,29.81
3.46,0.4225,0.7146,0.8001,1.1225,29.81
3.48,0.4225,0.7146,0.8001,1.1225,29.81
3.50,0.4225,0.7146,0.8001,1.1225,29.81
3.52,0.4225,0.7146,0.8001,1.1225,29.81
3.54,0.4225,0.7146,0.8001,1.1225,29.81
3.56,0.4225,0.7146,0.8001,1.1225,29.81
3.58,0.4225,0.7146,0.8001,1.1225,29.81
3.60,0.4225,0.7146,0.8001,1.1225,29.81
3.62,0.4225,0.7146,0.8001,1.1225,29.81
3.64,0.4225,0.7146,0.8001,1.1225,29.81
3.66,0.4225,0.7146,0.8001,1.1225,29.81
3.68,0.4225,0.7146,0.8001,1.1225,29.81
3.70,0.4225,0.7146,0.8001,1.1225,29.81
3.72,0.4225,0.7146,0.8001,1.1225,29.81
3.74,0.4225,0.7146,0.8001,1.1225,29.81
3.76,0.4225,0.7146,0.8001,1.1225,29.81
3.78,0.4225,0.7146,0.8001,1.1225,29.81
3.80,0.4225,0.7146,0.8001,1.1225,29.81
3.82,0.4225,0.7146,0.8001,1.1225,29.81
3.84,0.4225,0.7146,0.8001,1.1225,29.81
3.86,0.4225,0.7146,0.8001,1.1225,29.81
3.88,0.4225,0.7146,0.8001,1.1225,29.81
3.90,0.4225,0.7146,0.8001,1.1225,29.81
3.92,0.4225,0.7146,0.8001,1.1225,29.81
3.94,0.4225,0.7146,0.8001,1.1225,29.81
3.96,0.4225,0.7146,0.8001,1.1225,29.81
3.98,0.4225,0.7146,0.8001,1.1225,29.81
4.00,0.4225,0.7146,0.8001,1.1225,29.81
4.02,0.4225,0.7146,0.8001,1.1225,29.81
4.04,0.4225,0.7146,0.8001,1.1225,29.81
4.06,0.4225,0.7146,0.8001,1.1225,29.81
4.08,0.4225,0.7146,0.8001,1.1225,29.81
4.10,0.4225,0.7146,0.8001,1.1225,29.81
4.12,0.4225,0.7146,0.8001,1.1225,29.81
4.14,0.4225,0.7146,0.8001,1.1225,29.81
4.16,0.4225,0.7146,0.8001,1.1225,29.81
4.18,0.4225,0.7146,0.8001,1.1225,29.81
4.20,0.4225,0.7146,0.8001,1.1225,29.81
4.22,0.4225,0.7146,0.8001,1.1225,29.81
4.24,0.4225,0.7146,0.8001,1.1225,29.81
4.26,0.4225,0.7146,0.8001,1.1225,29.81
4.28,0.4225,0.7146,0.8001,1.1225,29.81
4.30,0.4225,0.7146,0.8001,1.1225,29.81
4.32,0.4225,0.7146,0.8001,1.1225,29.81
4.34,0.4225,0.7146,0.8001,1.1225,29.81
4.36,0.4225,0.7146,0.8001,1.1225,29.81
4.38,0.4225,0.7146,0.8001,1.1225,29.81
4.40,0.4225,0.7146,0.8001,1.1225,29.81
4.42,0.4225,0.7146,0.8001,1.1225,29.81
4.44,0.4225,0.7146,0.8001,1.1225,29.81
4.46,0.4225,0.7146,0.8001,1.1225,29.81
4.48,0.4225,0.7146,0.8001,1.1225,29.81
4.50,0.4225,0.7146,0.8001,1.1225,29.81
4.52,0.4225,0.7146,0.8001,1.1225,29.81
4.54,0.4225,0.7146,0.8001,1.1225,29.81
4.56,0.4225,0.7146,0.8001,1.1225,29.81
4.58,0.4225,0.7146,0.8001,1.1225,29.81
4.60,0.4225,0.7146,0.8001,1.1225,29.81
4.62,0.4225,0.7146,0.8001,1.1225,29.81
4.64,0.4225,0.7146,0.8001,1.1225,29.81
4.66,0.4225,0.7146,0.8001,1.1225,29.81
4.68,0.4225,0.7146,0.8001,1.1225,29.81
4.70,0.4225,0.7146,0.8001,1.1225,29.81
4.72,0.4225,0.7146,0.8001,1.1225,29.81
4.74,0.4225,0.7146,0.8001,1.1225,29.81
4.76,0.4225,0.7146,0.8001,1.1225,29.81
4.78,0.4225,0.7146,0.8001,1.1225,29.81
4.80,0.4225,0.7146,0.8001,1.1225,29.81
4.82,0.4225,0.7146,0.8001,1.1225,29.81
4.84,0.4225,0.7146,0.8001,1.1225,29.81
4.86,0.4225,0.7146,0.8001,1.1225,29.81
4.88,0.4225,0.7146,0.8001,1.1225,29.81
4.90,0.4225,0.7146,0.8001,1.1225,29.81
4.92,0.4225,0.7146,0.8001,1.1225,29.81
4.94,0.4225,0.7146,0.8001,1.1225,29.81
4.96,0.4225,0.7146,0.8001,1.1225,29.81
4.98,0.4225,0.7146,0.8001,1.1225,29.81
5.00,0.4225,0.7146,0.8001,1.1225,29.81
5.02,0.4225,0.7146,0.8001,0.5862,26.50
5.04,0.4225,0.7146,0.8001,0.5862,26.50
5.06,0.4225,0.7146,0.8001,0.5862,26.50
5.08,0.4225,0.7146,0.8001,0.5862,26.50
5.10,0.4225,0.7146,0.8001,0.5862,26.50
5.12,0.4224,0.7146,0.8001,0.5862,26.51
5.14,0.4224,0.7146,0.8001,0.5862,26.51
5.16,0.4224,0.7145,0.8001,0.5861,26.50
5.18,0.4221,0.7145,0.8002,0.5860,26.51
5.20,0.4221,0.7141,0.8001,0.5860,26.51
5.22,0.4205,0.7141,0.7999,0.5849,26.54
5.24,0.4205,0.7141,0.7999,0.5849,26.54
5.26,0.4205,0.7128,0.7996,0.5849,26.53
5.28,0.4178,0.7130,0.7990,0.5830,26.57
5.30,0.4178,0.7099,0.7982,0.5830,26.57
5.32,0.4125,0.7099,0.7968,0.5791,26.63
5.34,0.4125,0.7099,0.7968,0.5791,26.63
5.36,0.4136,0.7059,0.7954,0.5798,26.60
5.38,0.4081,0.7076,0.7938,0.5755,26.64
5.40,0.4081,0.7008,0.7915,0.5755,26.64
5.42,0.3989,0.7008,0.7892,0.5690,26.75
5.44,0.3989,0.7008,0.7892,0.5690,26.75
5.46,0.4017,0.6944,0.7865,0.5705,26.67
5.48,0.3941,0.6973,0.7839,0.5646,26.70
5.50,0.3941,0.6865,0.7801,0.5646,26.70
5.52,0.3810,0.6865,0.7768,0.5554,26.86
5.54,0.3810,0.6865,0.7768,0.5554,26.86
5.56,0.3854,0.6777,0.7723,0.5576,26.73
5.58,0.3759,0.6816,0.7685,0.5502,26.77
5.60,0.3759,0.6675,0.7628,0.5502,26.77
5.62,0.3599,0.6675,0.7584,0.5390,26.94
5.64,0.3599,0.6675,0.7584,0.5390,26.94
5.66,0.3655,0.6567,0.7518,0.5416,26.76
5.68,0.3547,0.6617,0.7466,0.5325,26.73
5.70,0.3547,0.6447,0.7390,0.5325,26.73
5.72,0.3362,0.6447,0.7328,0.5192,26.86
5.74,0.3362,0.6447,0.7328,0.5192,26.86
5.76,0.3429,0.6315,0.7245,0.5226,26.69
5.78,0.3306,0.6371,0.7180,0.5121,26.62
5.80,0.3306,0.6176,0.7084,0.5121,26.62
5.82,0.3102,0.6176,0.7009,0.4972,26.72
5.84,0.3102,0.6176,0.7009,0.4972,26.72
5.86,0.3175,0.6030,0.6907,0.5007,26.52
5.88,0.3038,0.6089,0.6819,0.4880,26.34
5.90,0.3038,0.5879,0.6708,0.4880,26.34
5.92,0.2816,0.5879,0.6615,0.4715,26.37
5.94,0.2816,0.5879,0.6615,0.4715,26.37
5.96,0.2894,0.5721,0.6492,0.4748,26.14
5.98,0.2748,0.5783,0.6393,0.4611,25.90
6.00,0.2748,0.5557,0.6262,0.4611,25.90
6.02,0.2518,0.5557,0.6160,0.4438,25.88
6.04,0.2518,0.5557,0.6160,0.4438,25.88
6.06,0.2600,0.5386,0.6016,0.4471,25.63
6.08,0.2448,0.5452,0.5904,0.4323,25.31
6.10,0.2448,0.5211,0.5750,0.4323,25.31
6.12,0.2210,0.5211,0.5629,0.4138,25.16
6.14,0.2210,0.5211,0.5629,0.4138,25.16
6.16,0.2294,0.5031,0.5466,0.4168,24.92
6.18,0.2139,0.5098,0.5342,0.4011,24.49
6.20,0.2139,0.4848,0.5170,0.4011,24.49
6.22,0.1899,0.4848,0.5040,0.3822,24.26
6.24,0.1899,0.4848,0.5040,0.3822,24.26
6.26,0.1983,0.4663,0.4861,0.3848,24.00
6.28,0.1830,0.4732,0.4723,0.3678,23.41
6.30,0.1830,0.4480,0.4534,0.3678,23.41
6.32,0.1589,0.4480,0.4394,0.3485,23.07
6.34,0.1589,0.4480,0.4394,0.3485,23.07
6.36,0.1679,0.4293,0.4197,0.3512,22.83
6.38,0.1533,0.4364,0.4059,0.3349,22.21
6.40,0.1533,0.4111,0.3855,0.3349,22.21
6.42,0.1296,0.4111,0.3730,0.3173,21.91
6.44,0.1296,0.4111,0.3730,0.3173,21.91
6.46,0.1387,0.3929,0.3518,0.3195,21.65
6.48,0.1244,0.4003,0.3396,0.3046,21.09
6.50,0.1244,0.3750,0.3173,0.3046,21.09
6.52,0.1012,0.3750,0.3060,0.2887,20.80
6.54,0.1012,0.3750,0.3060,0.2887,20.80
6.56,0.1106,0.3575,0.2833,0.2906,20.55
6.58,0.0971,0.3651,0.2727,0.2773,20.02
6.60,0.0971,0.3405,0.2494,0.2773,20.02
6.62,0.0747,0.3405,0.2403,0.2642,19.81
6.64,0.0747,0.3405,0.2403,0.2642,19.81
6.66,0.0843,0.3242,0.2165,0.2655,19.56
6.68,0.0723,0.3320,0.2082,0.2548,19.13
6.70,0.0723,0.3086,0.1839,0.2548,19.13
6.72,0.0513,0.3086,0.1763,0.2442,18.95
6.74,0.0513,0.3086,0.1763,0.2442,18.95
6.76,0.0610,0.2943,0.1521,0.2447,18.69
6.78,0.0504,0.3024,0.1454,0.2358,18.29
6.80,0.0504,0.2805,0.1208,0.2358,18.29
6.82,0.0306,0.2805,0.1145,0.2272,18.11
6.84,0.0306,0.2805,0.1145,0.2272,18.11
6.86,0.0403,0.2677,0.0904,0.2271,17.86
6.88,0.0311,0.2761,0.0854,0.2198,17.50
6.90,0.0311,0.2550,0.0629,0.2198,17.50
6.92,0.0127,0.2550,0.0582,0.2137,17.37
6.94,0.0127,0.2550,0.0582,0.2137,17.37
6.96,0.0223,0.2428,0.0367,0.2127,17.11
6.98,0.0144,0.2516,0.0326,0.2064,16.74
7.00,0.0144,0.2308,0.0131,0.2064,16.74
7.02,0.0025,0.2308,0.0093,0.2039,16.78
7.04,0.0025,0.2308,0.0093,0.2060,16.95
7.06,0.0073,0.2191,0.0088,0.2067,16.88
7.08,0.0009,0.2278,0.0121,0.2035,16.70
7.10,0.0009,0.2077,0.0284,0.2055,16.87
7.12,0.0146,0.2077,0.0313,0.2046,16.95
7.14,0.0146,0.2077,0.0313,0.2067,17.12
7.16,0.0049,0.1970,0.0459,0.2069,17.06
7.18,0.0103,0.2056,0.0485,0.2046,16.91
7.20,0.0103,0.1867,0.0621,0.2067,17.08
7.22,0.0243,0.1867,0.0668,0.2043,16.97
7.24,0.0243,0.1867,0.0668,0.2064,17.14
7.26,0.0147,0.1763,0.0806,0.2061,17.07
7.28,0.0182,0.1849,0.0872,0.1997,16.55
7.30,0.0182,0.1662,0.1009,0.2017,16.72
7.32,0.0301,0.1662,0.1089,0.1963,16.29
7.34,0.0301,0.1662,0.1089,0.1983,16.46
7.36,0.0207,0.1561,0.1225,0.1977,16.39
7.38,0.0228,0.1648,0.1310,0.1892,15.68
7.40,0.0228,0.1452,0.1447,0.1912,15.85
7.42,0.0333,0.1452,0.1536,0.1849,15.30
7.44,0.0333,0.1452,0.1536,0.1869,15.47
7.46,0.0239,0.1343,0.1670,0.1862,15.43
7.48,0.0245,0.1432,0.1758,0.1774,14.68
7.50,0.0245,0.1234,0.1885,0.1793,14.84
7.52,0.0341,0.1234,0.1972,0.1734,14.30
7.54,0.0341,0.1234,0.1972,0.1753,14.47
7.56,0.0247,0.1125,0.2087,0.1743,14.42
7.58,0.0240,0.1217,0.2172,0.1655,13.67
7.60,0.0240,0.1019,0.2272,0.1675,13.84
7.62,0.0326,0.1019,0.2354,0.1619,13.33
7.64,0.0326,0.1019,0.2354,0.1638,13.49
7.66,0.0230,0.0918,0.2434,0.1629,13.46
7.68,0.0215,0.1012,0.2514,0.1548,12.77
7.70,0.0215,0.0829,0.2577,0.1567,12.93
7.72,0.0295,0.0829,0.2658,0.1513,12.44
7.74,0.0295,0.0829,0.2658,0.1532,12.60
7.76,0.0198,0.0751,0.2705,0.1524,12.57
7.78,0.0178,0.0846,0.2782,0.1450,11.95
7.80,0.0178,0.0692,0.2815,0.1468,12.11
7.82,0.0256,0.0692,0.2888,0.1422,11.69
7.84,0.0256,0.0692,0.2888,0.1441,11.84
7.86,0.0157,0.0644,0.2911,0.1433,11.81
7.88,0.0137,0.0738,0.2982,0.1365,11.25
7.90,0.0137,0.0610,0.3000,0.1384,11.40
7.92,0.0215,0.0610,0.3066,0.1344,11.05
7.94,0.0215,0.0610,0.3066,0.1362,11.20
7.96,0.0117,0.0592,0.3073,0.1354,11.16
7.98,0.0097,0.0689,0.3135,0.1293,10.64
8.00,0.0097,0.0589,0.3139,0.1311,10.79
8.02,0.0174,0.0589,0.3201,0.1274,10.47
8.04,0.0174,0.0589,0.3201,0.1291,10.62
8.06,0.0073,0.0604,0.3201,0.1289,10.60
8.08,0.0051,0.0701,0.3260,0.1232,10.13
8.10,0.0051,0.0627,0.3259,0.1250,10.27
8.12,0.0130,0.0627,0.3313,0.1216,10.00
8.14,0.0130,0.0627,0.3313,0.1233,10.14
8.16,0.0031,0.0657,0.3310,0.1234,10.13
8.18,0.0012,0.0755,0.3364,0.1183,9.70
8.20,0.0012,0.0698,0.3359,0.1200,9.84
8.22,0.0096,0.0698,0.3409,0.1167,9.59
8.24,0.0096,0.0698,0.3409,0.1183,9.73
8.26,0.0003,0.0744,0.3406,0.1185,9.71
8.28,0.0017,0.0840,0.3453,0.1137,9.31
8.30,0.0017,0.0792,0.3449,0.1153,9.44
8.32,0.0067,0.0792,0.3495,0.1120,9.20
8.34,0.0067,0.0792,0.3495,0.1136,9.33
8.36,0.0029,0.0844,0.3490,0.1138,9.30
8.38,0.0036,0.0939,0.3531,0.1094,8.93
8.40,0.0036,0.0898,0.3529,0.1109,9.06
8.42,0.0053,0.0898,0.3567,0.1078,8.86
8.44,0.0053,0.0898,0.3567,0.1093,8.98
8.46,0.0042,0.0950,0.3567,0.1097,8.96
8.48,0.0044,0.1043,0.3599,0.1058,8.64
8.50,0.0044,0.0999,0.3598,0.1073,8.76
8.52,0.0051,0.0999,0.3623,0.1048,8.61
8.54,0.0051,0.0999,0.3623,0.1063,8.73
8.56,0.0046,0.1047,0.3622,0.1066,8.70
8.58,0.0041,0.1141,0.3645,0.1029,8.40
8.60,0.0041,0.1090,0.3645,0.1043,8.52
8.62,0.0058,0.1090,0.3664,0.1021,8.38
8.64,0.0058,0.1090,0.3664,0.1035,8.50
8.66,0.0037,0.1131,0.3662,0.1037,8.47
8.68,0.0034,0.1228,0.3678,0.1003,8.19
8.70,0.0034,0.1167,0.3678,0.1016,8.30
8.72,0.0067,0.1167,0.3692,0.0994,8.17
8.74,0.0067,0.1167,0.3692,0.1007,8.27
8.76,0.0031,0.1199,0.3692,0.1009,8.24
8.78,0.0027,0.1298,0.3702,0.0976,7.97
8.80,0.0027,0.1228,0.3702,0.0988,8.08
8.82,0.0075,0.1228,0.3712,0.0968,7.95
8.84,0.0075,0.1228,0.3712,0.0980,8.05
8.86,0.0024,0.1250,0.3711,0.0976,7.98
8.88,0.0023,0.1349,0.3719,0.0943,7.71
8.90,0.0023,0.1265,0.3721,0.0955,7.81
8.92,0.0078,0.1265,0.3726,0.0937,7.69
8.94,0.0078,0.1265,0.3726,0.0948,7.79
8.96,0.0024,0.1279,0.3726,0.0945,7.73
8.98,0.0020,0.1380,0.3729,0.0913,7.46
9.00,0.0020,0.1290,0.3730,0.0923,7.55
9.02,0.0085,0.1290,0.3732,0.0905,7.43
9.04,0.0085,0.1290,0.3732,0.0916,7.51
9.06,0.0018,0.1293,0.3731,0.0912,7.46
9.08,0.0016,0.1394,0.3732,0.0884,7.23
9.10,0.0016,0.1291,0.3728,0.0894,7.31
9.12,0.0090,0.1291,0.3729,0.0878,7.20
9.14,0.0090,0.1291,0.3729,0.0887,7.28
9.16,0.0014,0.1287,0.3722,0.0884,7.23
9.18,0.0011,0.1390,0.3719,0.0857,7.02
9.20,0.0011,0.1278,0.3708,0.0866,7.09
9.22,0.0095,0.1278,0.3709,0.0851,6.97
9.24,0.0095,0.1278,0.3709,0.0859,7.04
9.26,0.0010,0.1266,0.3692,0.0853,6.98
9.28,0.0008,0.1368,0.3694,0.0823,6.74
9.30,0.0008,0.1248,0.3675,0.0831,6.80
9.32,0.0096,0.1248,0.3677,0.0817,6.69
9.34,0.0096,0.1248,0.3677,0.0825,6.76
9.36,0.0006,0.1230,0.3650,0.0816,6.68
9.38,0.0002,0.1329,0.3653,0.0784,6.42
9.40,0.0002,0.1212,0.3621,0.0791,6.48
9.42,0.0103,0.1212,0.3623,0.0780,6.38
9.44,0.0103,0.1212,0.3623,0.0786,6.43
9.46,0.0003,0.1192,0.3583,0.0776,6.36
9.48,0.0008,0.1288,0.3585,0.0749,6.14
9.50,0.0008,0.1172,0.3539,0.0756,6.19
9.52,0.0109,0.1172,0.3542,0.0747,6.10
9.54,0.0109,0.1172,0.3542,0.0753,6.15
9.56,0.0011,0.1154,0.3488,0.0741,6.07
9.58,0.0015,0.1250,0.3491,0.0716,5.86
9.60,0.0015,0.1142,0.3428,0.0721,5.91
9.62,0.0118,0.1142,0.3430,0.0717,5.84
9.64,0.0118,0.1142,0.3430,0.0722,5.88
9.66,0.0020,0.1131,0.3357,0.0709,5.81
9.68,0.0024,0.1225,0.3357,0.0690,5.66
9.70,0.0024,0.1126,0.3277,0.0694,5.69
9.72,0.0127,0.1126,0.3279,0.0693,5.63
9.74,0.0127,0.1126,0.3279,0.0697,5.67
9.76,0.0028,0.1123,0.3193,0.0683,5.60
9.78,0.0029,0.1217,0.3194,0.0666,5.46
9.80,0.0029,0.1128,0.3098,0.0669,5.49
9.82,0.0133,0.1128,0.3096,0.0676,5.48
9.84,0.0133,0.1128,0.3096,0.0679,5.51
9.86,0.0033,0.1138,0.2994,0.0663,5.43
9.88,0.0041,0.1231,0.2992,0.0649,5.32
9.90,0.0041,0.1149,0.2887,0.0651,5.34
9.92,0.0147,0.1149,0.2884,0.0663,5.35
9.94,0.0147,0.1149,0.2884,0.0665,5.37
9.96,0.0046,0.1159,0.2782,0.0643,5.27
9.98,0.0051,0.1253,0.2780,0.0631,5.17
10.00,0.0051,0.1175,0.2672,0.0633,5.18
10.02,0.0157,0.1175,0.2668,0.0649,5.22
10.04,0.0157,0.1175,0.2668,0.0650,5.22
10.06,0.0052,0.1186,0.2571,0.0624,5.11
10.08,0.0053,0.1280,0.2568,0.0614,5.03
10.10,0.0053,0.1192,0.2470,0.0615,5.03
10.12,0.0156,0.1192,0.2470,0.0630,5.05
10.14,0.0156,0.1192,0.2470,0.0630,5.06
10.16,0.0049,0.1196,0.2376,0.0605,4.95
10.18,0.0044,0.1292,0.2374,0.0597,4.89
10.20,0.0044,0.1195,0.2284,0.0596,4.89
10.22,0.0145,0.1195,0.2281,0.0614,4.94
10.24,0.0145,0.1195,0.2281,0.0614,4.93
10.26,0.0041,0.1181,0.2198,0.0589,4.82
10.28,0.0037,0.1276,0.2198,0.0578,4.74
10.30,0.0037,0.1165,0.2122,0.0577,4.73
10.32,0.0138,0.1165,0.2122,0.0594,4.77
10.34,0.0138,0.1165,0.2122,0.0592,4.76
10.36,0.0033,0.1137,0.2050,0.0568,4.65
10.38,0.0030,0.1228,0.2051,0.0561,4.60
10.40,0.0030,0.1107,0.1982,0.0559,4.58
10.42,0.0130,0.1107,0.1985,0.0574,4.62
10.44,0.0130,0.1107,0.1985,0.0571,4.60
10.46,0.0027,0.1068,0.1921,0.0547,4.48
10.48,0.0026,0.1156,0.1925,0.0540,4.42
10.50,0.0026,0.1030,0.1862,0.0536,4.40
10.52,0.0125,0.1030,0.1867,0.0552,4.44
10.54,0.0125,0.1030,0.1867,0.0548,4.41
10.56,0.0023,0.0989,0.1805,0.0523,4.29
10.58,0.0021,0.1074,0.1811,0.0518,4.25
10.60,0.0021,0.0949,0.1746,0.0514,4.21
10.62,0.0122,0.0949,0.1750,0.0533,4.29
10.64,0.0122,0.0949,0.1750,0.0529,4.25
10.66,0.0021,0.0917,0.1675,0.0503,4.12
10.68,0.0021,0.0998,0.1683,0.0499,4.09
10.70,0.0021,0.0887,0.1604,0.0494,4.05
10.72,0.0120,0.0887,0.1610,0.0513,4.12
10.74,0.0120,0.0887,0.1610,0.0508,4.07
10.76,0.0017,0.0867,0.1522,0.0482,3.95
10.78,0.0012,0.0949,0.1526,0.0484,3.96
10.80,0.0012,0.0851,0.1436,0.0478,3.91
10.82,0.0112,0.0851,0.1440,0.0499,4.02
10.84,0.0112,0.0851,0.1440,0.0493,3.96
10.86,0.0011,0.0841,0.1345,0.0467,3.83
10.88,0.0011,0.0923,0.1352,0.0467,3.83
10.90,0.0011,0.0837,0.1255,0.0460,3.77
10.92,0.0115,0.0837,0.1261,0.0483,3.87
10.94,0.0115,0.0837,0.1261,0.0476,3.81
10.96,0.0011,0.0833,0.1167,0.0449,3.67
10.98,0.0009,0.0913,0.1171,0.0454,3.71
11.00,0.0009,0.0829,0.1079,0.0445,3.65
11.02,0.0112,0.0829,0.1084,0.0470,3.77
11.04,0.0112,0.0829,0.1084,0.0462,3.70
11.06,0.0007,0.0823,0.1000,0.0433,3.55
11.08,0.0003,0.0900,0.1007,0.0438,3.59
11.10,0.0003,0.0808,0.0934,0.0429,3.51
11.12,0.0105,0.0808,0.0945,0.0448,3.59
11.14,0.0105,0.0808,0.0945,0.0439,3.52
11.16,0.0001,0.0784,0.0884,0.0414,3.38
11.18,0.0007,0.0863,0.0892,0.0419,3.43
11.20,0.0007,0.0758,0.0838,0.0409,3.35
11.22,0.0095,0.0758,0.0850,0.0428,3.44
11.24,0.0095,0.0758,0.0850,0.0418,3.35
11.26,0.0013,0.0725,0.0809,0.0392,3.20
11.28,0.0015,0.0799,0.0815,0.0402,3.29
11.30,0.0015,0.0686,0.0781,0.0391,3.20
11.32,0.0088,0.0686,0.0791,0.0412,3.31
11.34,0.0088,0.0686,0.0791,0.0401,3.22
11.36,0.0017,0.0649,0.0763,0.0373,3.05
11.38,0.0018,0.0724,0.0770,0.0381,3.11
11.40,0.0018,0.0612,0.0744,0.0369,3.02
11.42,0.0080,0.0612,0.0751,0.0391,3.15
11.44,0.0080,0.0612,0.0751,0.0379,3.05
11.46,0.0023,0.0579,0.0724,0.0353,2.88
11.48,0.0026,0.0650,0.0732,0.0362,2.95
11.50,0.0026,0.0553,0.0697,0.0350,2.85
11.52,0.0073,0.0553,0.0707,0.0369,2.97
11.54,0.0073,0.0553,0.0707,0.0356,2.87
11.56,0.0030,0.0536,0.0667,0.0331,2.70
11.58,0.0031,0.0605,0.0675,0.0342,2.78
11.60,0.0031,0.0522,0.0633,0.0329,2.67
11.62,0.0069,0.0522,0.0644,0.0345,2.78
11.64,0.0069,0.0522,0.0644,0.0332,2.67
11.66,0.0033,0.0517,0.0596,0.0308,2.50
11.68,0.0034,0.0585,0.0606,0.0318,2.58
11.70,0.0034,0.0517,0.0556,0.0304,2.46
11.72,0.0067,0.0517,0.0566,0.0323,2.60
11.74,0.0067,0.0517,0.0566,0.0309,2.48
11.76,0.0033,0.0584,0.0566,0.0284,2.30
11.78,0.0034,0.0587,0.0522,0.0298,2.42
11.80,0.0034,0.0587,0.0522,0.0283,2.30
11.82,0.0069,0.0524,0.0486,0.0304,2.43
11.84,0.0069,0.0524,0.0486,0.0289,2.31
11.86,0.0031,0.0528,0.0441,0.0262,2.12
11.88,0.0029,0.0593,0.0444,0.0278,2.26
11.90,0.0029,0.0530,0.0406,0.0262,2.13
11.92,0.0075,0.0530,0.0417,0.0285,2.26
11.94,0.0075,0.0530,0.0417,0.0269,2.13
11.96,0.0025,0.0534,0.0381,0.0240,1.95
11.98,0.0025,0.0599,0.0381,0.0261,2.12
12.00,0.0025,0.0541,0.0346,0.0244,1.99
12.02,0.0078,0.0541,0.0356,0.0268,2.11
12.04,0.0078,0.0541,0.0356,0.0252,1.98
12.06,0.0024,0.0549,0.0320,0.0221,1.79
12.08,0.0027,0.0614,0.0325,0.0238,1.93
12.10,0.0027,0.0557,0.0291,0.0221,1.79
12.12,0.0078,0.0557,0.0305,0.0244,1.90
12.14,0.0078,0.0557,0.0305,0.0227,1.76
12.16,0.0026,0.0557,0.0286,0.0196,1.59
12.18,0.0029,0.0620,0.0292,0.0213,1.72
12.20,0.0029,0.0555,0.0282,0.0196,1.58
12.22,0.0074,0.0555,0.0291,0.0221,1.71
12.24,0.0074,0.0555,0.0291,0.0204,1.57
12.26,0.0030,0.0548,0.0290,0.0174,1.40
12.28,0.0033,0.0609,0.0291,0.0195,1.57
12.30,0.0033,0.0540,0.0294,0.0178,1.42
12.32,0.0067,0.0540,0.0302,0.0201,1.56
12.34,0.0067,0.0540,0.0302,0.0184,1.41
12.36,0.0037,0.0528,0.0316,0.0155,1.23
12.38,0.0040,0.0592,0.0319,0.0172,1.36
12.40,0.0040,0.0515,0.0337,0.0153,1.21
12.42,0.0061,0.0515,0.0345,0.0174,1.34
12.44,0.0061,0.0515,0.0345,0.0156,1.18
12.46,0.0043,0.0499,0.0369,0.0130,1.00
12.48,0.0046,0.0562,0.0372,0.0147,1.14
12.50,0.0046,0.0488,0.0391,0.0129,0.98
12.52,0.0055,0.0488,0.0401,0.0144,1.10
12.54,0.0055,0.0488,0.0401,0.0127,0.94
12.56,0.0047,0.0474,0.0426,0.0104,0.76
12.58,0.0049,0.0536,0.0431,0.0120,0.89
12.60,0.0049,0.0461,0.0450,0.0103,0.73
12.62,0.0054,0.0461,0.0465,0.0112,0.80
12.64,0.0054,0.0461,0.0465,0.0095,0.64
12.66,0.0047,0.0452,0.0479,0.0072,0.45
12.68,0.0043,0.0513,0.0493,0.0076,0.52
12.70,0.0043,0.0440,0.0506,0.0061,0.35
12.72,0.0061,0.0440,0.0526,0.0076,0.38
12.74,0.0061,0.0440,0.0526,0.0066,0.21
12.76,0.0037,0.0437,0.0529,0.0037,0.02
12.78,0.0027,0.0496,0.0550,0.0027,0.03
12.80,0.0027,0.0436,0.0544,0.0032,0.14
12.82,0.0077,0.0436,0.0566,0.0079,0.14
12.84,0.0077,0.0436,0.0566,0.0086,0.31
12.86,0.0019,0.0438,0.0551,0.0062,0.48
12.88,0.0013,0.0499,0.0579,0.0069,0.55
12.90,0.0013,0.0452,0.0556,0.0089,0.72
12.92,0.0092,0.0452,0.0590,0.0137,0.83
12.94,0.0092,0.0452,0.0590,0.0152,1.00
12.96,0.0006,0.0467,0.0555,0.0144,1.18
12.98,0.0001,0.0528,0.0592,0.0162,1.33
13.00,0.0001,0.0486,0.0557,0.0183,1.50
13.02,0.0106,0.0486,0.0593,0.0225,1.64
13.04,0.0106,0.0486,0.0593,0.0244,1.81
13.06,0.0008,0.0506,0.0555,0.0241,1.97
13.08,0.0012,0.0564,0.0584,0.0249,2.04
13.10,0.0012,0.0523,0.0545,0.0270,2.21
13.12,0.0114,0.0523,0.0576,0.0303,2.31
13.14,0.0114,0.0523,0.0576,0.0322,2.49
13.16,0.0013,0.0539,0.0541,0.0322,2.64
13.18,0.0012,0.0598,0.0561,0.0320,2.62
13.20,0.0012,0.0556,0.0527,0.0341,2.80
13.22,0.0111,0.0556,0.0540,0.0352,2.76
13.24,0.0111,0.0556,0.0540,0.0372,2.93
13.26,0.0008,0.0574,0.0507,0.0377,3.08
13.28,0.0002,0.0634,0.0506,0.0356,2.92
13.30,0.0002,0.0592,0.0474,0.0377,3.09
13.32,0.0089,0.0592,0.0474,0.0370,2.96
13.34,0.0089,0.0592,0.0474,0.0390,3.13
13.36,0.0012,0.0604,0.0449,0.0400,3.27
13.38,0.0031,0.0663,0.0438,0.0375,3.05
13.40,0.0031,0.0613,0.0418,0.0396,3.22
13.42,0.0056,0.0613,0.0403,0.0367,2.98
13.44,0.0056,0.0613,0.0403,0.0387,3.15
13.46,0.0046,0.0617,0.0386,0.0406,3.29
13.48,0.0148,0.0675,0.0386,0.0448,3.43
13.50,0.0064,0.0618,0.0357,0.0395,3.18
13.52,0.0020,0.0618,0.0343,0.0359,2.94
13.54,0.0020,0.0618,0.0343,0.0380,3.11
13.56,0.0082,0.0616,0.0335,0.0409,3.26
13.58,0.0102,0.0674,0.0325,0.0388,3.04
13.60,0.0102,0.0611,0.0325,0.0408,3.21
13.62,0.0020,0.0611,0.0306,0.0360,2.93
13.64,0.0020,0.0611,0.0306,0.0380,3.10
13.66,0.0123,0.0605,0.0308,0.0421,3.27
13.68,0.0143,0.0661,0.0286,0.0388,2.92
13.70,0.0143,0.0589,0.0298,0.0407,3.09
13.72,0.0061,0.0589,0.0278,0.0349,2.80
13.74,0.0061,0.0589,0.0278,0.0369,2.97
13.76,0.0163,0.0573,0.0292,0.0418,3.11
13.78,0.0176,0.0629,0.0283,0.0396,2.87
13.80,0.0176,0.0554,0.0299,0.0414,3.03
13.82,0.0085,0.0554,0.0292,0.0356,2.82
13.84,0.0085,0.0554,0.0292,0.0376,2.98
13.86,0.0185,0.0534,0.0308,0.0428,3.12
13.88,0.0184,0.0589,0.0311,0.0406,2.93
13.90,0.0184,0.0511,0.0330,0.0424,3.09
13.92,0.0081,0.0511,0.0341,0.0374,2.98
13.94,0.0081,0.0511,0.0341,0.0394,3.14
13.96,0.0180,0.0490,0.0357,0.0445,3.29
13.98,0.0169,0.0545,0.0376,0.0432,3.21
14.00,0.0169,0.0469,0.0390,0.0450,3.37
14.02,0.0057,0.0469,0.0415,0.0414,3.34
14.04,0.0057,0.0469,0.0415,0.0433,3.50
14.06,0.0156,0.0451,0.0425,0.0474,3.63
14.08,0.0140,0.0506,0.0454,0.0464,3.58
14.10,0.0140,0.0434,0.0457,0.0482,3.74
14.12,0.0021,0.0434,0.0486,0.0457,3.73
14.14,0.0021,0.0434,0.0486,0.0476,3.88
14.16,0.0118,0.0417,0.0485,0.0505,3.98
14.18,0.0095,0.0472,0.0518,0.0495,3.95
14.20,0.0095,0.0409,0.0505,0.0513,4.10
14.22,0.0024,0.0409,0.0526,0.0490,4.01
14.24,0.0024,0.0409,0.0526,0.0508,4.16
14.26,0.0077,0.0405,0.0508,0.0529,4.26
14.28,0.0056,0.0461,0.0532,0.0512,4.15
14.30,0.0056,0.0409,0.0505,0.0530,4.29
14.32,0.0062,0.0409,0.0522,0.0511,4.17
14.34,0.0062,0.0409,0.0522,0.0528,4.31
14.36,0.0038,0.0414,0.0491,0.0541,4.41
14.38,0.0025,0.0469,0.0506,0.0519,4.23
14.40,0.0025,0.0422,0.0473,0.0536,4.38
14.42,0.0092,0.0422,0.0481,0.0515,4.17
14.44,0.0092,0.0422,0.0481,0.0532,4.32
14.46,0.0007,0.0429,0.0448,0.0536,4.39
14.48,0.0007,0.0481,0.0456,0.0503,4.12
14.50,0.0007,0.0436,0.0425,0.0520,4.26
14.52,0.0118,0.0436,0.0427,0.0502,4.03
14.54,0.0118,0.0436,0.0427,0.0518,4.16
14.56,0.0018,0.0447,0.0394,0.0518,4.25
14.58,0.0026,0.0500,0.0394,0.0482,3.94
14.60,0.0026,0.0461,0.0363,0.0498,4.08
14.62,0.0134,0.0461,0.0362,0.0480,3.81
14.64,0.0134,0.0461,0.0362,0.0495,3.94
14.66,0.0033,0.0472,0.0334,0.0490,4.01
14.68,0.0038,0.0525,0.0331,0.0450,3.68
14.70,0.0038,0.0482,0.0307,0.0466,3.81
14.72,0.0142,0.0482,0.0304,0.0451,3.54
14.74,0.0142,0.0482,0.0304,0.0465,3.66
14.76,0.0041,0.0489,0.0284,0.0457,3.73
14.78,0.0043,0.0543,0.0283,0.0422,3.45
14.80,0.0043,0.0543,0.0283,0.0436,3.57
14.82,0.0144,0.0543,0.0282,0.0427,3.33
14.84,0.0144,0.0492,0.0274,0.0441,3.44
14.86,0.0042,0.0494,0.0269,0.0431,3.52
14.88,0.0042,0.0546,0.0274,0.0402,3.28
14.90,0.0042,0.0492,0.0272,0.0415,3.39
14.92,0.0143,0.0492,0.0282,0.0416,3.24
14.94,0.0143,0.0492,0.0282,0.0429,3.35
14.96,0.0041,0.0492,0.0284,0.0417,3.41
14.98,0.0040,0.0544,0.0293,0.0392,3.21
15.00,0.0040,0.0487,0.0303,0.0406,3.31
15.02,0.0139,0.0487,0.0316,0.0409,3.18
15.04,0.0139,0.0487,0.0316,0.0421,3.28
15.06,0.0040,0.0482,0.0327,0.0411,3.35
15.08,0.0038,0.0535,0.0338,0.0388,3.17
15.10,0.0038,0.0478,0.0346,0.0401,3.27
15.12,0.0132,0.0478,0.0355,0.0401,3.13
15.14,0.0132,0.0478,0.0355,0.0412,3.23
15.16,0.0031,0.0475,0.0361,0.0401,3.28
15.18,0.0027,0.0529,0.0372,0.0379,3.10
15.20,0.0027,0.0475,0.0372,0.0390,3.19
15.22,0.0123,0.0475,0.0390,0.0395,3.10
15.24,0.0123,0.0475,0.0390,0.0406,3.19
15.26,0.0023,0.0472,0.0387,0.0393,3.22
15.28,0.0013,0.0526,0.0404,0.0376,3.08
15.30,0.0013,0.0472,0.0399,0.0387,3.17
15.32,0.0106,0.0472,0.0418,0.0389,3.09
15.34,0.0106,0.0472,0.0418,0.0399,3.17
15.36,0.0005,0.0475,0.0409,0.0393,3.22
15.38,0.0005,0.0530,0.0425,0.0374,3.06
15.40,0.0005,0.0478,0.0418,0.0384,3.14
15.42,0.0090,0.0478,0.0438,0.0382,3.06
15.44,0.0090,0.0478,0.0438,0.0392,3.14
15.46,0.0012,0.0480,0.0429,0.0386,3.16
15.48,0.0022,0.0537,0.0449,0.0374,3.05
15.50,0.0022,0.0485,0.0438,0.0383,3.12
15.52,0.0063,0.0485,0.0450,0.0371,3.00
15.54,0.0063,0.0485,0.0450,0.0379,3.07
15.56,0.0038,0.0490,0.0436,0.0381,3.09
15.58,0.0051,0.0548,0.0455,0.0370,2.99
15.60,0.0051,0.0497,0.0439,0.0378,3.06
15.62,0.0044,0.0497,0.0457,0.0362,2.95
15.64,0.0044,0.0497,0.0457,0.0369,3.01
15.66,0.0060,0.0503,0.0442,0.0374,3.01
15.68,0.0070,0.0560,0.0461,0.0357,2.85
15.70,0.0070,0.0510,0.0446,0.0364,2.91
15.72,0.0024,0.0510,0.0466,0.0345,2.82
15.74,0.0024,0.0510,0.0466,0.0351,2.87
15.76,0.0080,0.0520,0.0449,0.0363,2.89
15.78,0.0088,0.0578,0.0472,0.0350,2.75
15.80,0.0088,0.0530,0.0453,0.0356,2.80
15.82,0.0009,0.0530,0.0476,0.0333,2.73
15.84,0.0009,0.0530,0.0476,0.0339,2.78
15.86,0.0095,0.0540,0.0458,0.0356,2.79
15.88,0.0104,0.0600,0.0483,0.0348,2.70
15.90,0.0104,0.0548,0.0469,0.0353,2.74
15.92,0.0006,0.0548,0.0495,0.0328,2.68
15.94,0.0006,0.0548,0.0495,0.0333,2.72
15.96,0.0110,0.0553,0.0481,0.0351,2.71
15.98,0.0113,0.0612,0.0511,0.0342,2.62
16.00,0.0113,0.0559,0.0495,0.0346,2.65
16.02,0.0013,0.0559,0.0525,0.0320,2.62
16.04,0.0013,0.0559,0.0525,0.0324,2.65
16.06,0.0116,0.0566,0.0508,0.0345,2.64
16.08,0.0114,0.0624,0.0540,0.0336,2.57
16.10,0.0114,0.0569,0.0527,0.0339,2.59
16.12,0.0009,0.0569,0.0561,0.0315,2.57
16.14,0.0009,0.0569,0.0561,0.0318,2.60
16.16,0.0110,0.0569,0.0548,0.0335,2.57
16.18,0.0105,0.0627,0.0587,0.0329,2.53
16.20,0.0105,0.0573,0.0572,0.0331,2.55
16.22,0.0004,0.0573,0.0603,0.0307,2.51
16.24,0.0004,0.0573,0.0603,0.0309,2.53
16.26,0.0104,0.0574,0.0584,0.0323,2.49
16.28,0.0099,0.0631,0.0621,0.0314,2.42
16.30,0.0099,0.0575,0.0603,0.0316,2.44
16.32,0.0007,0.0575,0.0641,0.0298,2.44
16.34,0.0007,0.0575,0.0641,0.0299,2.45
16.36,0.0095,0.0579,0.0620,0.0311,2.41
16.38,0.0085,0.0640,0.0660,0.0303,2.36
16.40,0.0085,0.0585,0.0637,0.0303,2.37
16.42,0.0025,0.0585,0.0681,0.0294,2.40
16.44,0.0025,0.0585,0.0681,0.0294,2.40
16.46,0.0079,0.0590,0.0659,0.0300,2.35
16.48,0.0073,0.0651,0.0702,0.0297,2.35
16.50,0.0073,0.0598,0.0678,0.0297,2.34
16.52,0.0038,0.0598,0.0720,0.0290,2.36
16.54,0.0038,0.0598,0.0720,0.0289,2.35
16.56,0.0065,0.0602,0.0694,0.0288,2.29
16.58,0.0056,0.0663,0.0737,0.0283,2.26
16.60,0.0056,0.0611,0.0708,0.0281,2.25
16.62,0.0051,0.0611,0.0751,0.0282,2.28
16.64,0.0051,0.0611,0.0751,0.0280,2.26
16.66,0.0051,0.0621,0.0719,0.0276,2.21
16.68,0.0046,0.0683,0.0763,0.0275,2.21
16.70,0.0046,0.0631,0.0731,0.0273,2.19
16.72,0.0062,0.0631,0.0774,0.0278,2.22
16.74,0.0062,0.0631,0.0774,0.0275,2.20
16.76,0.0042,0.0639,0.0743,0.0265,2.14
16.78,0.0039,0.0702,0.0785,0.0264,2.13
16.80,0.0039,0.0648,0.0749,0.0261,2.10
16.82,0.0068,0.0648,0.0794,0.0270,2.15
16.84,0.0068,0.0648,0.0794,0.0266,2.12
16.86,0.0036,0.0658,0.0760,0.0255,2.06
16.88,0.0034,0.0725,0.0807,0.0261,2.12
16.90,0.0034,0.0669,0.0771,0.0257,2.08
16.92,0.0071,0.0669,0.0816,0.0269,2.14
16.94,0.0071,0.0669,0.0816,0.0265,2.10
16.96,0.0035,0.0678,0.0782,0.0249,2.01
16.98,0.0037,0.0743,0.0828,0.0252,2.03
17.00,0.0037,0.0686,0.0794,0.0246,1.99
17.02,0.0066,0.0686,0.0839,0.0258,2.05
17.04,0.0066,0.0686,0.0839,0.0252,2.00
17.06,0.0037,0.0697,0.0802,0.0238,1.92
17.08,0.0039,0.0762,0.0850,0.0245,1.98
17.10,0.0039,0.0703,0.0817,0.0239,1.92
17.12,0.0064,0.0703,0.0866,0.0253,2.01
17.14,0.0064,0.0703,0.0866,0.0246,1.96
17.16,0.0038,0.0712,0.0829,0.0233,1.88
17.18,0.0037,0.0777,0.0884,0.0246,1.98
17.20,0.0037,0.0719,0.0848,0.0238,1.92
17.22,0.0068,0.0719,0.0899,0.0254,2.02
17.24,0.0068,0.0719,0.0899,0.0247,1.95
17.26,0.0036,0.0727,0.0862,0.0229,1.85
17.28,0.0035,0.0792,0.0913,0.0234,1.89
17.30,0.0035,0.0734,0.0877,0.0226,1.82
17.32,0.0068,0.0734,0.0928,0.0244,1.92
17.34,0.0068,0.0734,0.0928,0.0236,1.85
17.36,0.0035,0.0738,0.0889,0.0216,1.74
17.38,0.0036,0.0805,0.0941,0.0224,1.81
17.40,0.0036,0.0743,0.0903,0.0215,1.73
17.42,0.0068,0.0743,0.0955,0.0233,1.84
17.44,0.0068,0.0743,0.0955,0.0224,1.76
17.46,0.0036,0.0747,0.0916,0.0204,1.64
17.48,0.0037,0.0813,0.0968,0.0212,1.70
17.50,0.0037,0.0750,0.0926,0.0202,1.62
17.52,0.0065,0.0750,0.0975,0.0216,1.69
17.54,0.0065,0.0750,0.0975,0.0206,1.61
17.56,0.0038,0.0750,0.0933,0.0185,1.48
17.58,0.0035,0.0815,0.0985,0.0190,1.53
17.60,0.0035,0.0749,0.0943,0.0180,1.44
17.62,0.0068,0.0749,0.0991,0.0195,1.50
17.64,0.0068,0.0749,0.0991,0.0184,1.41
17.66,0.0035,0.0749,0.0950,0.0162,1.29
17.68,0.0034,0.0814,0.0999,0.0166,1.33
17.70,0.0034,0.0749,0.0953,0.0155,1.23
17.72,0.0069,0.0749,0.1006,0.0176,1.33
17.74,0.0069,0.0749,0.1006,0.0165,1.23
17.76,0.0034,0.0750,0.0959,0.0139,1.10
17.78,0.0034,0.0817,0.1012,0.0148,1.18
17.80,0.0034,0.0751,0.0966,0.0136,1.08
17.82,0.0069,0.0751,0.1016,0.0155,1.14
17.84,0.0069,0.0751,0.1016,0.0144,1.04
17.86,0.0033,0.0755,0.0966,0.0119,0.93
17.88,0.0036,0.0823,0.1022,0.0131,1.03
17.90,0.0036,0.0761,0.0969,0.0118,0.92
17.92,0.0067,0.0761,0.1017,0.0135,0.96
17.94,0.0067,0.0761,0.1017,0.0123,0.85
17.96,0.0035,0.0764,0.0966,0.0094,0.72
17.98,0.0038,0.0832,0.1018,0.0104,0.79
18.00,0.0038,0.0767,0.0967,0.0091,0.68
18.02,0.0062,0.0767,0.1015,0.0107,0.71
18.04,0.0062,0.0767,0.1015,0.0096,0.60
18.06,0.0040,0.0770,0.0963,0.0069,0.46
18.08,0.0045,0.0839,0.1015,0.0081,0.54
18.10,0.0045,0.0773,0.0964,0.0069,0.42
18.12,0.0056,0.0773,0.1014,0.0081,0.48
18.14,0.0056,0.0773,0.1014,0.0071,0.35
18.16,0.0045,0.0774,0.0967,0.0053,0.22
18.18,0.0051,0.0844,0.1017,0.0061,0.28
18.20,0.0051,0.0776,0.0967,0.0054,0.15
18.22,0.0052,0.0776,0.1014,0.0056,0.17
18.24,0.0052,0.0776,0.1014,0.0053,0.04
18.26,0.0051,0.0778,0.0966,0.0053,0.09
18.28,0.0057,0.0849,0.1008,0.0059,0.12
18.30,0.0057,0.0777,0.0963,0.0065,0.25
18.32,0.0045,0.0777,0.1003,0.0058,0.30
18.34,0.0045,0.0777,0.1003,0.0070,0.44
18.36,0.0059,0.0775,0.0958,0.0091,0.56
18.38,0.0062,0.0846,0.0993,0.0101,0.65
18.40,0.0062,0.0770,0.0949,0.0115,0.79
18.42,0.0041,0.0770,0.0980,0.0120,0.93
18.44,0.0041,0.0770,0.0980,0.0137,1.07
18.46,0.0061,0.0766,0.0934,0.0160,1.21
18.48,0.0062,0.0837,0.0963,0.0177,1.35
18.50,0.0062,0.0760,0.0918,0.0193,1.49
18.52,0.0039,0.0760,0.0949,0.0203,1.63
18.54,0.0039,0.0760,0.0949,0.0220,1.78
18.56,0.0061,0.0754,0.0906,0.0239,1.88
18.58,0.0058,0.0825,0.0942,0.0245,1.94
18.60,0.0058,0.0748,0.0900,0.0263,2.09
18.62,0.0044,0.0748,0.0945,0.0262,2.12
18.64,0.0044,0.0748,0.0945,0.0280,2.27
18.66,0.0055,0.0736,0.0904,0.0299,2.40
18.68,0.0057,0.0808,0.0949,0.0297,2.38
18.70,0.0057,0.0728,0.0908,0.0316,2.53
18.72,0.0041,0.0728,0.0967,0.0300,2.44
18.74,0.0041,0.0728,0.0967,0.0318,2.59
18.76,0.0061,0.0725,0.0922,0.0336,2.69
18.78,0.0068,0.0797,0.0984,0.0316,2.51
18.80,0.0068,0.0720,0.0940,0.0335,2.67
18.82,0.0024,0.0720,0.1008,0.0305,2.49
18.84,0.0024,0.0720,0.1008,0.0324,2.65
18.86,0.0077,0.0717,0.0963,0.0347,2.75
18.88,0.0081,0.0790,0.1032,0.0321,2.52
18.90,0.0081,0.0716,0.0985,0.0340,2.69
18.92,0.0015,0.0716,0.1057,0.0303,2.48
18.94,0.0015,0.0716,0.1057,0.0323,2.64
18.96,0.0087,0.0719,0.1007,0.0350,2.76
18.98,0.0188,0.0793,0.1007,0.0402,2.87
19.00,0.0092,0.0723,0.1027,0.0342,2.68
19.02,0.0005,0.0723,0.1102,0.0300,2.45
19.04,0.0005,0.0723,0.1102,0.0320,2.62
19.06,0.0097,0.0727,0.1049,0.0351,2.74
19.08,0.0098,0.0800,0.1122,0.0321,2.48
19.10,0.0098,0.0732,0.1067,0.0340,2.65
19.12,0.0001,0.0732,0.1148,0.0289,2.37
19.14,0.0001,0.0732,0.1148,0.0310,2.54
19.16,0.0103,0.0746,0.1090,0.0342,2.65
19.18,0.0108,0.0820,0.1174,0.0302,2.29
19.20,0.0108,0.0758,0.1113,0.0321,2.46
19.22,0.0014,0.0758,0.1201,0.0259,2.11
19.24,0.0014,0.0758,0.1201,0.0279,2.28
19.26,0.0114,0.0770,0.1138,0.0318,2.41
19.28,0.0118,0.0845,0.1217,0.0285,2.10
19.30,0.0118,0.0786,0.1153,0.0304,2.27
19.32,0.0118,0.0786,0.1153,0.0323,2.44
19.34,0.0018,0.0786,0.1233,0.0266,2.17
19.36,0.0118,0.0800,0.1169,0.0307,2.30
19.38,0.0117,0.0876,0.1242,0.0278,2.05
19.40,0.0117,0.0809,0.1185,0.0297,2.22
19.42,0.0013,0.0809,0.1261,0.0243,1.98
19.44,0.0013,0.0809,0.1261,0.0264,2.16
19.46,0.0114,0.0820,0.1199,0.0304,2.29
19.48,0.0109,0.0895,0.1270,0.0276,2.06
19.50,0.0109,0.0829,0.1207,0.0295,2.23
19.52,0.0008,0.0829,0.1264,0.0267,2.19
19.54,0.0008,0.0829,0.1264,0.0288,2.36
19.56,0.0091,0.0838,0.1203,0.0318,2.48
19.58,0.0068,0.0912,0.1254,0.0305,2.43
19.60,0.0068,0.0845,0.1193,0.0326,2.60
19.62,0.0050,0.0845,0.1248,0.0316,2.57
19.64,0.0050,0.0845,0.1248,0.0337,2.74
19.66,0.0049,0.0850,0.1189,0.0354,2.86
19.68,0.0029,0.0924,0.1238,0.0347,2.82
19.70,0.0029,0.0852,0.1180,0.0368,2.99
19.72,0.0085,0.0852,0.1236,0.0367,2.94
19.74,0.0085,0.0852,0.1236,0.0387,3.11
19.76,0.0013,0.0853,0.1182,0.0394,3.22
19.78,0.0002,0.0929,0.1241,0.0376,3.08
19.80,0.0002,0.0852,0.1191,0.0397,3.25
19.82,0.0113,0.0852,0.1263,0.0385,3.03
19.84,0.0113,0.0852,0.1263,0.0404,3.20
19.86,0.0013,0.0851,0.1212,0.0404,3.31
19.88,0.0019,0.0926,0.1286,0.0369,3.02
19.90,0.0019,0.0848,0.1235,0.0390,3.19
19.92,0.0122,0.0848,0.1313,0.0373,2.91
19.94,0.0122,0.0848,0.1313,0.0392,3.08
19.96,0.0022,0.0845,0.1262,0.0388,3.18
19.98,0.0023,0.0921,0.1343,0.0342,2.80
20.00,0.0023,0.0840,0.1292,0.0362,2.96
20.02,0.0118,0.0840,0.1375,0.0339,2.62
20.04,0.0118,0.0840,0.1375,0.0358,2.79
20.06,0.0018,0.0834,0.1323,0.0354,2.90
20.08,0.0010,0.0911,0.1407,0.0303,2.48
20.10,0.0010,0.0830,0.1352,0.0323,2.65
20.12,0.0102,0.0830,0.1433,0.0298,2.31
20.14,0.0102,0.0830,0.1433,0.0317,2.47
20.16,0.0002,0.0829,0.1374,0.0316,2.59
20.18,0.0006,0.0905,0.1452,0.0271,2.22
20.20,0.0006,0.0827,0.1391,0.0291,2.38
20.22,0.0086,0.0827,0.1464,0.0270,2.11
20.24,0.0086,0.0827,0.1464,0.0289,2.27
20.26,0.0013,0.0829,0.1397,0.0291,2.38
20.28,0.0024,0.0905,0.1470,0.0252,2.05
20.30,0.0024,0.0831,0.1402,0.0271,2.21
20.32,0.0069,0.0831,0.1471,0.0250,1.97
20.34,0.0069,0.0831,0.1471,0.0268,2.13
20.36,0.0031,0.0839,0.1399,0.0274,2.22
20.38,0.0041,0.0917,0.1464,0.0242,1.95
20.40,0.0041,0.0848,0.1388,0.0261,2.10
20.42,0.0051,0.0848,0.1450,0.0239,1.91
20.44,0.0051,0.0848,0.1450,0.0257,2.07
20.46,0.0048,0.0859,0.1375,0.0269,2.15
20.48,0.0052,0.0935,0.1436,0.0242,1.93
20.50,0.0052,0.0866,0.1361,0.0260,2.08
20.52,0.0040,0.0866,0.1418,0.0238,1.92
20.54,0.0040,0.0866,0.1418,0.0256,2.07
20.56,0.0057,0.0872,0.1345,0.0272,2.17
20.58,0.0058,0.0947,0.1399,0.0251,1.99
20.60,0.0058,0.0879,0.1325,0.0268,2.14
20.62,0.0035,0.0879,0.1383,0.0243,1.98
20.64,0.0035,0.0879,0.1383,0.0261,2.12
20.66,0.0062,0.0879,0.1315,0.0278,2.21
20.68,0.0062,0.0954,0.1366,0.0260,2.05
20.70,0.0062,0.0877,0.1300,0.0277,2.20
20.72,0.0031,0.0877,0.1356,0.0253,2.06
20.74,0.0031,0.0877,0.1356,0.0270,2.20
20.76,0.0068,0.0874,0.1291,0.0287,2.27
20.78,0.0067,0.0949,0.1343,0.0268,2.12
20.80,0.0067,0.0865,0.1283,0.0285,2.25
20.82,0.0031,0.0865,0.1340,0.0259,2.11
20.84,0.0031,0.0865,0.1340,0.0276,2.25
20.86,0.0067,0.0853,0.1282,0.0293,2.32
20.88,0.0065,0.0929,0.1336,0.0271,2.15
20.90,0.0065,0.0840,0.1279,0.0287,2.28
20.92,0.0035,0.0840,0.1334,0.0264,2.15
20.94,0.0035,0.0840,0.1334,0.0280,2.28
20.96,0.0063,0.0828,0.1276,0.0295,2.35
20.98,0.0061,0.0904,0.1330,0.0272,2.16
21.00,0.0061,0.0817,0.1271,0.0287,2.28
21.02,0.0037,0.0817,0.1330,0.0261,2.12
21.04,0.0037,0.0817,0.1330,0.0276,2.25
21.06,0.0063,0.0806,0.1271,0.0288,2.29
21.08,0.0062,0.0884,0.1325,0.0264,2.09
21.10,0.0062,0.0797,0.1265,0.0279,2.21
21.12,0.0038,0.0797,0.1324,0.0253,2.05
21.14,0.0038,0.0797,0.1324,0.0267,2.17
21.16,0.0063,0.0792,0.1257,0.0281,2.23
21.18,0.0061,0.0871,0.1312,0.0259,2.05
21.20,0.0061,0.0791,0.1244,0.0273,2.16
21.22,0.0039,0.0791,0.1302,0.0248,2.01
21.24,0.0039,0.0791,0.1302,0.0262,2.12
21.26,0.0063,0.0793,0.1231,0.0275,2.18
21.28,0.0059,0.0871,0.1287,0.0249,1.98
21.30,0.0059,0.0796,0.1216,0.0262,2.08
21.32,0.0045,0.0796,0.1269,0.0245,1.98
21.34,0.0045,0.0796,0.1269,0.0258,2.08
21.36,0.0055,0.0801,0.1199,0.0263,2.10
21.38,0.0046,0.0879,0.1249,0.0242,1.94
21.40,0.0046,0.0806,0.1179,0.0254,2.04
21.42,0.0060,0.0806,0.1229,0.0246,1.96
21.44,0.0060,0.0806,0.1229,0.0257,2.05
21.46,0.0039,0.0811,0.1159,0.0255,2.06
21.48,0.0026,0.0886,0.1206,0.0238,1.93
21.50,0.0026,0.0815,0.1135,0.0249,2.02
21.52,0.0081,0.0815,0.1183,0.0250,1.95
21.54,0.0081,0.0815,0.1183,0.0260,2.04
21.56,0.0017,0.0816,0.1120,0.0250,2.04
21.58,0.0007,0.0890,0.1164,0.0234,1.91
21.60,0.0007,0.0814,0.1102,0.0244,2.00
21.62,0.0101,0.0814,0.1148,0.0256,1.94
21.64,0.0101,0.0814,0.1148,0.0265,2.02
21.66,0.0003,0.0807,0.1090,0.0250,2.04
21.68,0.0012,0.0880,0.1136,0.0236,1.93
21.70,0.0012,0.0796,0.1080,0.0245,2.01
21.72,0.0122,0.0796,0.1123,0.0268,1.97
21.74,0.0122,0.0796,0.1123,0.0276,2.04
21.76,0.0023,0.0784,0.1073,0.0252,2.06
21.78,0.0031,0.0858,0.1119,0.0237,1.93
21.80,0.0031,0.0771,0.1071,0.0245,2.00
21.82,0.0137,0.0771,0.1110,0.0277,1.99
21.84,0.0137,0.0771,0.1110,0.0284,2.06
21.86,0.0038,0.0757,0.1062,0.0257,2.08
21.88,0.0040,0.0830,0.1101,0.0248,2.01
21.90,0.0040,0.0742,0.1055,0.0256,2.08
21.92,0.0143,0.0742,0.1091,0.0289,2.08
21.94,0.0143,0.0742,0.1091,0.0296,2.14
21.96,0.0044,0.0730,0.1041,0.0265,2.15
21.98,0.0043,0.0806,0.1078,0.0255,2.07
22.00,0.0043,0.0726,0.1025,0.0262,2.12
22.02,0.0144,0.0726,0.1062,0.0293,2.11
22.04,0.0144,0.0726,0.1062,0.0298,2.16
22.06,0.0041,0.0724,0.1009,0.0268,2.17
22.08,0.0034,0.0798,0.1046,0.0260,2.12
22.10,0.0034,0.0724,0.0990,0.0266,2.16
22.12,0.0131,0.0724,0.1025,0.0292,2.16
22.14,0.0131,0.0724,0.1025,0.0297,2.20
22.16,0.0025,0.0728,0.0968,0.0270,2.21
22.18,0.0017,0.0802,0.1006,0.0262,2.14
22.20,0.0017,0.0730,0.0949,0.0267,2.18
22.22,0.0114,0.0730,0.0983,0.0287,2.17
22.24,0.0114,0.0730,0.0983,0.0291,2.21
22.26,0.0009,0.0733,0.0929,0.0271,2.22
22.28,0.0001,0.0805,0.0964,0.0266,2.18
22.30,0.0001,0.0734,0.0911,0.0270,2.21
22.32,0.0095,0.0734,0.0943,0.0285,2.22
22.34,0.0095,0.0734,0.0943,0.0289,2.25
22.36,0.0011,0.0735,0.0891,0.0273,2.23
22.38,0.0018,0.0807,0.0925,0.0268,2.19
22.40,0.0018,0.0734,0.0875,0.0271,2.21
22.42,0.0079,0.0734,0.0907,0.0282,2.22
22.44,0.0079,0.0734,0.0907,0.0284,2.25
22.46,0.0025,0.0730,0.0859,0.0275,2.23
22.48,0.0034,0.0805,0.0891,0.0270,2.19
22.50,0.0034,0.0727,0.0849,0.0272,2.20
22.52,0.0063,0.0727,0.0880,0.0277,2.22
22.54,0.0063,0.0727,0.0880,0.0278,2.23
22.56,0.0044,0.0724,0.0839,0.0271,2.19
22.58,0.0053,0.0798,0.0871,0.0270,2.16
22.60,0.0053,0.0718,0.0833,0.0271,2.17
22.62,0.0048,0.0718,0.0863,0.0271,2.19
22.64,0.0048,0.0718,0.0863,0.0272,2.20
22.66,0.0059,0.0711,0.0827,0.0272,2.16
22.68,0.0064,0.0785,0.0857,0.0272,2.15
22.70,0.0064,0.0703,0.0822,0.0272,2.15
22.72,0.0038,0.0703,0.0851,0.0269,2.19
22.74,0.0038,0.0703,0.0851,0.0269,2.19
22.76,0.0069,0.0696,0.0817,0.0271,2.14
22.78,0.0071,0.0769,0.0844,0.0272,2.14
22.80,0.0071,0.0690,0.0810,0.0271,2.13
22.82,0.0030,0.0690,0.0839,0.0265,2.16
22.84,0.0030,0.0690,0.0839,0.0264,2.15
22.86,0.0072,0.0681,0.0806,0.0268,2.10
22.88,0.0075,0.0751,0.0836,0.0265,2.07
22.90,0.0075,0.0675,0.0802,0.0263,2.05
22.92,0.0024,0.0675,0.0829,0.0255,2.09
22.94,0.0024,0.0675,0.0829,0.0253,2.07
22.96,0.0078,0.0670,0.0790,0.0258,2.00
22.98,0.0079,0.0741,0.0818,0.0255,1.98
23.00,0.0079,0.0667,0.0781,0.0253,1.96
23.02,0.0025,0.0667,0.0807,0.0246,2.01
23.04,0.0025,0.0667,0.0807,0.0243,1.98
23.06,0.0079,0.0665,0.0769,0.0249,1.92
23.08,0.0081,0.0735,0.0797,0.0250,1.92
23.10,0.0081,0.0664,0.0760,0.0246,1.89
23.12,0.0023,0.0664,0.0786,0.0237,1.94
23.14,0.0023,0.0664,0.0786,0.0233,1.90
23.16,0.0084,0.0668,0.0748,0.0239,1.82
23.18,0.0085,0.0739,0.0774,0.0238,1.81
23.20,0.0085,0.0670,0.0736,0.0234,1.78
23.22,0.0017,0.0670,0.0761,0.0222,1.82
23.24,0.0017,0.0670,0.0761,0.0217,1.77
23.26,0.0088,0.0670,0.0723,0.0227,1.70
23.28,0.0090,0.0739,0.0747,0.0230,1.72
23.30,0.0090,0.0669,0.0709,0.0225,1.67
23.32,0.0013,0.0669,0.0736,0.0207,1.70
23.34,0.0013,0.0669,0.0736,0.0202,1.65
23.36,0.0092,0.0667,0.0703,0.0213,1.57
23.38,0.0093,0.0739,0.0728,0.0213,1.56
23.40,0.0093,0.0667,0.0695,0.0207,1.50
23.42,0.0006,0.0667,0.0718,0.0189,1.54
23.44,0.0006,0.0667,0.0718,0.0182,1.49
23.46,0.0098,0.0665,0.0686,0.0197,1.39
23.48,0.0103,0.0736,0.0710,0.0197,1.37
23.50,0.0103,0.0664,0.0678,0.0191,1.31
23.52,0.0004,0.0664,0.0697,0.0169,1.38
23.54,0.0004,0.0664,0.0697,0.0161,1.32
23.56,0.0111,0.0660,0.0669,0.0187,1.22
23.58,0.0116,0.0731,0.0691,0.0192,1.24
23.60,0.0116,0.0653,0.0667,0.0185,1.17
23.62,0.0014,0.0653,0.0682,0.0158,1.28
23.64,0.0014,0.0653,0.0682,0.0149,1.21
23.66,0.0120,0.0650,0.0655,0.0181,1.10
23.68,0.0125,0.0722,0.0675,0.0187,1.13
23.70,0.0125,0.0645,0.0648,0.0180,1.05
23.72,0.0024,0.0645,0.0662,0.0144,1.16
23.74,0.0024,0.0645,0.0662,0.0135,1.08
23.76,0.0129,0.0640,0.0636,0.0176,0.97
23.78,0.0136,0.0711,0.0654,0.0183,0.99
23.80,0.0136,0.0635,0.0629,0.0177,0.91
23.82,0.0040,0.0635,0.0646,0.0127,0.99
23.84,0.0040,0.0635,0.0646,0.0117,0.90
23.86,0.0142,0.0629,0.0622,0.0171,0.77
23.88,0.0145,0.0696,0.0642,0.0173,0.77
23.90,0.0145,0.0622,0.0616,0.0167,0.68
23.92,0.0047,0.0622,0.0633,0.0104,0.76
23.94,0.0047,0.0622,0.0633,0.0094,0.66
23.96,0.0148,0.0617,0.0608,0.0162,0.52
23.98,0.0151,0.0684,0.0628,0.0165,0.54
24.00,0.0151,0.0609,0.0605,0.0161,0.44
24.02,0.0053,0.0609,0.0625,0.0079,0.48
24.04,0.0053,0.0609,0.0625,0.0070,0.38
24.06,0.0154,0.0605,0.0601,0.0158,0.25
24.08,0.0159,0.0671,0.0630,0.0160,0.18
24.10,0.0159,0.0601,0.0606,0.0159,0.08
24.12,0.0062,0.0601,0.0633,0.0062,0.05
24.14,0.0062,0.0601,0.0633,0.0062,0.06
24.16,0.0162,0.0594,0.0612,0.0164,0.18
24.18,0.0166,0.0658,0.0643,0.0169,0.24
24.20,0.0166,0.0588,0.0619,0.0172,0.35
24.22,0.0067,0.0588,0.0654,0.0087,0.45
24.24,0.0067,0.0588,0.0654,0.0096,0.56
24.26,0.0169,0.0584,0.0627,0.0189,0.68
24.28,0.0171,0.0648,0.0664,0.0196,0.78
24.30,0.0171,0.0577,0.0637,0.0204,0.89
24.32,0.0070,0.0577,0.0676,0.0143,1.02
24.34,0.0070,0.0577,0.0676,0.0156,1.14
24.36,0.0172,0.0575,0.0645,0.0232,1.26
24.38,0.0171,0.0640,0.0684,0.0243,1.40
24.40,0.0171,0.0572,0.0654,0.0254,1.52
24.42,0.0068,0.0572,0.0694,0.0215,1.66
24.44,0.0068,0.0572,0.0694,0.0230,1.79
24.46,0.0172,0.0569,0.0663,0.0291,1.89
24.48,0.0171,0.0634,0.0702,0.0304,2.03
24.50,0.0171,0.0569,0.0670,0.0317,2.16
24.52,0.0066,0.0569,0.0706,0.0285,2.26
24.54,0.0066,0.0569,0.0706,0.0301,2.39
24.56,0.0170,0.0570,0.0672,0.0352,2.49
24.58,0.0167,0.0632,0.0706,0.0356,2.54
24.60,0.0167,0.0573,0.0669,0.0370,2.68
24.62,0.0057,0.0573,0.0694,0.0333,2.67
24.64,0.0057,0.0573,0.0694,0.0349,2.81
24.66,0.0163,0.0579,0.0656,0.0396,2.92
24.68,0.0158,0.0644,0.0683,0.0395,2.93
24.70,0.0158,0.0585,0.0647,0.0411,3.07
24.72,0.0051,0.0585,0.0662,0.0371,3.00
24.74,0.0051,0.0585,0.0662,0.0389,3.14
24.76,0.0155,0.0591,0.0625,0.0414,3.11
