t,d01_err,d02_err,d12_err,o_error,o_error_deg
0.00,0.7000,0.8000,1.0000,0.0000,56.31
0.02,0.7000,0.8000,1.0000,0.0000,56.31
0.04,0.7000,0.8000,1.0000,0.0000,56.31
0.06,0.7000,0.8000,1.0000,0.0000,56.31
0.08,0.7000,0.8000,1.0000,0.0000,56.31
0.10,0.7000,0.8000,1.0000,0.0000,56.31
0.12,0.7000,0.8000,1.0000,0.0000,56.31
0.14,0.7000,0.8000,1.0000,0.0000,56.31
0.16,0.7000,0.8000,1.0000,0.0000,56.31
0.18,0.7000,0.8000,1.0000,0.0000,56.31
0.20,0.5000,0.7806,0.4208,0.2000,56.29
0.22,1.0002,0.7806,0.7120,1.7002,28.24
0.24,1.0002,0.7806,0.7120,1.7002,28.24
0.26,1.0002,0.7806,0.7120,1.7002,28.24
0.28,1.0002,0.7806,0.7120,1.7002,28.24
0.30,1.0002,0.7806,0.7120,1.7002,28.24
0.32,1.0002,0.7806,0.7120,1.7002,28.24
0.34,1.0002,0.7806,0.7120,1.7002,28.24
0.36,1.0002,0.7806,0.7120,1.7002,28.24
0.38,1.0002,0.7806,0.7120,1.7002,28.24
0.40,1.0002,0.7806,0.7120,1.7002,28.24
0.42,1.0002,0.7806,0.7120,1.7002,28.24
0.44,1.0002,0.7806,0.7120,1.7002,28.24
0.46,1.0002,0.7806,0.7120,1.7002,28.24
0.48,1.0002,0.7806,0.7120,1.7002,28.24
0.50,1.0002,0.7806,0.7120,1.7002,28.24
0.52,1.0002,0.7806,0.7120,1.7002,28.24
0.54,1.0002,0.7806,0.7120,1.7002,28.24
0.56,1.0002,0.7806,0.7120,1.7002,28.24
0.58,1.0002,0.7806,0.7120,1.7002,28.24
0.60,1.0002,0.7806,0.7120,1.7002,28.24
0.62,1.0002,0.7806,0.7120,1.7002,28.24
0.64,1.0002,0.7806,0.7120,1.7002,28.24
0.66,1.0002,0.7806,0.7120,1.7002,28.24
0.68,1.0002,0.7806,0.7120,1.7002,28.24
0.70,1.0002,0.7806,0.7120,1.7002,28.24
0.72,1.0002,0.7806,0.7120,1.7002,28.24
0.74,1.0002,0.7806,0.7120,1.7002,28.24
0.76,1.0002,0.7806,0.7120,1.7002,28.24
0.78,1.0002,0.7806,0.7120,1.7002,28.24
0.80,1.0002,0.7806,0.7120,1.7002,28.24
0.82,1.0002,0.7806,0.7120,1.7002,28.24
0.84,1.0002,0.7806,0.7120,1.7002,28.24
0.86,1.0002,0.7806,0.7120,1.7002,28.24
0.88,1.0002,0.7806,0.7120,1.7002,28.24
0.90,1.0002,0.7806,0.7120,1.7002,28.24
0.92,1.0002,0.7806,0.7120,1.7002,28.24
0.94,1.0002,0.7806,0.7120,1.7002,28.24
0.96,1.0002,0.7806,0.7120,1.7002,28.24
0.98,1.0002,0.7806,0.7120,1.7002,28.24
1.00,1.0002,0.7806,0.7120,1.7002,28.24
1.02,1.0002,0.7806,0.7120,1.7002,28.24
1.04,1.0002,0.7806,0.7120,1.7002,28.24
1.06,1.0002,0.7806,0.7120,1.7002,28.24
1.08,1.0002,0.7806,0.7120,1.7002,28.24
1.10,1.0002,0.7806,0.7120,1.7002,28.24
1.12,1.0002,0.7806,0.7120,1.7002,28.24
1.14,1.0002,0.7806,0.7120,1.7002,28.24
1.16,1.0002,0.7806,0.7120,1.7002,28.24
1.18,1.0002,0.7806,0.7120,1.7002,28.24
1.20,1.0002,0.7806,0.7120,1.7002,28.24
1.22,1.0002,0.7806,0.7120,1.7002,28.24
1.24,1.0002,0.7806,0.7120,1.7002,28.24
1.26,1.0002,0.7806,0.7120,1.7002,28.24
1.28,1.0002,0.7806,0.7120,1.7002,28.24
1.30,1.0002,0.7806,0.7120,1.7002,28.24
1.32,1.0002,0.7806,0.7120,1.7002,28.24
1.34,1.0002,0.7806,0.7120,1.7002,28.24
1.36,1.0002,0.7806,0.7120,1.7002,28.24
1.38,1.0002,0.7806,0.7120,1.7002,28.24
1.40,1.0002,0.7806,0.7120,1.7002,28.24
1.42,1.0002,0.7806,0.7120,1.7002,28.24
1.44,1.0002,0.7806,0.7120,1.7002,28.24
1.46,1.0002,0.7806,0.7120,1.7002,28.24
1.48,1.0002,0.7806,0.7120,1.7002,28.24
1.50,1.0002,0.7806,0.7120,1.7002,28.24
1.52,1.0002,0.7806,0.7120,1.7002,28.24
1.54,1.0002,0.7806,0.7120,1.7002,28.24
1.56,1.0002,0.7806,0.7120,1.7002,28.24
1.58,1.0002,0.7806,0.7120,1.7002,28.24
1.60,1.0002,0.7806,0.7120,1.7002,28.24
1.62,1.0002,0.7806,0.7120,1.7002,28.24
1.64,1.0002,0.7806,0.7120,1.7002,28.24
1.66,1.0002,0.7806,0.7120,1.7002,28.24
1.68,1.0002,0.7806,0.7120,1.7002,28.24
1.70,1.0002,0.7806,0.7120,1.7002,28.24
1.72,1.0002,0.7806,0.7120,1.7002,28.24
1.74,1.0002,0.7806,0.7120,1.7002,28.24
1.76,1.0002,0.7806,0.7120,1.7002,28.24
1.78,1.0002,0.7806,0.7120,1.7002,28.24
1.80,1.0002,0.7806,0.7120,1.7002,28.24
1.82,1.0002,0.7806,0.7120,1.7002,28.24
1.84,1.0002,0.7806,0.7120,1.7002,28.24
1.86,1.0002,0.7806,0.7120,1.7002,28.24
1.88,1.0002,0.7806,0.7120,1.7002,28.24
1.90,1.0002,0.7806,0.7120,1.7002,28.24
1.92,1.0002,0.7806,0.7120,1.7002,28.24
1.94,1.0002,0.7806,0.7120,1.7002,28.24
1.96,1.0002,0.7806,0.7120,1.7002,28.24
1.98,1.0002,0.7806,0.7120,1.7002,28.24
2.00,1.0002,0.7806,0.7120,1.7002,28.24
2.02,1.0002,0.7806,0.7120,1.7002,28.24
2.04,1.0002,0.7806,0.7120,1.7002,28.24
2.06,1.0002,0.7806,0.7120,1.7002,28.24
2.08,1.0002,0.7806,0.7120,1.7002,28.24
2.10,1.0002,0.7806,0.7120,1.7002,28.24
2.12,1.0002,0.7806,0.7120,1.7002,28.24
2.14,1.0002,0.7806,0.7120,1.7002,28.24
2.16,1.0002,0.7806,0.7120,1.7002,28.24
2.18,1.0002,0.7806,0.7120,1.7002,28.24
2.20,1.0002,0.7806,0.7120,1.7002,28.24
2.22,1.0002,0.7806,0.7120,1.7002,28.24
2.24,1.0002,0.7806,0.7120,1.7002,28.24
2.26,1.0002,0.7806,0.7120,1.7002,28.24
2.28,1.0002,0.7806,0.7120,1.7002,28.24
2.30,1.0002,0.7806,0.7120,1.7002,28.24
2.32,1.0002,0.7806,0.7120,1.7002,28.24
2.34,1.0002,0.7806,0.7120,1.7002,28.24
2.36,1.0002,0.7806,0.7120,1.7002,28.24
2.38,1.0002,0.7806,0.7120,1.7002,28.24
2.40,1.0002,0.7806,0.7120,1.7002,28.24
2.42,1.0002,0.7806,0.7120,1.7002,28.24
2.44,1.0002,0.7806,0.7120,1.7002,28.24
2.46,1.0002,0.7806,0.7120,1.7002,28.24
2.48,1.0002,0.7806,0.7120,1.7002,28.24
2.50,1.0002,0.7806,0.7120,1.7002,28.24
2.52,1.0002,0.7806,0.7120,1.7002,28.24
2.54,1.0002,0.7806,0.7120,1.7002,28.24
2.56,1.0002,0.7806,0.7120,1.7002,28.24
2.58,1.0002,0.7806,0.7120,1.7002,28.24
2.60,1.0002,0.7806,0.7120,1.7002,28.24
2.62,1.0002,0.7806,0.7120,1.7002,28.24
2.64,1.0002,0.7806,0.7120,1.7002,28.24
2.66,1.0002,0.7806,0.7120,1.7002,28.24
2.68,1.0002,0.7806,0.7120,1.7002,28.24
2.70,1.0002,0.7806,0.7120,1.7002,28.24
2.72,1.0002,0.7806,0.7120,1.7002,28.24
2.74,1.0002,0.7806,0.7120,1.7002,28.24
2.76,1.0002,0.7806,0.7120,1.7002,28.24
2.78,1.0002,0.7806,0.7120,1.7002,28.24
2.80,1.0002,0.7806,0.7120,1.7002,28.24
2.82,1.0002,0.7806,0.7120,1.7002,28.24
2.84,1.0002,0.7806,0.7120,1.7002,28.24
2.86,1.0002,0.7806,0.7120,1.7002,28.24
2.88,1.0002,0.7806,0.7120,1.7002,28.24
2.90,1.0002,0.7806,0.7120,1.7002,28.24
2.92,1.0002,0.7806,0.7120,1.7002,28.24
2.94,1.0002,0.7806,0.7120,1.7002,28.24
2.96,1.0002,0.7806,0.7120,1.7002,28.24
2.98,1.0002,0.7806,0.7120,1.7002,28.24
3.00,1.0002,0.7806,0.7120,1.7002,28.24
3.02,1.0002,0.7806,0.7120,1.7002,28.24
3.04,1.0002,0.7806,0.7120,1.7002,28.24
3.06,1.0002,0.7806,0.7120,1.7002,28.24
3.08,1.0002,0.7806,0.7120,1.7002,28.24
3.10,1.0002,0.7806,0.7120,1.7002,28.24
3.12,1.0002,0.7806,0.7120,1.7002,28.24
3.14,1.0002,0.7806,0.7120,1.7002,28.24
3.16,1.0002,0.7806,0.7120,1.7002,28.24
3.18,1.0002,0.7806,0.7120,1.7002,28.24
3.20,1.0002,0.7806,0.7120,1.7002,28.24
3.22,1.0002,0.7806,0.7120,1.7002,28.24
3.24,1.0002,0.7806,0.7120,1.7002,28.24
3.26,1.0002,0.7806,0.7120,1.7002,28.24
3.28,1.0002,0.7806,0.7120,1.7002,28.24
3.30,1.0002,0.7806,0.7120,1.7002,28.24
3.32,1.0002,0.7806,0.7120,1.7002,28.24
3.34,1.0002,0.7806,0.7120,1.7002,28.24
3.36,1.0002,0.7806,0.7120,1.7002,28.24
3.38,1.0002,0.7806,0.7120,1.7002,28.24
3.40,1.0002,0.7806,0.7120,1.7002,28.24
3.42,1.0002,0.7806,0.7120,1.7002,28.24
3.44,1.0002,0.7806,0.7120,1.7002,28.24
3.46,1.0002,0.7806,0.7120,1.7002,28.24
3.48,1.0002,0.7806,0.7120,1.7002,28.24
3.50,1.0002,0.7806,0.7120,1.7002,28.24
3.52,1.0002,0.7806,0.7120,1.7002,28.24
3.54,1.0002,0.7806,0.7120,1.7002,28.24
3.56,1.0002,0.7806,0.7120,1.7002,28.24
3.58,1.0002,0.7806,0.7120,1.7002,28.24
3.60,1.0002,0.7806,0.7120,1.7002,28.24
3.62,1.0002,0.7806,0.7120,1.7002,28.24
3.64,1.0002,0.7806,0.7120,1.7002,28.24
3.66,1.0002,0.7806,0.7120,1.7002,28.24
3.68,1.0002,0.7806,0.7120,1.7002,28.24
3.70,1.0002,0.7806,0.7120,1.7002,28.24
3.72,1.0002,0.7806,0.7120,1.7002,28.24
3.74,1.0002,0.7806,0.7120,1.7002,28.24
3.76,1.0002,0.7806,0.7120,1.7002,28.24
3.78,1.0002,0.7806,0.7120,1.7002,28.24
3.80,1.0002,0.7806,0.7120,1.7002,28.24
3.82,1.0002,0.7806,0.7120,1.7002,28.24
3.84,1.0002,0.7806,0.7120,1.7002,28.24
3.86,1.0002,0.7806,0.7120,1.7002,28.24
3.88,1.0002,0.7806,0.7120,1.7002,28.24
3.90,1.0002,0.7806,0.7120,1.7002,28.24
3.92,1.0002,0.7806,0.7120,1.7002,28.24
3.94,1.0002,0.7806,0.7120,1.7002,28.24
3.96,1.0002,0.7806,0.7120,1.7002,28.24
3.98,1.0002,0.7806,0.7120,1.7002,28.24
4.00,1.0002,0.7806,0.7120,1.7002,28.24
4.02,1.0002,0.7806,0.7120,1.7002,28.24
4.04,1.0002,0.7806,0.7120,1.7002,28.24
4.06,1.0002,0.7806,0.7120,1.7002,28.24
4.08,1.0002,0.7806,0.7120,1.7002,28.24
4.10,1.0002,0.7806,0.7120,1.7002,28.24
4.12,1.0002,0.7806,0.7120,1.7002,28.24
4.14,1.0002,0.7806,0.7120,1.7002,28.24
4.16,1.0002,0.7806,0.7120,1.7002,28.24
4.18,1.0002,0.7806,0.7120,1.7002,28.24
4.20,1.0002,0.7806,0.7120,1.7002,28.24
4.22,1.0002,0.7806,0.7120,1.7002,28.24
4.24,1.0002,0.7806,0.7120,1.7002,28.24
4.26,1.0002,0.7806,0.7120,1.7002,28.24
4.28,1.0002,0.7806,0.7120,1.7002,28.24
4.30,1.0002,0.7806,0.7120,1.7002,28.24
4.32,1.0002,0.7806,0.7120,1.7002,28.24
4.34,1.0002,0.7806,0.7120,1.7002,28.24
4.36,1.0002,0.7806,0.7120,1.7002,28.24
4.38,1.0002,0.7806,0.7120,1.7002,28.24
4.40,1.0002,0.7806,0.7120,1.7002,28.24
4.42,1.0002,0.7806,0.7120,1.7002,28.24
4.44,1.0002,0.7806,0.7120,1.7002,28.24
4.46,1.0002,0.7806,0.7120,1.7002,28.24
4.48,1.0002,0.7806,0.7120,1.7002,28.24
4.50,1.0002,0.7806,0.7120,1.7002,28.24
4.52,1.0002,0.7806,0.7120,1.7002,28.24
4.54,1.0002,0.7806,0.7120,1.7002,28.24
4.56,1.0002,0.7806,0.7120,1.7002,28.24
4.58,1.0002,0.7806,0.7120,1.7002,28.24
4.60,1.0002,0.7806,0.7120,1.7002,28.24
4.62,1.0002,0.7806,0.7120,1.7002,28.24
4.64,1.0002,0.7806,0.7120,1.7002,28.24
4.66,1.0002,0.7806,0.7120,1.7002,28.24
4.68,1.0002,0.7806,0.7120,1.7002,28.24
4.70,1.0002,0.7806,0.7120,1.7002,28.24
4.72,1.0002,0.7806,0.7120,1.7002,28.24
4.74,1.0002,0.7806,0.7120,1.7002,28.24
4.76,1.0002,0.7806,0.7120,1.7002,28.24
4.78,1.0002,0.7806,0.7120,1.7002,28.24
4.80,1.0002,0.7806,0.7120,1.7002,28.24
4.82,1.0002,0.7806,0.7120,1.7002,28.24
4.84,1.0002,0.7806,0.7120,1.7002,28.24
4.86,1.0002,0.7806,0.7120,1.7002,28.24
4.88,1.0002,0.7806,0.7120,1.7002,28.24
4.90,1.0002,0.7806,0.7120,1.7002,28.24
4.92,1.0002,0.7806,0.7120,1.7002,28.24
4.94,1.0002,0.7806,0.7120,1.7002,28.24
4.96,1.0002,0.7806,0.7120,1.7002,28.24
4.98,1.0002,0.7806,0.7120,1.7002,28.24
5.00,1.0002,0.7806,0.7120,1.7002,28.24
5.02,1.0002,0.7806,0.7120,1.7002,28.24
5.04,1.0002,0.7806,0.7120,1.7002,28.24
5.06,1.0002,0.7806,0.7120,1.7002,28.24
5.08,1.0002,0.7806,0.7120,1.7002,28.24
5.10,1.0002,0.7806,0.7120,1.7002,28.24
5.12,1.0002,0.7806,0.7120,1.7002,28.24
5.14,1.0002,0.7806,0.7120,1.7002,28.24
5.16,1.0002,0.7806,0.7120,1.7002,28.24
5.18,1.0002,0.7806,0.7120,1.7002,28.24
5.20,1.0002,0.7806,0.7120,1.7002,28.24
5.22,1.0002,0.7806,0.7120,1.7002,28.24
5.24,1.0002,0.7806,0.7120,1.7002,28.24
5.26,1.0002,0.7806,0.7120,1.7002,28.24
5.28,1.0002,0.7806,0.7120,1.7002,28.24
5.30,1.0002,0.7806,0.7120,1.7002,28.24
5.32,1.0002,0.7806,0.7120,1.7002,28.24
5.34,1.0002,0.7806,0.7120,1.7002,28.24
5.36,1.0002,0.7806,0.7120,1.7002,28.24
5.38,1.0002,0.7806,0.7120,1.7002,28.24
5.40,1.0002,0.7806,0.7120,1.7002,28.24
5.42,1.0002,0.7806,0.7120,1.7002,28.24
5.44,1.0002,0.7806,0.7120,1.7002,28.24
5.46,1.0002,0.7806,0.7120,1.7002,28.24
5.48,1.0002,0.7806,0.7120,1.7002,28.24
5.50,1.0002,0.7806,0.7120,1.7002,28.24
5.52,1.0002,0.7806,0.7120,1.7002,28.24
5.54,1.0002,0.7806,0.7120,1.7002,28.24
5.56,1.0002,0.7806,0.7120,1.7002,28.24
5.58,1.0002,0.7806,0.7120,1.7002,28.24
5.60,1.0002,0.7806,0.7120,1.7002,28.24
5.62,1.0002,0.7806,0.7120,1.7002,28.24
5.64,1.0002,0.7806,0.7120,1.7002,28.24
5.66,1.0002,0.7806,0.7120,1.7002,28.24
5.68,1.0002,0.7806,0.7120,1.7002,28.24
5.70,1.0002,0.7806,0.7120,1.7002,28.24
5.72,1.0002,0.7806,0.7120,1.7002,28.24
5.74,1.0002,0.7806,0.7120,1.7002,28.24
5.76,1.0002,0.7806,0.7120,1.7002,28.24
5.78,1.0002,0.7806,0.7120,1.7002,28.24
5.80,1.0002,0.7806,0.7120,1.7002,28.24
5.82,1.0002,0.7806,0.7120,1.7002,28.24
5.84,1.0002,0.7806,0.7120,1.7002,28.24
5.86,1.0002,0.7806,0.7120,1.7002,28.24
5.88,1.0002,0.7806,0.7120,1.7002,28.24
5.90,1.0002,0.7806,0.7120,1.7002,28.24
5.92,1.0002,0.7806,0.7120,1.7002,28.24
5.94,1.0002,0.7806,0.7120,1.7002,28.24
5.96,1.0002,0.7806,0.7120,1.7002,28.24
5.98,1.0002,0.7806,0.7120,1.7002,28.24
6.00,1.0002,0.7806,0.7120,1.7002,28.24
6.02,1.0002,0.7806,0.7120,1.7002,28.24
6.04,1.0002,0.7806,0.7120,1.7002,28.24
6.06,1.0002,0.7806,0.7120,1.7002,28.24
6.08,1.0002,0.7806,0.7120,1.7002,28.24
6.10,1.0002,0.7806,0.7120,1.7002,28.24
6.12,1.0002,0.7806,0.7120,1.7002,28.24
6.14,1.0002,0.7806,0.7120,1.7002,28.24
6.16,1.0002,0.7806,0.7120,1.7002,28.24
6.18,1.0002,0.7806,0.7120,1.7002,28.24
6.20,1.0002,0.7806,0.7120,1.7002,28.24
6.22,1.0002,0.7806,0.7120,1.7002,28.24
6.24,1.0002,0.7806,0.7120,1.7002,28.24
6.26,1.0002,0.7806,0.7120,1.7002,28.24
6.28,1.0002,0.7806,0.7120,1.7002,28.24
6.30,1.0002,0.7806,0.7120,1.7002,28.24
6.32,1.0002,0.7806,0.7120,1.7002,28.24
6.34,1.0002,0.7806,0.7120,1.7002,28.24
6.36,1.0002,0.7806,0.7120,1.7002,28.24
6.38,1.0002,0.7806,0.7120,1.7002,28.24
6.40,1.0002,0.7806,0.7120,1.7002,28.24
6.42,1.0002,0.7806,0.7120,1.7002,28.24
6.44,1.0002,0.7806,0.7120,1.7002,28.24
6.46,1.0002,0.7806,0.7120,1.7002,28.24
6.48,1.0002,0.7806,0.7120,1.7002,28.24
6.50,1.0002,0.7806,0.7120,1.7002,28.24
6.52,1.0002,0.7806,0.7120,1.7002,28.24
6.54,1.0002,0.7806,0.7120,1.7002,28.24
6.56,1.0002,0.7806,0.7120,1.7002,28.24
6.58,1.0002,0.7806,0.7120,1.7002,28.24
6.60,1.0002,0.7806,0.7120,1.7002,28.24
6.62,1.0002,0.7806,0.7120,1.7002,28.24
6.64,1.0002,0.7806,0.7120,1.7002,28.24
6.66,1.0002,0.7806,0.7120,1.7002,28.24
6.68,1.0002,0.7806,0.7120,1.7002,28.24
6.70,1.0002,0.7806,0.7120,1.7002,28.24
6.72,1.0002,0.7806,0.7120,1.7002,28.24
6.74,1.0002,0.7806,0.7120,1.7002,28.24
6.76,1.0002,0.7806,0.7120,1.7002,28.24
6.78,1.0002,0.7806,0.7120,1.7002,28.24
6.80,1.0002,0.7806,0.7120,1.7002,28.24
6.82,1.0002,0.7806,0.7120,1.7002,28.24
6.84,1.0002,0.7806,0.7120,1.7002,28.24
6.86,1.0002,0.7806,0.7120,1.7002,28.24
6.88,1.0002,0.7806,0.7120,1.7002,28.24
6.90,1.0002,0.7806,0.7120,1.7002,28.24
6.92,1.0002,0.7806,0.7120,1.7002,28.24
6.94,1.0002,0.7806,0.7120,1.7002,28.24
6.96,1.0002,0.7806,0.7120,1.7002,28.24
6.98,1.0002,0.7806,0.7120,1.7002,28.24
7.00,1.0002,0.7806,0.7120,1.7002,28.24
7.02,1.0002,0.7806,0.7120,1.7002,28.24
7.04,1.0002,0.7806,0.7120,1.7002,28.24
7.06,1.0002,0.7806,0.7120,1.7002,28.24
7.08,1.0002,0.7806,0.7120,1.7002,28.24
7.10,1.0002,0.7806,0.7120,1.7002,28.24
7.12,1.0002,0.7806,0.7120,1.7002,28.24
7.14,1.0002,0.7806,0.7120,1.7002,28.24
7.16,1.0002,0.7806,0.7120,1.7002,28.24
7.18,1.0002,0.7806,0.7120,1.7002,28.24
7.20,1.0002,0.7806,0.7120,1.7002,28.24
7.22,1.0002,0.7806,0.7120,1.7002,28.24
7.24,1.0002,0.7806,0.7120,1.7002,28.24
7.26,1.0002,0.7806,0.7120,1.7002,28.24
7.28,1.0002,0.7806,0.7120,1.7002,28.24
7.30,1.0002,0.7806,0.7120,1.7002,28.24
7.32,1.0002,0.7806,0.7120,1.7002,28.24
7.34,1.0002,0.7806,0.7120,1.7002,28.24
7.36,1.0002,0.7806,0.7120,1.7002,28.24
7.38,1.0002,0.7806,0.7120,1.7002,28.24
7.40,1.0002,0.7806,0.7120,1.7002,28.24
7.42,1.0002,0.7806,0.7120,1.7002,28.24
7.44,1.0002,0.7806,0.7120,1.7002,28.24
7.46,1.0002,0.7806,0.7120,1.7002,28.24
7.48,1.0002,0.7806,0.7120,1.7002,28.24
7.50,1.0002,0.7806,0.7120,1.7002,28.24
7.52,1.0002,0.7806,0.7120,1.7002,28.24
7.54,1.0002,0.7806,0.7120,1.7002,28.24
7.56,1.0002,0.7806,0.7120,1.7002,28.24
7.58,1.0002,0.7806,0.7120,1.7002,28.24
7.60,1.0002,0.7806,0.7120,1.7002,28.24
7.62,1.0002,0.7806,0.7120,1.7002,28.24
7.64,1.0002,0.7806,0.7120,1.7002,28.24
7.66,1.0002,0.7806,0.7120,1.7002,28.24
7.68,1.0002,0.7806,0.7120,1.7002,28.24
7.70,1.0002,0.7806,0.7120,1.7002,28.24
7.72,1.0002,0.7806,0.7120,1.7002,28.24
7.74,1.0002,0.7806,0.7120,1.7002,28.24
7.76,1.0002,0.7806,0.7120,1.7002,28.24
7.78,1.0002,0.7806,0.7120,1.7002,28.24
7.80,1.0002,0.7806,0.7120,1.7002,28.24
7.82,1.0002,0.7806,0.7120,1.7002,28.24
7.84,1.0002,0.7806,0.7120,1.7002,28.24
7.86,1.0002,0.7806,0.7120,1.7002,28.24
7.88,1.0002,0.7806,0.7120,1.7002,28.24
7.90,1.0002,0.7806,0.7120,1.7002,28.24
7.92,1.0002,0.7806,0.7120,1.7002,28.24
7.94,1.0002,0.7806,0.7120,1.7002,28.24
7.96,1.0002,0.7806,0.7120,1.7002,28.24
7.98,1.0002,0.7806,0.7120,1.7002,28.24
8.00,1.0002,0.7806,0.7120,1.7002,28.24
8.02,1.0002,0.7806,0.7120,1.1315,28.07
8.04,1.0002,0.7806,0.7120,1.1315,28.07
8.06,1.0002,0.7806,0.7120,1.1315,28.07
8.08,1.0002,0.7806,0.7120,1.1315,28.07
8.10,1.0002,0.7805,0.7120,1.1315,28.07
8.12,1.0002,0.7805,0.7120,1.1315,28.07
8.14,1.0002,0.7805,0.7120,1.1315,28.07
8.16,1.0002,0.7803,0.7120,1.1315,28.07
8.18,1.0002,0.7803,0.7120,1.1315,28.07
8.20,0.9996,0.7793,0.7120,1.1311,28.09
8.22,0.9981,0.7793,0.7120,1.1300,28.12
8.24,0.9981,0.7793,0.7120,1.1300,28.12
8.26,0.9981,0.7772,0.7121,1.1300,28.12
8.28,0.9981,0.7772,0.7121,1.1300,28.12
8.30,0.9950,0.7732,0.7101,1.1272,28.14
8.32,0.9899,0.7732,0.7083,1.1227,28.19
8.34,0.9899,0.7732,0.7083,1.1227,28.19
8.36,0.9910,0.7683,0.7072,1.1237,28.17
8.38,0.9910,0.7683,0.7072,1.1237,28.17
8.40,0.9861,0.7622,0.7023,1.1190,28.18
8.42,0.9767,0.7622,0.6985,1.1106,28.25
8.44,0.9767,0.7622,0.6985,1.1106,28.25
8.46,0.9799,0.7549,0.6958,1.1131,28.19
8.48,0.9685,0.7549,0.6913,1.1030,28.27
8.50,0.9725,0.7461,0.6875,1.1062,28.19
8.52,0.9595,0.7461,0.6820,1.0945,28.27
8.54,0.9595,0.7461,0.6820,1.0945,28.27
8.56,0.9644,0.7361,0.6775,1.0983,28.18
8.58,0.9496,0.7361,0.6709,1.0849,28.26
8.60,0.9551,0.7247,0.6648,1.0893,28.16
8.62,0.9388,0.7247,0.6570,1.0743,28.23
8.64,0.9388,0.7247,0.6570,1.0743,28.23
8.66,0.9448,0.7125,0.6496,1.0790,28.11
8.68,0.9273,0.7125,0.6408,1.0628,28.16
8.70,0.9337,0.6993,0.6324,1.0677,28.03
8.72,0.9151,0.6993,0.6227,1.0504,28.07
8.74,0.9151,0.6993,0.6227,1.0504,28.07
8.76,0.9219,0.6855,0.6131,1.0557,27.93
8.78,0.9023,0.6855,0.6024,1.0373,27.95
8.80,0.9094,0.6709,0.5919,1.0427,27.81
8.82,0.8885,0.6709,0.5800,1.0229,27.81
8.84,0.8885,0.6709,0.5800,1.0229,27.81
8.86,0.8959,0.6559,0.5679,1.0286,27.66
8.88,0.8747,0.6559,0.5552,1.0083,27.64
8.90,0.8824,0.6400,0.5418,1.0142,27.48
8.92,0.8603,0.6400,0.5282,0.9929,27.44
8.94,0.8603,0.6400,0.5282,0.9929,27.44
8.96,0.8682,0.6241,0.5134,0.9990,27.28
8.98,0.8455,0.6241,0.4986,0.9767,27.19
9.00,0.8536,0.6079,0.4828,0.9829,27.03
9.02,0.8303,0.6079,0.4671,0.9599,26.91
9.04,0.8303,0.6079,0.4671,0.9599,26.91
9.06,0.8388,0.5923,0.4498,0.9664,26.74
9.08,0.8153,0.5923,0.4330,0.9428,26.58
9.10,0.8239,0.5765,0.4148,0.9495,26.41
9.12,0.8001,0.5765,0.3974,0.9253,26.22
9.14,0.8001,0.5765,0.3974,0.9253,26.22
9.16,0.8087,0.5614,0.3776,0.9319,26.04
9.18,0.8087,0.5614,0.3776,0.9319,26.04
9.20,0.7936,0.5466,0.3387,0.9142,25.64
9.22,0.7703,0.5466,0.3208,0.8901,25.40
9.24,0.7703,0.5466,0.3208,0.8901,25.40
9.26,0.7788,0.5324,0.2989,0.8967,25.23
9.28,0.7550,0.5324,0.2825,0.8729,25.06
9.30,0.7639,0.5194,0.2600,0.8798,24.90
9.32,0.7398,0.5194,0.2456,0.8565,24.82
9.34,0.7398,0.5194,0.2456,0.8565,24.82
9.36,0.7487,0.5078,0.2221,0.8633,24.65
9.38,0.7249,0.5078,0.2094,0.8409,24.64
9.40,0.7342,0.4976,0.1849,0.8481,24.47
9.42,0.7100,0.4976,0.1745,0.8263,24.56
9.44,0.7100,0.4976,0.1745,0.8263,24.56
9.46,0.7192,0.4888,0.1495,0.8334,24.39
9.48,0.6953,0.4888,0.1418,0.8128,24.59
9.50,0.7045,0.4818,0.1162,0.8198,24.41
9.52,0.6810,0.4818,0.1116,0.8008,24.74
9.54,0.6810,0.4818,0.1116,0.8008,24.74
9.56,0.6903,0.4747,0.0862,0.8079,24.56
9.58,0.6675,0.4747,0.0833,0.7901,24.95
9.60,0.6768,0.4679,0.0587,0.7970,24.76
9.62,0.6540,0.4679,0.0558,0.7793,25.14
9.64,0.6540,0.4679,0.0558,0.7793,25.14
9.66,0.6632,0.4600,0.0322,0.7860,24.94
9.68,0.6402,0.4600,0.0289,0.7680,25.29
9.70,0.6494,0.4511,0.0065,0.7747,25.10
9.72,0.6257,0.4511,0.0015,0.7554,25.38
9.74,0.6257,0.4511,0.0015,0.7554,25.38
9.76,0.6348,0.4392,0.0189,0.7619,25.18
9.78,0.6105,0.4392,0.0258,0.7415,25.38
9.80,0.6196,0.4264,0.0449,0.7480,25.18
9.82,0.5943,0.4264,0.0546,0.7256,25.26
9.84,0.5943,0.4264,0.0546,0.7256,25.26
9.86,0.6033,0.4129,0.0731,0.7320,25.06
9.88,0.5780,0.4129,0.0845,0.7088,25.05
9.90,0.5872,0.3995,0.1020,0.7154,24.86
9.92,0.5614,0.3995,0.1145,0.6913,24.79
9.94,0.5614,0.3995,0.1145,0.6913,24.79
9.96,0.5705,0.3856,0.1315,0.6977,24.59
9.98,0.5449,0.3856,0.1443,0.6736,24.50
10.00,0.5541,0.3716,0.1608,0.6800,24.29
10.02,0.5284,0.3716,0.1734,0.6579,24.40
10.04,0.5284,0.3716,0.1734,0.6601,24.63
10.06,0.5375,0.3570,0.1893,0.6686,24.67
10.08,0.5122,0.3570,0.2018,0.6471,24.79
10.10,0.5213,0.3424,0.2170,0.6555,24.82
10.12,0.4960,0.3424,0.2281,0.6348,25.00
10.14,0.4960,0.3424,0.2281,0.6370,25.23
10.16,0.5052,0.3278,0.2424,0.6453,25.25
10.18,0.4799,0.3278,0.2524,0.6253,25.48
10.20,0.4888,0.3121,0.2659,0.6334,25.51
10.22,0.4637,0.3121,0.2742,0.6146,25.83
10.24,0.4637,0.3121,0.2742,0.6169,26.05
10.26,0.4724,0.2961,0.2866,0.6248,26.08
10.28,0.4724,0.2961,0.2866,0.6270,26.31
10.30,0.4564,0.2803,0.3054,0.6150,26.48
10.32,0.4316,0.2803,0.3113,0.5983,26.92
10.34,0.4316,0.2803,0.3113,0.6006,27.14
10.36,0.4406,0.2649,0.3219,0.6085,27.16
10.38,0.4159,0.2649,0.3273,0.5925,27.63
10.40,0.4249,0.2494,0.3373,0.6001,27.63
10.42,0.4004,0.2494,0.3417,0.5852,28.14
10.44,0.4004,0.2494,0.3417,0.5876,28.37
10.46,0.4093,0.2593,0.3417,0.5948,28.35
10.48,0.3850,0.2340,0.3558,0.5805,28.87
10.50,0.3938,0.2184,0.3656,0.5874,28.84
10.52,0.3695,0.2184,0.3699,0.5735,29.36
10.54,0.3695,0.2184,0.3699,0.5759,29.58
10.56,0.3783,0.2284,0.3699,0.5826,29.55
10.58,0.3538,0.2032,0.3824,0.5691,30.08
10.60,0.3626,0.1882,0.3897,0.5753,30.01
10.62,0.3381,0.1882,0.3936,0.5623,30.56
10.64,0.3381,0.1882,0.3936,0.5647,30.77
10.66,0.3467,0.1982,0.3936,0.5705,30.69
10.68,0.3222,0.1729,0.4034,0.5576,31.21
10.70,0.3306,0.1583,0.4072,0.5631,31.13
10.72,0.3059,0.1583,0.4117,0.5505,31.65
10.74,0.3059,0.1583,0.4117,0.5529,31.86
10.76,0.3142,0.1440,0.4139,0.5581,31.76
10.78,0.2896,0.1440,0.4181,0.5462,32.30
10.80,0.2979,0.1309,0.4188,0.5511,32.20
10.82,0.2735,0.1309,0.4227,0.5399,32.75
10.84,0.2735,0.1309,0.4227,0.5423,32.96
10.86,0.2817,0.1188,0.4223,0.5468,32.84
10.88,0.2817,0.1188,0.4223,0.5492,33.04
10.90,0.2660,0.1080,0.4251,0.5404,33.23
10.92,0.2420,0.1080,0.4291,0.5300,33.76
10.94,0.2420,0.1080,0.4291,0.5324,33.96
10.96,0.2501,0.0984,0.4271,0.5363,33.81
10.98,0.2266,0.0984,0.4303,0.5272,34.38
11.00,0.2345,0.0903,0.4276,0.5305,34.22
11.02,0.2114,0.0903,0.4305,0.5221,34.78
11.04,0.2114,0.0903,0.4305,0.5245,34.97
11.06,0.2195,0.0838,0.4276,0.5275,34.79
11.08,0.1969,0.0838,0.4296,0.5203,35.39
11.10,0.2048,0.0791,0.4262,0.5230,35.19
11.12,0.1831,0.0791,0.4270,0.5172,35.84
11.14,0.1831,0.0791,0.4270,0.5195,36.02
11.16,0.1913,0.0761,0.4233,0.5219,35.80
11.18,0.1701,0.0761,0.4233,0.5172,36.47
11.20,0.1779,0.0741,0.4198,0.5192,36.25
11.22,0.1576,0.0741,0.4187,0.5159,36.96
11.24,0.1576,0.0741,0.4187,0.5181,37.14
11.26,0.1652,0.0732,0.4150,0.5198,36.92
11.28,0.1458,0.0732,0.4130,0.5177,37.67
11.30,0.1535,0.0736,0.4095,0.5191,37.42
11.32,0.1349,0.0736,0.4067,0.5180,38.19
11.34,0.1349,0.0736,0.4067,0.5201,38.36
11.36,0.1428,0.0750,0.4040,0.5213,38.10
11.38,0.1428,0.0750,0.4040,0.5233,38.26
11.40,0.1326,0.0777,0.3979,0.5218,38.60
11.42,0.1155,0.0777,0.3940,0.5222,39.39
11.44,0.1155,0.0777,0.3940,0.5242,39.55
11.46,0.1233,0.0812,0.3916,0.5246,39.25
11.48,0.1069,0.0812,0.3872,0.5256,40.04
11.50,0.1146,0.0854,0.3849,0.5256,39.71
11.52,0.0989,0.0854,0.3797,0.5274,40.53
11.54,0.0989,0.0854,0.3797,0.5292,40.68
11.56,0.1067,0.0905,0.3776,0.5291,40.34
11.58,0.0919,0.0905,0.3718,0.5317,41.18
11.60,0.0994,0.0962,0.3696,0.5309,40.80
11.62,0.0850,0.0962,0.3636,0.5336,41.63
11.64,0.0850,0.0962,0.3636,0.5354,41.77
11.66,0.0925,0.1018,0.3620,0.5345,41.39
11.68,0.0787,0.1018,0.3555,0.5378,42.24
11.70,0.0858,0.1075,0.3539,0.5364,41.83
11.72,0.0726,0.1075,0.3471,0.5401,42.68
11.74,0.0726,0.1075,0.3471,0.5417,42.81
11.76,0.0794,0.1175,0.3471,0.5401,42.40
11.78,0.0667,0.1131,0.3383,0.5440,43.25
11.80,0.0736,0.1186,0.3367,0.5427,42.85
11.82,0.0614,0.1186,0.3299,0.5466,43.67
11.84,0.0614,0.1186,0.3299,0.5481,43.80
11.86,0.0686,0.1245,0.3280,0.5463,43.37
11.88,0.0568,0.1245,0.3210,0.5505,44.19
11.90,0.0640,0.1302,0.3193,0.5488,43.75
11.92,0.0527,0.1302,0.3122,0.5530,44.57
11.94,0.0527,0.1302,0.3122,0.5544,44.69
11.96,0.0598,0.1356,0.3100,0.5525,44.24
11.98,0.0489,0.1356,0.3028,0.5569,45.05
12.00,0.0560,0.1409,0.3004,0.5550,44.60
12.02,0.0454,0.1409,0.2934,0.5592,45.39
12.04,0.0454,0.1409,0.2934,0.5605,45.49
12.06,0.0522,0.1460,0.2909,0.5580,45.02
12.08,0.0420,0.1460,0.2838,0.5625,45.80
12.10,0.0488,0.1507,0.2809,0.5599,45.31
12.12,0.0388,0.1507,0.2737,0.5645,46.10
12.14,0.0388,0.1507,0.2737,0.5656,46.20
12.16,0.0455,0.1553,0.2704,0.5630,45.71
12.18,0.0358,0.1553,0.2631,0.5677,46.50
12.20,0.0426,0.1597,0.2596,0.5648,45.98
12.22,0.0332,0.1597,0.2525,0.5695,46.76
12.24,0.0332,0.1597,0.2525,0.5706,46.85
12.26,0.0399,0.1636,0.2487,0.5678,46.34
12.28,0.0309,0.1636,0.2413,0.5727,47.12
12.30,0.0377,0.1677,0.2370,0.5697,46.59
12.32,0.0290,0.1677,0.2296,0.5748,47.38
12.34,0.0290,0.1677,0.2296,0.5757,47.46
12.36,0.0360,0.1719,0.2245,0.5728,46.93
12.38,0.0272,0.1719,0.2171,0.5778,47.72
12.40,0.0343,0.1763,0.2115,0.5748,47.17
12.42,0.0260,0.1763,0.2041,0.5799,47.95
12.44,0.0260,0.1763,0.2041,0.5807,48.02
12.46,0.0330,0.1805,0.1979,0.5775,47.46
12.48,0.0248,0.1805,0.1908,0.5824,48.22
12.50,0.0318,0.1849,0.1840,0.5792,47.66
12.52,0.0236,0.1849,0.1772,0.5839,48.39
12.54,0.0236,0.1849,0.1772,0.5846,48.45
12.56,0.0307,0.1898,0.1697,0.5810,47.86
12.58,0.0225,0.1898,0.1627,0.5859,48.61
12.60,0.0296,0.1947,0.1548,0.5822,48.01
12.62,0.0216,0.1947,0.1481,0.5869,48.74
12.64,0.0216,0.1947,0.1481,0.5875,48.79
12.66,0.0284,0.1984,0.1412,0.5836,48.18
12.68,0.0204,0.1984,0.1347,0.5881,48.89
12.70,0.0272,0.2010,0.1286,0.5842,48.28
12.72,0.0193,0.2010,0.1221,0.5888,49.00
12.74,0.0193,0.2010,0.1221,0.5893,49.04
12.76,0.0260,0.2017,0.1177,0.5852,48.41
12.78,0.0183,0.2017,0.1112,0.5899,49.13
12.80,0.0251,0.2009,0.1082,0.5857,48.50
12.82,0.0174,0.2009,0.1021,0.5901,49.19
12.84,0.0174,0.2009,0.1021,0.5905,49.22
12.86,0.0242,0.1975,0.1015,0.5862,48.57
12.88,0.0242,0.1975,0.1015,0.5865,48.60
12.90,0.0234,0.1923,0.0969,0.5865,48.63
12.92,0.0157,0.1923,0.0910,0.5907,49.31
12.94,0.0157,0.1923,0.0910,0.5909,49.33
12.96,0.0224,0.1852,0.0947,0.5865,48.67
12.98,0.0147,0.1852,0.0888,0.5908,49.36
13.00,0.0214,0.1768,0.0936,0.5865,48.71
13.02,0.0138,0.1768,0.0879,0.5908,49.39
13.04,0.0138,0.1768,0.0879,0.5909,49.40
13.06,0.0203,0.1676,0.0936,0.5865,48.75
13.08,0.0128,0.1676,0.0882,0.5906,49.41
13.10,0.0193,0.1578,0.0950,0.5862,48.77
13.12,0.0118,0.1578,0.0896,0.5904,49.43
13.14,0.0118,0.1578,0.0896,0.5904,49.43
13.16,0.0184,0.1469,0.0977,0.5860,48.79
13.18,0.0108,0.1469,0.0923,0.5903,49.46
13.20,0.0175,0.1361,0.1011,0.5857,48.79
13.22,0.0099,0.1361,0.0957,0.5901,49.48
13.24,0.0099,0.1361,0.0957,0.5900,49.47
13.26,0.0165,0.1252,0.1047,0.5854,48.80
13.28,0.0093,0.1252,0.0995,0.5897,49.47
13.30,0.0159,0.1145,0.1084,0.5850,48.79
13.32,0.0084,0.1145,0.1035,0.5890,49.44
13.34,0.0084,0.1145,0.1035,0.5888,49.42
13.36,0.0152,0.1050,0.1107,0.5841,48.74
13.38,0.0079,0.1050,0.1058,0.5882,49.38
13.40,0.0149,0.0964,0.1115,0.5835,48.70
13.42,0.0076,0.0964,0.1068,0.5875,49.33
13.44,0.0076,0.0964,0.1068,0.5872,49.31
13.46,0.0145,0.0898,0.1100,0.5823,48.60
13.48,0.0072,0.0898,0.1056,0.5861,49.23
13.50,0.0142,0.0850,0.1067,0.5812,48.52
13.52,0.0068,0.0850,0.1021,0.5851,49.15
13.54,0.0068,0.0850,0.1021,0.5847,49.11
13.56,0.0138,0.0828,0.0995,0.5798,48.41
13.58,0.0065,0.0828,0.0952,0.5836,49.03
13.60,0.0135,0.0833,0.0897,0.5787,48.32
13.62,0.0063,0.0833,0.0853,0.5825,48.94
13.64,0.0063,0.0833,0.0853,0.5820,48.89
13.66,0.0130,0.0860,0.0779,0.5768,48.17
13.68,0.0057,0.0860,0.0735,0.5808,48.80
13.70,0.0125,0.0901,0.0654,0.5755,48.08
13.72,0.0052,0.0901,0.0613,0.5793,48.69
13.74,0.0052,0.0901,0.0613,0.5786,48.63
13.76,0.0121,0.0954,0.0531,0.5731,47.88
13.78,0.0048,0.0954,0.0492,0.5766,48.47
13.80,0.0119,0.1015,0.0408,0.5714,47.74
13.82,0.0046,0.1015,0.0369,0.5750,48.33
13.84,0.0046,0.1015,0.0369,0.5742,48.26
13.86,0.0116,0.1081,0.0288,0.5688,47.52
13.88,0.0042,0.1081,0.0250,0.5722,48.09
13.90,0.0112,0.1135,0.0190,0.5668,47.35
13.92,0.0038,0.1135,0.0155,0.5699,47.90
13.94,0.0038,0.1135,0.0155,0.5690,47.83
13.96,0.0111,0.1179,0.0112,0.5637,47.09
13.98,0.0036,0.1179,0.0077,0.5668,47.63
14.00,0.0108,0.1211,0.0054,0.5614,46.89
14.02,0.0035,0.1211,0.0017,0.5646,47.44
14.04,0.0035,0.1211,0.0017,0.5636,47.36
14.06,0.0104,0.1234,0.0006,0.5581,46.61
14.08,0.0029,0.1234,0.0029,0.5612,47.16
14.10,0.0099,0.1245,0.0023,0.5558,46.43
14.12,0.0023,0.1245,0.0059,0.5589,46.98
14.14,0.0023,0.1245,0.0059,0.5578,46.88
14.16,0.0091,0.1254,0.0044,0.5522,46.14
14.18,0.0017,0.1254,0.0080,0.5554,46.68
14.20,0.0085,0.1253,0.0053,0.5500,45.96
14.22,0.0011,0.1253,0.0089,0.5531,46.50
14.24,0.0011,0.1253,0.0089,0.5519,46.39
14.26,0.0081,0.1249,0.0054,0.5466,45.68
14.28,0.0005,0.1249,0.0088,0.5495,46.20
14.30,0.0076,0.1243,0.0048,0.5441,45.48
14.32,0.0002,0.1243,0.0082,0.5470,45.99
14.34,0.0002,0.1243,0.0082,0.5457,45.88
14.36,0.0074,0.1236,0.0034,0.5402,45.14
14.38,0.0002,0.1236,0.0066,0.5429,45.64
14.40,0.0070,0.1228,0.0016,0.5374,44.90
14.42,0.0004,0.1228,0.0045,0.5397,45.36
14.44,0.0004,0.1228,0.0045,0.5383,45.24
14.46,0.0068,0.1219,0.0009,0.5327,44.50
14.48,0.0009,0.1219,0.0020,0.5350,44.96
14.50,0.0063,0.1204,0.0039,0.5294,44.23
14.52,0.0014,0.1204,0.0008,0.5319,44.70
14.54,0.0014,0.1204,0.0008,0.5304,44.57
14.56,0.0058,0.1186,0.0068,0.5248,43.84
14.58,0.0058,0.1186,0.0068,0.5232,43.70
14.60,0.0053,0.1163,0.0105,0.5216,43.57
14.62,0.0025,0.1163,0.0074,0.5239,44.04
14.64,0.0025,0.1163,0.0074,0.5223,43.89
14.66,0.0048,0.1139,0.0147,0.5166,43.15
14.68,0.0028,0.1139,0.0116,0.5189,43.60
14.70,0.0047,0.1115,0.0193,0.5129,42.83
14.72,0.0029,0.1115,0.0165,0.5149,43.25
14.74,0.0029,0.1115,0.0165,0.5132,43.10
14.76,0.0048,0.1207,0.0165,0.5075,42.35
14.78,0.0030,0.1086,0.0219,0.5093,42.76
14.80,0.0049,0.1053,0.0307,0.5034,42.00
14.82,0.0029,0.1053,0.0279,0.5054,42.42
14.84,0.0029,0.1053,0.0279,0.5036,42.26
14.86,0.0049,0.1146,0.0279,0.4977,41.49
14.88,0.0029,0.1015,0.0346,0.4996,41.90
14.90,0.0050,0.0973,0.0447,0.4937,41.14
14.92,0.0028,0.0973,0.0422,0.4953,41.52
14.94,0.0028,0.0973,0.0422,0.4934,41.36
14.96,0.0052,0.0931,0.0525,0.4874,40.59
14.98,0.0030,0.0931,0.0502,0.4888,40.96
15.00,0.0049,0.0887,0.0608,0.4828,40.20
15.02,0.0031,0.0887,0.0582,0.4844,40.58
15.04,0.0031,0.0887,0.0582,0.4824,40.41
15.06,0.0047,0.0839,0.0691,0.4766,39.66
15.08,0.0033,0.0839,0.0666,0.4782,40.04
15.10,0.0045,0.0794,0.0771,0.4723,39.30
15.12,0.0035,0.0794,0.0744,0.4739,39.68
15.14,0.0035,0.0794,0.0744,0.4718,39.49
15.16,0.0042,0.0747,0.0844,0.4661,38.77
15.18,0.0038,0.0747,0.0820,0.4675,39.12
15.20,0.0039,0.0705,0.0909,0.4618,38.40
15.22,0.0042,0.0705,0.0886,0.4631,38.75
15.24,0.0042,0.0705,0.0886,0.4609,38.56
15.26,0.0036,0.0669,0.0965,0.4552,37.85
15.28,0.0046,0.0669,0.0943,0.4564,38.18
15.30,0.0035,0.0641,0.1009,0.4508,37.47
15.32,0.0045,0.0641,0.0986,0.4521,37.80
15.34,0.0045,0.0641,0.0986,0.4498,37.61
15.36,0.0035,0.0621,0.1038,0.4441,36.89
15.38,0.0035,0.0621,0.1038,0.4417,36.69
15.40,0.0034,0.0614,0.1051,0.4391,36.47
15.42,0.0049,0.0614,0.1035,0.4398,36.75
15.44,0.0049,0.0614,0.1035,0.4374,36.54
15.46,0.0032,0.0701,0.1035,0.4316,35.83
15.48,0.0052,0.0618,0.1037,0.4322,36.10
15.50,0.0029,0.0632,0.1045,0.4263,35.38
15.52,0.0055,0.0632,0.1029,0.4269,35.65
15.54,0.0055,0.0632,0.1029,0.4245,35.44
15.56,0.0027,0.0659,0.1029,0.4186,34.72
15.58,0.0027,0.0659,0.1029,0.4161,34.51
15.60,0.0023,0.0685,0.1018,0.4132,34.27
15.62,0.0062,0.0685,0.1001,0.4139,34.55
15.64,0.0062,0.0685,0.1001,0.4114,34.33
15.66,0.0021,0.0721,0.1004,0.4054,33.62
15.68,0.0021,0.0721,0.1004,0.4029,33.40
15.70,0.0018,0.0760,0.0993,0.4000,33.16
15.72,0.0067,0.0760,0.0980,0.4002,33.38
15.74,0.0067,0.0760,0.0980,0.3977,33.16
15.76,0.0019,0.0808,0.0980,0.3919,32.46
15.78,0.0066,0.0808,0.0969,0.3919,32.66
15.80,0.0021,0.0861,0.0969,0.3861,31.97
15.82,0.0065,0.0861,0.0960,0.3859,32.15
15.84,0.0065,0.0861,0.0960,0.3833,31.93
15.86,0.0021,0.0915,0.0958,0.3774,31.23
15.88,0.0063,0.0915,0.0947,0.3773,31.41
15.90,0.0023,0.0970,0.0945,0.3715,30.73
15.92,0.0063,0.0970,0.0935,0.3714,30.90
15.94,0.0063,0.0970,0.0935,0.3687,30.68
15.96,0.0023,0.1024,0.0934,0.3630,30.00
15.98,0.0023,0.1024,0.0934,0.3603,29.78
16.00,0.0024,0.1078,0.0927,0.3569,29.49
16.02,0.0062,0.1078,0.0915,0.3568,29.66
16.04,0.0062,0.1078,0.0915,0.3541,29.43
16.06,0.0025,0.1129,0.0917,0.3484,28.77
16.08,0.0063,0.1129,0.0907,0.3482,28.93
16.10,0.0023,0.1175,0.0908,0.3428,28.30
16.12,0.0064,0.1175,0.0896,0.3426,28.46
16.14,0.0064,0.1175,0.0896,0.3399,28.23
16.16,0.0019,0.1219,0.0896,0.3344,27.60
16.18,0.0019,0.1219,0.0896,0.3317,27.37
16.20,0.0015,0.1259,0.0888,0.3286,27.12
16.22,0.0074,0.1259,0.0878,0.3283,27.26
16.24,0.0074,0.1259,0.0878,0.3256,27.03
16.26,0.0014,0.1296,0.0878,0.3202,26.42
16.28,0.0078,0.1296,0.0869,0.3199,26.56
16.30,0.0011,0.1330,0.0870,0.3145,25.94
16.32,0.0079,0.1330,0.0863,0.3138,26.05
16.34,0.0079,0.1330,0.0863,0.3111,25.82
16.36,0.0011,0.1357,0.0863,0.3059,25.22
16.38,0.0079,0.1357,0.0856,0.3053,25.33
16.40,0.0010,0.1382,0.0855,0.3001,24.74
16.42,0.0080,0.1382,0.0852,0.2992,24.81
16.44,0.0080,0.1382,0.0852,0.2965,24.58
16.46,0.0009,0.1400,0.0849,0.2913,24.00
16.48,0.0009,0.1400,0.0849,0.2885,23.77
16.50,0.0009,0.1411,0.0845,0.2852,23.49
16.52,0.0079,0.1411,0.0840,0.2845,23.57
16.54,0.0079,0.1411,0.0840,0.2818,23.35
16.56,0.0011,0.1416,0.0843,0.2766,22.77
16.58,0.0077,0.1416,0.0840,0.2757,22.83
16.60,0.0013,0.1414,0.0843,0.2706,22.27
16.62,0.0078,0.1414,0.0842,0.2696,22.32
16.64,0.0078,0.1414,0.0842,0.2669,22.10
16.66,0.0011,0.1401,0.0850,0.2623,21.58
16.68,0.0082,0.1401,0.0850,0.2614,21.64
16.70,0.0010,0.1385,0.0857,0.2566,21.11
16.72,0.0082,0.1385,0.0857,0.2557,21.16
16.74,0.0082,0.1385,0.0857,0.2530,20.94
16.76,0.0010,0.1365,0.0865,0.2483,20.42
16.78,0.0083,0.1365,0.0868,0.2472,20.45
16.80,0.0009,0.1341,0.0877,0.2425,19.93
16.82,0.0084,0.1341,0.0880,0.2414,19.97
16.84,0.0084,0.1341,0.0880,0.2388,19.75
16.86,0.0012,0.1316,0.0887,0.2342,19.24
16.88,0.0012,0.1316,0.0887,0.2316,19.02
16.90,0.0013,0.1290,0.0892,0.2287,18.78
16.92,0.0081,0.1290,0.0896,0.2278,18.83
16.94,0.0081,0.1290,0.0896,0.2252,18.61
16.96,0.0015,0.1259,0.0903,0.2206,18.11
16.98,0.0079,0.1259,0.0909,0.2196,18.14
17.00,0.0019,0.1230,0.0908,0.2152,17.66
17.02,0.0077,0.1230,0.0914,0.2143,17.70
17.04,0.0077,0.1230,0.0914,0.2118,17.49
17.06,0.0019,0.1202,0.0908,0.2073,17.01
17.08,0.0078,0.1202,0.0915,0.2066,17.06
17.10,0.0018,0.1175,0.0904,0.2020,16.57
17.12,0.0079,0.1175,0.0912,0.2013,16.61
17.14,0.0079,0.1175,0.0912,0.1988,16.41
17.16,0.0014,0.1148,0.0895,0.1945,15.96
17.18,0.0083,0.1148,0.0905,0.1938,15.99
17.20,0.0012,0.1125,0.0883,0.1895,15.54
17.22,0.0085,0.1125,0.0894,0.1886,15.57
17.24,0.0085,0.1125,0.0894,0.1863,15.37
17.26,0.0011,0.1105,0.0868,0.1820,14.93
17.28,0.0084,0.1105,0.0879,0.1814,14.96
17.30,0.0011,0.1086,0.0847,0.1775,14.56
17.32,0.0083,0.1086,0.0861,0.1767,14.57
17.34,0.0083,0.1086,0.0861,0.1744,14.38
17.36,0.0012,0.1067,0.0832,0.1705,13.98
17.38,0.0081,0.1067,0.0846,0.1697,13.99
17.40,0.0015,0.1054,0.0808,0.1660,13.61
17.42,0.0080,0.1054,0.0824,0.1653,13.62
17.44,0.0080,0.1054,0.0824,0.1631,13.44
17.46,0.0015,0.1045,0.0783,0.1591,13.04
17.48,0.0079,0.1045,0.0801,0.1582,13.04
17.50,0.0017,0.1039,0.0758,0.1546,12.67
17.52,0.0076,0.1039,0.0775,0.1539,12.68
17.54,0.0076,0.1039,0.0775,0.1518,12.50
17.56,0.0018,0.1031,0.0732,0.1482,12.13
17.58,0.0077,0.1031,0.0752,0.1473,12.13
17.60,0.0016,0.1024,0.0712,0.1437,11.77
17.62,0.0081,0.1024,0.0733,0.1430,11.77
17.64,0.0081,0.1024,0.0733,0.1409,11.60
17.66,0.0014,0.1019,0.0691,0.1374,11.26
17.68,0.0083,0.1019,0.0713,0.1367,11.25
17.70,0.0011,0.1007,0.0679,0.1334,10.92
17.72,0.0088,0.1007,0.0705,0.1324,10.90
17.74,0.0088,0.1007,0.0705,0.1305,10.74
17.76,0.0008,0.0994,0.0675,0.1272,10.42
17.78,0.0091,0.0994,0.0699,0.1267,10.43
17.80,0.0003,0.0981,0.0671,0.1235,10.12
17.82,0.0098,0.0981,0.0696,0.1230,10.12
17.84,0.0098,0.0981,0.0696,0.1212,9.97
17.86,0.0003,0.0962,0.0674,0.1180,9.67
17.88,0.0106,0.0962,0.0703,0.1175,9.66
17.90,0.0009,0.0945,0.0680,0.1142,9.36
17.92,0.0112,0.0945,0.0709,0.1138,9.35
17.94,0.0112,0.0945,0.0709,0.1120,9.21
17.96,0.0012,0.0928,0.0687,0.1088,8.92
17.98,0.0115,0.0928,0.0717,0.1084,8.90
18.00,0.0014,0.0911,0.0697,0.1051,8.62
18.02,0.0118,0.0911,0.0727,0.1049,8.61
18.04,0.0118,0.0911,0.0727,0.1033,8.48
18.06,0.0016,0.0895,0.0709,0.1002,8.22
18.08,0.0121,0.0895,0.0740,0.1000,8.21
18.10,0.0019,0.0886,0.0716,0.0967,7.93
18.12,0.0122,0.0886,0.0750,0.0963,7.90
18.14,0.0122,0.0886,0.0750,0.0948,7.77
18.16,0.0019,0.0873,0.0724,0.0919,7.53
18.18,0.0119,0.0873,0.0756,0.0917,7.52
18.20,0.0015,0.0868,0.0725,0.0888,7.28
18.22,0.0118,0.0868,0.0758,0.0887,7.26
18.24,0.0118,0.0868,0.0758,0.0873,7.15
18.26,0.0014,0.0868,0.0723,0.0845,6.93
18.28,0.0116,0.0868,0.0757,0.0843,6.90
18.30,0.0011,0.0870,0.0719,0.0816,6.69
18.32,0.0115,0.0870,0.0755,0.0814,6.66
18.34,0.0115,0.0870,0.0755,0.0801,6.55
18.36,0.0010,0.0915,0.0755,0.0777,6.37
18.38,0.0115,0.0872,0.0752,0.0775,6.33
18.40,0.0012,0.0877,0.0709,0.0751,6.15
18.42,0.0112,0.0877,0.0742,0.0752,6.14
18.44,0.0112,0.0877,0.0742,0.0741,6.04
18.46,0.0006,0.0880,0.0703,0.0717,5.88
18.48,0.0107,0.0880,0.0738,0.0719,5.86
18.50,0.0001,0.0888,0.0693,0.0697,5.71
18.52,0.0098,0.0888,0.0728,0.0696,5.68
18.54,0.0098,0.0888,0.0728,0.0685,5.59
18.56,0.0008,0.0898,0.0683,0.0664,5.43
18.58,0.0090,0.0898,0.0718,0.0663,5.41
18.60,0.0017,0.0905,0.0673,0.0646,5.28
18.62,0.0083,0.0905,0.0710,0.0644,5.26
18.64,0.0083,0.0905,0.0710,0.0634,5.18
18.66,0.0025,0.0909,0.0667,0.0620,5.06
18.68,0.0077,0.0909,0.0708,0.0614,5.02
18.70,0.0030,0.0915,0.0669,0.0598,4.88
18.72,0.0073,0.0915,0.0708,0.0594,4.85
18.74,0.0073,0.0915,0.0708,0.0586,4.78
18.76,0.0035,0.0915,0.0675,0.0572,4.66
18.78,0.0069,0.0915,0.0717,0.0567,4.63
18.80,0.0037,0.0913,0.0685,0.0555,4.52
18.82,0.0068,0.0913,0.0726,0.0551,4.50
18.84,0.0068,0.0913,0.0726,0.0544,4.44
18.86,0.0037,0.0908,0.0698,0.0532,4.33
18.88,0.0069,0.0908,0.0739,0.0529,4.32
18.90,0.0038,0.0902,0.0710,0.0519,4.23
18.92,0.0070,0.0902,0.0753,0.0517,4.21
18.94,0.0070,0.0902,0.0753,0.0511,4.16
18.96,0.0037,0.0897,0.0724,0.0499,4.07
18.98,0.0068,0.0897,0.0762,0.0500,4.08
19.00,0.0039,0.0894,0.0733,0.0491,4.00
19.02,0.0066,0.0894,0.0774,0.0491,4.00
19.04,0.0066,0.0894,0.0774,0.0486,3.96
19.06,0.0041,0.0891,0.0741,0.0477,3.88
19.08,0.0041,0.0891,0.0741,0.0473,3.85
19.10,0.0042,0.0888,0.0750,0.0469,3.81
19.12,0.0062,0.0888,0.0793,0.0466,3.80
19.14,0.0062,0.0888,0.0793,0.0462,3.77
19.16,0.0045,0.0886,0.0757,0.0456,3.70
19.18,0.0061,0.0886,0.0799,0.0455,3.71
19.20,0.0045,0.0887,0.0763,0.0449,3.64
19.22,0.0058,0.0887,0.0807,0.0444,3.62
19.24,0.0058,0.0887,0.0807,0.0442,3.60
19.26,0.0044,0.0892,0.0766,0.0435,3.53
19.28,0.0060,0.0892,0.0808,0.0434,3.53
19.30,0.0044,0.0900,0.0765,0.0427,3.47
19.32,0.0061,0.0900,0.0810,0.0424,3.45
19.34,0.0061,0.0900,0.0810,0.0422,3.44
19.36,0.0043,0.0907,0.0766,0.0416,3.38
19.38,0.0063,0.0907,0.0811,0.0414,3.37
19.40,0.0040,0.0914,0.0765,0.0409,3.32
19.42,0.0067,0.0914,0.0809,0.0410,3.33
19.44,0.0067,0.0914,0.0809,0.0410,3.33
19.46,0.0038,0.0956,0.0809,0.0404,3.29
19.48,0.0065,0.0922,0.0802,0.0409,3.32
19.50,0.0040,0.0930,0.0754,0.0405,3.29
19.52,0.0062,0.0930,0.0794,0.0408,3.31
19.54,0.0062,0.0930,0.0794,0.0409,3.32
19.56,0.0044,0.0937,0.0749,0.0407,3.30
19.58,0.0059,0.0937,0.0790,0.0411,3.34
19.60,0.0047,0.0944,0.0743,0.0411,3.33
19.62,0.0056,0.0944,0.0786,0.0411,3.35
19.64,0.0056,0.0944,0.0786,0.0414,3.37
19.66,0.0051,0.0951,0.0739,0.0415,3.36
19.68,0.0052,0.0951,0.0782,0.0415,3.39
19.70,0.0056,0.0953,0.0741,0.0418,3.38
19.72,0.0046,0.0953,0.0782,0.0420,3.43
19.74,0.0046,0.0953,0.0782,0.0423,3.46
19.76,0.0060,0.0954,0.0743,0.0427,3.45
19.78,0.0045,0.0954,0.0785,0.0428,3.50
19.80,0.0061,0.0953,0.0749,0.0432,3.48
19.82,0.0045,0.0953,0.0793,0.0432,3.53
19.84,0.0045,0.0953,0.0793,0.0437,3.57
19.86,0.0060,0.0948,0.0759,0.0443,3.57
19.88,0.0060,0.0948,0.0759,0.0448,3.62
19.90,0.0058,0.0949,0.0765,0.0449,3.63
19.92,0.0050,0.0949,0.0805,0.0455,3.72
19.94,0.0050,0.0949,0.0805,0.0461,3.77
19.96,0.0055,0.0945,0.0773,0.0464,3.76
19.98,0.0055,0.0945,0.0773,0.0471,3.81
20.00,0.0055,0.0941,0.0778,0.0477,3.87
20.02,0.0052,0.0941,0.0819,0.0485,3.96
20.04,0.0052,0.0941,0.0819,0.0492,4.02
20.06,0.0056,0.0937,0.0785,0.0498,4.03
20.08,0.0050,0.0937,0.0825,0.0505,4.13
20.10,0.0057,0.0936,0.0788,0.0512,4.15
20.12,0.0050,0.0936,0.0825,0.0524,4.28
20.14,0.0050,0.0936,0.0825,0.0532,4.35
20.16,0.0058,0.0983,0.0825,0.0537,4.35
20.18,0.0058,0.0936,0.0789,0.0546,4.42
20.20,0.0058,0.0934,0.0794,0.0551,4.47
20.22,0.0046,0.0934,0.0835,0.0557,4.56
20.24,0.0046,0.0934,0.0835,0.0566,4.64
20.26,0.0061,0.0936,0.0795,0.0574,4.65
20.28,0.0044,0.0936,0.0834,0.0583,4.77
20.30,0.0061,0.0942,0.0791,0.0590,4.78
20.32,0.0045,0.0942,0.0831,0.0599,4.91
20.34,0.0045,0.0942,0.0831,0.0610,5.00
20.36,0.0059,0.0944,0.0789,0.0620,5.03
20.38,0.0059,0.0944,0.0789,0.0632,5.13
20.40,0.0057,0.0948,0.0784,0.0642,5.21
20.42,0.0048,0.0948,0.0821,0.0655,5.37
20.44,0.0048,0.0948,0.0821,0.0667,5.47
20.46,0.0059,0.0954,0.0778,0.0678,5.51
20.48,0.0046,0.0954,0.0813,0.0693,5.68
20.50,0.0061,0.0958,0.0769,0.0704,5.72
20.52,0.0043,0.0958,0.0803,0.0720,5.91
20.54,0.0043,0.0958,0.0803,0.0733,6.01
20.56,0.0063,0.0964,0.0758,0.0745,6.05
20.58,0.0042,0.0964,0.0793,0.0761,6.24
20.60,0.0063,0.0970,0.0750,0.0771,6.26
20.62,0.0040,0.0970,0.0787,0.0784,6.43
20.64,0.0040,0.0970,0.0787,0.0798,6.55
20.66,0.0066,0.0970,0.0748,0.0811,6.59
20.68,0.0038,0.0970,0.0784,0.0826,6.77
20.70,0.0067,0.0972,0.0746,0.0837,6.80
20.72,0.0037,0.0972,0.0781,0.0853,7.00
20.74,0.0037,0.0972,0.0781,0.0868,7.12
20.76,0.0068,0.0970,0.0747,0.0880,7.15
20.78,0.0037,0.0970,0.0782,0.0896,7.35
20.80,0.0067,0.0967,0.0750,0.0909,7.39
20.82,0.0038,0.0967,0.0784,0.0928,7.61
20.84,0.0038,0.0967,0.0784,0.0944,7.75
20.86,0.0064,0.0963,0.0752,0.0957,7.78
20.88,0.0042,0.0963,0.0786,0.0977,8.02
20.90,0.0061,0.0960,0.0755,0.0989,8.05
20.92,0.0044,0.0960,0.0785,0.1014,8.33
20.94,0.0044,0.0960,0.0785,0.1032,8.47
20.96,0.0060,0.0953,0.0755,0.1045,8.51
20.98,0.0060,0.0953,0.0755,0.1063,8.66
21.00,0.0062,0.0946,0.0756,0.1084,8.83
21.02,0.0041,0.0946,0.0787,0.1108,9.10
21.04,0.0041,0.0946,0.0787,0.1126,9.25
21.06,0.0064,0.0944,0.0757,0.1140,9.29
21.08,0.0040,0.0944,0.0786,0.1166,9.57
21.10,0.0063,0.0945,0.0755,0.1177,9.59
21.12,0.0041,0.0945,0.0785,0.1202,9.88
21.14,0.0041,0.0945,0.0785,0.1222,10.04
21.16,0.0061,0.0948,0.0755,0.1232,10.04
21.18,0.0061,0.0948,0.0755,0.1252,10.21
21.20,0.0062,0.0954,0.0747,0.1271,10.36
21.22,0.0040,0.0954,0.0775,0.1297,10.66
21.24,0.0040,0.0954,0.0775,0.1318,10.83
21.26,0.0061,0.0960,0.0740,0.1329,10.83
21.28,0.0040,0.0960,0.0767,0.1356,11.15
21.30,0.0061,0.0965,0.0733,0.1368,11.16
21.32,0.0040,0.0965,0.0757,0.1398,11.49
21.34,0.0040,0.0965,0.0757,0.1420,11.67
21.36,0.0058,0.0971,0.0722,0.1430,11.67
21.38,0.0044,0.0971,0.0745,0.1462,12.02
21.40,0.0055,0.0976,0.0710,0.1474,12.03
21.42,0.0045,0.0976,0.0733,0.1506,12.39
21.44,0.0045,0.0976,0.0733,0.1529,12.57
21.46,0.0057,0.0981,0.0702,0.1541,12.58
21.48,0.0044,0.0981,0.0724,0.1574,12.95
21.50,0.0055,0.0984,0.0694,0.1585,12.94
21.52,0.0044,0.0984,0.0714,0.1620,13.33
21.54,0.0044,0.0984,0.0714,0.1643,13.52
21.56,0.0054,0.0984,0.0689,0.1654,13.51
21.58,0.0046,0.0984,0.0710,0.1689,13.90
21.60,0.0052,0.0978,0.0690,0.1701,13.90
21.62,0.0047,0.0978,0.0712,0.1735,14.28
21.64,0.0047,0.0978,0.0712,0.1758,14.47
21.66,0.0050,0.0972,0.0695,0.1768,14.45
21.68,0.0049,0.0972,0.0716,0.1803,14.84
21.70,0.0046,0.0964,0.0701,0.1814,14.83
21.72,0.0053,0.0964,0.0720,0.1851,15.24
21.74,0.0053,0.0964,0.0720,0.1875,15.45
21.76,0.0042,0.0956,0.0707,0.1885,15.43
21.78,0.0057,0.0956,0.0724,0.1925,15.86
21.80,0.0039,0.0953,0.0708,0.1933,15.83
21.82,0.0060,0.0953,0.0727,0.1970,16.24
21.84,0.0060,0.0953,0.0727,0.1996,16.45
21.86,0.0036,0.0948,0.0713,0.2005,16.43
21.88,0.0063,0.0948,0.0732,0.2042,16.84
21.90,0.0034,0.0948,0.0714,0.2051,16.81
21.92,0.0064,0.0948,0.0729,0.2092,17.26
21.94,0.0064,0.0948,0.0729,0.2118,17.47
21.96,0.0032,0.0950,0.0708,0.2127,17.44
21.98,0.0064,0.0950,0.0721,0.2170,17.90
22.00,0.0032,0.0954,0.0699,0.2178,17.86
22.02,0.0066,0.0954,0.0713,0.2221,18.33
22.04,0.0066,0.0954,0.0713,0.2247,18.55
22.06,0.0031,0.0962,0.0691,0.2252,18.47
22.08,0.0067,0.0962,0.0703,0.2296,18.96
22.10,0.0029,0.0970,0.0680,0.2304,18.90
22.12,0.0065,0.0970,0.0689,0.2349,19.40
22.14,0.0065,0.0970,0.0689,0.2375,19.62
22.16,0.0031,0.0980,0.0664,0.2383,19.55
22.18,0.0031,0.0980,0.0664,0.2410,19.78
22.20,0.0033,0.0994,0.0648,0.2434,19.97
22.22,0.0061,0.0994,0.0656,0.2479,20.48
22.24,0.0061,0.0994,0.0656,0.2506,20.70
22.26,0.0035,0.1001,0.0637,0.2513,20.62
22.28,0.0059,0.1001,0.0648,0.2555,21.11
22.30,0.0036,0.1006,0.0631,0.2560,21.02
22.32,0.0058,0.1006,0.0638,0.2606,21.54
22.34,0.0058,0.1006,0.0638,0.2633,21.77
22.36,0.0037,0.1007,0.0627,0.2638,21.66
22.38,0.0037,0.1007,0.0627,0.2666,21.89
22.40,0.0040,0.1008,0.0624,0.2689,22.08
22.42,0.0051,0.1008,0.0629,0.2736,22.62
22.44,0.0051,0.1008,0.0629,0.2763,22.85
22.46,0.0043,0.1009,0.0626,0.2765,22.71
22.48,0.0049,0.1009,0.0631,0.2812,23.25
22.50,0.0043,0.1005,0.0633,0.2814,23.11
22.52,0.0046,0.1005,0.0636,0.2861,23.66
22.54,0.0046,0.1005,0.0636,0.2889,23.89
22.56,0.0045,0.0999,0.0639,0.2894,23.78
22.58,0.0045,0.0999,0.0640,0.2942,24.34
22.60,0.0045,0.0995,0.0644,0.2944,24.20
22.62,0.0044,0.0995,0.0646,0.2992,24.76
22.64,0.0044,0.0995,0.0646,0.3019,24.98
22.66,0.0046,0.0989,0.0649,0.3023,24.86
22.68,0.0045,0.0989,0.0652,0.3069,25.41
22.70,0.0043,0.0983,0.0655,0.3072,25.27
22.72,0.0047,0.0983,0.0654,0.3121,25.85
22.74,0.0047,0.0983,0.0654,0.3148,26.08
22.76,0.0041,0.0979,0.0655,0.3151,25.93
22.78,0.0041,0.0979,0.0655,0.3178,26.16
22.80,0.0037,0.0976,0.0654,0.3203,26.38
22.82,0.0055,0.0976,0.0650,0.3255,26.99
22.84,0.0055,0.0976,0.0650,0.3282,27.22
22.86,0.0032,0.0975,0.0648,0.3283,27.06
22.88,0.0056,0.0975,0.0642,0.3337,27.69
22.90,0.0033,0.0979,0.0636,0.3338,27.52
22.92,0.0055,0.0979,0.0630,0.3390,28.14
22.94,0.0055,0.0979,0.0630,0.3417,28.36
22.96,0.0033,0.0984,0.0622,0.3417,28.19
22.98,0.0055,0.0984,0.0613,0.3471,28.83
23.00,0.0034,0.0990,0.0607,0.3471,28.64
23.02,0.0052,0.0990,0.0596,0.3526,29.28
23.04,0.0052,0.0990,0.0596,0.3552,29.51
23.06,0.0035,0.0998,0.0589,0.3551,29.31
23.08,0.0050,0.0998,0.0577,0.3608,29.97
23.10,0.0038,0.1007,0.0570,0.3607,29.77
23.12,0.0048,0.1007,0.0560,0.3661,30.42
23.14,0.0048,0.1007,0.0560,0.3686,30.64
23.16,0.0039,0.1012,0.0558,0.3684,30.43
23.18,0.0039,0.1012,0.0558,0.3710,30.64
23.20,0.0044,0.1015,0.0546,0.3738,30.87
23.22,0.0040,0.1015,0.0534,0.3792,31.52
23.24,0.0040,0.1015,0.0534,0.3817,31.74
23.26,0.0044,0.1092,0.0534,0.3815,31.52
23.28,0.0036,0.1012,0.0525,0.3872,32.20
23.30,0.0050,0.1009,0.0538,0.3868,31.96
23.32,0.0029,0.1009,0.0524,0.3922,32.61
23.34,0.0029,0.1009,0.0524,0.3946,32.82
23.36,0.0055,0.1086,0.0524,0.3945,32.60
23.38,0.0024,0.1000,0.0524,0.4000,33.26
23.40,0.0060,0.0989,0.0547,0.3996,33.02
23.42,0.0019,0.0989,0.0529,0.4052,33.69
23.44,0.0019,0.0989,0.0529,0.4075,33.89
23.46,0.0062,0.0976,0.0558,0.4068,33.63
23.48,0.0020,0.0976,0.0542,0.4122,34.30
23.50,0.0062,0.0970,0.0567,0.4112,34.00
23.52,0.0017,0.0970,0.0551,0.4165,34.66
23.54,0.0017,0.0970,0.0551,0.4188,34.85
23.56,0.0064,0.0962,0.0581,0.4175,34.53
23.58,0.0016,0.0962,0.0565,0.4227,35.19
23.60,0.0065,0.0956,0.0593,0.4213,34.85
23.62,0.0014,0.0956,0.0575,0.4267,35.53
23.64,0.0014,0.0956,0.0575,0.4289,35.72
23.66,0.0066,0.0957,0.0589,0.4275,35.38
23.68,0.0014,0.0957,0.0570,0.4330,36.07
23.70,0.0066,0.0958,0.0582,0.4315,35.72
23.72,0.0014,0.0958,0.0563,0.4367,36.39
23.74,0.0014,0.0958,0.0563,0.4388,36.57
23.76,0.0065,0.0965,0.0569,0.4374,36.23
23.78,0.0016,0.0965,0.0549,0.4427,36.91
23.80,0.0062,0.0971,0.0552,0.4412,36.57
23.82,0.0015,0.0971,0.0529,0.4468,37.26
23.84,0.0015,0.0971,0.0529,0.4488,37.44
23.86,0.0063,0.0977,0.0534,0.4473,37.08
23.88,0.0063,0.0977,0.0534,0.4493,37.26
23.90,0.0062,0.0985,0.0516,0.4510,37.41
23.92,0.0015,0.0985,0.0495,0.4562,38.08
23.94,0.0015,0.0985,0.0495,0.4581,38.25
23.96,0.0061,0.0992,0.0498,0.4565,37.89
23.98,0.0016,0.0992,0.0475,0.4618,38.57
24.00,0.0059,0.1001,0.0481,0.4598,38.18
24.02,0.0017,0.1001,0.0456,0.4653,38.87
24.04,0.0017,0.1001,0.0456,0.4671,39.03
24.06,0.0058,0.1009,0.0467,0.4650,38.63
24.08,0.0015,0.1009,0.0442,0.4703,39.30
24.10,0.0059,0.1013,0.0458,0.4681,38.89
24.12,0.0015,0.1013,0.0435,0.4732,39.56
24.14,0.0015,0.1013,0.0435,0.4749,39.71
24.16,0.0059,0.1011,0.0458,0.4727,39.29
24.18,0.0059,0.1011,0.0458,0.4744,39.44
24.20,0.0057,0.1008,0.0457,0.4760,39.58
24.22,0.0020,0.1008,0.0429,0.4815,40.29
24.24,0.0020,0.1008,0.0429,0.4831,40.43
24.26,0.0056,0.1006,0.0461,0.4807,40.00
24.28,0.0020,0.1006,0.0430,0.4864,40.72
24.30,0.0057,0.1001,0.0466,0.4843,40.30
24.32,0.0017,0.1001,0.0436,0.4898,41.01
24.34,0.0017,0.1001,0.0436,0.4913,41.14
24.36,0.0059,0.0995,0.0472,0.4890,40.70
24.38,0.0016,0.0995,0.0442,0.4944,41.41
24.40,0.0059,0.0987,0.0481,0.4919,40.96
24.42,0.0015,0.0987,0.0450,0.4974,41.67
24.44,0.0015,0.0987,0.0450,0.4988,41.79
24.46,0.0059,0.1079,0.0450,0.4961,41.32
24.48,0.0015,0.0982,0.0458,0.5013,42.01
24.50,0.0060,0.0980,0.0492,0.4984,41.53
24.52,0.0017,0.0980,0.0463,0.5035,42.21
24.54,0.0017,0.0980,0.0463,0.5048,42.33
24.56,0.0055,0.1074,0.0463,0.5018,41.83
24.58,0.0055,0.0981,0.0494,0.5031,41.95
24.60,0.0055,0.0983,0.0494,0.5040,42.03
24.62,0.0018,0.0983,0.0463,0.5092,42.71
24.64,0.0018,0.0983,0.0463,0.5104,42.82
24.66,0.0056,0.0979,0.0500,0.5073,42.31
24.68,0.0019,0.0979,0.0469,0.5123,42.99
24.70,0.0057,0.0977,0.0505,0.5094,42.49
24.72,0.0018,0.0977,0.0472,0.5146,43.19
24.74,0.0018,0.0977,0.0472,0.5157,43.29
24.76,0.0058,0.0976,0.0505,0.5126,42.77
24.78,0.0058,0.0976,0.0505,0.5137,42.86
24.80,0.0059,0.0975,0.0504,0.5143,42.91
24.82,0.0013,0.0975,0.0470,0.5195,43.60
24.84,0.0013,0.0975,0.0470,0.5204,43.69
24.86,0.0060,0.0977,0.0497,0.5171,43.15
24.88,0.0013,0.0977,0.0464,0.5220,43.83
24.90,0.0060,0.0983,0.0484,0.5187,43.30
24.92,0.0015,0.0983,0.0453,0.5235,43.97
24.94,0.0015,0.0983,0.0453,0.5244,44.04
24.96,0.0056,0.0986,0.0474,0.5209,43.50
24.98,0.0017,0.0986,0.0441,0.5258,44.18
25.00,0.0052,0.0989,0.0459,0.5224,43.64
25.02,0.0019,0.0989,0.0427,0.5271,44.30
25.04,0.0019,0.0989,0.0427,0.5278,44.36
25.06,0.0051,0.0994,0.0444,0.5243,43.81
25.08,0.0022,0.0994,0.0411,0.5290,44.48
25.10,0.0048,0.0997,0.0430,0.5256,43.94
25.12,0.0027,0.0997,0.0398,0.5303,44.61
25.14,0.0027,0.0997,0.0398,0.5309,44.66
25.16,0.0042,0.1000,0.0419,0.5274,44.12
25.18,0.0042,0.1000,0.0419,0.5280,44.18
25.20,0.0040,0.1000,0.0410,0.5286,44.23
25.22,0.0034,0.1000,0.0374,0.5335,44.92
25.24,0.0034,0.1000,0.0374,0.5341,44.96
25.26,0.0038,0.1000,0.0403,0.5299,44.36
25.28,0.0038,0.1000,0.0403,0.5299,44.36
25.30,0.0041,0.1000,0.0400,0.5301,44.36
25.32,0.0031,0.1000,0.0364,0.5344,44.98
25.34,0.0031,0.1000,0.0364,0.5344,44.98
25.36,0.0040,0.1000,0.0398,0.5301,44.36
25.38,0.0040,0.1000,0.0398,0.5301,44.36
25.40,0.0041,0.0993,0.0399,0.5306,44.40
25.42,0.0025,0.0993,0.0367,0.5345,44.97
25.44,0.0025,0.0993,0.0367,0.5345,44.97
25.46,0.0042,0.0978,0.0406,0.5310,44.44
25.48,0.0027,0.0978,0.0388,0.5335,44.89
25.50,0.0036,0.0955,0.0430,0.5303,44.40
25.52,0.0037,0.0955,0.0426,0.5314,44.74
25.54,0.0037,0.0955,0.0426,0.5314,44.74
25.56,0.0022,0.0924,0.0471,0.5285,44.29
25.58,0.0050,0.0924,0.0477,0.5286,44.53
25.60,0.0003,0.0884,0.0521,0.5262,44.15
25.62,0.0059,0.0884,0.0522,0.5267,44.39
25.64,0.0059,0.0884,0.0522,0.5267,44.39
25.66,0.0011,0.0841,0.0559,0.5245,44.04
25.68,0.0063,0.0841,0.0555,0.5254,44.29
25.70,0.0022,0.0793,0.0587,0.5234,43.98
25.72,0.0069,0.0793,0.0587,0.5239,44.18
25.74,0.0069,0.0793,0.0587,0.5239,44.18
25.76,0.0033,0.0746,0.0607,0.5221,43.90
25.78,0.0033,0.0746,0.0607,0.5221,43.90
25.80,0.0044,0.0703,0.0617,0.5206,43.80
25.82,0.0083,0.0703,0.0625,0.5203,43.90
25.84,0.0083,0.0703,0.0625,0.5203,43.90
25.86,0.0057,0.0660,0.0619,0.5189,43.69
25.88,0.0093,0.0660,0.0629,0.5183,43.76
25.90,0.0072,0.0623,0.0609,0.5172,43.59
25.92,0.0101,0.0623,0.0616,0.5169,43.65
25.94,0.0101,0.0623,0.0616,0.5169,43.65
25.96,0.0080,0.0587,0.0592,0.5161,43.52
25.98,0.0106,0.0587,0.0600,0.5158,43.57
26.00,0.0089,0.0553,0.0574,0.5150,43.45
26.02,0.0106,0.0553,0.0579,0.5148,43.48
26.04,0.0106,0.0553,0.0579,0.5148,43.48
26.06,0.0091,0.0520,0.0552,0.5141,43.38
26.08,0.0107,0.0520,0.0557,0.5139,43.41
26.10,0.0097,0.0489,0.0529,0.5134,43.33
26.12,0.0108,0.0489,0.0535,0.5130,43.33
26.14,0.0108,0.0489,0.0535,0.5130,43.33
26.16,0.0098,0.0460,0.0505,0.5126,43.27
26.18,0.0102,0.0460,0.0506,0.5126,43.28
26.20,0.0096,0.0433,0.0475,0.5122,43.23
26.22,0.0100,0.0433,0.0476,0.5122,43.24
26.24,0.0100,0.0433,0.0476,0.5122,43.24
26.26,0.0096,0.0404,0.0445,0.5123,43.24
26.28,0.0096,0.0404,0.0445,0.5123,43.24
26.30,0.0094,0.0377,0.0414,0.5123,43.22
26.32,0.0094,0.0377,0.0414,0.5123,43.22
26.34,0.0094,0.0377,0.0414,0.5123,43.22
26.36,0.0092,0.0351,0.0383,0.5124,43.23
26.38,0.0092,0.0351,0.0383,0.5124,43.23
26.40,0.0091,0.0331,0.0352,0.5124,43.23
26.42,0.0091,0.0331,0.0352,0.5124,43.23
26.44,0.0091,0.0331,0.0352,0.5124,43.23
26.46,0.0091,0.0312,0.0320,0.5124,43.23
26.48,0.0091,0.0312,0.0320,0.5124,43.23
26.50,0.0091,0.0294,0.0290,0.5124,43.23
26.52,0.0091,0.0294,0.0290,0.5124,43.23
26.54,0.0091,0.0294,0.0290,0.5124,43.23
26.56,0.0091,0.0279,0.0260,0.5124,43.23
26.58,0.0091,0.0279,0.0260,0.5124,43.23
26.60,0.0091,0.0268,0.0228,0.5124,43.23
26.62,0.0091,0.0268,0.0228,0.5124,43.23
26.64,0.0091,0.0268,0.0228,0.5124,43.23
26.66,0.0091,0.0258,0.0197,0.5124,43.23
26.68,0.0091,0.0258,0.0197,0.5124,43.23
26.70,0.0091,0.0247,0.0169,0.5124,43.23
26.72,0.0091,0.0247,0.0169,0.5124,43.23
26.74,0.0091,0.0247,0.0169,0.5124,43.23
26.76,0.0091,0.0238,0.0141,0.5124,43.23
26.78,0.0091,0.0238,0.0141,0.5124,43.23
26.80,0.0091,0.0230,0.0114,0.5124,43.23
26.82,0.0091,0.0230,0.0114,0.5124,43.23
26.84,0.0091,0.0230,0.0114,0.5124,43.23
26.86,0.0091,0.0224,0.0086,0.5124,43.23
26.88,0.0091,0.0224,0.0086,0.5124,43.23
26.90,0.0091,0.0210,0.0069,0.5124,43.23
26.92,0.0091,0.0210,0.0069,0.5124,43.23
26.94,0.0091,0.0210,0.0069,0.5124,43.23
26.96,0.0091,0.0195,0.0057,0.5124,43.23
26.98,0.0091,0.0195,0.0057,0.5124,43.23
27.00,0.0091,0.0177,0.0051,0.5124,43.23
27.02,0.0091,0.0177,0.0051,0.5124,43.23
27.04,0.0091,0.0177,0.0051,0.5124,43.23
27.06,0.0091,0.0159,0.0049,0.5124,43.23
27.08,0.0091,0.0159,0.0049,0.5124,43.23
27.10,0.0091,0.0137,0.0052,0.5124,43.23
27.12,0.0091,0.0137,0.0052,0.5124,43.23
27.14,0.0091,0.0137,0.0052,0.5124,43.23
27.16,0.0091,0.0120,0.0052,0.5124,43.23
27.18,0.0091,0.0120,0.0052,0.5124,43.23
27.20,0.0091,0.0100,0.0058,0.5124,43.23
27.22,0.0091,0.0100,0.0058,0.5124,43.23
27.24,0.0091,0.0100,0.0058,0.5124,43.23
27.26,0.0091,0.0085,0.0060,0.5124,43.23
27.28,0.0091,0.0085,0.0060,0.5124,43.23
27.30,0.0091,0.0068,0.0066,0.5124,43.23
27.32,0.0091,0.0068,0.0066,0.5124,43.23
27.34,0.0091,0.0068,0.0066,0.5124,43.23
27.36,0.0091,0.0055,0.0072,0.5124,43.23
27.38,0.0091,0.0055,0.0072,0.5124,43.23
27.40,0.0091,0.0039,0.0079,0.5124,43.23
27.42,0.0091,0.0039,0.0079,0.5124,43.23
27.44,0.0091,0.0039,0.0079,0.5124,43.23
27.46,0.0091,0.0039,0.0079,0.5124,43.23
27.48,0.0091,0.0023,0.0085,0.5124,43.23
27.50,0.0091,0.0012,0.0087,0.5124,43.23
27.52,0.0091,0.0012,0.0087,0.5124,43.23
27.54,0.0091,0.0012,0.0087,0.5124,43.23
27.56,0.0091,0.0012,0.0087,0.5124,43.23
27.58,0.0091,0.0007,0.0082,0.5124,43.23
27.60,0.0091,0.0001,0.0081,0.5124,43.23
27.62,0.0091,0.0001,0.0081,0.5124,43.23
27.64,0.0091,0.0001,0.0081,0.5124,43.23
27.66,0.0091,0.0008,0.0078,0.5124,43.23
27.68,0.0091,0.0008,0.0078,0.5124,43.23
27.70,0.0091,0.0012,0.0074,0.5124,43.23
27.72,0.0091,0.0012,0.0074,0.5124,43.23
27.74,0.0091,0.0012,0.0074,0.5124,43.23
27.76,0.0091,0.0014,0.0068,0.5124,43.23
27.78,0.0091,0.0014,0.0068,0.5124,43.23
27.80,0.0091,0.0018,0.0064,0.5124,43.23
27.82,0.0091,0.0018,0.0064,0.5124,43.23
27.84,0.0091,0.0018,0.0064,0.5124,43.23
27.86,0.0091,0.0018,0.0056,0.5124,43.23
27.88,0.0091,0.0018,0.0056,0.5124,43.23
27.90,0.0091,0.0018,0.0048,0.5124,43.23
27.92,0.0091,0.0018,0.0048,0.5124,43.23
27.94,0.0091,0.0018,0.0048,0.5124,43.23
27.96,0.0091,0.0018,0.0048,0.5124,43.23
27.98,0.0091,0.0020,0.0046,0.5124,43.23
28.00,0.0091,0.0018,0.0043,0.5124,43.23
28.02,0.0091,0.0018,0.0043,0.5124,43.23
28.04,0.0091,0.0018,0.0043,0.5124,43.23
28.06,0.0091,0.0018,0.0043,0.5124,43.23
28.08,0.0091,0.0022,0.0044,0.5124,43.23
28.10,0.0091,0.0020,0.0040,0.5124,43.23
28.12,0.0091,0.0020,0.0040,0.5124,43.23
28.14,0.0091,0.0020,0.0040,0.5124,43.23
28.16,0.0091,0.0019,0.0039,0.5124,43.23
28.18,0.0091,0.0019,0.0039,0.5124,43.23
28.20,0.0091,0.0018,0.0036,0.5124,43.23
28.22,0.0091,0.0018,0.0036,0.5124,43.23
28.24,0.0091,0.0018,0.0036,0.5124,43.23
28.26,0.0091,0.0018,0.0036,0.5124,43.23
28.28,0.0091,0.0018,0.0036,0.5124,43.23
28.30,0.0091,0.0018,0.0036,0.5124,43.23
28.32,0.0091,0.0018,0.0036,0.5124,43.23
28.34,0.0091,0.0018,0.0036,0.5124,43.23
28.36,0.0091,0.0018,0.0036,0.5124,43.23
28.38,0.0091,0.0018,0.0036,0.5124,43.23
28.40,0.0091,0.0018,0.0036,0.5124,43.23
28.42,0.0091,0.0018,0.0036,0.5124,43.23
28.44,0.0091,0.0018,0.0036,0.5124,43.23
28.46,0.0091,0.0018,0.0036,0.5124,43.23
28.48,0.0091,0.0018,0.0036,0.5124,43.23
28.50,0.0091,0.0018,0.0036,0.5124,43.23
28.52,0.0091,0.0018,0.0036,0.5124,43.23
28.54,0.0091,0.0018,0.0036,0.5124,43.23
28.56,0.0091,0.0018,0.0036,0.5124,43.23
28.58,0.0091,0.0018,0.0036,0.5124,43.23
28.60,0.0091,0.0018,0.0036,0.5124,43.23
28.62,0.0091,0.0018,0.0036,0.5124,43.23
28.64,0.0091,0.0018,0.0036,0.5124,43.23
28.66,0.0091,0.0018,0.0036,0.5124,43.23
28.68,0.0091,0.0018,0.0036,0.5124,43.23
28.70,0.0091,0.0018,0.0036,0.5124,43.23
28.72,0.0091,0.0018,0.0036,0.5124,43.23
28.74,0.0091,0.0018,0.0036,0.5124,43.23
28.76,0.0091,0.0018,0.0036,0.5124,43.23
28.78,0.0091,0.0018,0.0036,0.5124,43.23
28.80,0.0091,0.0018,0.0036,0.5124,43.23
28.82,0.0091,0.0018,0.0036,0.5124,43.23
28.84,0.0091,0.0018,0.0036,0.5124,43.23
28.86,0.0091,0.0018,0.0036,0.5124,43.23
28.88,0.0091,0.0018,0.0036,0.5124,43.23
28.90,0.0091,0.0018,0.0036,0.5124,43.23
28.92,0.0091,0.0018,0.0036,0.5124,43.23
28.94,0.0091,0.0018,0.0036,0.5124,43.23
28.96,0.0091,0.0018,0.0036,0.5124,43.23
28.98,0.0091,0.0018,0.0036,0.5124,43.23
29.00,0.0091,0.0018,0.0036,0.5124,43.23
29.02,0.0091,0.0018,0.0036,0.5124,43.23
29.04,0.0091,0.0018,0.0036,0.5124,43.23
29.06,0.0091,0.0018,0.0036,0.5124,43.23
29.08,0.0091,0.0018,0.0036,0.5124,43.23
29.10,0.0091,0.0018,0.0036,0.5124,43.23
29.12,0.0091,0.0018,0.0036,0.5124,43.23
29.14,0.0091,0.0018,0.0036,0.5124,43.23
29.16,0.0091,0.0018,0.0036,0.5124,43.23
29.18,0.0091,0.0018,0.0036,0.5124,43.23
29.20,0.0091,0.0018,0.0036,0.5124,43.23
29.22,0.0091,0.0018,0.0036,0.5124,43.23
29.24,0.0091,0.0018,0.0036,0.5124,43.23
29.26,0.0091,0.0018,0.0036,0.5124,43.23
29.28,0.0091,0.0018,0.0036,0.5124,43.23
29.30,0.0091,0.0018,0.0036,0.5124,43.23
29.32,0.0091,0.0018,0.0036,0.5124,43.23
29.34,0.0091,0.0018,0.0036,0.5124,43.23
29.36,0.0091,0.0018,0.0036,0.5124,43.23
29.38,0.0091,0.0018,0.0036,0.5124,43.23
29.40,0.0091,0.0018,0.0036,0.5124,43.23
29.42,0.0091,0.0018,0.0036,0.5124,43.23
29.44,0.0091,0.0018,0.0036,0.5124,43.23
29.46,0.0091,0.0018,0.0036,0.5124,43.23
29.48,0.0091,0.0018,0.0036,0.5124,43.23
29.50,0.0091,0.0018,0.0036,0.5124,43.23
29.52,0.0091,0.0018,0.0036,0.5124,43.23
29.54,0.0091,0.0018,0.0036,0.5124,43.23
29.56,0.0091,0.0018,0.0036,0.5124,43.23
29.58,0.0091,0.0018,0.0036,0.5124,43.23
29.60,0.0091,0.0018,0.0036,0.5124,43.23
29.62,0.0091,0.0018,0.0036,0.5124,43.23
29.64,0.0091,0.0018,0.0036,0.5124,43.23
29.66,0.0091,0.0018,0.0036,0.5124,43.23
29.68,0.0091,0.0018,0.0036,0.5124,43.23
29.70,0.0091,0.0018,0.0036,0.5124,43.23
29.72,0.0091,0.0018,0.0036,0.5124,43.23
29.74,0.0091,0.0018,0.0036,0.5124,43.23
29.76,0.0091,0.0018,0.0036,0.5124,43.23
29.78,0.0091,0.0018,0.0036,0.5124,43.23
29.80,0.0091,0.0018,0.0036,0.5124,43.23
29.82,0.0091,0.0018,0.0036,0.5124,43.23
29.84,0.0091,0.0018,0.0036,0.5124,43.23
29.86,0.0091,0.0018,0.0036,0.5124,43.23
29.88,0.0091,0.0018,0.0036,0.5124,43.23
29.90,0.0091,0.0018,0.0036,0.5124,43.23
29.92,0.0091,0.0018,0.0036,0.5124,43.23
29.94,0.0091,0.0018,0.0036,0.5124,43.23
29.96,0.0091,0.0018,0.0036,0.5124,43.23
29.98,0.0091,0.0018,0.0036,0.5124,43.23
30.00,0.0091,0.0018,0.0036,0.5124,43.23
30.02,0.0091,0.0018,0.0036,0.5124,43.23
30.04,0.0091,0.0018,0.0036,0.5124,43.23
30.06,0.0091,0.0018,0.0036,0.5124,43.23
30.08,0.0091,0.0018,0.0036,0.5124,43.23
30.10,0.0091,0.0018,0.0036,0.5124,43.23
30.12,0.0091,0.0018,0.0036,0.5124,43.23
30.14,0.0091,0.0018,0.0036,0.5124,43.23
30.16,0.0091,0.0018,0.0036,0.5124,43.23
30.18,0.0091,0.0018,0.0036,0.5124,43.23
30.20,0.0091,0.0018,0.0036,0.5124,43.23
30.22,0.0091,0.0018,0.0036,0.5124,43.23
30.24,0.0091,0.0018,0.0036,0.5124,43.23
30.26,0.0091,0.0018,0.0036,0.5124,43.23
30.28,0.0091,0.0018,0.0036,0.5124,43.23
30.30,0.0091,0.0018,0.0036,0.5124,43.23
30.32,0.0091,0.0018,0.0036,0.5124,43.23
30.34,0.0091,0.0018,0.0036,0.5124,43.23
30.36,0.0091,0.0018,0.0036,0.5124,43.23
30.38,0.0091,0.0018,0.0036,0.5124,43.23
30.40,0.0091,0.0018,0.0036,0.5124,43.23
30.42,0.0091,0.0018,0.0036,0.5124,43.23
30.44,0.0091,0.0018,0.0036,0.5124,43.23
30.46,0.0091,0.0018,0.0036,0.5124,43.23
30.48,0.0091,0.0018,0.0036,0.5124,43.23
30.50,0.0091,0.0018,0.0036,0.5124,43.23
30.52,0.0091,0.0018,0.0036,0.5124,43.23
30.54,0.0091,0.0018,0.0036,0.5124,43.23
30.56,0.0091,0.0018,0.0036,0.5124,43.23
30.58,0.0091,0.0018,0.0036,0.5124,43.23
30.60,0.0091,0.0018,0.0036,0.5124,43.23
30.62,0.0091,0.0018,0.0036,0.5124,43.23
30.64,0.0091,0.0018,0.0036,0.5124,43.23
30.66,0.0091,0.0018,0.0036,0.5124,43.23
30.68,0.0091,0.0018,0.0036,0.5124,43.23
30.70,0.0091,0.0018,0.0036,0.5124,43.23
30.72,0.0091,0.0018,0.0036,0.5124,43.23
30.74,0.0091,0.0018,0.0036,0.5124,43.23
30.76,0.0091,0.0018,0.0036,0.5124,43.23
30.78,0.0091,0.0018,0.0036,0.5124,43.23
30.80,0.0091,0.0018,0.0036,0.5124,43.23
30.82,0.0091,0.0018,0.0036,0.5124,43.23
30.84,0.0091,0.0018,0.0036,0.5124,43.23
30.86,0.0091,0.0018,0.0036,0.5124,43.23
30.88,0.0091,0.0018,0.0036,0.5124,43.23
30.90,0.0091,0.0018,0.0036,0.5124,43.23
30.92,0.0091,0.0018,0.0036,0.5124,43.23
30.94,0.0091,0.0018,0.0036,0.5124,43.23
30.96,0.0091,0.0018,0.0036,0.5124,43.23
30.98,0.0091,0.0018,0.0036,0.5124,43.23
31.00,0.0091,0.0018,0.0036,0.5124,43.23
31.02,0.0091,0.0018,0.0036,0.5124,43.23
31.04,0.0091,0.0018,0.0036,0.5124,43.23
31.06,0.0091,0.0018,0.0036,0.5124,43.23
31.08,0.0091,0.0018,0.0036,0.5124,43.23
31.10,0.0091,0.0018,0.0036,0.5124,43.23
31.12,0.0091,0.0018,0.0036,0.5124,43.23
31.14,0.0091,0.0018,0.0036,0.5124,43.23
31.16,0.0091,0.0018,0.0036,0.5124,43.23
31.18,0.0091,0.0018,0.0036,0.5124,43.23
31.20,0.0091,0.0018,0.0036,0.5124,43.23
31.22,0.0091,0.0018,0.0036,0.5124,43.23
31.24,0.0091,0.0018,0.0036,0.5124,43.23
31.26,0.0091,0.0018,0.0036,0.5124,43.23
31.28,0.0091,0.0018,0.0036,0.5124,43.23
31.30,0.0091,0.0018,0.0036,0.5124,43.23
31.32,0.0091,0.0018,0.0036,0.5124,43.23
31.34,0.0091,0.0018,0.0036,0.5124,43.23
31.36,0.0091,0.0018,0.0036,0.5124,43.23
31.38,0.0091,0.0018,0.0036,0.5124,43.23
31.40,0.0091,0.0018,0.0036,0.5124,43.23
31.42,0.0091,0.0018,0.0036,0.5124,43.23
31.44,0.0091,0.0018,0.0036,0.5124,43.23
31.46,0.0091,0.0018,0.0036,0.5124,43.23
31.48,0.0091,0.0018,0.0036,0.5124,43.23
31.50,0.0091,0.0018,0.0036,0.5124,43.23
31.52,0.0091,0.0018,0.0036,0.5124,43.23
31.54,0.0091,0.0018,0.0036,0.5124,43.23
31.56,0.0091,0.0018,0.0036,0.5124,43.23
31.58,0.0091,0.0018,0.0036,0.5124,43.23
31.60,0.0091,0.0018,0.0036,0.5124,43.23
31.62,0.0091,0.0018,0.0036,0.5124,43.23
31.64,0.0091,0.0018,0.0036,0.5124,43.23
31.66,0.0091,0.0018,0.0036,0.5124,43.23
31.68,0.0091,0.0018,0.0036,0.5124,43.23
31.70,0.0091,0.0018,0.0036,0.5124,43.23
31.72,0.0091,0.0018,0.0036,0.5124,43.23
31.74,0.0091,0.0018,0.0036,0.5124,43.23
31.76,0.0091,0.0018,0.0036,0.5124,43.23
31.78,0.0091,0.0018,0.0036,0.5124,43.23
31.80,0.0091,0.0018,0.0036,0.5124,43.23
31.82,0.0091,0.0018,0.0036,0.5124,43.23
31.84,0.0091,0.0018,0.0036,0.5124,43.23
31.86,0.0091,0.0018,0.0036,0.5124,43.23
31.88,0.0091,0.0018,0.0036,0.5124,43.23
31.90,0.0091,0.0018,0.0036,0.5124,43.23
31.92,0.0091,0.0018,0.0036,0.5124,43.23
31.94,0.0091,0.0018,0.0036,0.5124,43.23
31.96,0.0091,0.0018,0.0036,0.5124,43.23
31.98,0.0091,0.0018,0.0036,0.5124,43.23
32.00,0.0091,0.0018,0.0036,0.5124,43.23
32.02,0.0091,0.0018,0.0036,0.5124,43.23
32.04,0.0091,0.0018,0.0036,0.5124,43.23
32.06,0.0091,0.0018,0.0036,0.5124,43.23
32.08,0.0091,0.0018,0.0036,0.5124,43.23
32.10,0.0091,0.0018,0.0036,0.5124,43.23
32.12,0.0091,0.0018,0.0036,0.5124,43.23
32.14,0.0091,0.0018,0.0036,0.5124,43.23
32.16,0.0091,0.0018,0.0036,0.5124,43.23
32.18,0.0091,0.0018,0.0036,0.5124,43.23
32.20,0.0091,0.0018,0.0036,0.5124,43.23
32.22,0.0091,0.0018,0.0036,0.5124,43.23
32.24,0.0091,0.0018,0.0036,0.5124,43.23
32.26,0.0091,0.0018,0.0036,0.5124,43.23
32.28,0.0091,0.0018,0.0036,0.5124,43.23
32.30,0.0091,0.0018,0.0036,0.5124,43.23
32.32,0.0091,0.0018,0.0036,0.5124,43.23
32.34,0.0091,0.0018,0.0036,0.5124,43.23
32.36,0.0091,0.0018,0.0036,0.5124,43.23
32.38,0.0091,0.0018,0.0036,0.5124,43.23
32.40,0.0091,0.0018,0.0036,0.5124,43.23
32.42,0.0091,0.0018,0.0036,0.5124,43.23
32.44,0.0091,0.0018,0.0036,0.5124,43.23
32.46,0.0091,0.0018,0.0036,0.5124,43.23
32.48,0.0091,0.0018,0.0036,0.5124,43.23
32.50,0.0091,0.0018,0.0036,0.5124,43.23
32.52,0.0091,0.0018,0.0036,0.5124,43.23
32.54,0.0091,0.0018,0.0036,0.5124,43.23
32.56,0.0091,0.0018,0.0036,0.5124,43.23
32.58,0.0091,0.0018,0.0036,0.5124,43.23
32.60,0.0091,0.0018,0.0036,0.5124,43.23
32.62,0.0091,0.0018,0.0036,0.5124,43.23
32.64,0.0091,0.0018,0.0036,0.5124,43.23
32.66,0.0091,0.0018,0.0036,0.5124,43.23
32.68,0.0091,0.0018,0.0036,0.5124,43.23
32.70,0.0091,0.0018,0.0036,0.5124,43.23
32.72,0.0091,0.0018,0.0036,0.5124,43.23
32.74,0.0091,0.0018,0.0036,0.5124,43.23
32.76,0.0091,0.0018,0.0036,0.5124,43.23
32.78,0.0091,0.0018,0.0036,0.5124,43.23
32.80,0.0091,0.0018,0.0036,0.5124,43.23
32.82,0.0091,0.0018,0.0036,0.5124,43.23
32.84,0.0091,0.0018,0.0036,0.5124,43.23
32.86,0.0091,0.0018,0.0036,0.5124,43.23
32.88,0.0091,0.0018,0.0036,0.5124,43.23
32.90,0.0091,0.0018,0.0036,0.5124,43.23
32.92,0.0091,0.0018,0.0036,0.5124,43.23
32.94,0.0091,0.0018,0.0036,0.5124,43.23
32.96,0.0091,0.0018,0.0036,0.5124,43.23
32.98,0.0091,0.0018,0.0036,0.5124,43.23
33.00,0.0091,0.0018,0.0036,0.5124,43.23
33.02,0.0091,0.0018,0.0036,0.5124,43.23
33.04,0.0091,0.0018,0.0036,0.5124,43.23
33.06,0.0091,0.0018,0.0036,0.5124,43.23
33.08,0.0091,0.0018,0.0036,0.5124,43.23
33.10,0.0091,0.0018,0.0036,0.5124,43.23
33.12,0.0091,0.0018,0.0036,0.5124,43.23
33.14,0.0091,0.0018,0.0036,0.5124,43.23
33.16,0.0091,0.0018,0.0036,0.5124,43.23
33.18,0.0091,0.0018,0.0036,0.5124,43.23
33.20,0.0091,0.0018,0.0036,0.5124,43.23
33.22,0.0091,0.0018,0.0036,0.5124,43.23
33.24,0.0091,0.0018,0.0036,0.5124,43.23
33.26,0.0091,0.0018,0.0036,0.5124,43.23
33.28,0.0091,0.0018,0.0036,0.5124,43.23
33.30,0.0091,0.0018,0.0036,0.5124,43.23
33.32,0.0091,0.0018,0.0036,0.5124,43.23
33.34,0.0091,0.0018,0.0036,0.5124,43.23
33.36,0.0091,0.0018,0.0036,0.5124,43.23
33.38,0.0091,0.0018,0.0036,0.5124,43.23
33.40,0.0091,0.0018,0.0036,0.5124,43.23
33.42,0.0091,0.0018,0.0036,0.5124,43.23
33.44,0.0091,0.0018,0.0036,0.5124,43.23
33.46,0.0091,0.0018,0.0036,0.5124,43.23
33.48,0.0091,0.0018,0.0036,0.5124,43.23
33.50,0.0091,0.0018,0.0036,0.5124,43.23
33.52,0.0091,0.0018,0.0036,0.5124,43.23
33.54,0.0091,0.0018,0.0036,0.5124,43.23
33.56,0.0091,0.0018,0.0036,0.5124,43.23
33.58,0.0091,0.0018,0.0036,0.5124,43.23
33.60,0.0091,0.0018,0.0036,0.5124,43.23
33.62,0.0091,0.0018,0.0036,0.5124,43.23
33.64,0.0091,0.0018,0.0036,0.5124,43.23
33.66,0.0091,0.0018,0.0036,0.5124,43.23
33.68,0.0091,0.0018,0.0036,0.5124,43.23
33.70,0.0091,0.0018,0.0036,0.5124,43.23
33.72,0.0091,0.0018,0.0036,0.5124,43.23
33.74,0.0091,0.0018,0.0036,0.5124,43.23
33.76,0.0091,0.0018,0.0036,0.5124,43.23
33.78,0.0091,0.0018,0.0036,0.5124,43.23
33.80,0.0091,0.0018,0.0036,0.5124,43.23
33.82,0.0091,0.0018,0.0036,0.5124,43.23
33.84,0.0091,0.0018,0.0036,0.5124,43.23
33.86,0.0091,0.0018,0.0036,0.5124,43.23
33.88,0.0091,0.0018,0.0036,0.5124,43.23
33.90,0.0091,0.0018,0.0036,0.5124,43.23
33.92,0.0091,0.0018,0.0036,0.5124,43.23
33.94,0.0091,0.0018,0.0036,0.5124,43.23
33.96,0.0091,0.0018,0.0036,0.5124,43.23
33.98,0.0091,0.0018,0.0036,0.5124,43.23
34.00,0.0091,0.0018,0.0036,0.5124,43.23
34.02,0.0091,0.0018,0.0036,0.5124,43.23
34.04,0.0091,0.0018,0.0036,0.5124,43.23
34.06,0.0091,0.0018,0.0036,0.5124,43.23
34.08,0.0091,0.0018,0.0036,0.5124,43.23
34.10,0.0091,0.0018,0.0036,0.5124,43.23
34.12,0.0091,0.0018,0.0036,0.5124,43.23
34.14,0.0091,0.0018,0.0036,0.5124,43.23
34.16,0.0091,0.0018,0.0036,0.5124,43.23
34.18,0.0091,0.0018,0.0036,0.5124,43.23
34.20,0.0091,0.0018,0.0036,0.5124,43.23
34.22,0.0091,0.0018,0.0036,0.5124,43.23
34.24,0.0091,0.0018,0.0036,0.5124,43.23
34.26,0.0091,0.0018,0.0036,0.5124,43.23
34.28,0.0091,0.0018,0.0036,0.5124,43.23
34.30,0.0091,0.0018,0.0036,0.5124,43.23
34.32,0.0091,0.0018,0.0036,0.5124,43.23
34.34,0.0091,0.0018,0.0036,0.5124,43.23
34.36,0.0091,0.0018,0.0036,0.5124,43.23
34.38,0.0091,0.0018,0.0036,0.5124,43.23
34.40,0.0091,0.0018,0.0036,0.5124,43.23
34.42,0.0091,0.0018,0.0036,0.5124,43.23
34.44,0.0091,0.0018,0.0036,0.5124,43.23
34.46,0.0091,0.0018,0.0036,0.5124,43.23
34.48,0.0091,0.0018,0.0036,0.5124,43.23
34.50,0.0091,0.0018,0.0036,0.5124,43.23
34.52,0.0091,0.0018,0.0036,0.5124,43.23
34.54,0.0091,0.0018,0.0036,0.5124,43.23
34.56,0.0091,0.0018,0.0036,0.5124,43.23
34.58,0.0091,0.0018,0.0036,0.5124,43.23
34.60,0.0091,0.0018,0.0036,0.5124,43.23
34.62,0.0091,0.0018,0.0036,0.5124,43.23
34.64,0.0091,0.0018,0.0036,0.5124,43.23
34.66,0.0091,0.0018,0.0036,0.5124,43.23
34.68,0.0091,0.0018,0.0036,0.5124,43.23
34.70,0.0091,0.0018,0.0036,0.5124,43.23
34.72,0.0091,0.0018,0.0036,0.5124,43.23
34.74,0.0091,0.0018,0.0036,0.5124,43.23
34.76,0.0091,0.0018,0.0036,0.5124,43.23
34.78,0.0091,0.0018,0.0036,0.5124,43.23
34.80,0.0091,0.0018,0.0036,0.5124,43.23
34.82,0.0091,0.0018,0.0036,0.5124,43.23
34.84,0.0091,0.0018,0.0036,0.5124,43.23
34.86,0.0091,0.0018,0.0036,0.5124,43.23
34.88,0.0091,0.0018,0.0036,0.5124,43.23
34.90,0.0091,0.0018,0.0036,0.5124,43.23
34.92,0.0091,0.0018,0.0036,0.5124,43.23
34.94,0.0091,0.0018,0.0036,0.5124,43.23
34.96,0.0091,0.0018,0.0036,0.5124,43.23
34.98,0.0091,0.0018,0.0036,0.5124,43.23
35.00,0.0091,0.0018,0.0036,0.5124,43.23
35.02,0.0091,0.0018,0.0036,0.5124,43.23
35.04,0.0091,0.0018,0.0036,0.5124,43.23
35.06,0.0091,0.0018,0.0036,0.5124,43.23
35.08,0.0091,0.0018,0.0036,0.5124,43.23
35.10,0.0091,0.0018,0.0036,0.5124,43.23
35.12,0.0091,0.0018,0.0036,0.5124,43.23
35.14,0.0091,0.0018,0.0036,0.5124,43.23
35.16,0.0091,0.0018,0.0036,0.5124,43.23
35.18,0.0091,0.0018,0.0036,0.5124,43.23
35.20,0.0091,0.0018,0.0036,0.5124,43.23
35.22,0.0091,0.0018,0.0036,0.5124,43.23
35.24,0.0091,0.0018,0.0036,0.5124,43.23
35.26,0.0091,0.0018,0.0036,0.5124,43.23
35.28,0.0091,0.0018,0.0036,0.5124,43.23
35.30,0.0091,0.0018,0.0036,0.5124,43.23
35.32,0.0091,0.0018,0.0036,0.5124,43.23
35.34,0.0091,0.0018,0.0036,0.5124,43.23
35.36,0.0091,0.0018,0.0036,0.5124,43.23
35.38,0.0091,0.0018,0.0036,0.5124,43.23
35.40,0.0091,0.0018,0.0036,0.5124,43.23
35.42,0.0091,0.0018,0.0036,0.5124,43.23
35.44,0.0091,0.0018,0.0036,0.5124,43.23
35.46,0.0091,0.0018,0.0036,0.5124,43.23
35.48,0.0091,0.0018,0.0036,0.5124,43.23
35.50,0.0091,0.0018,0.0036,0.5124,43.23
35.52,0.0091,0.0018,0.0036,0.5124,43.23
35.54,0.0091,0.0018,0.0036,0.5124,43.23
35.56,0.0091,0.0018,0.0036,0.5124,43.23
35.58,0.0091,0.0018,0.0036,0.5124,43.23
35.60,0.0091,0.0018,0.0036,0.5124,43.23
35.62,0.0091,0.0018,0.0036,0.5124,43.23
35.64,0.0091,0.0018,0.0036,0.5124,43.23
35.66,0.0091,0.0018,0.0036,0.5124,43.23
35.68,0.0091,0.0018,0.0036,0.5124,43.23
35.70,0.0091,0.0018,0.0036,0.5124,43.23
35.72,0.0091,0.0018,0.0036,0.5124,43.23
35.74,0.0091,0.0018,0.0036,0.5124,43.23
35.76,0.0091,0.0018,0.0036,0.5124,43.23
35.78,0.0091,0.0018,0.0036,0.5124,43.23
35.80,0.0091,0.0018,0.0036,0.5124,43.23
35.82,0.0091,0.0018,0.0036,0.5124,43.23
35.84,0.0091,0.0018,0.0036,0.5124,43.23
35.86,0.0091,0.0018,0.0036,0.5124,43.23
35.88,0.0091,0.0018,0.0036,0.5124,43.23
35.90,0.0091,0.0018,0.0036,0.5124,43.23
35.92,0.0091,0.0018,0.0036,0.5124,43.23
35.94,0.0091,0.0018,0.0036,0.5124,43.23
35.96,0.0091,0.0018,0.0036,0.5124,43.23
35.98,0.0091,0.0018,0.0036,0.5124,43.23
36.00,0.0091,0.0018,0.0036,0.5124,43.23
36.02,0.0091,0.0018,0.0036,0.5124,43.23
36.04,0.0091,0.0018,0.0036,0.5124,43.23
36.06,0.0091,0.0018,0.0036,0.5124,43.23
36.08,0.0091,0.0018,0.0036,0.5124,43.23
36.10,0.0091,0.0018,0.0036,0.5124,43.23
36.12,0.0091,0.0018,0.0036,0.5124,43.23
36.14,0.0091,0.0018,0.0036,0.5124,43.23
36.16,0.0091,0.0018,0.0036,0.5124,43.23
36.18,0.0091,0.0018,0.0036,0.5124,43.23
36.20,0.0091,0.0018,0.0036,0.5124,43.23
36.22,0.0091,0.0018,0.0036,0.5124,43.23
36.24,0.0091,0.0018,0.0036,0.5124,43.23
36.26,0.0091,0.0018,0.0036,0.5124,43.23
36.28,0.0091,0.0018,0.0036,0.5124,43.23
36.30,0.0091,0.0018,0.0036,0.5124,43.23
36.32,0.0091,0.0018,0.0036,0.5124,43.23
36.34,0.0091,0.0018,0.0036,0.5124,43.23
36.36,0.0091,0.0018,0.0036,0.5124,43.23
36.38,0.0091,0.0018,0.0036,0.5124,43.23
36.40,0.0091,0.0018,0.0036,0.5124,43.23
36.42,0.0091,0.0018,0.0036,0.5124,43.23
36.44,0.0091,0.0018,0.0036,0.5124,43.23
36.46,0.0091,0.0018,0.0036,0.5124,43.23
36.48,0.0091,0.0018,0.0036,0.5124,43.23
36.50,0.0091,0.0018,0.0036,0.5124,43.23
36.52,0.0091,0.0018,0.0036,0.5124,43.23
36.54,0.0091,0.0018,0.0036,0.5124,43.23
36.56,0.0091,0.0018,0.0036,0.5124,43.23
36.58,0.0091,0.0018,0.0036,0.5124,43.23
36.60,0.0091,0.0018,0.0036,0.5124,43.23
36.62,0.0091,0.0018,0.0036,0.5124,43.23
36.64,0.0091,0.0018,0.0036,0.5124,43.23
36.66,0.0091,0.0018,0.0036,0.5124,43.23
36.68,0.0091,0.0018,0.0036,0.5124,43.23
36.70,0.0091,0.0018,0.0036,0.5124,43.23
36.72,0.0091,0.0018,0.0036,0.5124,43.23
36.74,0.0091,0.0018,0.0036,0.5124,43.23
36.76,0.0091,0.0018,0.0036,0.5124,43.23
36.78,0.0091,0.0018,0.0036,0.5124,43.23
36.80,0.0091,0.0018,0.0036,0.5124,43.23
36.82,0.0091,0.0018,0.0036,0.5124,43.23
36.84,0.0091,0.0018,0.0036,0.5124,43.23
36.86,0.0091,0.0018,0.0036,0.5124,43.23
36.88,0.0091,0.0018,0.0036,0.5124,43.23
36.90,0.0091,0.0018,0.0036,0.5124,43.23
36.92,0.0091,0.0018,0.0036,0.5124,43.23
36.94,0.0091,0.0018,0.0036,0.5124,43.23
36.96,0.0091,0.0018,0.0036,0.5124,43.23
36.98,0.0091,0.0018,0.0036,0.5124,43.23
37.00,0.0091,0.0018,0.0036,0.5124,43.23
37.02,0.0091,0.0018,0.0036,0.5124,43.23
37.04,0.0091,0.0018,0.0036,0.5124,43.23
37.06,0.0091,0.0018,0.0036,0.5124,43.23
37.08,0.0091,0.0018,0.0036,0.5124,43.23
37.10,0.0091,0.0018,0.0036,0.5124,43.23
37.12,0.0091,0.0018,0.0036,0.5124,43.23
37.14,0.0091,0.0018,0.0036,0.5124,43.23
37.16,0.0091,0.0018,0.0036,0.5124,43.23
37.18,0.0091,0.0018,0.0036,0.5124,43.23
37.20,0.0091,0.0018,0.0036,0.5124,43.23
37.22,0.0091,0.0018,0.0036,0.5124,43.23
37.24,0.0091,0.0018,0.0036,0.5124,43.23
37.26,0.0091,0.0018,0.0036,0.5124,43.23
37.28,0.0091,0.0018,0.0036,0.5124,43.23
37.30,0.0091,0.0018,0.0036,0.5124,43.23
37.32,0.0091,0.0018,0.0036,0.5124,43.23
37.34,0.0091,0.0018,0.0036,0.5124,43.23
37.36,0.0091,0.0018,0.0036,0.5124,43.23
37.38,0.0091,0.0018,0.0036,0.5124,43.23
37.40,0.0091,0.0018,0.0036,0.5124,43.23
37.42,0.0091,0.0018,0.0036,0.5124,43.23
37.44,0.0091,0.0018,0.0036,0.5124,43.23
37.46,0.0091,0.0018,0.0036,0.5124,43.23
37.48,0.0091,0.0018,0.0036,0.5124,43.23
37.50,0.0091,0.0018,0.0036,0.5124,43.23
37.52,0.0091,0.0018,0.0036,0.5124,43.23
37.54,0.0091,0.0018,0.0036,0.5124,43.23
37.56,0.0091,0.0018,0.0036,0.5124,43.23
37.58,0.0091,0.0018,0.0036,0.5124,43.23
37.60,0.0091,0.0018,0.0036,0.5124,43.23
37.62,0.0091,0.0018,0.0036,0.5124,43.23
37.64,0.0091,0.0018,0.0036,0.5124,43.23
37.66,0.0091,0.0018,0.0036,0.5124,43.23
37.68,0.0091,0.0018,0.0036,0.5124,43.23
37.70,0.0091,0.0018,0.0036,0.5124,43.23
37.72,0.0091,0.0018,0.0036,0.5124,43.23
37.74,0.0091,0.0018,0.0036,0.5124,43.23
37.76,0.0091,0.0018,0.0036,0.5124,43.23
37.78,0.0091,0.0018,0.0036,0.5124,43.23
37.80,0.0091,0.0018,0.0036,0.5124,43.23
37.82,0.0091,0.0018,0.0036,0.5124,43.23
37.84,0.0091,0.0018,0.0036,0.5124,43.23
37.86,0.0091,0.0018,0.0036,0.5124,43.23
37.88,0.0091,0.0018,0.0036,0.5124,43.23
37.90,0.0091,0.0018,0.0036,0.5124,43.23
37.92,0.0091,0.0018,0.0036,0.5124,43.23
37.94,0.0091,0.0018,0.0036,0.5124,43.23
37.96,0.0091,0.0018,0.0036,0.5124,43.23
37.98,0.0091,0.0018,0.0036,0.5124,43.23
38.00,0.0091,0.0018,0.0036,0.5124,43.23
38.02,0.0091,0.0018,0.0036,0.5124,43.23
38.04,0.0091,0.0018,0.0036,0.5124,43.23
38.06,0.0091,0.0018,0.0036,0.5124,43.23
38.08,0.0091,0.0018,0.0036,0.5124,43.23
38.10,0.0091,0.0018,0.0036,0.5124,43.23
38.12,0.0091,0.0018,0.0036,0.5124,43.23
38.14,0.0091,0.0018,0.0036,0.5124,43.23
38.16,0.0091,0.0018,0.0036,0.5124,43.23
38.18,0.0091,0.0018,0.0036,0.5124,43.23
38.20,0.0091,0.0018,0.0036,0.5124,43.23
38.22,0.0091,0.0018,0.0036,0.5124,43.23
38.24,0.0091,0.0018,0.0036,0.5124,43.23
38.26,0.0091,0.0018,0.0036,0.5124,43.23
38.28,0.0091,0.0018,0.0036,0.5124,43.23
38.30,0.0091,0.0018,0.0036,0.5124,43.23
38.32,0.0091,0.0018,0.0036,0.5124,43.23
38.34,0.0091,0.0018,0.0036,0.5124,43.23
38.36,0.0091,0.0018,0.0036,0.5124,43.23
38.38,0.0091,0.0018,0.0036,0.5125,43.23
38.40,0.0091,0.0018,0.0036,0.5125,43.23
38.42,0.0091,0.0018,0.0036,0.5125,43.23
38.44,0.0091,0.0018,0.0036,0.5125,43.23
38.46,0.0091,0.0018,0.0036,0.5125,43.23
38.48,0.0091,0.0018,0.0036,0.5125,43.23
38.50,0.0091,0.0018,0.0036,0.5125,43.23
38.52,0.0091,0.0018,0.0036,0.5125,43.23
38.54,0.0091,0.0018,0.0036,0.5125,43.23
38.56,0.0091,0.0018,0.0036,0.5125,43.23
38.58,0.0091,0.0018,0.0036,0.5125,43.23
38.60,0.0091,0.0018,0.0036,0.5125,43.23
38.62,0.0091,0.0018,0.0036,0.5125,43.23
38.64,0.0091,0.0018,0.0036,0.5125,43.23
38.66,0.0091,0.0018,0.0036,0.5125,43.23
38.68,0.0091,0.0018,0.0036,0.5125,43.23
38.70,0.0091,0.0018,0.0036,0.5125,43.23
38.72,0.0091,0.0018,0.0036,0.5125,43.23
38.74,0.0091,0.0018,0.0036,0.5125,43.23
38.76,0.0091,0.0018,0.0036,0.5125,43.23
38.78,0.0091,0.0018,0.0036,0.5125,43.23
38.80,0.0091,0.0018,0.0036,0.5125,43.23
38.82,0.0091,0.0018,0.0036,0.5125,43.23
38.84,0.0091,0.0018,0.0036,0.5125,43.23
38.86,0.0091,0.0018,0.0036,0.5125,43.23
38.88,0.0091,0.0018,0.0036,0.5125,43.23
38.90,0.0091,0.0018,0.0036,0.5125,43.23
38.92,0.0091,0.0018,0.0036,0.5125,43.23
38.94,0.0091,0.0018,0.0036,0.5125,43.23
38.96,0.0091,0.0018,0.0036,0.5125,43.23
38.98,0.0091,0.0018,0.0036,0.5125,43.23
39.00,0.0091,0.0018,0.0036,0.5125,43.23
39.02,0.0091,0.0018,0.0036,0.5125,43.23
39.04,0.0091,0.0018,0.0036,0.5125,43.23
39.06,0.0091,0.0018,0.0036,0.5125,43.23
39.08,0.0091,0.0018,0.0036,0.5125,43.23
39.10,0.0091,0.0018,0.0036,0.5125,43.23
39.12,0.0091,0.0018,0.0036,0.5125,43.23
39.14,0.0091,0.0018,0.0036,0.5125,43.23
39.16,0.0091,0.0018,0.0036,0.5125,43.23
39.18,0.0091,0.0018,0.0036,0.5125,43.23
39.20,0.0091,0.0018,0.0036,0.5125,43.23
39.22,0.0091,0.0018,0.0036,0.5125,43.23
39.24,0.0091,0.0018,0.0036,0.5125,43.23
39.26,0.0091,0.0018,0.0036,0.5125,43.23
39.28,0.0091,0.0018,0.0036,0.5125,43.23
39.30,0.0091,0.0018,0.0036,0.5125,43.23
39.32,0.0091,0.0018,0.0036,0.5125,43.23
39.34,0.0091,0.0018,0.0036,0.5125,43.23
39.36,0.0091,0.0018,0.0036,0.5125,43.23
39.38,0.0091,0.0018,0.0036,0.5125,43.23
39.40,0.0091,0.0018,0.0036,0.5125,43.23
39.42,0.0091,0.0018,0.0036,0.5125,43.23
39.44,0.0091,0.0018,0.0036,0.5125,43.23
39.46,0.0091,0.0018,0.0036,0.5125,43.23
39.48,0.0091,0.0018,0.0036,0.5125,43.23
39.50,0.0091,0.0018,0.0036,0.5125,43.23
39.52,0.0091,0.0018,0.0036,0.5125,43.23
39.54,0.0091,0.0018,0.0036,0.5125,43.23
39.56,0.0091,0.0018,0.0036,0.5125,43.23
39.58,0.0091,0.0018,0.0036,0.5125,43.23
39.60,0.0091,0.0018,0.0036,0.5125,43.23
39.62,0.0091,0.0018,0.0036,0.5125,43.23
39.64,0.0091,0.0018,0.0036,0.5125,43.23
39.66,0.0091,0.0018,0.0036,0.5125,43.23
39.68,0.0091,0.0018,0.0036,0.5125,43.23
39.70,0.0091,0.0018,0.0036,0.5125,43.23
39.72,0.0091,0.0018,0.0036,0.5125,43.23
39.74,0.0091,0.0018,0.0036,0.5125,43.23
39.76,0.0091,0.0018,0.0036,0.5125,43.23
39.78,0.0091,0.0018,0.0036,0.5125,43.23
39.80,0.0091,0.0018,0.0036,0.5125,43.23
39.82,0.0091,0.0018,0.0036,0.5125,43.23
39.84,0.0091,0.0018,0.0036,0.5125,43.23
39.86,0.0091,0.0018,0.0036,0.5125,43.23
39.88,0.0091,0.0018,0.0036,0.5125,43.23
39.90,0.0091,0.0018,0.0036,0.5125,43.23
39.92,0.0091,0.0018,0.0036,0.5125,43.23
39.94,0.0091,0.0018,0.0036,0.5125,43.23
39.96,0.0091,0.0018,0.0036,0.5125,43.23
39.98,0.0091,0.0018,0.0036,0.5125,43.23
40.00,0.0091,0.0018,0.0035,0.5125,43.23
40.02,0.0091,0.0018,0.0035,0.5125,43.23
