t,d01_err,d02_err,d12_err,o_error,o_error_deg
0.00,0.7000,0.7000,0.7000,0.0000,56.31
0.02,0.7000,0.7000,0.7000,0.0000,56.31
0.04,0.7000,0.7000,0.7000,0.0000,56.31
0.06,0.7000,0.7000,0.7000,0.0000,56.31
0.08,0.7000,0.7000,0.7000,0.0000,56.31
0.10,0.7000,0.7000,0.7000,0.0000,56.31
0.12,0.7000,0.7000,0.7000,0.0000,56.31
0.14,0.7000,0.7000,0.7000,0.0000,56.31
0.16,0.7000,0.7000,0.7000,0.0000,56.31
0.18,0.7000,0.7000,0.7000,0.0000,56.31
0.20,0.4999,0.4999,0.7000,0.2001,56.31
0.22,0.4999,0.7143,0.5807,0.2001,56.31
0.24,0.4999,0.7143,0.5807,0.2001,56.31
0.26,0.4179,0.7143,0.7999,1.1179,29.75
0.28,0.4179,0.7143,0.7999,1.1179,29.75
0.30,0.4179,0.7143,0.7999,1.1179,29.75
0.32,0.4179,0.7143,0.7999,1.1179,29.75
0.34,0.4179,0.7143,0.7999,1.1179,29.75
0.36,0.4179,0.7143,0.7999,1.1179,29.75
0.38,0.4179,0.7143,0.7999,1.1179,29.75
0.40,0.4179,0.7143,0.7999,1.1179,29.75
0.42,0.4179,0.7143,0.7999,1.1179,29.75
0.44,0.4179,0.7143,0.7999,1.1179,29.75
0.46,0.4179,0.7143,0.7999,1.1179,29.75
0.48,0.4179,0.7143,0.7999,1.1179,29.75
0.50,0.4179,0.7143,0.7999,1.1179,29.75
0.52,0.4179,0.7143,0.7999,1.1179,29.75
0.54,0.4179,0.7143,0.7999,1.1179,29.75
0.56,0.4179,0.7143,0.7999,1.1179,29.75
0.58,0.4179,0.7143,0.7999,1.1179,29.75
0.60,0.4179,0.7143,0.7999,1.1179,29.75
0.62,0.4179,0.7143,0.7999,1.1179,29.75
0.64,0.4179,0.7143,0.7999,1.1179,29.75
0.66,0.4179,0.7143,0.7999,1.1179,29.75
0.68,0.4179,0.7143,0.7999,1.1179,29.75
0.70,0.4179,0.7143,0.7999,1.1179,29.75
0.72,0.4179,0.7143,0.7999,1.1179,29.75
0.74,0.4179,0.7143,0.7999,1.1179,29.75
0.76,0.4179,0.7143,0.7999,1.1179,29.75
0.78,0.4179,0.7143,0.7999,1.1179,29.75
0.80,0.4179,0.7143,0.7999,1.1179,29.75
0.82,0.4179,0.7143,0.7999,1.1179,29.75
0.84,0.4179,0.7143,0.7999,1.1179,29.75
0.86,0.4179,0.7143,0.7999,1.1179,29.75
0.88,0.4179,0.7143,0.7999,1.1179,29.75
0.90,0.4179,0.7143,0.7999,1.1179,29.75
0.92,0.4179,0.7143,0.7999,1.1179,29.75
0.94,0.4179,0.7143,0.7999,1.1179,29.75
0.96,0.4179,0.7143,0.7999,1.1179,29.75
0.98,0.4179,0.7143,0.7999,1.1179,29.75
1.00,0.4179,0.7143,0.7999,1.1179,29.75
1.02,0.4179,0.7143,0.7999,1.1179,29.75
1.04,0.4179,0.7143,0.7999,1.1179,29.75
1.06,0.4179,0.7143,0.7999,1.1179,29.75
1.08,0.4179,0.7143,0.7999,1.1179,29.75
1.10,0.4179,0.7143,0.7999,1.1179,29.75
1.12,0.4179,0.7143,0.7999,1.1179,29.75
1.14,0.4179,0.7143,0.7999,1.1179,29.75
1.16,0.4179,0.7143,0.7999,1.1179,29.75
1.18,0.4179,0.7143,0.7999,1.1179,29.75
1.20,0.4179,0.7143,0.7999,1.1179,29.75
1.22,0.4179,0.7143,0.7999,1.1179,29.75
1.24,0.4179,0.7143,0.7999,1.1179,29.75
1.26,0.4179,0.7143,0.7999,1.1179,29.75
1.28,0.4179,0.7143,0.7999,1.1179,29.75
1.30,0.4179,0.7143,0.7999,1.1179,29.75
1.32,0.4179,0.7143,0.7999,1.1179,29.75
1.34,0.4179,0.7143,0.7999,1.1179,29.75
1.36,0.4179,0.7143,0.7999,1.1179,29.75
1.38,0.4179,0.7143,0.7999,1.1179,29.75
1.40,0.4179,0.7143,0.7999,1.1179,29.75
1.42,0.4179,0.7143,0.7999,1.1179,29.75
1.44,0.4179,0.7143,0.7999,1.1179,29.75
1.46,0.4179,0.7143,0.7999,1.1179,29.75
1.48,0.4179,0.7143,0.7999,1.1179,29.75
1.50,0.4179,0.7143,0.7999,1.1179,29.75
1.52,0.4179,0.7143,0.7999,1.1179,29.75
1.54,0.4179,0.7143,0.7999,1.1179,29.75
1.56,0.4179,0.7143,0.7999,1.1179,29.75
1.58,0.4179,0.7143,0.7999,1.1179,29.75
1.60,0.4179,0.7143,0.7999,1.1179,29.75
1.62,0.4179,0.7143,0.7999,1.1179,29.75
1.64,0.4179,0.7143,0.7999,1.1179,29.75
1.66,0.4179,0.7143,0.7999,1.1179,29.75
1.68,0.4179,0.7143,0.7999,1.1179,29.75
1.70,0.4179,0.7143,0.7999,1.1179,29.75
1.72,0.4179,0.7143,0.7999,1.1179,29.75
1.74,0.4179,0.7143,0.7999,1.1179,29.75
1.76,0.4179,0.7143,0.7999,1.1179,29.75
1.78,0.4179,0.7143,0.7999,1.1179,29.75
1.80,0.4179,0.7143,0.7999,1.1179,29.75
1.82,0.4179,0.7143,0.7999,1.1179,29.75
1.84,0.4179,0.7143,0.7999,1.1179,29.75
1.86,0.4179,0.7143,0.7999,1.1179,29.75
1.88,0.4179,0.7143,0.7999,1.1179,29.75
1.90,0.4179,0.7143,0.7999,1.1179,29.75
1.92,0.4179,0.7143,0.7999,1.1179,29.75
1.94,0.4179,0.7143,0.7999,1.1179,29.75
1.96,0.4179,0.7143,0.7999,1.1179,29.75
1.98,0.4179,0.7143,0.7999,1.1179,29.75
2.00,0.4179,0.7143,0.7999,1.1179,29.75
2.02,0.4179,0.7143,0.7999,1.1179,29.75
2.04,0.4179,0.7143,0.7999,1.1179,29.75
2.06,0.4179,0.7143,0.7999,1.1179,29.75
2.08,0.4179,0.7143,0.7999,1.1179,29.75
2.10,0.4179,0.7143,0.7999,1.1179,29.75
2.12,0.4179,0.7143,0.7999,1.1179,29.75
2.14,0.4179,0.7143,0.7999,1.1179,29.75
2.16,0.4179,0.7143,0.7999,1.1179,29.75
2.18,0.4179,0.7143,0.7999,1.1179,29.75
2.20,0.4179,0.7143,0.7999,1.1179,29.75
2.22,0.4179,0.7143,0.7999,1.1179,29.75
2.24,0.4179,0.7143,0.7999,1.1179,29.75
2.26,0.4179,0.7143,0.7999,1.1179,29.75
2.28,0.4179,0.7143,0.7999,1.1179,29.75
2.30,0.4179,0.7143,0.7999,1.1179,29.75
2.32,0.4179,0.7143,0.7999,1.1179,29.75
2.34,0.4179,0.7143,0.7999,1.1179,29.75
2.36,0.4179,0.7143,0.7999,1.1179,29.75
2.38,0.4179,0.7143,0.7999,1.1179,29.75
2.40,0.4179,0.7143,0.7999,1.1179,29.75
2.42,0.4179,0.7143,0.7999,1.1179,29.75
2.44,0.4179,0.7143,0.7999,1.1179,29.75
2.46,0.4179,0.7143,0.7999,1.1179,29.75
2.48,0.4179,0.7143,0.7999,1.1179,29.75
2.50,0.4179,0.7143,0.7999,1.1179,29.75
2.52,0.4179,0.7143,0.7999,1.1179,29.75
2.54,0.4179,0.7143,0.7999,1.1179,29.75
2.56,0.4179,0.7143,0.7999,1.1179,29.75
2.58,0.4179,0.7143,0.7999,1.1179,29.75
2.60,0.4179,0.7143,0.7999,1.1179,29.75
2.62,0.4179,0.7143,0.7999,1.1179,29.75
2.64,0.4179,0.7143,0.7999,1.1179,29.75
2.66,0.4179,0.7143,0.7999,1.1179,29.75
2.68,0.4179,0.7143,0.7999,1.1179,29.75
2.70,0.4179,0.7143,0.7999,1.1179,29.75
2.72,0.4179,0.7143,0.7999,1.1179,29.75
2.74,0.4179,0.7143,0.7999,1.1179,29.75
2.76,0.4179,0.7143,0.7999,1.1179,29.75
2.78,0.4179,0.7143,0.7999,1.1179,29.75
2.80,0.4179,0.7143,0.7999,1.1179,29.75
2.82,0.4179,0.7143,0.7999,1.1179,29.75
2.84,0.4179,0.7143,0.7999,1.1179,29.75
2.86,0.4179,0.7143,0.7999,1.1179,29.75
2.88,0.4179,0.7143,0.7999,1.1179,29.75
2.90,0.4179,0.7143,0.7999,1.1179,29.75
2.92,0.4179,0.7143,0.7999,1.1179,29.75
2.94,0.4179,0.7143,0.7999,1.1179,29.75
2.96,0.4179,0.7143,0.7999,1.1179,29.75
2.98,0.4179,0.7143,0.7999,1.1179,29.75
3.00,0.4179,0.7143,0.7999,1.1179,29.75
3.02,0.4179,0.7143,0.7999,1.1179,29.75
3.04,0.4179,0.7143,0.7999,1.1179,29.75
3.06,0.4179,0.7143,0.7999,1.1179,29.75
3.08,0.4179,0.7143,0.7999,1.1179,29.75
3.10,0.4179,0.7143,0.7999,1.1179,29.75
3.12,0.4179,0.7143,0.7999,1.1179,29.75
3.14,0.4179,0.7143,0.7999,1.1179,29.75
3.16,0.4179,0.7143,0.7999,1.1179,29.75
3.18,0.4179,0.7143,0.7999,1.1179,29.75
3.20,0.4179,0.7143,0.7999,1.1179,29.75
3.22,0.4179,0.7143,0.7999,1.1179,29.75
3.24,0.4179,0.7143,0.7999,1.1179,29.75
3.26,0.4179,0.7143,0.7999,1.1179,29.75
3.28,0.4179,0.7143,0.7999,1.1179,29.75
3.30,0.4179,0.7143,0.7999,1.1179,29.75
3.32,0.4179,0.7143,0.7999,1.1179,29.75
3.34,0.4179,0.7143,0.7999,1.1179,29.75
3.36,0.4179,0.7143,0.7999,1.1179,29.75
3.38,0.4179,0.7143,0.7999,1.1179,29.75
3.40,0.4179,0.7143,0.7999,1.1179,29.75
3.42,0.4179,0.7143,0.7999,1.1179,29.75
3.44,0.4179,0.7143,0.7999,1.1179,29.75
3.46,0.4179,0.7143,0.7999,1.1179,29.75
3.48,0.4179,0.7143,0.7999,1.1179,29.75
3.50,0.4179,0.7143,0.7999,1.1179,29.75
3.52,0.4179,0.7143,0.7999,1.1179,29.75
3.54,0.4179,0.7143,0.7999,1.1179,29.75
3.56,0.4179,0.7143,0.7999,1.1179,29.75
3.58,0.4179,0.7143,0.7999,1.1179,29.75
3.60,0.4179,0.7143,0.7999,1.1179,29.75
3.62,0.4179,0.7143,0.7999,1.1179,29.75
3.64,0.4179,0.7143,0.7999,1.1179,29.75
3.66,0.4179,0.7143,0.7999,1.1179,29.75
3.68,0.4179,0.7143,0.7999,1.1179,29.75
3.70,0.4179,0.7143,0.7999,1.1179,29.75
3.72,0.4179,0.7143,0.7999,1.1179,29.75
3.74,0.4179,0.7143,0.7999,1.1179,29.75
3.76,0.4179,0.7143,0.7999,1.1179,29.75
3.78,0.4179,0.7143,0.7999,1.1179,29.75
3.80,0.4179,0.7143,0.7999,1.1179,29.75
3.82,0.4179,0.7143,0.7999,1.1179,29.75
3.84,0.4179,0.7143,0.7999,1.1179,29.75
3.86,0.4179,0.7143,0.7999,1.1179,29.75
3.88,0.4179,0.7143,0.7999,1.1179,29.75
3.90,0.4179,0.7143,0.7999,1.1179,29.75
3.92,0.4179,0.7143,0.7999,1.1179,29.75
3.94,0.4179,0.7143,0.7999,1.1179,29.75
3.96,0.4179,0.7143,0.7999,1.1179,29.75
3.98,0.4179,0.7143,0.7999,1.1179,29.75
4.00,0.4179,0.7143,0.7999,1.1179,29.75
4.02,0.4179,0.7143,0.7999,1.1179,29.75
4.04,0.4179,0.7143,0.7999,1.1179,29.75
4.06,0.4179,0.7143,0.7999,1.1179,29.75
4.08,0.4179,0.7143,0.7999,1.1179,29.75
4.10,0.4179,0.7143,0.7999,1.1179,29.75
4.12,0.4179,0.7143,0.7999,1.1179,29.75
4.14,0.4179,0.7143,0.7999,1.1179,29.75
4.16,0.4179,0.7143,0.7999,1.1179,29.75
4.18,0.4179,0.7143,0.7999,1.1179,29.75
4.20,0.4179,0.7143,0.7999,1.1179,29.75
4.22,0.4179,0.7143,0.7999,1.1179,29.75
4.24,0.4179,0.7143,0.7999,1.1179,29.75
4.26,0.4179,0.7143,0.7999,1.1179,29.75
4.28,0.4179,0.7143,0.7999,1.1179,29.75
4.30,0.4179,0.7143,0.7999,1.1179,29.75
4.32,0.4179,0.7143,0.7999,1.1179,29.75
4.34,0.4179,0.7143,0.7999,1.1179,29.75
4.36,0.4179,0.7143,0.7999,1.1179,29.75
4.38,0.4179,0.7143,0.7999,1.1179,29.75
4.40,0.4179,0.7143,0.7999,1.1179,29.75
4.42,0.4179,0.7143,0.7999,1.1179,29.75
4.44,0.4179,0.7143,0.7999,1.1179,29.75
4.46,0.4179,0.7143,0.7999,1.1179,29.75
4.48,0.4179,0.7143,0.7999,1.1179,29.75
4.50,0.4179,0.7143,0.7999,1.1179,29.75
4.52,0.4179,0.7143,0.7999,1.1179,29.75
4.54,0.4179,0.7143,0.7999,1.1179,29.75
4.56,0.4179,0.7143,0.7999,1.1179,29.75
4.58,0.4179,0.7143,0.7999,1.1179,29.75
4.60,0.4179,0.7143,0.7999,1.1179,29.75
4.62,0.4179,0.7143,0.7999,1.1179,29.75
4.64,0.4179,0.7143,0.7999,1.1179,29.75
4.66,0.4179,0.7143,0.7999,1.1179,29.75
4.68,0.4179,0.7143,0.7999,1.1179,29.75
4.70,0.4179,0.7143,0.7999,1.1179,29.75
4.72,0.4179,0.7143,0.7999,1.1179,29.75
4.74,0.4179,0.7143,0.7999,1.1179,29.75
4.76,0.4179,0.7143,0.7999,1.1179,29.75
4.78,0.4179,0.7143,0.7999,1.1179,29.75
4.80,0.4179,0.7143,0.7999,1.1179,29.75
4.82,0.4179,0.7143,0.7999,1.1179,29.75
4.84,0.4179,0.7143,0.7999,1.1179,29.75
4.86,0.4179,0.7143,0.7999,1.1179,29.75
4.88,0.4179,0.7143,0.7999,1.1179,29.75
4.90,0.4179,0.7143,0.7999,1.1179,29.75
4.92,0.4179,0.7143,0.7999,1.1179,29.75
4.94,0.4179,0.7143,0.7999,1.1179,29.75
4.96,0.4179,0.7143,0.7999,1.1179,29.75
4.98,0.4179,0.7143,0.7999,1.1179,29.75
5.00,0.4179,0.7143,0.7999,1.1179,29.75
5.02,0.4179,0.7143,0.7999,0.5829,26.56
5.04,0.4179,0.7143,0.7999,0.5829,26.56
5.06,0.4179,0.7143,0.7999,0.5829,26.56
5.08,0.4179,0.7143,0.7999,0.5829,26.56
5.10,0.4179,0.7143,0.7999,0.5829,26.56
5.12,0.4179,0.7143,0.7999,0.5829,26.56
5.14,0.4179,0.7143,0.7999,0.5829,26.56
5.16,0.4179,0.7144,0.7999,0.5829,26.55
5.18,0.4176,0.7140,0.7999,0.5827,26.56
5.20,0.4178,0.7143,0.7999,0.5828,26.55
5.22,0.4178,0.7125,0.7993,0.5828,26.55
5.24,0.4178,0.7125,0.7993,0.5828,26.55
5.26,0.4169,0.7128,0.7995,0.5824,26.59
5.28,0.4137,0.7096,0.7979,0.5802,26.64
5.30,0.4144,0.7102,0.7979,0.5806,26.62
5.32,0.4144,0.7054,0.7967,0.5806,26.62
5.34,0.4144,0.7054,0.7967,0.5806,26.62
5.36,0.4104,0.7067,0.7958,0.5775,26.65
5.38,0.4035,0.7002,0.7926,0.5729,26.76
5.40,0.4053,0.7017,0.7926,0.5739,26.70
5.42,0.4053,0.6929,0.7898,0.5739,26.70
5.44,0.4053,0.6929,0.7898,0.5739,26.70
5.46,0.3991,0.6950,0.7877,0.5691,26.74
5.48,0.3883,0.6846,0.7813,0.5614,26.87
5.50,0.3915,0.6874,0.7813,0.5630,26.76
5.52,0.3915,0.6751,0.7768,0.5630,26.76
5.54,0.3915,0.6751,0.7768,0.5630,26.76
5.56,0.3832,0.6785,0.7734,0.5564,26.79
5.58,0.3689,0.6647,0.7640,0.5464,26.95
5.60,0.3742,0.6686,0.7640,0.5493,26.81
5.62,0.3742,0.6532,0.7575,0.5493,26.81
5.64,0.3742,0.6532,0.7575,0.5493,26.81
5.66,0.3644,0.6578,0.7529,0.5412,26.81
5.68,0.3472,0.6411,0.7401,0.5290,26.96
5.70,0.3538,0.6463,0.7401,0.5322,26.77
5.72,0.3538,0.6283,0.7320,0.5322,26.77
5.74,0.3538,0.6283,0.7320,0.5322,26.77
5.76,0.3425,0.6341,0.7258,0.5224,26.70
5.78,0.3232,0.6147,0.7097,0.5085,26.82
5.80,0.3307,0.6204,0.7097,0.5121,26.62
5.82,0.3307,0.6001,0.6996,0.5121,26.62
5.84,0.3307,0.6001,0.6996,0.5121,26.62
5.86,0.3182,0.6061,0.6922,0.5011,26.51
5.88,0.2973,0.5847,0.6727,0.4859,26.60
5.90,0.3052,0.5908,0.6727,0.4896,26.38
5.92,0.3052,0.5688,0.6607,0.4896,26.38
5.94,0.3052,0.5688,0.6607,0.4896,26.38
5.96,0.2920,0.5751,0.6514,0.4771,26.17
5.98,0.2695,0.5523,0.6283,0.4601,26.17
6.00,0.2780,0.5589,0.6283,0.4638,25.93
6.02,0.2780,0.5354,0.6140,0.4638,25.93
6.04,0.2780,0.5354,0.6140,0.4638,25.93
6.06,0.2637,0.5420,0.6032,0.4498,25.63
6.08,0.2406,0.5177,0.5769,0.4324,25.59
6.10,0.2492,0.5244,0.5769,0.4358,25.34
6.12,0.2492,0.4999,0.5609,0.4358,25.34
6.14,0.2492,0.4999,0.5609,0.4358,25.34
6.16,0.2341,0.5068,0.5487,0.4204,24.94
6.18,0.2103,0.4820,0.5190,0.4016,24.75
6.20,0.2190,0.4889,0.5190,0.4046,24.49
6.22,0.2190,0.4637,0.5011,0.4046,24.49
6.24,0.2190,0.4637,0.5011,0.4046,24.49
6.26,0.2040,0.4707,0.4871,0.3881,23.95
6.28,0.1798,0.4455,0.4542,0.3683,23.64
6.30,0.1888,0.4525,0.4542,0.3712,23.38
6.32,0.1888,0.4274,0.4350,0.3712,23.38
6.34,0.1888,0.4274,0.4350,0.3712,23.38
6.36,0.1737,0.4343,0.4207,0.3545,22.79
6.38,0.1496,0.4090,0.3862,0.3351,22.42
6.40,0.1589,0.4163,0.3862,0.3378,22.17
6.42,0.1589,0.3909,0.3652,0.3378,22.17
6.44,0.1589,0.3909,0.3652,0.3378,22.17
6.46,0.1445,0.3982,0.3517,0.3218,21.55
6.48,0.1209,0.3730,0.3169,0.3043,21.22
6.50,0.1301,0.3805,0.3169,0.3064,20.97
6.52,0.1301,0.3558,0.2944,0.3064,20.97
6.54,0.1301,0.3558,0.2944,0.3064,20.97
6.56,0.1158,0.3634,0.2830,0.2921,20.44
6.58,0.0927,0.3389,0.2494,0.2772,20.20
6.60,0.1019,0.3465,0.2494,0.2789,19.95
6.62,0.1019,0.3227,0.2255,0.2789,19.95
6.64,0.1019,0.3227,0.2255,0.2789,19.95
6.66,0.0884,0.3303,0.2160,0.2666,19.49
6.68,0.0663,0.3071,0.1832,0.2543,19.30
6.70,0.0755,0.3150,0.1832,0.2551,19.04
6.72,0.0755,0.2924,0.1589,0.2551,19.04
6.74,0.0755,0.2924,0.1589,0.2551,19.04
6.76,0.0629,0.3003,0.1512,0.2447,18.62
6.78,0.0420,0.2779,0.1201,0.2354,18.49
6.80,0.0513,0.2860,0.1201,0.2356,18.24
6.82,0.0513,0.2637,0.0958,0.2356,18.24
6.84,0.0513,0.2637,0.0958,0.2356,18.24
6.86,0.0404,0.2718,0.0898,0.2271,17.86
6.88,0.0209,0.2489,0.0614,0.2197,17.71
6.90,0.0303,0.2571,0.0614,0.2193,17.47
6.92,0.0303,0.2335,0.0395,0.2193,17.47
6.94,0.0303,0.2335,0.0395,0.2193,17.47
6.96,0.0210,0.2418,0.0347,0.2128,17.14
6.98,0.0027,0.2172,0.0100,0.2080,17.05
7.00,0.0123,0.2257,0.0100,0.2067,16.80
7.02,0.0123,0.2006,0.0101,0.2086,16.96
7.04,0.0123,0.2006,0.0101,0.2107,17.13
7.06,0.0045,0.2092,0.0142,0.2071,16.96
7.08,0.0123,0.1841,0.0374,0.2060,17.04
7.10,0.0027,0.1928,0.0374,0.2062,16.97
7.12,0.0027,0.1678,0.0561,0.2082,17.14
7.14,0.0027,0.1678,0.0561,0.2103,17.31
7.16,0.0091,0.1765,0.0599,0.2073,17.13
7.18,0.0244,0.1512,0.0824,0.2068,17.17
7.20,0.0149,0.1597,0.0824,0.2067,17.12
7.22,0.0149,0.1346,0.1006,0.2087,17.29
7.24,0.0149,0.1346,0.1006,0.2107,17.46
7.26,0.0198,0.1433,0.1062,0.2063,17.11
7.28,0.0336,0.1179,0.1311,0.2026,16.83
7.30,0.0240,0.1268,0.1311,0.2020,16.76
7.32,0.0240,0.1016,0.1480,0.2040,16.93
7.34,0.0240,0.1016,0.1480,0.2060,17.10
7.36,0.0266,0.1107,0.1570,0.1978,16.42
7.38,0.0382,0.0856,0.1823,0.1920,15.89
7.40,0.0283,0.0947,0.1823,0.1911,15.84
7.42,0.0283,0.0698,0.1961,0.1930,16.01
7.44,0.0283,0.0698,0.1961,0.1950,16.17
7.46,0.0294,0.0791,0.2058,0.1860,15.41
7.48,0.0395,0.0549,0.2265,0.1801,14.85
7.50,0.0296,0.0644,0.2265,0.1787,14.78
7.52,0.0296,0.0415,0.2339,0.1806,14.94
7.54,0.0296,0.0415,0.2339,0.1825,15.11
7.56,0.0296,0.0508,0.2437,0.1734,14.33
7.58,0.0387,0.0297,0.2590,0.1677,13.78
7.60,0.0291,0.0389,0.2590,0.1664,13.73
7.62,0.0291,0.0197,0.2640,0.1683,13.89
7.64,0.0291,0.0197,0.2640,0.1702,14.05
7.66,0.0283,0.0287,0.2739,0.1612,13.29
7.68,0.0367,0.0115,0.2902,0.1559,12.77
7.70,0.0272,0.0207,0.2902,0.1545,12.72
7.72,0.0272,0.0056,0.2970,0.1563,12.88
7.74,0.0272,0.0056,0.2970,0.1582,13.04
7.76,0.0256,0.0149,0.3062,0.1500,12.35
7.78,0.0338,0.0016,0.3210,0.1453,11.88
7.80,0.0242,0.0110,0.3210,0.1438,11.83
7.82,0.0242,0.0003,0.3260,0.1456,11.98
7.84,0.0242,0.0003,0.3260,0.1474,12.14
7.86,0.0223,0.0092,0.3342,0.1400,11.52
7.88,0.0298,0.0008,0.3464,0.1359,11.11
7.90,0.0201,0.0087,0.3464,0.1348,11.09
7.92,0.0201,0.0005,0.3500,0.1366,11.24
7.94,0.0201,0.0005,0.3500,0.1384,11.39
7.96,0.0177,0.0101,0.3576,0.1317,10.84
7.98,0.0252,0.0028,0.3680,0.1279,10.47
8.00,0.0154,0.0125,0.3680,0.1269,10.44
8.02,0.0154,0.0066,0.3704,0.1286,10.59
8.04,0.0154,0.0066,0.3704,0.1304,10.73
8.06,0.0131,0.0164,0.3771,0.1244,10.24
8.08,0.0207,0.0115,0.3858,0.1211,9.93
8.10,0.0106,0.0214,0.3858,0.1204,9.91
8.12,0.0106,0.0173,0.3877,0.1221,10.05
8.14,0.0106,0.0173,0.3877,0.1238,10.19
8.16,0.0087,0.0270,0.3938,0.1182,9.72
8.18,0.0167,0.0236,0.4011,0.1152,9.45
8.20,0.0070,0.0332,0.4011,0.1148,9.44
8.22,0.0070,0.0304,0.4024,0.1165,9.58
8.24,0.0070,0.0304,0.4024,0.1181,9.71
8.26,0.0054,0.0400,0.4077,0.1132,9.31
8.28,0.0054,0.0400,0.4077,0.1149,9.44
8.30,0.0037,0.0480,0.4134,0.1102,9.05
8.32,0.0037,0.0465,0.4142,0.1118,9.18
8.34,0.0037,0.0465,0.4142,0.1134,9.31
8.36,0.0022,0.0563,0.4185,0.1092,8.96
8.38,0.0022,0.0563,0.4185,0.1107,9.09
8.40,0.0008,0.0653,0.4226,0.1068,8.76
8.42,0.0008,0.0650,0.4227,0.1084,8.88
8.44,0.0008,0.0650,0.4227,0.1099,9.01
8.46,0.0006,0.0749,0.4258,0.1062,8.70
8.48,0.0085,0.0749,0.4283,0.1038,8.52
8.50,0.0015,0.0850,0.4283,0.1037,8.49
8.52,0.0015,0.0850,0.4283,0.1052,8.61
8.54,0.0015,0.0850,0.4283,0.1067,8.73
8.56,0.0024,0.0952,0.4303,0.1030,8.42
8.58,0.0071,0.0952,0.4318,0.1006,8.26
8.60,0.0029,0.1053,0.4318,0.1008,8.24
8.62,0.0029,0.1049,0.4319,0.1022,8.35
8.64,0.0029,0.1049,0.4319,0.1036,8.46
8.66,0.0034,0.1150,0.4328,0.0999,8.16
8.68,0.0066,0.1146,0.4326,0.0980,8.04
8.70,0.0032,0.1245,0.4326,0.0980,8.00
8.72,0.0032,0.1232,0.4332,0.0993,8.11
8.74,0.0032,0.1232,0.4332,0.1006,8.22
8.76,0.0027,0.1332,0.4324,0.0973,7.95
8.78,0.0078,0.1313,0.4319,0.0956,7.85
8.80,0.0021,0.1413,0.4319,0.0953,7.79
8.82,0.0021,0.1383,0.4335,0.0965,7.89
8.84,0.0021,0.1383,0.4335,0.0977,7.99
8.86,0.0011,0.1480,0.4317,0.0946,7.74
8.88,0.0096,0.1433,0.4318,0.0931,7.64
8.90,0.0005,0.1536,0.4318,0.0927,7.59
8.92,0.0005,0.1476,0.4354,0.0939,7.69
8.94,0.0005,0.1476,0.4354,0.0950,7.78
8.96,0.0002,0.1575,0.4325,0.0922,7.55
8.98,0.0110,0.1498,0.4341,0.0910,7.46
9.00,0.0008,0.1601,0.4341,0.0903,7.40
9.02,0.0008,0.1510,0.4397,0.0913,7.49
9.04,0.0008,0.1510,0.4397,0.0924,7.57
9.06,0.0015,0.1612,0.4368,0.0889,7.29
9.08,0.0123,0.1505,0.4399,0.0878,7.19
9.10,0.0022,0.1606,0.4399,0.0870,7.13
9.12,0.0022,0.1482,0.4476,0.0880,7.21
9.14,0.0022,0.1482,0.4476,0.0889,7.29
9.16,0.0032,0.1583,0.4440,0.0859,7.04
9.18,0.0139,0.1444,0.4491,0.0850,6.94
9.20,0.0041,0.1543,0.4491,0.0839,6.88
9.22,0.0041,0.1392,0.4580,0.0848,6.95
9.24,0.0041,0.1392,0.4580,0.0856,7.03
9.26,0.0050,0.1493,0.4542,0.0829,6.80
9.28,0.0160,0.1328,0.4600,0.0825,6.70
9.30,0.0059,0.1429,0.4600,0.0812,6.66
9.32,0.0059,0.1253,0.4698,0.0820,6.72
9.34,0.0059,0.1253,0.4698,0.0827,6.79
9.36,0.0062,0.1355,0.4663,0.0803,6.59
9.38,0.0169,0.1172,0.4724,0.0802,6.50
9.40,0.0066,0.1275,0.4724,0.0787,6.45
9.42,0.0066,0.1084,0.4816,0.0794,6.51
9.44,0.0066,0.1084,0.4816,0.0801,6.57
9.46,0.0069,0.1188,0.4788,0.0773,6.34
9.48,0.0173,0.0992,0.4847,0.0772,6.24
9.50,0.0070,0.1094,0.4847,0.0753,6.17
9.52,0.0070,0.0897,0.4918,0.0759,6.22
9.54,0.0070,0.0897,0.4918,0.0765,6.27
9.56,0.0071,0.1001,0.4894,0.0740,6.06
9.58,0.0174,0.0803,0.4926,0.0742,5.98
9.60,0.0070,0.0907,0.4926,0.0721,5.91
9.62,0.0070,0.0714,0.4958,0.0726,5.95
9.64,0.0070,0.0714,0.4958,0.0731,5.99
9.66,0.0076,0.0816,0.4941,0.0708,5.79
9.68,0.0182,0.0630,0.4938,0.0714,5.73
9.70,0.0080,0.0733,0.4938,0.0689,5.64
9.72,0.0080,0.0558,0.4924,0.0693,5.67
9.74,0.0080,0.0558,0.4924,0.0697,5.71
9.76,0.0083,0.0660,0.4913,0.0676,5.53
9.78,0.0188,0.0498,0.4868,0.0688,5.50
9.80,0.0085,0.0600,0.4868,0.0661,5.40
9.82,0.0085,0.0456,0.4806,0.0664,5.43
9.84,0.0085,0.0456,0.4806,0.0667,5.45
9.86,0.0087,0.0559,0.4796,0.0652,5.33
9.88,0.0191,0.0426,0.4722,0.0668,5.31
9.90,0.0088,0.0528,0.4722,0.0640,5.23
9.92,0.0088,0.0405,0.4646,0.0642,5.24
9.94,0.0088,0.0405,0.4646,0.0644,5.26
9.96,0.0089,0.0507,0.4643,0.0630,5.14
9.98,0.0194,0.0396,0.4558,0.0648,5.14
10.00,0.0091,0.0498,0.4558,0.0616,5.02
10.02,0.0091,0.0398,0.4476,0.0617,5.03
10.04,0.0091,0.0398,0.4476,0.0618,5.04
10.06,0.0091,0.0498,0.4469,0.0610,4.97
10.08,0.0194,0.0410,0.4376,0.0633,5.00
10.10,0.0092,0.0510,0.4376,0.0600,4.89
10.12,0.0092,0.0429,0.4290,0.0601,4.89
10.14,0.0092,0.0429,0.4290,0.0601,4.89
10.16,0.0095,0.0526,0.4284,0.0592,4.82
10.18,0.0196,0.0452,0.4188,0.0617,4.86
10.20,0.0096,0.0550,0.4188,0.0584,4.75
10.22,0.0096,0.0480,0.4101,0.0584,4.75
10.24,0.0096,0.0480,0.4101,0.0583,4.74
10.26,0.0097,0.0576,0.4091,0.0579,4.71
10.28,0.0199,0.0510,0.3992,0.0608,4.77
10.30,0.0097,0.0608,0.3992,0.0575,4.68
10.32,0.0097,0.0542,0.3905,0.0574,4.66
10.34,0.0097,0.0542,0.3905,0.0572,4.65
10.36,0.0096,0.0639,0.3895,0.0570,4.63
10.38,0.0197,0.0575,0.3794,0.0599,4.70
10.40,0.0093,0.0673,0.3794,0.0565,4.59
10.42,0.0093,0.0612,0.3701,0.0562,4.57
10.44,0.0093,0.0612,0.3701,0.0559,4.55
10.46,0.0091,0.0709,0.3694,0.0551,4.48
10.48,0.0191,0.0648,0.3589,0.0578,4.53
10.50,0.0090,0.0743,0.3589,0.0543,4.42
10.52,0.0090,0.0686,0.3485,0.0540,4.39
10.54,0.0090,0.0686,0.3485,0.0536,4.36
10.56,0.0090,0.0781,0.3475,0.0533,4.33
10.58,0.0192,0.0725,0.3354,0.0563,4.39
10.60,0.0091,0.0819,0.3354,0.0526,4.27
10.62,0.0091,0.0768,0.3235,0.0522,4.24
10.64,0.0091,0.0768,0.3235,0.0517,4.20
10.66,0.0092,0.0861,0.3225,0.0514,4.17
10.68,0.0194,0.0806,0.3092,0.0548,4.25
10.70,0.0093,0.0899,0.3092,0.0509,4.13
10.72,0.0093,0.0849,0.2961,0.0504,4.08
10.74,0.0093,0.0849,0.2961,0.0499,4.04
10.76,0.0092,0.0941,0.2950,0.0498,4.03
10.78,0.0193,0.0895,0.2801,0.0530,4.10
10.80,0.0090,0.0987,0.2801,0.0490,3.97
10.82,0.0090,0.0946,0.2653,0.0484,3.92
10.84,0.0090,0.0946,0.2653,0.0478,3.87
10.86,0.0086,0.1039,0.2644,0.0475,3.85
10.88,0.0187,0.0999,0.2482,0.0508,3.92
10.90,0.0083,0.1091,0.2482,0.0467,3.79
10.92,0.0083,0.1055,0.2322,0.0460,3.73
10.94,0.0083,0.1055,0.2322,0.0453,3.67
10.96,0.0079,0.1149,0.2311,0.0452,3.66
10.98,0.0180,0.1111,0.2138,0.0488,3.76
11.00,0.0074,0.1202,0.2138,0.0446,3.62
11.02,0.0074,0.1145,0.1990,0.0438,3.55
11.04,0.0074,0.1145,0.1990,0.0430,3.49
11.06,0.0070,0.1237,0.1978,0.0432,3.50
11.08,0.0173,0.1169,0.1828,0.0467,3.60
11.10,0.0068,0.1258,0.1828,0.0423,3.43
11.12,0.0068,0.1168,0.1702,0.0414,3.36
11.14,0.0068,0.1168,0.1702,0.0405,3.28
11.16,0.0066,0.1255,0.1690,0.0408,3.32
11.18,0.0168,0.1145,0.1569,0.0448,3.44
11.20,0.0063,0.1229,0.1569,0.0405,3.29
11.22,0.0063,0.1108,0.1466,0.0395,3.21
11.24,0.0063,0.1108,0.1466,0.0385,3.12
11.26,0.0061,0.1192,0.1459,0.0390,3.17
11.28,0.0167,0.1066,0.1351,0.0432,3.30
11.30,0.0062,0.1147,0.1351,0.0388,3.15
11.32,0.0062,0.1014,0.1254,0.0377,3.06
11.34,0.0062,0.1014,0.1254,0.0367,2.97
11.36,0.0063,0.1093,0.1250,0.0373,3.02
11.38,0.0167,0.0955,0.1151,0.0415,3.15
11.40,0.0063,0.1033,0.1151,0.0370,3.00
11.42,0.0063,0.0884,0.1064,0.0359,2.90
11.44,0.0063,0.0884,0.1064,0.0347,2.81
11.46,0.0064,0.0960,0.1063,0.0356,2.88
11.48,0.0171,0.0805,0.0980,0.0403,3.03
11.50,0.0067,0.0881,0.0980,0.0353,2.85
11.52,0.0067,0.0721,0.0899,0.0341,2.75
11.54,0.0067,0.0721,0.0899,0.0329,2.65
11.56,0.0071,0.0793,0.0903,0.0339,2.73
11.58,0.0178,0.0635,0.0834,0.0388,2.86
11.60,0.0077,0.0706,0.0834,0.0336,2.69
11.62,0.0077,0.0538,0.0772,0.0323,2.58
11.64,0.0077,0.0538,0.0772,0.0310,2.47
11.66,0.0083,0.0606,0.0783,0.0318,2.53
11.68,0.0188,0.0432,0.0742,0.0372,2.66
11.70,0.0088,0.0499,0.0742,0.0315,2.49
11.72,0.0088,0.0335,0.0680,0.0301,2.37
11.74,0.0088,0.0335,0.0680,0.0288,2.26
11.76,0.0096,0.0401,0.0698,0.0295,2.30
11.78,0.0203,0.0251,0.0646,0.0350,2.37
11.80,0.0100,0.0317,0.0646,0.0286,2.21
11.82,0.0100,0.0191,0.0555,0.0272,2.09
11.84,0.0100,0.0191,0.0555,0.0258,1.96
11.86,0.0105,0.0255,0.0580,0.0262,1.98
11.88,0.0216,0.0158,0.0495,0.0327,2.04
11.90,0.0112,0.0220,0.0495,0.0254,1.88
11.92,0.0112,0.0163,0.0354,0.0240,1.75
11.94,0.0112,0.0163,0.0354,0.0226,1.62
11.96,0.0120,0.0225,0.0385,0.0230,1.62
11.98,0.0229,0.0199,0.0259,0.0303,1.65
12.00,0.0125,0.0259,0.0259,0.0219,1.48
12.02,0.0125,0.0256,0.0097,0.0206,1.35
12.04,0.0125,0.0256,0.0097,0.0193,1.21
12.06,0.0136,0.0317,0.0135,0.0193,1.13
12.08,0.0248,0.0330,0.0013,0.0282,1.12
12.10,0.0148,0.0385,0.0013,0.0186,0.94
12.12,0.0148,0.0399,0.0133,0.0177,0.80
12.14,0.0148,0.0399,0.0133,0.0168,0.66
12.16,0.0159,0.0453,0.0094,0.0173,0.57
12.18,0.0275,0.0457,0.0175,0.0281,0.48
12.20,0.0175,0.0510,0.0175,0.0179,0.31
12.22,0.0175,0.0493,0.0270,0.0176,0.16
12.24,0.0175,0.0493,0.0270,0.0175,0.02
12.26,0.0187,0.0542,0.0226,0.0187,0.08
12.28,0.0301,0.0514,0.0252,0.0302,0.22
12.30,0.0200,0.0563,0.0252,0.0205,0.36
12.32,0.0200,0.0527,0.0308,0.0209,0.51
12.34,0.0200,0.0527,0.0308,0.0215,0.66
12.36,0.0211,0.0578,0.0257,0.0234,0.83
12.38,0.0323,0.0551,0.0261,0.0344,0.99
12.40,0.0221,0.0603,0.0261,0.0261,1.16
12.42,0.0221,0.0583,0.0308,0.0271,1.31
12.44,0.0221,0.0583,0.0308,0.0282,1.46
12.46,0.0230,0.0632,0.0257,0.0303,1.64
12.48,0.0230,0.0632,0.0257,0.0315,1.80
12.50,0.0237,0.0669,0.0250,0.0335,1.98
12.52,0.0237,0.0653,0.0283,0.0349,2.13
12.54,0.0237,0.0653,0.0283,0.0363,2.29
12.56,0.0242,0.0701,0.0235,0.0381,2.46
12.58,0.0242,0.0701,0.0235,0.0396,2.62
12.60,0.0244,0.0734,0.0219,0.0410,2.74
12.62,0.0244,0.0724,0.0241,0.0426,2.90
12.64,0.0244,0.0724,0.0241,0.0442,3.07
12.66,0.0245,0.0772,0.0203,0.0455,3.19
12.68,0.0340,0.0772,0.0169,0.0524,3.34
12.70,0.0239,0.0810,0.0185,0.0481,3.48
12.72,0.0239,0.0804,0.0204,0.0498,3.64
12.74,0.0239,0.0804,0.0204,0.0515,3.80
12.76,0.0232,0.0850,0.0175,0.0519,3.86
12.78,0.0322,0.0837,0.0163,0.0568,3.93
12.80,0.0221,0.0886,0.0163,0.0535,4.05
12.82,0.0221,0.0874,0.0172,0.0553,4.22
12.84,0.0221,0.0874,0.0172,0.0572,4.39
12.86,0.0207,0.0921,0.0159,0.0559,4.32
12.88,0.0288,0.0908,0.0159,0.0587,4.27
12.90,0.0187,0.0956,0.0159,0.0560,4.38
12.92,0.0187,0.0943,0.0164,0.0579,4.55
12.94,0.0187,0.0943,0.0164,0.0598,4.72
12.96,0.0163,0.0993,0.0165,0.0576,4.58
12.98,0.0236,0.0978,0.0176,0.0583,4.44
13.00,0.0134,0.1027,0.0176,0.0567,4.56
13.02,0.0134,0.1011,0.0179,0.0587,4.73
13.04,0.0134,0.1011,0.0179,0.0607,4.90
13.06,0.0101,0.1062,0.0195,0.0575,4.67
13.08,0.0166,0.1044,0.0218,0.0562,4.45
13.10,0.0063,0.1097,0.0218,0.0562,4.60
13.12,0.0063,0.1074,0.0219,0.0583,4.77
13.14,0.0063,0.1074,0.0219,0.0604,4.94
13.16,0.0027,0.1125,0.0243,0.0568,4.66
13.18,0.0087,0.1097,0.0273,0.0538,4.37
13.20,0.0013,0.1148,0.0273,0.0551,4.51
13.22,0.0013,0.1117,0.0271,0.0572,4.68
13.24,0.0013,0.1117,0.0271,0.0593,4.85
13.26,0.0055,0.1165,0.0303,0.0555,4.50
13.28,0.0004,0.1128,0.0338,0.0511,4.18
13.30,0.0096,0.1177,0.0338,0.0538,4.31
13.32,0.0096,0.1177,0.0338,0.0559,4.48
13.34,0.0096,0.1135,0.0335,0.0580,4.65
13.36,0.0134,0.1186,0.0363,0.0552,4.35
13.38,0.0069,0.1137,0.0388,0.0504,4.07
13.40,0.0168,0.1186,0.0388,0.0545,4.19
13.42,0.0168,0.1128,0.0381,0.0565,4.37
13.44,0.0168,0.1128,0.0381,0.0586,4.54
13.46,0.0198,0.1179,0.0406,0.0562,4.25
13.48,0.0120,0.1118,0.0420,0.0505,3.98
13.50,0.0218,0.1167,0.0420,0.0556,4.12
13.52,0.0218,0.1100,0.0411,0.0576,4.29
13.54,0.0218,0.1100,0.0411,0.0595,4.46
13.56,0.0230,0.1146,0.0417,0.0574,4.24
13.58,0.0133,0.1073,0.0400,0.0528,4.15
13.60,0.0230,0.1121,0.0400,0.0579,4.28
13.62,0.0230,0.1038,0.0384,0.0598,4.45
13.64,0.0230,0.1038,0.0384,0.0618,4.62
13.66,0.0221,0.1084,0.0366,0.0604,4.53
13.68,0.0110,0.0998,0.0326,0.0568,4.53
13.70,0.0205,0.1044,0.0326,0.0611,4.64
13.72,0.0205,0.0950,0.0305,0.0630,4.81
13.74,0.0205,0.0950,0.0305,0.0650,4.98
13.76,0.0185,0.0996,0.0276,0.0640,4.95
13.78,0.0065,0.0894,0.0220,0.0614,4.98
13.80,0.0160,0.0938,0.0220,0.0647,5.08
13.82,0.0160,0.0833,0.0193,0.0667,5.24
13.84,0.0160,0.0833,0.0193,0.0687,5.41
13.86,0.0138,0.0882,0.0158,0.0681,5.41
13.88,0.0013,0.0768,0.0090,0.0665,5.44
13.90,0.0111,0.0815,0.0090,0.0691,5.54
13.92,0.0111,0.0695,0.0054,0.0711,5.70
13.94,0.0111,0.0695,0.0054,0.0730,5.86
13.96,0.0083,0.0744,0.0020,0.0719,5.81
13.98,0.0043,0.0617,0.0051,0.0705,5.78
14.00,0.0057,0.0665,0.0051,0.0722,5.87
14.02,0.0057,0.0536,0.0095,0.0741,6.03
14.04,0.0057,0.0536,0.0095,0.0760,6.18
14.06,0.0031,0.0585,0.0120,0.0738,6.03
14.08,0.0094,0.0448,0.0192,0.0720,5.89
14.10,0.0008,0.0498,0.0192,0.0731,5.98
14.12,0.0008,0.0357,0.0256,0.0750,6.13
14.14,0.0008,0.0357,0.0256,0.0768,6.29
14.16,0.0012,0.0406,0.0268,0.0733,6.01
14.18,0.0132,0.0259,0.0347,0.0709,5.76
14.20,0.0030,0.0310,0.0347,0.0713,5.84
14.22,0.0030,0.0166,0.0426,0.0731,6.00
14.24,0.0030,0.0166,0.0426,0.0749,6.15
14.26,0.0047,0.0215,0.0429,0.0705,5.78
14.28,0.0162,0.0076,0.0510,0.0679,5.46
14.30,0.0061,0.0126,0.0510,0.0675,5.53
14.32,0.0061,0.0009,0.0586,0.0693,5.67
14.34,0.0061,0.0009,0.0586,0.0710,5.82
14.36,0.0073,0.0042,0.0583,0.0661,5.40
14.38,0.0182,0.0086,0.0653,0.0636,5.05
14.40,0.0082,0.0037,0.0653,0.0625,5.11
14.42,0.0082,0.0155,0.0713,0.0642,5.25
14.44,0.0082,0.0155,0.0713,0.0659,5.39
14.46,0.0086,0.0102,0.0710,0.0609,4.96
14.48,0.0191,0.0210,0.0759,0.0586,4.60
14.50,0.0088,0.0156,0.0759,0.0575,4.68
14.52,0.0088,0.0252,0.0799,0.0591,4.82
14.54,0.0088,0.0252,0.0799,0.0607,4.95
14.56,0.0090,0.0197,0.0798,0.0561,4.56
14.58,0.0193,0.0280,0.0819,0.0548,4.25
14.60,0.0093,0.0227,0.0819,0.0534,4.33
14.62,0.0093,0.0303,0.0840,0.0550,4.46
14.64,0.0093,0.0303,0.0840,0.0565,4.59
14.66,0.0094,0.0249,0.0846,0.0527,4.27
14.68,0.0193,0.0314,0.0870,0.0521,4.02
14.70,0.0096,0.0262,0.0870,0.0504,4.08
14.72,0.0096,0.0320,0.0887,0.0519,4.20
14.74,0.0096,0.0320,0.0887,0.0534,4.33
14.76,0.0097,0.0266,0.0895,0.0500,4.04
14.78,0.0194,0.0318,0.0919,0.0499,3.81
14.80,0.0098,0.0266,0.0919,0.0480,3.88
14.82,0.0098,0.0309,0.0933,0.0495,4.00
14.84,0.0098,0.0309,0.0933,0.0509,4.11
14.86,0.0098,0.0255,0.0941,0.0475,3.84
14.88,0.0194,0.0289,0.0962,0.0478,3.63
14.90,0.0097,0.0234,0.0962,0.0459,3.70
14.92,0.0097,0.0262,0.0969,0.0473,3.82
14.94,0.0097,0.0262,0.0969,0.0486,3.93
14.96,0.0095,0.0207,0.0979,0.0455,3.67
14.98,0.0187,0.0207,0.0990,0.0460,3.49
15.00,0.0089,0.0175,0.0996,0.0440,3.55
15.02,0.0089,0.0193,0.1002,0.0452,3.65
15.04,0.0089,0.0193,0.1002,0.0465,3.76
15.06,0.0080,0.0134,0.1015,0.0440,3.56
15.08,0.0171,0.0151,0.1034,0.0448,3.43
15.10,0.0072,0.0092,0.1034,0.0431,3.50
15.12,0.0072,0.0106,0.1039,0.0443,3.60
15.14,0.0072,0.0106,0.1039,0.0455,3.70
15.16,0.0057,0.0046,0.1054,0.0435,3.54
15.18,0.0148,0.0057,0.1073,0.0439,3.42
15.20,0.0046,0.0003,0.1073,0.0424,3.46
15.22,0.0046,0.0002,0.1076,0.0435,3.55
15.24,0.0046,0.0002,0.1076,0.0446,3.64
15.26,0.0037,0.0061,0.1090,0.0425,3.48
15.28,0.0125,0.0061,0.1103,0.0426,3.36
15.30,0.0025,0.0121,0.1103,0.0415,3.40
15.32,0.0025,0.0121,0.1103,0.0425,3.48
15.34,0.0025,0.0121,0.1103,0.0435,3.57
15.36,0.0017,0.0180,0.1115,0.0411,3.37
15.38,0.0109,0.0180,0.1128,0.0410,3.26
15.40,0.0008,0.0242,0.1128,0.0401,3.29
15.42,0.0008,0.0242,0.1128,0.0411,3.36
15.44,0.0008,0.0242,0.1128,0.0420,3.44
15.46,0.0002,0.0303,0.1143,0.0400,3.28
15.48,0.0097,0.0303,0.1159,0.0399,3.19
15.50,0.0003,0.0365,0.1159,0.0392,3.21
15.52,0.0003,0.0365,0.1159,0.0401,3.28
15.54,0.0003,0.0365,0.1159,0.0409,3.35
15.56,0.0009,0.0429,0.1170,0.0387,3.17
15.58,0.0087,0.0429,0.1181,0.0380,3.05
15.60,0.0015,0.0493,0.1181,0.0374,3.06
15.62,0.0015,0.0493,0.1181,0.0382,3.12
15.64,0.0015,0.0493,0.1181,0.0389,3.18
15.66,0.0018,0.0557,0.1194,0.0372,3.04
15.68,0.0081,0.0557,0.1207,0.0367,2.95
15.70,0.0020,0.0621,0.1207,0.0361,2.95
15.72,0.0020,0.0621,0.1207,0.0368,3.00
15.74,0.0020,0.0621,0.1207,0.0374,3.06
15.76,0.0021,0.0687,0.1223,0.0358,2.92
15.78,0.0079,0.0687,0.1235,0.0354,2.84
15.80,0.0024,0.0755,0.1235,0.0349,2.84
15.82,0.0024,0.0755,0.1234,0.0355,2.89
15.84,0.0024,0.0755,0.1234,0.0360,2.94
15.86,0.0026,0.0821,0.1246,0.0343,2.79
15.88,0.0077,0.0821,0.1261,0.0343,2.75
15.90,0.0023,0.0888,0.1261,0.0336,2.74
15.92,0.0023,0.0885,0.1262,0.0341,2.78
15.94,0.0023,0.0885,0.1262,0.0346,2.82
15.96,0.0022,0.0953,0.1274,0.0331,2.70
15.98,0.0081,0.0938,0.1289,0.0328,2.62
16.00,0.0022,0.1007,0.1289,0.0319,2.60
16.02,0.0022,0.0981,0.1296,0.0323,2.64
16.04,0.0022,0.0981,0.1296,0.0327,2.67
16.06,0.0022,0.1051,0.1309,0.0313,2.55
16.08,0.0083,0.1013,0.1329,0.0313,2.49
16.10,0.0023,0.1084,0.1329,0.0301,2.46
16.12,0.0023,0.1034,0.1342,0.0304,2.48
16.14,0.0023,0.1034,0.1342,0.0307,2.50
16.16,0.0023,0.1106,0.1354,0.0294,2.39
16.18,0.0080,0.1043,0.1384,0.0298,2.37
16.20,0.0024,0.1116,0.1384,0.0287,2.34
16.22,0.0024,0.1044,0.1405,0.0289,2.36
16.24,0.0024,0.1044,0.1405,0.0291,2.37
16.26,0.0025,0.1116,0.1420,0.0281,2.28
16.28,0.0081,0.1031,0.1460,0.0286,2.26
16.30,0.0022,0.1104,0.1460,0.0273,2.23
16.32,0.0022,0.1007,0.1488,0.0274,2.24
16.34,0.0022,0.1007,0.1488,0.0275,2.24
16.36,0.0020,0.1081,0.1506,0.0269,2.19
16.38,0.0087,0.0978,0.1556,0.0283,2.22
16.40,0.0016,0.1053,0.1556,0.0270,2.20
16.42,0.0016,0.0941,0.1586,0.0270,2.20
16.44,0.0016,0.0941,0.1586,0.0270,2.20
16.46,0.0016,0.1018,0.1609,0.0267,2.18
16.48,0.0091,0.0898,0.1658,0.0282,2.20
16.50,0.0014,0.0974,0.1658,0.0265,2.16
16.52,0.0014,0.0849,0.1684,0.0264,2.16
16.54,0.0014,0.0849,0.1684,0.0263,2.15
16.56,0.0013,0.0924,0.1708,0.0258,2.11
16.58,0.0094,0.0799,0.1757,0.0276,2.14
16.60,0.0010,0.0875,0.1757,0.0254,2.08
16.62,0.0010,0.0749,0.1771,0.0253,2.06
16.64,0.0010,0.0749,0.1771,0.0251,2.05
16.66,0.0007,0.0827,0.1800,0.0252,2.06
16.68,0.0101,0.0700,0.1837,0.0271,2.07
16.70,0.0005,0.0779,0.1837,0.0248,2.03
16.72,0.0005,0.0655,0.1839,0.0246,2.01
16.74,0.0005,0.0655,0.1839,0.0243,1.99
16.76,0.0004,0.0733,0.1872,0.0244,1.99
16.78,0.0004,0.0733,0.1872,0.0240,1.97
16.80,0.0004,0.0689,0.1906,0.0244,1.99
16.82,0.0004,0.0574,0.1899,0.0240,1.96
16.84,0.0004,0.0574,0.1899,0.0236,1.93
16.86,0.0001,0.0651,0.1939,0.0243,1.99
16.88,0.0001,0.0651,0.1939,0.0239,1.96
16.90,0.0001,0.0615,0.1968,0.0245,2.01
16.92,0.0001,0.0509,0.1950,0.0241,1.97
16.94,0.0001,0.0509,0.1950,0.0236,1.93
16.96,0.0004,0.0584,0.1991,0.0242,1.98
16.98,0.0108,0.0584,0.2031,0.0274,2.08
17.00,0.0004,0.0562,0.2015,0.0245,2.00
17.02,0.0004,0.0467,0.1993,0.0239,1.96
17.04,0.0004,0.0467,0.1993,0.0233,1.91
17.06,0.0005,0.0543,0.2037,0.0241,1.98
17.08,0.0107,0.0452,0.2055,0.0272,2.06
17.10,0.0004,0.0529,0.2055,0.0241,1.97
17.12,0.0004,0.0442,0.2029,0.0235,1.92
17.14,0.0004,0.0442,0.2029,0.0228,1.87
17.16,0.0004,0.0518,0.2071,0.0234,1.92
17.18,0.0109,0.0439,0.2088,0.0267,2.02
17.20,0.0004,0.0517,0.2088,0.0235,1.92
17.22,0.0004,0.0443,0.2060,0.0227,1.86
17.24,0.0004,0.0443,0.2060,0.0220,1.80
17.26,0.0003,0.0521,0.2107,0.0231,1.89
17.28,0.0003,0.0521,0.2107,0.0223,1.83
17.30,0.0099,0.0598,0.2107,0.0235,1.73
17.32,0.0001,0.0459,0.2100,0.0229,1.88
17.34,0.0001,0.0459,0.2100,0.0221,1.81
17.36,0.0000,0.0536,0.2149,0.0234,1.92
17.38,0.0101,0.0470,0.2168,0.0271,2.07
17.40,0.0001,0.0548,0.2168,0.0241,1.97
17.42,0.0001,0.0484,0.2134,0.0232,1.90
17.44,0.0001,0.0484,0.2134,0.0222,1.82
17.46,0.0002,0.0561,0.2182,0.0233,1.91
17.48,0.0002,0.0561,0.2182,0.0224,1.83
17.50,0.0004,0.0576,0.2192,0.0232,1.90
17.52,0.0004,0.0516,0.2154,0.0222,1.81
17.54,0.0004,0.0516,0.2154,0.0211,1.73
17.56,0.0004,0.0594,0.2202,0.0223,1.82
17.58,0.0098,0.0532,0.2215,0.0257,1.96
17.60,0.0004,0.0609,0.2215,0.0225,1.84
17.62,0.0004,0.0548,0.2178,0.0214,1.75
17.64,0.0004,0.0548,0.2178,0.0203,1.66
17.66,0.0002,0.0626,0.2227,0.0216,1.76
17.68,0.0099,0.0565,0.2235,0.0251,1.90
17.70,0.0004,0.0644,0.2235,0.0218,1.79
17.72,0.0004,0.0580,0.2195,0.0206,1.69
17.74,0.0004,0.0580,0.2195,0.0194,1.59
17.76,0.0006,0.0658,0.2247,0.0210,1.72
17.78,0.0093,0.0592,0.2253,0.0247,1.88
17.80,0.0009,0.0671,0.2253,0.0214,1.75
17.82,0.0009,0.0606,0.2206,0.0201,1.64
17.84,0.0009,0.0606,0.2206,0.0188,1.54
17.86,0.0012,0.0686,0.2259,0.0208,1.70
17.88,0.0085,0.0618,0.2267,0.0245,1.89
17.90,0.0017,0.0699,0.2267,0.0218,1.78
17.92,0.0017,0.0631,0.2216,0.0205,1.67
17.94,0.0017,0.0631,0.2216,0.0191,1.56
17.96,0.0024,0.0711,0.2270,0.0211,1.71
17.98,0.0069,0.0641,0.2269,0.0243,1.92
18.00,0.0035,0.0723,0.2269,0.0221,1.78
18.02,0.0035,0.0651,0.2207,0.0207,1.66
18.04,0.0035,0.0651,0.2207,0.0192,1.54
18.06,0.0043,0.0732,0.2263,0.0215,1.72
18.08,0.0053,0.0658,0.2255,0.0239,1.92
18.10,0.0053,0.0740,0.2255,0.0223,1.77
18.12,0.0053,0.0665,0.2183,0.0209,1.65
18.14,0.0053,0.0665,0.2183,0.0194,1.52
18.16,0.0061,0.0745,0.2242,0.0218,1.71
18.18,0.0034,0.0666,0.2224,0.0237,1.93
18.20,0.0071,0.0747,0.2224,0.0228,1.77
18.22,0.0071,0.0669,0.2139,0.0213,1.64
18.24,0.0071,0.0669,0.2139,0.0198,1.51
18.26,0.0082,0.0749,0.2197,0.0221,1.67
18.28,0.0082,0.0749,0.2197,0.0206,1.54
18.30,0.0091,0.0749,0.2165,0.0227,1.69
18.32,0.0091,0.0669,0.2069,0.0212,1.56
18.34,0.0091,0.0669,0.2069,0.0197,1.42
18.36,0.0101,0.0748,0.2120,0.0213,1.52
18.38,0.0010,0.0671,0.2061,0.0199,1.63
18.40,0.0114,0.0751,0.2061,0.0214,1.47
18.42,0.0114,0.0673,0.1948,0.0200,1.33
18.44,0.0114,0.0673,0.1948,0.0186,1.19
18.46,0.0124,0.0750,0.1991,0.0194,1.21
18.48,0.0032,0.0677,0.1908,0.0154,1.23
18.50,0.0136,0.0756,0.1908,0.0191,1.08
18.52,0.0136,0.0685,0.1778,0.0179,0.94
18.54,0.0136,0.0685,0.1778,0.0167,0.79
18.56,0.0144,0.0761,0.1816,0.0172,0.76
18.58,0.0051,0.0696,0.1707,0.0098,0.68
18.60,0.0151,0.0772,0.1707,0.0165,0.53
18.62,0.0151,0.0713,0.1560,0.0159,0.38
18.64,0.0151,0.0713,0.1560,0.0154,0.23
18.66,0.0157,0.0788,0.1585,0.0157,0.10
18.68,0.0062,0.0739,0.1453,0.0062,0.05
18.70,0.0161,0.0812,0.1453,0.0163,0.19
18.72,0.0161,0.0768,0.1288,0.0167,0.35
18.74,0.0161,0.0768,0.1288,0.0173,0.50
18.76,0.0166,0.0842,0.1308,0.0186,0.68
18.78,0.0166,0.0842,0.1308,0.0196,0.84
18.80,0.0167,0.0879,0.1156,0.0210,1.02
18.82,0.0167,0.0847,0.0982,0.0222,1.18
18.84,0.0167,0.0847,0.0982,0.0235,1.34
18.86,0.0167,0.0918,0.1001,0.0253,1.54
18.88,0.0072,0.0866,0.0862,0.0232,1.80
18.90,0.0171,0.0936,0.0862,0.0293,1.92
18.92,0.0171,0.0874,0.0714,0.0309,2.08
18.94,0.0171,0.0874,0.0714,0.0326,2.25
18.96,0.0173,0.0944,0.0735,0.0349,2.45
18.98,0.0077,0.0860,0.0633,0.0334,2.65
19.00,0.0179,0.0931,0.0633,0.0386,2.76
19.02,0.0179,0.0828,0.0521,0.0404,2.93
19.04,0.0179,0.0828,0.0521,0.0422,3.09
19.06,0.0182,0.0900,0.0553,0.0437,3.21
19.08,0.0080,0.0777,0.0501,0.0421,3.36
19.10,0.0185,0.0848,0.0501,0.0467,3.47
19.12,0.0185,0.0713,0.0428,0.0486,3.63
19.14,0.0185,0.0713,0.0428,0.0505,3.80
19.16,0.0183,0.0782,0.0475,0.0510,3.85
19.18,0.0075,0.0633,0.0472,0.0488,3.93
19.20,0.0179,0.0703,0.0472,0.0530,4.04
19.22,0.0179,0.0547,0.0430,0.0550,4.20
19.24,0.0179,0.0547,0.0430,0.0570,4.37
19.26,0.0170,0.0615,0.0491,0.0560,4.32
19.28,0.0055,0.0452,0.0529,0.0532,4.32
19.30,0.0157,0.0520,0.0529,0.0568,4.42
19.32,0.0157,0.0356,0.0512,0.0589,4.59
19.34,0.0157,0.0356,0.0512,0.0609,4.77
19.36,0.0141,0.0424,0.0583,0.0593,4.66
19.38,0.0025,0.0260,0.0646,0.0567,4.63
19.40,0.0127,0.0328,0.0646,0.0599,4.75
19.42,0.0127,0.0164,0.0645,0.0619,4.92
19.44,0.0127,0.0164,0.0645,0.0640,5.09
19.46,0.0229,0.0234,0.0645,0.0682,5.17
19.48,0.0010,0.0082,0.0810,0.0586,4.80
19.50,0.0091,0.0152,0.0810,0.0608,4.89
19.52,0.0091,0.0002,0.0812,0.0629,5.07
19.54,0.0091,0.0002,0.0812,0.0650,5.24
19.56,0.0071,0.0073,0.0902,0.0617,4.99
19.58,0.0051,0.0058,0.0986,0.0589,4.82
19.60,0.0048,0.0013,0.0986,0.0602,4.90
19.62,0.0048,0.0112,0.0975,0.0623,5.07
19.64,0.0048,0.0112,0.0975,0.0644,5.24
19.66,0.0023,0.0040,0.1069,0.0606,4.95
19.68,0.0101,0.0151,0.1148,0.0580,4.71
19.70,0.0005,0.0081,0.1148,0.0585,4.79
19.72,0.0005,0.0183,0.1116,0.0606,4.96
19.74,0.0005,0.0183,0.1116,0.0626,5.13
19.76,0.0031,0.0113,0.1220,0.0580,4.75
19.78,0.0147,0.0197,0.1278,0.0552,4.40
19.80,0.0050,0.0126,0.1278,0.0549,4.49
19.82,0.0050,0.0197,0.1218,0.0569,4.66
19.84,0.0050,0.0197,0.1218,0.0590,4.83
19.86,0.0045,0.0127,0.1218,0.0602,4.90
19.88,0.0175,0.0178,0.1358,0.0507,3.94
19.90,0.0079,0.0105,0.1358,0.0493,4.01
19.92,0.0079,0.0143,0.1272,0.0513,4.18
19.94,0.0079,0.0143,0.1272,0.0534,4.35
19.96,0.0086,0.0069,0.1381,0.0471,3.82
19.98,0.0186,0.0099,0.1398,0.0448,3.38
20.00,0.0086,0.0024,0.1398,0.0429,3.46
20.02,0.0086,0.0051,0.1314,0.0449,3.63
20.04,0.0086,0.0051,0.1314,0.0469,3.80
20.06,0.0083,0.0023,0.1422,0.0405,3.26
20.08,0.0174,0.0002,0.1441,0.0378,2.78
20.10,0.0074,0.0078,0.1441,0.0356,2.87
20.12,0.0074,0.0061,0.1351,0.0376,3.03
20.14,0.0074,0.0061,0.1351,0.0395,3.20
20.16,0.0067,0.0137,0.1451,0.0334,2.70
20.18,0.0158,0.0122,0.1460,0.0321,2.31
20.20,0.0057,0.0198,0.1460,0.0299,2.41
20.22,0.0057,0.0183,0.1372,0.0318,2.57
20.24,0.0057,0.0183,0.1372,0.0337,2.73
20.26,0.0043,0.0258,0.1465,0.0282,2.29
20.28,0.0130,0.0246,0.1461,0.0270,1.95
20.30,0.0029,0.0320,0.1461,0.0254,2.07
20.32,0.0029,0.0308,0.1367,0.0274,2.23
20.34,0.0029,0.0308,0.1367,0.0293,2.39
20.36,0.0018,0.0383,0.1451,0.0248,2.03
20.38,0.0107,0.0373,0.1434,0.0237,1.74
20.40,0.0009,0.0446,0.1434,0.0227,1.86
20.42,0.0009,0.0435,0.1337,0.0246,2.01
20.44,0.0009,0.0435,0.1337,0.0265,2.17
20.46,0.0005,0.0509,0.1415,0.0225,1.84
20.48,0.0081,0.0495,0.1394,0.0205,1.55
20.50,0.0018,0.0567,0.1394,0.0205,1.67
20.52,0.0018,0.0556,0.1286,0.0224,1.82
20.54,0.0018,0.0556,0.1286,0.0242,1.97
20.56,0.0032,0.0632,0.1359,0.0206,1.67
20.58,0.0058,0.0622,0.1321,0.0182,1.42
20.60,0.0041,0.0697,0.1321,0.0190,1.52
20.62,0.0041,0.0693,0.1202,0.0208,1.66
20.64,0.0041,0.0693,0.1202,0.0225,1.81
20.66,0.0049,0.0765,0.1269,0.0198,1.56
20.68,0.0043,0.0764,0.1208,0.0174,1.38
20.70,0.0056,0.0838,0.1208,0.0188,1.47
20.72,0.0056,0.0825,0.1088,0.0205,1.61
20.74,0.0056,0.0825,0.1088,0.0221,1.75
20.76,0.0058,0.0899,0.1147,0.0197,1.54
20.78,0.0046,0.0876,0.1082,0.0184,1.46
20.80,0.0050,0.0948,0.1082,0.0195,1.54
20.82,0.0050,0.0909,0.0973,0.0211,1.68
20.84,0.0050,0.0909,0.0973,0.0228,1.81
20.86,0.0042,0.0981,0.1017,0.0218,1.75
20.88,0.0065,0.0924,0.0956,0.0228,1.80
20.90,0.0034,0.0996,0.0956,0.0233,1.88
20.92,0.0034,0.0919,0.0870,0.0248,2.01
20.94,0.0034,0.0919,0.0870,0.0264,2.14
20.96,0.0020,0.0991,0.0908,0.0262,2.14
20.98,0.0093,0.0901,0.0870,0.0282,2.20
21.00,0.0006,0.0973,0.0870,0.0275,2.25
21.02,0.0006,0.0873,0.0797,0.0290,2.37
21.04,0.0006,0.0873,0.0797,0.0305,2.50
21.06,0.0009,0.0945,0.0844,0.0297,2.43
21.08,0.0009,0.0945,0.0844,0.0312,2.55
21.10,0.0027,0.0910,0.0829,0.0298,2.43
21.12,0.0027,0.0800,0.0765,0.0312,2.55
21.14,0.0027,0.0800,0.0765,0.0326,2.67
21.16,0.0037,0.0873,0.0825,0.0302,2.46
21.18,0.0037,0.0873,0.0825,0.0316,2.58
21.20,0.0047,0.0830,0.0829,0.0286,2.32
21.22,0.0047,0.0710,0.0773,0.0299,2.43
21.24,0.0047,0.0710,0.0773,0.0313,2.54
21.26,0.0055,0.0783,0.0840,0.0283,2.28
21.28,0.0163,0.0661,0.0856,0.0300,2.09
21.30,0.0062,0.0733,0.0856,0.0265,2.12
21.32,0.0062,0.0604,0.0810,0.0278,2.22
21.34,0.0062,0.0604,0.0810,0.0290,2.33
21.36,0.0066,0.0675,0.0880,0.0258,2.05
21.38,0.0066,0.0675,0.0880,0.0269,2.15
21.40,0.0072,0.0612,0.0908,0.0241,1.89
21.42,0.0072,0.0476,0.0872,0.0252,1.99
21.44,0.0072,0.0476,0.0872,0.0264,2.09
21.46,0.0080,0.0545,0.0938,0.0242,1.88
21.48,0.0186,0.0412,0.0962,0.0281,1.75
21.50,0.0087,0.0482,0.0962,0.0233,1.78
21.52,0.0087,0.0359,0.0910,0.0243,1.87
21.54,0.0087,0.0359,0.0910,0.0253,1.96
21.56,0.0096,0.0428,0.0973,0.0234,1.76
21.58,0.0200,0.0314,0.0969,0.0284,1.67
21.60,0.0102,0.0382,0.0969,0.0230,1.69
21.62,0.0102,0.0282,0.0891,0.0239,1.78
21.64,0.0102,0.0282,0.0891,0.0248,1.86
21.66,0.0108,0.0349,0.0941,0.0239,1.76
21.68,0.0208,0.0266,0.0896,0.0296,1.75
21.70,0.0110,0.0336,0.0896,0.0238,1.74
21.72,0.0110,0.0283,0.0777,0.0246,1.82
21.74,0.0110,0.0283,0.0777,0.0254,1.89
21.76,0.0114,0.0348,0.0820,0.0252,1.85
21.78,0.0210,0.0321,0.0721,0.0311,1.91
21.80,0.0113,0.0387,0.0721,0.0257,1.91
21.82,0.0113,0.0376,0.0575,0.0265,1.98
21.84,0.0113,0.0376,0.0575,0.0272,2.05
21.86,0.0111,0.0441,0.0614,0.0269,2.03
21.88,0.0206,0.0440,0.0501,0.0326,2.10
21.90,0.0103,0.0506,0.0501,0.0275,2.10
21.92,0.0103,0.0513,0.0355,0.0282,2.16
21.94,0.0103,0.0513,0.0355,0.0289,2.22
21.96,0.0094,0.0581,0.0389,0.0286,2.23
21.98,0.0188,0.0593,0.0277,0.0336,2.31
22.00,0.0082,0.0658,0.0277,0.0293,2.31
22.02,0.0082,0.0649,0.0155,0.0299,2.37
22.04,0.0082,0.0649,0.0155,0.0305,2.42
22.06,0.0069,0.0715,0.0191,0.0300,2.40
22.08,0.0163,0.0694,0.0122,0.0336,2.44
22.10,0.0056,0.0760,0.0122,0.0300,2.43
22.12,0.0056,0.0719,0.0039,0.0306,2.47
22.14,0.0056,0.0719,0.0039,0.0312,2.52
22.16,0.0040,0.0785,0.0076,0.0304,2.47
22.18,0.0132,0.0737,0.0045,0.0328,2.48
22.20,0.0026,0.0803,0.0045,0.0301,2.46
22.22,0.0026,0.0742,0.0007,0.0305,2.49
22.24,0.0026,0.0742,0.0007,0.0310,2.53
22.26,0.0010,0.0807,0.0033,0.0301,2.46
22.28,0.0099,0.0741,0.0035,0.0310,2.42
22.30,0.0008,0.0804,0.0035,0.0295,2.41
22.32,0.0008,0.0735,0.0006,0.0299,2.45
22.34,0.0008,0.0735,0.0006,0.0303,2.48
22.36,0.0021,0.0798,0.0048,0.0295,2.40
22.38,0.0069,0.0727,0.0072,0.0296,2.37
22.40,0.0037,0.0791,0.0072,0.0290,2.35
22.42,0.0037,0.0720,0.0059,0.0293,2.38
22.44,0.0037,0.0720,0.0059,0.0296,2.40
22.46,0.0049,0.0783,0.0104,0.0288,2.32
22.48,0.0046,0.0717,0.0136,0.0282,2.29
22.50,0.0059,0.0779,0.0136,0.0285,2.28
22.52,0.0059,0.0715,0.0131,0.0287,2.29
22.54,0.0059,0.0715,0.0131,0.0289,2.31
22.56,0.0064,0.0779,0.0172,0.0284,2.25
22.58,0.0033,0.0712,0.0211,0.0274,2.23
22.60,0.0071,0.0776,0.0211,0.0280,2.20
22.62,0.0071,0.0709,0.0210,0.0281,2.21
22.64,0.0071,0.0709,0.0210,0.0281,2.22
22.66,0.0074,0.0774,0.0248,0.0277,2.18
22.68,0.0029,0.0705,0.0285,0.0269,2.19
22.70,0.0076,0.0771,0.0285,0.0275,2.15
22.72,0.0076,0.0699,0.0284,0.0275,2.15
22.74,0.0076,0.0699,0.0284,0.0275,2.15
22.76,0.0077,0.0764,0.0320,0.0274,2.14
22.78,0.0025,0.0691,0.0354,0.0264,2.15
22.80,0.0079,0.0757,0.0354,0.0270,2.11
22.82,0.0079,0.0679,0.0354,0.0269,2.10
22.84,0.0079,0.0679,0.0354,0.0268,2.09
22.86,0.0082,0.0745,0.0387,0.0269,2.09
22.88,0.0020,0.0662,0.0422,0.0260,2.13
22.90,0.0087,0.0731,0.0422,0.0268,2.06
22.92,0.0087,0.0642,0.0428,0.0266,2.05
22.94,0.0087,0.0642,0.0428,0.0264,2.03
22.96,0.0089,0.0711,0.0462,0.0263,2.01
22.98,0.0017,0.0620,0.0501,0.0250,2.05
23.00,0.0088,0.0687,0.0501,0.0260,2.00
23.02,0.0088,0.0590,0.0511,0.0258,1.97
23.04,0.0088,0.0590,0.0511,0.0255,1.95
23.06,0.0087,0.0659,0.0543,0.0254,1.94
23.08,0.0017,0.0557,0.0586,0.0242,1.98
23.10,0.0089,0.0627,0.0586,0.0250,1.90
23.12,0.0089,0.0517,0.0601,0.0246,1.87
23.14,0.0089,0.0517,0.0601,0.0242,1.83
23.16,0.0088,0.0588,0.0630,0.0240,1.82
23.18,0.0018,0.0471,0.0677,0.0228,1.87
23.20,0.0087,0.0541,0.0677,0.0236,1.78
23.22,0.0087,0.0426,0.0685,0.0231,1.74
23.24,0.0087,0.0426,0.0685,0.0227,1.70
23.26,0.0089,0.0497,0.0718,0.0224,1.67
23.28,0.0015,0.0387,0.0753,0.0207,1.69
23.30,0.0091,0.0457,0.0753,0.0217,1.61
23.32,0.0091,0.0350,0.0748,0.0212,1.56
23.34,0.0091,0.0350,0.0748,0.0207,1.51
23.36,0.0092,0.0419,0.0781,0.0205,1.49
23.38,0.0013,0.0316,0.0798,0.0186,1.52
23.40,0.0093,0.0385,0.0798,0.0200,1.44
23.42,0.0093,0.0290,0.0766,0.0194,1.38
23.44,0.0093,0.0290,0.0766,0.0188,1.33
23.46,0.0091,0.0358,0.0800,0.0185,1.31
23.48,0.0013,0.0274,0.0786,0.0162,1.32
23.50,0.0091,0.0341,0.0786,0.0177,1.23
23.52,0.0091,0.0276,0.0714,0.0170,1.17
23.54,0.0091,0.0276,0.0714,0.0164,1.11
23.56,0.0090,0.0343,0.0749,0.0161,1.08
23.58,0.0011,0.0290,0.0701,0.0133,1.09
23.60,0.0092,0.0358,0.0701,0.0151,0.98
23.62,0.0092,0.0309,0.0617,0.0145,0.91
23.64,0.0092,0.0309,0.0617,0.0138,0.84
23.66,0.0091,0.0374,0.0652,0.0134,0.80
23.68,0.0011,0.0331,0.0599,0.0098,0.80
23.70,0.0090,0.0395,0.0599,0.0124,0.70
23.72,0.0090,0.0355,0.0513,0.0118,0.62
23.74,0.0090,0.0355,0.0513,0.0112,0.54
23.76,0.0088,0.0419,0.0547,0.0107,0.50
23.78,0.0012,0.0385,0.0493,0.0059,0.47
23.80,0.0089,0.0448,0.0493,0.0100,0.36
23.82,0.0089,0.0419,0.0404,0.0095,0.28
23.84,0.0089,0.0419,0.0404,0.0092,0.19
23.86,0.0091,0.0481,0.0438,0.0093,0.14
23.88,0.0010,0.0457,0.0384,0.0014,0.08
23.90,0.0092,0.0518,0.0384,0.0092,0.01
23.92,0.0092,0.0484,0.0306,0.0093,0.11
23.94,0.0092,0.0484,0.0306,0.0096,0.20
23.96,0.0095,0.0545,0.0342,0.0100,0.26
23.98,0.0004,0.0504,0.0312,0.0042,0.35
24.00,0.0098,0.0564,0.0312,0.0112,0.45
24.02,0.0098,0.0512,0.0258,0.0119,0.55
24.04,0.0098,0.0512,0.0258,0.0126,0.65
24.06,0.0104,0.0573,0.0297,0.0140,0.76
24.08,0.0005,0.0513,0.0293,0.0104,0.85
24.10,0.0108,0.0574,0.0293,0.0161,0.98
24.12,0.0108,0.0503,0.0262,0.0171,1.08
24.14,0.0108,0.0503,0.0262,0.0182,1.19
24.16,0.0109,0.0564,0.0303,0.0194,1.31
24.18,0.0008,0.0485,0.0326,0.0173,1.41
24.20,0.0110,0.0545,0.0326,0.0218,1.53
24.22,0.0110,0.0460,0.0320,0.0230,1.64
24.24,0.0110,0.0460,0.0320,0.0242,1.75
24.26,0.0109,0.0519,0.0364,0.0255,1.87
24.28,0.0005,0.0427,0.0406,0.0240,1.96
24.30,0.0108,0.0485,0.0406,0.0275,2.06
24.32,0.0108,0.0385,0.0418,0.0289,2.18
24.34,0.0108,0.0385,0.0418,0.0302,2.29
24.36,0.0104,0.0445,0.0458,0.0309,2.37
24.38,0.0007,0.0345,0.0511,0.0296,2.42
24.40,0.0098,0.0403,0.0511,0.0323,2.50
24.42,0.0098,0.0305,0.0523,0.0338,2.63
24.44,0.0098,0.0305,0.0523,0.0353,2.75
24.46,0.0090,0.0364,0.0557,0.0349,2.74
24.48,0.0022,0.0267,0.0600,0.0334,2.73
24.50,0.0084,0.0328,0.0600,0.0359,2.84
24.52,0.0084,0.0237,0.0602,0.0374,2.97
24.54,0.0084,0.0237,0.0602,0.0390,3.10
24.56,0.0072,0.0296,0.0629,0.0377,3.01
24.58,0.0042,0.0208,0.0649,0.0358,2.92
24.60,0.0062,0.0269,0.0649,0.0378,3.04
24.62,0.0062,0.0190,0.0633,0.0394,3.17
24.64,0.0062,0.0190,0.0633,0.0411,3.31
24.66,0.0053,0.0249,0.0650,0.0389,3.15
24.68,0.0058,0.0177,0.0634,0.0365,2.96
24.70,0.0042,0.0235,0.0634,0.0379,3.08
24.72,0.0042,0.0175,0.0590,0.0396,3.22
24.74,0.0042,0.0175,0.0590,0.0414,3.36
24.76,0.0030,0.0231,0.0597,0.0363,2.95
